ESBMC version 8.2.0 64-bit x86_64 linux
Target: 64-bit little-endian x86_64-unknown-linux with esbmclibc
Warning: SPDX license identifier not provided in source file. Before publishing, consider adding a comment containing "SPDX-License-Identifier: <SPDX-License>" to each source file. Use "SPDX-License-Identifier: UNLICENSED" for non-open-source code. Please see https://spdx.org for more information.
--> contract.sol

Warning: This declaration shadows an existing declaration.
   --> contract.sol:719:18:
    |
719 |     constructor (string memory name, string memory symbol, uint8 decimals) {
    |                  ^^^^^^^^^^^^^^^^^^
Note: The shadowed declaration is here:
   --> contract.sol:746:5:
    |
746 |     function name() public view returns (string memory) {
    |     ^ (Relevant source part starts here and spans across multiple lines).

Warning: This declaration shadows an existing declaration.
   --> contract.sol:719:38:
    |
719 |     constructor (string memory name, string memory symbol, uint8 decimals) {
    |                                      ^^^^^^^^^^^^^^^^^^^^
Note: The shadowed declaration is here:
   --> contract.sol:767:5:
    |
767 |     function symbol() public view returns (string memory) {
    |     ^ (Relevant source part starts here and spans across multiple lines).

Warning: This declaration shadows an existing declaration.
   --> contract.sol:719:60:
    |
719 |     constructor (string memory name, string memory symbol, uint8 decimals) {
    |                                                            ^^^^^^^^^^^^^^
Note: The shadowed declaration is here:
   --> contract.sol:796:5:
    |
796 |     function decimals() public view returns (uint8) {
    |     ^ (Relevant source part starts here and spans across multiple lines).

Warning: Visibility for constructor is ignored. If you want the contract to be non-deployable, making it "abstract" is sufficient.
   --> contract.sol:815:5:
    |
815 |     constructor() ERC20Detailed("SimpleSwap Coin", "SWAP", 8) public {
    |     ^ (Relevant source part starts here and spans across multiple lines).

TOD harness written to ./tod_balance_claimReward_TOD14_setReward_TOD14_harness.sol
Parsing ./tod_balance_claimReward_TOD14_setReward_TOD14_harness.sol
Compiling Solidity AST using: /usr/local/bin/solc (v0.8.30)
ERROR: solc compilation failed:
Warning: This declaration shadows an existing declaration.
   --> tod_balance_claimReward_TOD14_setReward_TOD14_harness.sol:232:18:
    |
232 |     constructor (string memory name, string memory symbol, uint8 decimals) {
    |                  ^^^^^^^^^^^^^^^^^^
Note: The shadowed declaration is here:
   --> tod_balance_claimReward_TOD14_setReward_TOD14_harness.sol:259:5:
    |
259 |     function name() public view returns (string memory) {
    |     ^ (Relevant source part starts here and spans across multiple lines).

Warning: This declaration shadows an existing declaration.
   --> tod_balance_claimReward_TOD14_setReward_TOD14_harness.sol:232:38:
    |
232 |     constructor (string memory name, string memory symbol, uint8 decimals) {
    |                                      ^^^^^^^^^^^^^^^^^^^^
Note: The shadowed declaration is here:
   --> tod_balance_claimReward_TOD14_setReward_TOD14_harness.sol:280:5:
    |
280 |     function symbol() public view returns (string memory) {
    |     ^ (Relevant source part starts here and spans across multiple lines).

Warning: This declaration shadows an existing declaration.
   --> tod_balance_claimReward_TOD14_setReward_TOD14_harness.sol:232:60:
    |
232 |     constructor (string memory name, string memory symbol, uint8 decimals) {
    |                                                            ^^^^^^^^^^^^^^
Note: The shadowed declaration is here:
   --> tod_balance_claimReward_TOD14_setReward_TOD14_harness.sol:309:5:
    |
309 |     function decimals() public view returns (uint8) {
    |     ^ (Relevant source part starts here and spans across multiple lines).

Error: Identifier not found or not unique.
   --> tod_balance_claimReward_TOD14_setReward_TOD14_harness.sol:327:28:
    |
327 | contract SimpleSwapCoin is ERC20, ERC20Detailed {
    |                            ^^^^^


ERROR: PARSING ERROR
