ESBMC version 8.2.0 64-bit x86_64 linux
Target: 64-bit little-endian x86_64-unknown-linux with esbmclibc
Warning: SPDX license identifier not provided in source file. Before publishing, consider adding a comment containing "SPDX-License-Identifier: <SPDX-License>" to each source file. Use "SPDX-License-Identifier: UNLICENSED" for non-open-source code. Please see https://spdx.org for more information.
--> contract.sol

Warning: This declaration shadows an existing declaration.
   --> contract.sol:455:13:
    |
455 |             uint256 id = listingIds[i];
    |             ^^^^^^^^^^
Note: The shadowed declaration is here:
   --> contract.sol:469:9:
    |
469 |         uint256 id = nextPurchaseId++;
    |         ^^^^^^^^^^

Warning: "selfdestruct" has been deprecated. Note that, starting from the Cancun hard fork, the underlying opcode no longer deletes the code and data associated with an account and only transfers its Ether to the beneficiary, unless executed in the same transaction in which the contract was created (see EIP-6780). Any use in newly deployed contracts is strongly discouraged even if the new behavior is taken into account. Future changes to the EVM might further reduce the functionality of the opcode.
   --> contract.sol:598:9:
    |
598 |         selfdestruct(owner);
    |         ^^^^^^^^^^^^

TOD harness written to ./tod_balance_claimReward_TOD20_setReward_TOD20_harness.sol
Parsing ./tod_balance_claimReward_TOD20_setReward_TOD20_harness.sol
Compiling Solidity AST using: /usr/local/bin/solc (v0.8.30)
Converting
Generating GOTO Program
GOTO program creation time: 1.541s
GOTO program processing time: 0.014s
Starting Bounded Model Checking
Unwinding loop 67 iteration 1   
Unwinding loop 67 iteration 2   
Not unwinding loop 67 iteration 3   
Symex completed in: 0.700s (3093 assignments)
Caching time: 0.000s (removed 0 assertions)
Slicing time: 0.004s (removed 1376 assignments)
Generated 3 VCC(s), 3 remaining after simplification (1717 assignments)
Encoding remaining VCC(s) using bit-vector/floating-point arithmetic
Encoding to solver time: 0.034s
Solving with solver CVC5 1.1.2
Runtime decision procedure: 122.237s
Building error trace

[Counterexample]


State 1 file /home/samson/workspace/esbmc/src/c2goto/library/solidity/solidity_address.c line 10 column 1 thread 0
----------------------------------------------------
  sol_addr_array = { 0 }

State 23 file tod_balance_claimReward_TOD20_setReward_TOD20_harness.sol line 1 thread 0
----------------------------------------------------
  _ESBMC_Object_TOD_claimReward_TOD20_setReward_TOD20 = { .$address=4294967283, .anon_pad$1=0, .$codehash=0, .$balance=0,
    .$code=0, ._ESBMC_bind_cname=&"TOD_claimReward_TOD20_setReward_TOD20"[0], .anon_pad$6=0 }

State 31  thread 0
----------------------------------------------------
  c1->_ESBMC_bind_cname = { .raffleContract=&_ESBMC_Object_RaffleToken, .anon_pad$1=0,
    .winner_TOD19=0, .paused=0, .claimed_TOD26=0,
    .anon_pad$5=0, .owner_TOD26=0, .anon_pad$7=0,
    .reward_TOD26=0, .anon_pad$9=0, .owner=0,
    .claimed_TOD20=0, .anon_pad$12=0, .owner_TOD20=0,
    .anon_pad$14=0, .reward_TOD20=0, .nextListingId=916,
    .claimed_TOD32=0, .anon_pad$18=0,
    .owner_TOD32=0, .reward_TOD32=0, .listingsById={ .base=&_ESBMC_inf_listingsById[0], .addr=1 },
    .claimed_TOD38=0,
    .anon_pad$23=0, .owner_TOD38=0, .anon_pad$25=0,
    .reward_TOD38=0, .purchasesById={ .base=&_ESBMC_inf_purchasesById[0], .addr=1 }, .claimed_TOD4=0,
    .anon_pad$29=0, .owner_TOD4=0, .anon_pad$31=0,
    .reward_TOD4=0, .nextPurchaseId=344, .={ .pricePerToken=nil, .initialAmount=nil, .amountLeft=nil,
    .anon_pad$3=nil, .seller=nil, .active=nil,
    .anon_pad$6=nil },
    .={ .totalAmount=nil, .totalAmountPayed=nil, .timestamp=nil },
    .anon_pad$36=0,
    .winner_TOD27=0, .winner_TOD31=0, .winner_TOD13=0,
    .claimed_TOD30=0, .anon_pad$41=0, .owner_TOD30=0,
    .anon_pad$43=0, .reward_TOD30=0, .claimed_TOD8=0,
    .anon_pad$46=0, .owner_TOD8=0, .anon_pad$48=0,
    .reward_TOD8=0, .anon_pad$50=0, .winner_TOD39=0,
    .claimed_TOD36=0, .anon_pad$53=0, .owner_TOD36=0,
    .reward_TOD36=0, .anon_pad$56=0, .winner_TOD35=0,
    .claimed_TOD40=0, .anon_pad$59=0, .owner_TOD40=0,
    .anon_pad$61=0, .reward_TOD40=0, .winner_TOD33=0,
    .$address=1, .anon_pad$65=0, .$codehash=0,
    .$balance=0, .$code=0, .$dynamic_pool={ .pool=&$RaffleTokenExchange_C1_pool#[0], .pool_cursor=0 },
    ._ESBMC_bind_cname=&"RaffleTokenExchange_C1"[0],
    .anon_pad$71=0 }

State 40  thread 0
----------------------------------------------------
  c2->_ESBMC_bind_cname = { .raffleContract=&_ESBMC_Object_RaffleToken, .anon_pad$1=0,
    .winner_TOD19=0, .paused=0, .claimed_TOD26=0,
    .anon_pad$5=0, .owner_TOD26=0, .anon_pad$7=0,
    .reward_TOD26=0, .anon_pad$9=0, .owner=0,
    .claimed_TOD20=0, .anon_pad$12=0, .owner_TOD20=0,
    .anon_pad$14=0, .reward_TOD20=0, .nextListingId=916,
    .claimed_TOD32=0, .anon_pad$18=0,
    .owner_TOD32=0, .reward_TOD32=0, .listingsById={ .base=&_ESBMC_inf_listingsById[0], .addr=4294967291 },
    .claimed_TOD38=0,
    .anon_pad$23=0, .owner_TOD38=0, .anon_pad$25=0,
    .reward_TOD38=0, .purchasesById={ .base=&_ESBMC_inf_purchasesById[0], .addr=4294967291 }, .claimed_TOD4=0,
    .anon_pad$29=0, .owner_TOD4=0, .anon_pad$31=0,
    .reward_TOD4=0, .nextPurchaseId=344, .={ .pricePerToken=nil, .initialAmount=nil, .amountLeft=nil,
    .anon_pad$3=nil, .seller=nil, .active=nil,
    .anon_pad$6=nil },
    .={ .totalAmount=nil, .totalAmountPayed=nil, .timestamp=nil },
    .anon_pad$36=0,
    .winner_TOD27=0, .winner_TOD31=0, .winner_TOD13=0,
    .claimed_TOD30=0, .anon_pad$41=0, .owner_TOD30=0,
    .anon_pad$43=0, .reward_TOD30=0, .claimed_TOD8=0,
    .anon_pad$46=0, .owner_TOD8=0, .anon_pad$48=0,
    .reward_TOD8=0, .anon_pad$50=0, .winner_TOD39=0,
    .claimed_TOD36=0, .anon_pad$53=0, .owner_TOD36=0,
    .reward_TOD36=0, .anon_pad$56=0, .winner_TOD35=0,
    .claimed_TOD40=0, .anon_pad$59=0, .owner_TOD40=0,
    .anon_pad$61=0, .reward_TOD40=0, .winner_TOD33=0,
    .$address=4294967291, .anon_pad$65=0,
    .$codehash=0, .$balance=0, .$code=0,
    .$dynamic_pool={ .pool=&$RaffleTokenExchange_C2_pool#[0], .pool_cursor=0 }, ._ESBMC_bind_cname=&"RaffleTokenExchange_C2"[0],
    .anon_pad$71=0 }

State 43 file tod_balance_claimReward_TOD20_setReward_TOD20_harness.sol line 1083 function test thread 0
----------------------------------------------------
Violated property:
  file tod_balance_claimReward_TOD20_setReward_TOD20_harness.sol line 1083 function test
  assertion return_value$_RaffleTokenExchange_C1___tod_bal$9 == return_value$_RaffleTokenExchange_C2___tod_bal$10
  return_value$_RaffleTokenExchange_C1___tod_bal$9 == return_value$_RaffleTokenExchange_C2___tod_bal$10


VERIFICATION FAILED
