ESBMC version 8.2.0 64-bit x86_64 linux
Target: 64-bit little-endian x86_64-unknown-linux with esbmclibc
Warning: SPDX license identifier not provided in source file. Before publishing, consider adding a comment containing "SPDX-License-Identifier: <SPDX-License>" to each source file. Use "SPDX-License-Identifier: UNLICENSED" for non-open-source code. Please see https://spdx.org for more information.
--> contract.sol

Warning: This declaration shadows an existing declaration.
   --> contract.sol:107:15:
    |
107 |   constructor(string memory name, string memory symbol, uint8 decimals) {
    |               ^^^^^^^^^^^^^^^^^^
Note: The shadowed declaration is here:
   --> contract.sol:126:3:
    |
126 |   function name() public view returns(string memory) {
    |   ^ (Relevant source part starts here and spans across multiple lines).

Warning: This declaration shadows an existing declaration.
   --> contract.sol:107:35:
    |
107 |   constructor(string memory name, string memory symbol, uint8 decimals) {
    |                                   ^^^^^^^^^^^^^^^^^^^^
Note: The shadowed declaration is here:
   --> contract.sol:148:3:
    |
148 |   function symbol() public view returns(string memory) {
    |   ^ (Relevant source part starts here and spans across multiple lines).

Warning: This declaration shadows an existing declaration.
   --> contract.sol:107:57:
    |
107 |   constructor(string memory name, string memory symbol, uint8 decimals) {
    |                                                         ^^^^^^^^^^^^^^
Note: The shadowed declaration is here:
   --> contract.sol:170:3:
    |
170 |   function decimals() public view returns(uint8) {
    |   ^ (Relevant source part starts here and spans across multiple lines).

TOD harness written to ./tod_balance_claimReward_TOD14_setReward_TOD14_harness.sol
Parsing ./tod_balance_claimReward_TOD14_setReward_TOD14_harness.sol
Compiling Solidity AST using: /usr/local/bin/solc (v0.8.30)
Converting
Generating GOTO Program
WARNING: function should not return value
nil
WARNING: function should not return value
nil
GOTO program creation time: 3.098s
GOTO program processing time: 0.025s
Starting Bounded Model Checking
Unwinding loop 37 iteration 1   file /home/samson/workspace/esbmc/src/c2goto/library/solidity/solidity_string.c line 206 column 5 function _str_assign
Unwinding loop 37 iteration 2   file /home/samson/workspace/esbmc/src/c2goto/library/solidity/solidity_string.c line 206 column 5 function _str_assign
Not unwinding loop 37 iteration 3   file /home/samson/workspace/esbmc/src/c2goto/library/solidity/solidity_string.c line 206 column 5 function _str_assign
Unwinding loop 38 iteration 1   file /home/samson/workspace/esbmc/src/c2goto/library/solidity/solidity_string.c line 209 column 5 function _str_assign
Unwinding loop 38 iteration 2   file /home/samson/workspace/esbmc/src/c2goto/library/solidity/solidity_string.c line 209 column 5 function _str_assign
Not unwinding loop 38 iteration 3   file /home/samson/workspace/esbmc/src/c2goto/library/solidity/solidity_string.c line 209 column 5 function _str_assign
Unwinding loop 37 iteration 1   file /home/samson/workspace/esbmc/src/c2goto/library/solidity/solidity_string.c line 206 column 5 function _str_assign
Unwinding loop 37 iteration 2   file /home/samson/workspace/esbmc/src/c2goto/library/solidity/solidity_string.c line 206 column 5 function _str_assign
Not unwinding loop 37 iteration 3   file /home/samson/workspace/esbmc/src/c2goto/library/solidity/solidity_string.c line 206 column 5 function _str_assign
Unwinding loop 38 iteration 1   file /home/samson/workspace/esbmc/src/c2goto/library/solidity/solidity_string.c line 209 column 5 function _str_assign
Unwinding loop 38 iteration 2   file /home/samson/workspace/esbmc/src/c2goto/library/solidity/solidity_string.c line 209 column 5 function _str_assign
Not unwinding loop 38 iteration 3   file /home/samson/workspace/esbmc/src/c2goto/library/solidity/solidity_string.c line 209 column 5 function _str_assign
Unwinding loop 37 iteration 1   file /home/samson/workspace/esbmc/src/c2goto/library/solidity/solidity_string.c line 206 column 5 function _str_assign
Unwinding loop 37 iteration 2   file /home/samson/workspace/esbmc/src/c2goto/library/solidity/solidity_string.c line 206 column 5 function _str_assign
Not unwinding loop 37 iteration 3   file /home/samson/workspace/esbmc/src/c2goto/library/solidity/solidity_string.c line 206 column 5 function _str_assign
Unwinding loop 38 iteration 1   file /home/samson/workspace/esbmc/src/c2goto/library/solidity/solidity_string.c line 209 column 5 function _str_assign
Unwinding loop 38 iteration 2   file /home/samson/workspace/esbmc/src/c2goto/library/solidity/solidity_string.c line 209 column 5 function _str_assign
Not unwinding loop 38 iteration 3   file /home/samson/workspace/esbmc/src/c2goto/library/solidity/solidity_string.c line 209 column 5 function _str_assign
Unwinding loop 37 iteration 1   file /home/samson/workspace/esbmc/src/c2goto/library/solidity/solidity_string.c line 206 column 5 function _str_assign
Unwinding loop 37 iteration 2   file /home/samson/workspace/esbmc/src/c2goto/library/solidity/solidity_string.c line 206 column 5 function _str_assign
Not unwinding loop 37 iteration 3   file /home/samson/workspace/esbmc/src/c2goto/library/solidity/solidity_string.c line 206 column 5 function _str_assign
Unwinding loop 38 iteration 1   file /home/samson/workspace/esbmc/src/c2goto/library/solidity/solidity_string.c line 209 column 5 function _str_assign
Unwinding loop 38 iteration 2   file /home/samson/workspace/esbmc/src/c2goto/library/solidity/solidity_string.c line 209 column 5 function _str_assign
Not unwinding loop 38 iteration 3   file /home/samson/workspace/esbmc/src/c2goto/library/solidity/solidity_string.c line 209 column 5 function _str_assign
Unwinding loop 37 iteration 1   file /home/samson/workspace/esbmc/src/c2goto/library/solidity/solidity_string.c line 206 column 5 function _str_assign
Unwinding loop 37 iteration 2   file /home/samson/workspace/esbmc/src/c2goto/library/solidity/solidity_string.c line 206 column 5 function _str_assign
Not unwinding loop 37 iteration 3   file /home/samson/workspace/esbmc/src/c2goto/library/solidity/solidity_string.c line 206 column 5 function _str_assign
Unwinding loop 38 iteration 1   file /home/samson/workspace/esbmc/src/c2goto/library/solidity/solidity_string.c line 209 column 5 function _str_assign
Unwinding loop 38 iteration 2   file /home/samson/workspace/esbmc/src/c2goto/library/solidity/solidity_string.c line 209 column 5 function _str_assign
Not unwinding loop 38 iteration 3   file /home/samson/workspace/esbmc/src/c2goto/library/solidity/solidity_string.c line 209 column 5 function _str_assign
Unwinding loop 37 iteration 1   file /home/samson/workspace/esbmc/src/c2goto/library/solidity/solidity_string.c line 206 column 5 function _str_assign
Unwinding loop 37 iteration 2   file /home/samson/workspace/esbmc/src/c2goto/library/solidity/solidity_string.c line 206 column 5 function _str_assign
Not unwinding loop 37 iteration 3   file /home/samson/workspace/esbmc/src/c2goto/library/solidity/solidity_string.c line 206 column 5 function _str_assign
Unwinding loop 38 iteration 1   file /home/samson/workspace/esbmc/src/c2goto/library/solidity/solidity_string.c line 209 column 5 function _str_assign
Unwinding loop 38 iteration 2   file /home/samson/workspace/esbmc/src/c2goto/library/solidity/solidity_string.c line 209 column 5 function _str_assign
Not unwinding loop 38 iteration 3   file /home/samson/workspace/esbmc/src/c2goto/library/solidity/solidity_string.c line 209 column 5 function _str_assign
Unwinding loop 37 iteration 1   file /home/samson/workspace/esbmc/src/c2goto/library/solidity/solidity_string.c line 206 column 5 function _str_assign
Unwinding loop 37 iteration 2   file /home/samson/workspace/esbmc/src/c2goto/library/solidity/solidity_string.c line 206 column 5 function _str_assign
Not unwinding loop 37 iteration 3   file /home/samson/workspace/esbmc/src/c2goto/library/solidity/solidity_string.c line 206 column 5 function _str_assign
Unwinding loop 37 iteration 1   file /home/samson/workspace/esbmc/src/c2goto/library/solidity/solidity_string.c line 206 column 5 function _str_assign
Unwinding loop 37 iteration 2   file /home/samson/workspace/esbmc/src/c2goto/library/solidity/solidity_string.c line 206 column 5 function _str_assign
Not unwinding loop 37 iteration 3   file /home/samson/workspace/esbmc/src/c2goto/library/solidity/solidity_string.c line 206 column 5 function _str_assign
Unwinding loop 47 iteration 1   file /home/samson/workspace/esbmc/src/c2goto/library/solidity/solidity_mapping.c line 27 column 3 function map_get_raw
Unwinding loop 47 iteration 2   file /home/samson/workspace/esbmc/src/c2goto/library/solidity/solidity_mapping.c line 27 column 3 function map_get_raw
Not unwinding loop 47 iteration 3   file /home/samson/workspace/esbmc/src/c2goto/library/solidity/solidity_mapping.c line 27 column 3 function map_get_raw
Unwinding loop 47 iteration 1   file /home/samson/workspace/esbmc/src/c2goto/library/solidity/solidity_mapping.c line 27 column 3 function map_get_raw
Unwinding loop 47 iteration 2   file /home/samson/workspace/esbmc/src/c2goto/library/solidity/solidity_mapping.c line 27 column 3 function map_get_raw
Not unwinding loop 47 iteration 3   file /home/samson/workspace/esbmc/src/c2goto/library/solidity/solidity_mapping.c line 27 column 3 function map_get_raw
Unwinding loop 37 iteration 1   file /home/samson/workspace/esbmc/src/c2goto/library/solidity/solidity_string.c line 206 column 5 function _str_assign
Unwinding loop 37 iteration 2   file /home/samson/workspace/esbmc/src/c2goto/library/solidity/solidity_string.c line 206 column 5 function _str_assign
Not unwinding loop 37 iteration 3   file /home/samson/workspace/esbmc/src/c2goto/library/solidity/solidity_string.c line 206 column 5 function _str_assign
Unwinding loop 38 iteration 1   file /home/samson/workspace/esbmc/src/c2goto/library/solidity/solidity_string.c line 209 column 5 function _str_assign
Unwinding loop 38 iteration 2   file /home/samson/workspace/esbmc/src/c2goto/library/solidity/solidity_string.c line 209 column 5 function _str_assign
Not unwinding loop 38 iteration 3   file /home/samson/workspace/esbmc/src/c2goto/library/solidity/solidity_string.c line 209 column 5 function _str_assign
Unwinding loop 37 iteration 1   file /home/samson/workspace/esbmc/src/c2goto/library/solidity/solidity_string.c line 206 column 5 function _str_assign
Unwinding loop 37 iteration 2   file /home/samson/workspace/esbmc/src/c2goto/library/solidity/solidity_string.c line 206 column 5 function _str_assign
Not unwinding loop 37 iteration 3   file /home/samson/workspace/esbmc/src/c2goto/library/solidity/solidity_string.c line 206 column 5 function _str_assign
Unwinding loop 38 iteration 1   file /home/samson/workspace/esbmc/src/c2goto/library/solidity/solidity_string.c line 209 column 5 function _str_assign
Unwinding loop 38 iteration 2   file /home/samson/workspace/esbmc/src/c2goto/library/solidity/solidity_string.c line 209 column 5 function _str_assign
Not unwinding loop 38 iteration 3   file /home/samson/workspace/esbmc/src/c2goto/library/solidity/solidity_string.c line 209 column 5 function _str_assign
Unwinding loop 37 iteration 1   file /home/samson/workspace/esbmc/src/c2goto/library/solidity/solidity_string.c line 206 column 5 function _str_assign
Unwinding loop 37 iteration 2   file /home/samson/workspace/esbmc/src/c2goto/library/solidity/solidity_string.c line 206 column 5 function _str_assign
Not unwinding loop 37 iteration 3   file /home/samson/workspace/esbmc/src/c2goto/library/solidity/solidity_string.c line 206 column 5 function _str_assign
Unwinding loop 38 iteration 1   file /home/samson/workspace/esbmc/src/c2goto/library/solidity/solidity_string.c line 209 column 5 function _str_assign
Unwinding loop 38 iteration 2   file /home/samson/workspace/esbmc/src/c2goto/library/solidity/solidity_string.c line 209 column 5 function _str_assign
Not unwinding loop 38 iteration 3   file /home/samson/workspace/esbmc/src/c2goto/library/solidity/solidity_string.c line 209 column 5 function _str_assign
Unwinding loop 37 iteration 1   file /home/samson/workspace/esbmc/src/c2goto/library/solidity/solidity_string.c line 206 column 5 function _str_assign
Unwinding loop 37 iteration 2   file /home/samson/workspace/esbmc/src/c2goto/library/solidity/solidity_string.c line 206 column 5 function _str_assign
Not unwinding loop 37 iteration 3   file /home/samson/workspace/esbmc/src/c2goto/library/solidity/solidity_string.c line 206 column 5 function _str_assign
Unwinding loop 38 iteration 1   file /home/samson/workspace/esbmc/src/c2goto/library/solidity/solidity_string.c line 209 column 5 function _str_assign
Unwinding loop 38 iteration 2   file /home/samson/workspace/esbmc/src/c2goto/library/solidity/solidity_string.c line 209 column 5 function _str_assign
Not unwinding loop 38 iteration 3   file /home/samson/workspace/esbmc/src/c2goto/library/solidity/solidity_string.c line 209 column 5 function _str_assign
Unwinding loop 37 iteration 1   file /home/samson/workspace/esbmc/src/c2goto/library/solidity/solidity_string.c line 206 column 5 function _str_assign
Unwinding loop 37 iteration 2   file /home/samson/workspace/esbmc/src/c2goto/library/solidity/solidity_string.c line 206 column 5 function _str_assign
Not unwinding loop 37 iteration 3   file /home/samson/workspace/esbmc/src/c2goto/library/solidity/solidity_string.c line 206 column 5 function _str_assign
Unwinding loop 37 iteration 1   file /home/samson/workspace/esbmc/src/c2goto/library/solidity/solidity_string.c line 206 column 5 function _str_assign
Unwinding loop 37 iteration 2   file /home/samson/workspace/esbmc/src/c2goto/library/solidity/solidity_string.c line 206 column 5 function _str_assign
Not unwinding loop 37 iteration 3   file /home/samson/workspace/esbmc/src/c2goto/library/solidity/solidity_string.c line 206 column 5 function _str_assign
Unwinding loop 47 iteration 1   file /home/samson/workspace/esbmc/src/c2goto/library/solidity/solidity_mapping.c line 27 column 3 function map_get_raw
Unwinding loop 47 iteration 2   file /home/samson/workspace/esbmc/src/c2goto/library/solidity/solidity_mapping.c line 27 column 3 function map_get_raw
Not unwinding loop 47 iteration 3   file /home/samson/workspace/esbmc/src/c2goto/library/solidity/solidity_mapping.c line 27 column 3 function map_get_raw
Unwinding loop 47 iteration 1   file /home/samson/workspace/esbmc/src/c2goto/library/solidity/solidity_mapping.c line 27 column 3 function map_get_raw
Unwinding loop 47 iteration 2   file /home/samson/workspace/esbmc/src/c2goto/library/solidity/solidity_mapping.c line 27 column 3 function map_get_raw
Not unwinding loop 47 iteration 3   file /home/samson/workspace/esbmc/src/c2goto/library/solidity/solidity_mapping.c line 27 column 3 function map_get_raw
Unwinding loop 37 iteration 1   file /home/samson/workspace/esbmc/src/c2goto/library/solidity/solidity_string.c line 206 column 5 function _str_assign
Unwinding loop 37 iteration 2   file /home/samson/workspace/esbmc/src/c2goto/library/solidity/solidity_string.c line 206 column 5 function _str_assign
Not unwinding loop 37 iteration 3   file /home/samson/workspace/esbmc/src/c2goto/library/solidity/solidity_string.c line 206 column 5 function _str_assign
Unwinding loop 38 iteration 1   file /home/samson/workspace/esbmc/src/c2goto/library/solidity/solidity_string.c line 209 column 5 function _str_assign
Unwinding loop 38 iteration 2   file /home/samson/workspace/esbmc/src/c2goto/library/solidity/solidity_string.c line 209 column 5 function _str_assign
Not unwinding loop 38 iteration 3   file /home/samson/workspace/esbmc/src/c2goto/library/solidity/solidity_string.c line 209 column 5 function _str_assign
Unwinding loop 37 iteration 1   file /home/samson/workspace/esbmc/src/c2goto/library/solidity/solidity_string.c line 206 column 5 function _str_assign
Unwinding loop 37 iteration 2   file /home/samson/workspace/esbmc/src/c2goto/library/solidity/solidity_string.c line 206 column 5 function _str_assign
Not unwinding loop 37 iteration 3   file /home/samson/workspace/esbmc/src/c2goto/library/solidity/solidity_string.c line 206 column 5 function _str_assign
Unwinding loop 38 iteration 1   file /home/samson/workspace/esbmc/src/c2goto/library/solidity/solidity_string.c line 209 column 5 function _str_assign
Unwinding loop 38 iteration 2   file /home/samson/workspace/esbmc/src/c2goto/library/solidity/solidity_string.c line 209 column 5 function _str_assign
Not unwinding loop 38 iteration 3   file /home/samson/workspace/esbmc/src/c2goto/library/solidity/solidity_string.c line 209 column 5 function _str_assign
Unwinding loop 37 iteration 1   file /home/samson/workspace/esbmc/src/c2goto/library/solidity/solidity_string.c line 206 column 5 function _str_assign
Unwinding loop 37 iteration 2   file /home/samson/workspace/esbmc/src/c2goto/library/solidity/solidity_string.c line 206 column 5 function _str_assign
Not unwinding loop 37 iteration 3   file /home/samson/workspace/esbmc/src/c2goto/library/solidity/solidity_string.c line 206 column 5 function _str_assign
Unwinding loop 38 iteration 1   file /home/samson/workspace/esbmc/src/c2goto/library/solidity/solidity_string.c line 209 column 5 function _str_assign
Unwinding loop 38 iteration 2   file /home/samson/workspace/esbmc/src/c2goto/library/solidity/solidity_string.c line 209 column 5 function _str_assign
Not unwinding loop 38 iteration 3   file /home/samson/workspace/esbmc/src/c2goto/library/solidity/solidity_string.c line 209 column 5 function _str_assign
Unwinding loop 37 iteration 1   file /home/samson/workspace/esbmc/src/c2goto/library/solidity/solidity_string.c line 206 column 5 function _str_assign
Unwinding loop 37 iteration 2   file /home/samson/workspace/esbmc/src/c2goto/library/solidity/solidity_string.c line 206 column 5 function _str_assign
Not unwinding loop 37 iteration 3   file /home/samson/workspace/esbmc/src/c2goto/library/solidity/solidity_string.c line 206 column 5 function _str_assign
Unwinding loop 38 iteration 1   file /home/samson/workspace/esbmc/src/c2goto/library/solidity/solidity_string.c line 209 column 5 function _str_assign
Unwinding loop 38 iteration 2   file /home/samson/workspace/esbmc/src/c2goto/library/solidity/solidity_string.c line 209 column 5 function _str_assign
Not unwinding loop 38 iteration 3   file /home/samson/workspace/esbmc/src/c2goto/library/solidity/solidity_string.c line 209 column 5 function _str_assign
Unwinding loop 37 iteration 1   file /home/samson/workspace/esbmc/src/c2goto/library/solidity/solidity_string.c line 206 column 5 function _str_assign
Unwinding loop 37 iteration 2   file /home/samson/workspace/esbmc/src/c2goto/library/solidity/solidity_string.c line 206 column 5 function _str_assign
Not unwinding loop 37 iteration 3   file /home/samson/workspace/esbmc/src/c2goto/library/solidity/solidity_string.c line 206 column 5 function _str_assign
Unwinding loop 37 iteration 1   file /home/samson/workspace/esbmc/src/c2goto/library/solidity/solidity_string.c line 206 column 5 function _str_assign
Unwinding loop 37 iteration 2   file /home/samson/workspace/esbmc/src/c2goto/library/solidity/solidity_string.c line 206 column 5 function _str_assign
Not unwinding loop 37 iteration 3   file /home/samson/workspace/esbmc/src/c2goto/library/solidity/solidity_string.c line 206 column 5 function _str_assign
Unwinding loop 47 iteration 1   file /home/samson/workspace/esbmc/src/c2goto/library/solidity/solidity_mapping.c line 27 column 3 function map_get_raw
Unwinding loop 47 iteration 2   file /home/samson/workspace/esbmc/src/c2goto/library/solidity/solidity_mapping.c line 27 column 3 function map_get_raw
Not unwinding loop 47 iteration 3   file /home/samson/workspace/esbmc/src/c2goto/library/solidity/solidity_mapping.c line 27 column 3 function map_get_raw
Unwinding loop 47 iteration 1   file /home/samson/workspace/esbmc/src/c2goto/library/solidity/solidity_mapping.c line 27 column 3 function map_get_raw
Unwinding loop 47 iteration 2   file /home/samson/workspace/esbmc/src/c2goto/library/solidity/solidity_mapping.c line 27 column 3 function map_get_raw
Not unwinding loop 47 iteration 3   file /home/samson/workspace/esbmc/src/c2goto/library/solidity/solidity_mapping.c line 27 column 3 function map_get_raw
Unwinding loop 37 iteration 1   file /home/samson/workspace/esbmc/src/c2goto/library/solidity/solidity_string.c line 206 column 5 function _str_assign
Unwinding loop 37 iteration 2   file /home/samson/workspace/esbmc/src/c2goto/library/solidity/solidity_string.c line 206 column 5 function _str_assign
Not unwinding loop 37 iteration 3   file /home/samson/workspace/esbmc/src/c2goto/library/solidity/solidity_string.c line 206 column 5 function _str_assign
Unwinding loop 38 iteration 1   file /home/samson/workspace/esbmc/src/c2goto/library/solidity/solidity_string.c line 209 column 5 function _str_assign
Unwinding loop 38 iteration 2   file /home/samson/workspace/esbmc/src/c2goto/library/solidity/solidity_string.c line 209 column 5 function _str_assign
Not unwinding loop 38 iteration 3   file /home/samson/workspace/esbmc/src/c2goto/library/solidity/solidity_string.c line 209 column 5 function _str_assign
Unwinding loop 37 iteration 1   file /home/samson/workspace/esbmc/src/c2goto/library/solidity/solidity_string.c line 206 column 5 function _str_assign
Unwinding loop 37 iteration 2   file /home/samson/workspace/esbmc/src/c2goto/library/solidity/solidity_string.c line 206 column 5 function _str_assign
Not unwinding loop 37 iteration 3   file /home/samson/workspace/esbmc/src/c2goto/library/solidity/solidity_string.c line 206 column 5 function _str_assign
Unwinding loop 38 iteration 1   file /home/samson/workspace/esbmc/src/c2goto/library/solidity/solidity_string.c line 209 column 5 function _str_assign
Unwinding loop 38 iteration 2   file /home/samson/workspace/esbmc/src/c2goto/library/solidity/solidity_string.c line 209 column 5 function _str_assign
Not unwinding loop 38 iteration 3   file /home/samson/workspace/esbmc/src/c2goto/library/solidity/solidity_string.c line 209 column 5 function _str_assign
Unwinding loop 37 iteration 1   file /home/samson/workspace/esbmc/src/c2goto/library/solidity/solidity_string.c line 206 column 5 function _str_assign
Unwinding loop 37 iteration 2   file /home/samson/workspace/esbmc/src/c2goto/library/solidity/solidity_string.c line 206 column 5 function _str_assign
Not unwinding loop 37 iteration 3   file /home/samson/workspace/esbmc/src/c2goto/library/solidity/solidity_string.c line 206 column 5 function _str_assign
Unwinding loop 38 iteration 1   file /home/samson/workspace/esbmc/src/c2goto/library/solidity/solidity_string.c line 209 column 5 function _str_assign
Unwinding loop 38 iteration 2   file /home/samson/workspace/esbmc/src/c2goto/library/solidity/solidity_string.c line 209 column 5 function _str_assign
Not unwinding loop 38 iteration 3   file /home/samson/workspace/esbmc/src/c2goto/library/solidity/solidity_string.c line 209 column 5 function _str_assign
Unwinding loop 37 iteration 1   file /home/samson/workspace/esbmc/src/c2goto/library/solidity/solidity_string.c line 206 column 5 function _str_assign
Unwinding loop 37 iteration 2   file /home/samson/workspace/esbmc/src/c2goto/library/solidity/solidity_string.c line 206 column 5 function _str_assign
Not unwinding loop 37 iteration 3   file /home/samson/workspace/esbmc/src/c2goto/library/solidity/solidity_string.c line 206 column 5 function _str_assign
Unwinding loop 38 iteration 1   file /home/samson/workspace/esbmc/src/c2goto/library/solidity/solidity_string.c line 209 column 5 function _str_assign
Unwinding loop 38 iteration 2   file /home/samson/workspace/esbmc/src/c2goto/library/solidity/solidity_string.c line 209 column 5 function _str_assign
Not unwinding loop 38 iteration 3   file /home/samson/workspace/esbmc/src/c2goto/library/solidity/solidity_string.c line 209 column 5 function _str_assign
Unwinding loop 37 iteration 1   file /home/samson/workspace/esbmc/src/c2goto/library/solidity/solidity_string.c line 206 column 5 function _str_assign
Unwinding loop 37 iteration 2   file /home/samson/workspace/esbmc/src/c2goto/library/solidity/solidity_string.c line 206 column 5 function _str_assign
Not unwinding loop 37 iteration 3   file /home/samson/workspace/esbmc/src/c2goto/library/solidity/solidity_string.c line 206 column 5 function _str_assign
Unwinding loop 37 iteration 1   file /home/samson/workspace/esbmc/src/c2goto/library/solidity/solidity_string.c line 206 column 5 function _str_assign
Unwinding loop 37 iteration 2   file /home/samson/workspace/esbmc/src/c2goto/library/solidity/solidity_string.c line 206 column 5 function _str_assign
Not unwinding loop 37 iteration 3   file /home/samson/workspace/esbmc/src/c2goto/library/solidity/solidity_string.c line 206 column 5 function _str_assign
Unwinding loop 47 iteration 1   file /home/samson/workspace/esbmc/src/c2goto/library/solidity/solidity_mapping.c line 27 column 3 function map_get_raw
Unwinding loop 47 iteration 2   file /home/samson/workspace/esbmc/src/c2goto/library/solidity/solidity_mapping.c line 27 column 3 function map_get_raw
Not unwinding loop 47 iteration 3   file /home/samson/workspace/esbmc/src/c2goto/library/solidity/solidity_mapping.c line 27 column 3 function map_get_raw
Unwinding loop 47 iteration 1   file /home/samson/workspace/esbmc/src/c2goto/library/solidity/solidity_mapping.c line 27 column 3 function map_get_raw
Unwinding loop 47 iteration 2   file /home/samson/workspace/esbmc/src/c2goto/library/solidity/solidity_mapping.c line 27 column 3 function map_get_raw
Not unwinding loop 47 iteration 3   file /home/samson/workspace/esbmc/src/c2goto/library/solidity/solidity_mapping.c line 27 column 3 function map_get_raw
Unwinding loop 67 iteration 1   
Unwinding loop 37 iteration 1   file /home/samson/workspace/esbmc/src/c2goto/library/solidity/solidity_string.c line 206 column 5 function _str_assign
Unwinding loop 37 iteration 2   file /home/samson/workspace/esbmc/src/c2goto/library/solidity/solidity_string.c line 206 column 5 function _str_assign
Not unwinding loop 37 iteration 3   file /home/samson/workspace/esbmc/src/c2goto/library/solidity/solidity_string.c line 206 column 5 function _str_assign
Unwinding loop 38 iteration 1   file /home/samson/workspace/esbmc/src/c2goto/library/solidity/solidity_string.c line 209 column 5 function _str_assign
Unwinding loop 38 iteration 2   file /home/samson/workspace/esbmc/src/c2goto/library/solidity/solidity_string.c line 209 column 5 function _str_assign
Not unwinding loop 38 iteration 3   file /home/samson/workspace/esbmc/src/c2goto/library/solidity/solidity_string.c line 209 column 5 function _str_assign
Unwinding loop 37 iteration 1   file /home/samson/workspace/esbmc/src/c2goto/library/solidity/solidity_string.c line 206 column 5 function _str_assign
Unwinding loop 37 iteration 2   file /home/samson/workspace/esbmc/src/c2goto/library/solidity/solidity_string.c line 206 column 5 function _str_assign
Not unwinding loop 37 iteration 3   file /home/samson/workspace/esbmc/src/c2goto/library/solidity/solidity_string.c line 206 column 5 function _str_assign
Unwinding loop 38 iteration 1   file /home/samson/workspace/esbmc/src/c2goto/library/solidity/solidity_string.c line 209 column 5 function _str_assign
Unwinding loop 38 iteration 2   file /home/samson/workspace/esbmc/src/c2goto/library/solidity/solidity_string.c line 209 column 5 function _str_assign
Not unwinding loop 38 iteration 3   file /home/samson/workspace/esbmc/src/c2goto/library/solidity/solidity_string.c line 209 column 5 function _str_assign
Unwinding loop 37 iteration 1   file /home/samson/workspace/esbmc/src/c2goto/library/solidity/solidity_string.c line 206 column 5 function _str_assign
Unwinding loop 37 iteration 2   file /home/samson/workspace/esbmc/src/c2goto/library/solidity/solidity_string.c line 206 column 5 function _str_assign
Not unwinding loop 37 iteration 3   file /home/samson/workspace/esbmc/src/c2goto/library/solidity/solidity_string.c line 206 column 5 function _str_assign
Unwinding loop 38 iteration 1   file /home/samson/workspace/esbmc/src/c2goto/library/solidity/solidity_string.c line 209 column 5 function _str_assign
Unwinding loop 38 iteration 2   file /home/samson/workspace/esbmc/src/c2goto/library/solidity/solidity_string.c line 209 column 5 function _str_assign
Not unwinding loop 38 iteration 3   file /home/samson/workspace/esbmc/src/c2goto/library/solidity/solidity_string.c line 209 column 5 function _str_assign
Unwinding loop 37 iteration 1   file /home/samson/workspace/esbmc/src/c2goto/library/solidity/solidity_string.c line 206 column 5 function _str_assign
Unwinding loop 37 iteration 2   file /home/samson/workspace/esbmc/src/c2goto/library/solidity/solidity_string.c line 206 column 5 function _str_assign
Not unwinding loop 37 iteration 3   file /home/samson/workspace/esbmc/src/c2goto/library/solidity/solidity_string.c line 206 column 5 function _str_assign
Unwinding loop 38 iteration 1   file /home/samson/workspace/esbmc/src/c2goto/library/solidity/solidity_string.c line 209 column 5 function _str_assign
Unwinding loop 38 iteration 2   file /home/samson/workspace/esbmc/src/c2goto/library/solidity/solidity_string.c line 209 column 5 function _str_assign
Not unwinding loop 38 iteration 3   file /home/samson/workspace/esbmc/src/c2goto/library/solidity/solidity_string.c line 209 column 5 function _str_assign
Unwinding loop 37 iteration 1   file /home/samson/workspace/esbmc/src/c2goto/library/solidity/solidity_string.c line 206 column 5 function _str_assign
Unwinding loop 37 iteration 2   file /home/samson/workspace/esbmc/src/c2goto/library/solidity/solidity_string.c line 206 column 5 function _str_assign
Not unwinding loop 37 iteration 3   file /home/samson/workspace/esbmc/src/c2goto/library/solidity/solidity_string.c line 206 column 5 function _str_assign
Unwinding loop 37 iteration 1   file /home/samson/workspace/esbmc/src/c2goto/library/solidity/solidity_string.c line 206 column 5 function _str_assign
Unwinding loop 37 iteration 2   file /home/samson/workspace/esbmc/src/c2goto/library/solidity/solidity_string.c line 206 column 5 function _str_assign
Not unwinding loop 37 iteration 3   file /home/samson/workspace/esbmc/src/c2goto/library/solidity/solidity_string.c line 206 column 5 function _str_assign
Unwinding loop 47 iteration 1   file /home/samson/workspace/esbmc/src/c2goto/library/solidity/solidity_mapping.c line 27 column 3 function map_get_raw
Unwinding loop 47 iteration 2   file /home/samson/workspace/esbmc/src/c2goto/library/solidity/solidity_mapping.c line 27 column 3 function map_get_raw
Not unwinding loop 47 iteration 3   file /home/samson/workspace/esbmc/src/c2goto/library/solidity/solidity_mapping.c line 27 column 3 function map_get_raw
Unwinding loop 47 iteration 1   file /home/samson/workspace/esbmc/src/c2goto/library/solidity/solidity_mapping.c line 27 column 3 function map_get_raw
Unwinding loop 47 iteration 2   file /home/samson/workspace/esbmc/src/c2goto/library/solidity/solidity_mapping.c line 27 column 3 function map_get_raw
Not unwinding loop 47 iteration 3   file /home/samson/workspace/esbmc/src/c2goto/library/solidity/solidity_mapping.c line 27 column 3 function map_get_raw
Unwinding loop 37 iteration 1   file /home/samson/workspace/esbmc/src/c2goto/library/solidity/solidity_string.c line 206 column 5 function _str_assign
Unwinding loop 37 iteration 2   file /home/samson/workspace/esbmc/src/c2goto/library/solidity/solidity_string.c line 206 column 5 function _str_assign
Not unwinding loop 37 iteration 3   file /home/samson/workspace/esbmc/src/c2goto/library/solidity/solidity_string.c line 206 column 5 function _str_assign
Unwinding loop 38 iteration 1   file /home/samson/workspace/esbmc/src/c2goto/library/solidity/solidity_string.c line 209 column 5 function _str_assign
Unwinding loop 38 iteration 2   file /home/samson/workspace/esbmc/src/c2goto/library/solidity/solidity_string.c line 209 column 5 function _str_assign
Not unwinding loop 38 iteration 3   file /home/samson/workspace/esbmc/src/c2goto/library/solidity/solidity_string.c line 209 column 5 function _str_assign
Unwinding loop 37 iteration 1   file /home/samson/workspace/esbmc/src/c2goto/library/solidity/solidity_string.c line 206 column 5 function _str_assign
Unwinding loop 37 iteration 2   file /home/samson/workspace/esbmc/src/c2goto/library/solidity/solidity_string.c line 206 column 5 function _str_assign
Not unwinding loop 37 iteration 3   file /home/samson/workspace/esbmc/src/c2goto/library/solidity/solidity_string.c line 206 column 5 function _str_assign
Unwinding loop 38 iteration 1   file /home/samson/workspace/esbmc/src/c2goto/library/solidity/solidity_string.c line 209 column 5 function _str_assign
Unwinding loop 38 iteration 2   file /home/samson/workspace/esbmc/src/c2goto/library/solidity/solidity_string.c line 209 column 5 function _str_assign
Not unwinding loop 38 iteration 3   file /home/samson/workspace/esbmc/src/c2goto/library/solidity/solidity_string.c line 209 column 5 function _str_assign
Unwinding loop 37 iteration 1   file /home/samson/workspace/esbmc/src/c2goto/library/solidity/solidity_string.c line 206 column 5 function _str_assign
Unwinding loop 37 iteration 2   file /home/samson/workspace/esbmc/src/c2goto/library/solidity/solidity_string.c line 206 column 5 function _str_assign
Not unwinding loop 37 iteration 3   file /home/samson/workspace/esbmc/src/c2goto/library/solidity/solidity_string.c line 206 column 5 function _str_assign
Unwinding loop 38 iteration 1   file /home/samson/workspace/esbmc/src/c2goto/library/solidity/solidity_string.c line 209 column 5 function _str_assign
Unwinding loop 38 iteration 2   file /home/samson/workspace/esbmc/src/c2goto/library/solidity/solidity_string.c line 209 column 5 function _str_assign
Not unwinding loop 38 iteration 3   file /home/samson/workspace/esbmc/src/c2goto/library/solidity/solidity_string.c line 209 column 5 function _str_assign
Unwinding loop 37 iteration 1   file /home/samson/workspace/esbmc/src/c2goto/library/solidity/solidity_string.c line 206 column 5 function _str_assign
Unwinding loop 37 iteration 2   file /home/samson/workspace/esbmc/src/c2goto/library/solidity/solidity_string.c line 206 column 5 function _str_assign
Not unwinding loop 37 iteration 3   file /home/samson/workspace/esbmc/src/c2goto/library/solidity/solidity_string.c line 206 column 5 function _str_assign
Unwinding loop 38 iteration 1   file /home/samson/workspace/esbmc/src/c2goto/library/solidity/solidity_string.c line 209 column 5 function _str_assign
Unwinding loop 38 iteration 2   file /home/samson/workspace/esbmc/src/c2goto/library/solidity/solidity_string.c line 209 column 5 function _str_assign
Not unwinding loop 38 iteration 3   file /home/samson/workspace/esbmc/src/c2goto/library/solidity/solidity_string.c line 209 column 5 function _str_assign
Unwinding loop 37 iteration 1   file /home/samson/workspace/esbmc/src/c2goto/library/solidity/solidity_string.c line 206 column 5 function _str_assign
Unwinding loop 37 iteration 2   file /home/samson/workspace/esbmc/src/c2goto/library/solidity/solidity_string.c line 206 column 5 function _str_assign
Not unwinding loop 37 iteration 3   file /home/samson/workspace/esbmc/src/c2goto/library/solidity/solidity_string.c line 206 column 5 function _str_assign
Unwinding loop 37 iteration 1   file /home/samson/workspace/esbmc/src/c2goto/library/solidity/solidity_string.c line 206 column 5 function _str_assign
Unwinding loop 37 iteration 2   file /home/samson/workspace/esbmc/src/c2goto/library/solidity/solidity_string.c line 206 column 5 function _str_assign
Not unwinding loop 37 iteration 3   file /home/samson/workspace/esbmc/src/c2goto/library/solidity/solidity_string.c line 206 column 5 function _str_assign
Unwinding loop 47 iteration 1   file /home/samson/workspace/esbmc/src/c2goto/library/solidity/solidity_mapping.c line 27 column 3 function map_get_raw
Unwinding loop 47 iteration 2   file /home/samson/workspace/esbmc/src/c2goto/library/solidity/solidity_mapping.c line 27 column 3 function map_get_raw
Not unwinding loop 47 iteration 3   file /home/samson/workspace/esbmc/src/c2goto/library/solidity/solidity_mapping.c line 27 column 3 function map_get_raw
Unwinding loop 47 iteration 1   file /home/samson/workspace/esbmc/src/c2goto/library/solidity/solidity_mapping.c line 27 column 3 function map_get_raw
Unwinding loop 47 iteration 2   file /home/samson/workspace/esbmc/src/c2goto/library/solidity/solidity_mapping.c line 27 column 3 function map_get_raw
Not unwinding loop 47 iteration 3   file /home/samson/workspace/esbmc/src/c2goto/library/solidity/solidity_mapping.c line 27 column 3 function map_get_raw
Unwinding loop 67 iteration 2   
Unwinding loop 37 iteration 1   file /home/samson/workspace/esbmc/src/c2goto/library/solidity/solidity_string.c line 206 column 5 function _str_assign
Unwinding loop 37 iteration 2   file /home/samson/workspace/esbmc/src/c2goto/library/solidity/solidity_string.c line 206 column 5 function _str_assign
Not unwinding loop 37 iteration 3   file /home/samson/workspace/esbmc/src/c2goto/library/solidity/solidity_string.c line 206 column 5 function _str_assign
Unwinding loop 38 iteration 1   file /home/samson/workspace/esbmc/src/c2goto/library/solidity/solidity_string.c line 209 column 5 function _str_assign
Unwinding loop 38 iteration 2   file /home/samson/workspace/esbmc/src/c2goto/library/solidity/solidity_string.c line 209 column 5 function _str_assign
Not unwinding loop 38 iteration 3   file /home/samson/workspace/esbmc/src/c2goto/library/solidity/solidity_string.c line 209 column 5 function _str_assign
Unwinding loop 37 iteration 1   file /home/samson/workspace/esbmc/src/c2goto/library/solidity/solidity_string.c line 206 column 5 function _str_assign
Unwinding loop 37 iteration 2   file /home/samson/workspace/esbmc/src/c2goto/library/solidity/solidity_string.c line 206 column 5 function _str_assign
Not unwinding loop 37 iteration 3   file /home/samson/workspace/esbmc/src/c2goto/library/solidity/solidity_string.c line 206 column 5 function _str_assign
Unwinding loop 38 iteration 1   file /home/samson/workspace/esbmc/src/c2goto/library/solidity/solidity_string.c line 209 column 5 function _str_assign
Unwinding loop 38 iteration 2   file /home/samson/workspace/esbmc/src/c2goto/library/solidity/solidity_string.c line 209 column 5 function _str_assign
Not unwinding loop 38 iteration 3   file /home/samson/workspace/esbmc/src/c2goto/library/solidity/solidity_string.c line 209 column 5 function _str_assign
Unwinding loop 37 iteration 1   file /home/samson/workspace/esbmc/src/c2goto/library/solidity/solidity_string.c line 206 column 5 function _str_assign
Unwinding loop 37 iteration 2   file /home/samson/workspace/esbmc/src/c2goto/library/solidity/solidity_string.c line 206 column 5 function _str_assign
Not unwinding loop 37 iteration 3   file /home/samson/workspace/esbmc/src/c2goto/library/solidity/solidity_string.c line 206 column 5 function _str_assign
Unwinding loop 38 iteration 1   file /home/samson/workspace/esbmc/src/c2goto/library/solidity/solidity_string.c line 209 column 5 function _str_assign
Unwinding loop 38 iteration 2   file /home/samson/workspace/esbmc/src/c2goto/library/solidity/solidity_string.c line 209 column 5 function _str_assign
Not unwinding loop 38 iteration 3   file /home/samson/workspace/esbmc/src/c2goto/library/solidity/solidity_string.c line 209 column 5 function _str_assign
Unwinding loop 37 iteration 1   file /home/samson/workspace/esbmc/src/c2goto/library/solidity/solidity_string.c line 206 column 5 function _str_assign
Unwinding loop 37 iteration 2   file /home/samson/workspace/esbmc/src/c2goto/library/solidity/solidity_string.c line 206 column 5 function _str_assign
Not unwinding loop 37 iteration 3   file /home/samson/workspace/esbmc/src/c2goto/library/solidity/solidity_string.c line 206 column 5 function _str_assign
Unwinding loop 38 iteration 1   file /home/samson/workspace/esbmc/src/c2goto/library/solidity/solidity_string.c line 209 column 5 function _str_assign
Unwinding loop 38 iteration 2   file /home/samson/workspace/esbmc/src/c2goto/library/solidity/solidity_string.c line 209 column 5 function _str_assign
Not unwinding loop 38 iteration 3   file /home/samson/workspace/esbmc/src/c2goto/library/solidity/solidity_string.c line 209 column 5 function _str_assign
Unwinding loop 37 iteration 1   file /home/samson/workspace/esbmc/src/c2goto/library/solidity/solidity_string.c line 206 column 5 function _str_assign
Unwinding loop 37 iteration 2   file /home/samson/workspace/esbmc/src/c2goto/library/solidity/solidity_string.c line 206 column 5 function _str_assign
Not unwinding loop 37 iteration 3   file /home/samson/workspace/esbmc/src/c2goto/library/solidity/solidity_string.c line 206 column 5 function _str_assign
Unwinding loop 37 iteration 1   file /home/samson/workspace/esbmc/src/c2goto/library/solidity/solidity_string.c line 206 column 5 function _str_assign
Unwinding loop 37 iteration 2   file /home/samson/workspace/esbmc/src/c2goto/library/solidity/solidity_string.c line 206 column 5 function _str_assign
Not unwinding loop 37 iteration 3   file /home/samson/workspace/esbmc/src/c2goto/library/solidity/solidity_string.c line 206 column 5 function _str_assign
Unwinding loop 47 iteration 1   file /home/samson/workspace/esbmc/src/c2goto/library/solidity/solidity_mapping.c line 27 column 3 function map_get_raw
Unwinding loop 47 iteration 2   file /home/samson/workspace/esbmc/src/c2goto/library/solidity/solidity_mapping.c line 27 column 3 function map_get_raw
Not unwinding loop 47 iteration 3   file /home/samson/workspace/esbmc/src/c2goto/library/solidity/solidity_mapping.c line 27 column 3 function map_get_raw
Unwinding loop 47 iteration 1   file /home/samson/workspace/esbmc/src/c2goto/library/solidity/solidity_mapping.c line 27 column 3 function map_get_raw
Unwinding loop 47 iteration 2   file /home/samson/workspace/esbmc/src/c2goto/library/solidity/solidity_mapping.c line 27 column 3 function map_get_raw
Not unwinding loop 47 iteration 3   file /home/samson/workspace/esbmc/src/c2goto/library/solidity/solidity_mapping.c line 27 column 3 function map_get_raw
Unwinding loop 37 iteration 1   file /home/samson/workspace/esbmc/src/c2goto/library/solidity/solidity_string.c line 206 column 5 function _str_assign
Unwinding loop 37 iteration 2   file /home/samson/workspace/esbmc/src/c2goto/library/solidity/solidity_string.c line 206 column 5 function _str_assign
Not unwinding loop 37 iteration 3   file /home/samson/workspace/esbmc/src/c2goto/library/solidity/solidity_string.c line 206 column 5 function _str_assign
Unwinding loop 38 iteration 1   file /home/samson/workspace/esbmc/src/c2goto/library/solidity/solidity_string.c line 209 column 5 function _str_assign
Unwinding loop 38 iteration 2   file /home/samson/workspace/esbmc/src/c2goto/library/solidity/solidity_string.c line 209 column 5 function _str_assign
Not unwinding loop 38 iteration 3   file /home/samson/workspace/esbmc/src/c2goto/library/solidity/solidity_string.c line 209 column 5 function _str_assign
Unwinding loop 37 iteration 1   file /home/samson/workspace/esbmc/src/c2goto/library/solidity/solidity_string.c line 206 column 5 function _str_assign
Unwinding loop 37 iteration 2   file /home/samson/workspace/esbmc/src/c2goto/library/solidity/solidity_string.c line 206 column 5 function _str_assign
Not unwinding loop 37 iteration 3   file /home/samson/workspace/esbmc/src/c2goto/library/solidity/solidity_string.c line 206 column 5 function _str_assign
Unwinding loop 38 iteration 1   file /home/samson/workspace/esbmc/src/c2goto/library/solidity/solidity_string.c line 209 column 5 function _str_assign
Unwinding loop 38 iteration 2   file /home/samson/workspace/esbmc/src/c2goto/library/solidity/solidity_string.c line 209 column 5 function _str_assign
Not unwinding loop 38 iteration 3   file /home/samson/workspace/esbmc/src/c2goto/library/solidity/solidity_string.c line 209 column 5 function _str_assign
Unwinding loop 37 iteration 1   file /home/samson/workspace/esbmc/src/c2goto/library/solidity/solidity_string.c line 206 column 5 function _str_assign
Unwinding loop 37 iteration 2   file /home/samson/workspace/esbmc/src/c2goto/library/solidity/solidity_string.c line 206 column 5 function _str_assign
Not unwinding loop 37 iteration 3   file /home/samson/workspace/esbmc/src/c2goto/library/solidity/solidity_string.c line 206 column 5 function _str_assign
Unwinding loop 38 iteration 1   file /home/samson/workspace/esbmc/src/c2goto/library/solidity/solidity_string.c line 209 column 5 function _str_assign
Unwinding loop 38 iteration 2   file /home/samson/workspace/esbmc/src/c2goto/library/solidity/solidity_string.c line 209 column 5 function _str_assign
Not unwinding loop 38 iteration 3   file /home/samson/workspace/esbmc/src/c2goto/library/solidity/solidity_string.c line 209 column 5 function _str_assign
Unwinding loop 37 iteration 1   file /home/samson/workspace/esbmc/src/c2goto/library/solidity/solidity_string.c line 206 column 5 function _str_assign
Unwinding loop 37 iteration 2   file /home/samson/workspace/esbmc/src/c2goto/library/solidity/solidity_string.c line 206 column 5 function _str_assign
Not unwinding loop 37 iteration 3   file /home/samson/workspace/esbmc/src/c2goto/library/solidity/solidity_string.c line 206 column 5 function _str_assign
Unwinding loop 38 iteration 1   file /home/samson/workspace/esbmc/src/c2goto/library/solidity/solidity_string.c line 209 column 5 function _str_assign
Unwinding loop 38 iteration 2   file /home/samson/workspace/esbmc/src/c2goto/library/solidity/solidity_string.c line 209 column 5 function _str_assign
Not unwinding loop 38 iteration 3   file /home/samson/workspace/esbmc/src/c2goto/library/solidity/solidity_string.c line 209 column 5 function _str_assign
Unwinding loop 37 iteration 1   file /home/samson/workspace/esbmc/src/c2goto/library/solidity/solidity_string.c line 206 column 5 function _str_assign
Unwinding loop 37 iteration 2   file /home/samson/workspace/esbmc/src/c2goto/library/solidity/solidity_string.c line 206 column 5 function _str_assign
Not unwinding loop 37 iteration 3   file /home/samson/workspace/esbmc/src/c2goto/library/solidity/solidity_string.c line 206 column 5 function _str_assign
Unwinding loop 37 iteration 1   file /home/samson/workspace/esbmc/src/c2goto/library/solidity/solidity_string.c line 206 column 5 function _str_assign
Unwinding loop 37 iteration 2   file /home/samson/workspace/esbmc/src/c2goto/library/solidity/solidity_string.c line 206 column 5 function _str_assign
Not unwinding loop 37 iteration 3   file /home/samson/workspace/esbmc/src/c2goto/library/solidity/solidity_string.c line 206 column 5 function _str_assign
Unwinding loop 47 iteration 1   file /home/samson/workspace/esbmc/src/c2goto/library/solidity/solidity_mapping.c line 27 column 3 function map_get_raw
Unwinding loop 47 iteration 2   file /home/samson/workspace/esbmc/src/c2goto/library/solidity/solidity_mapping.c line 27 column 3 function map_get_raw
Not unwinding loop 47 iteration 3   file /home/samson/workspace/esbmc/src/c2goto/library/solidity/solidity_mapping.c line 27 column 3 function map_get_raw
Unwinding loop 47 iteration 1   file /home/samson/workspace/esbmc/src/c2goto/library/solidity/solidity_mapping.c line 27 column 3 function map_get_raw
Unwinding loop 47 iteration 2   file /home/samson/workspace/esbmc/src/c2goto/library/solidity/solidity_mapping.c line 27 column 3 function map_get_raw
Not unwinding loop 47 iteration 3   file /home/samson/workspace/esbmc/src/c2goto/library/solidity/solidity_mapping.c line 27 column 3 function map_get_raw
Not unwinding loop 67 iteration 3   
Symex completed in: 2.939s (6440 assignments)
Caching time: 0.000s (removed 0 assertions)
Slicing time: 0.009s (removed 3355 assignments)
Generated 11 VCC(s), 11 remaining after simplification (3085 assignments)
Encoding remaining VCC(s) using bit-vector/floating-point arithmetic
Encoding to solver time: 0.163s
Solving with solver CVC5 1.1.2
Runtime decision procedure: 2.135s
BMC program time: 5.248s

VERIFICATION SUCCESSFUL
