ESBMC version 8.2.0 64-bit x86_64 linux
Target: 64-bit little-endian x86_64-unknown-linux with esbmclibc
Warning: SPDX license identifier not provided in source file. Before publishing, consider adding a comment containing "SPDX-License-Identifier: <SPDX-License>" to each source file. Use "SPDX-License-Identifier: UNLICENSED" for non-open-source code. Please see https://spdx.org for more information.
--> contract.sol

Warning: This declaration shadows an existing declaration.
  --> contract.sol:99:18:
   |
99 |     constructor (string memory name, string memory symbol, uint8 decimals) {
   |                  ^^^^^^^^^^^^^^^^^^
Note: The shadowed declaration is here:
   --> contract.sol:108:5:
    |
108 |     function name() public view virtual returns (string memory) {
    |     ^ (Relevant source part starts here and spans across multiple lines).

Warning: This declaration shadows an existing declaration.
  --> contract.sol:99:38:
   |
99 |     constructor (string memory name, string memory symbol, uint8 decimals) {
   |                                      ^^^^^^^^^^^^^^^^^^^^
Note: The shadowed declaration is here:
   --> contract.sol:116:5:
    |
116 |     function symbol() public view virtual returns (string memory) {
    |     ^ (Relevant source part starts here and spans across multiple lines).

Warning: This declaration shadows an existing declaration.
  --> contract.sol:99:60:
   |
99 |     constructor (string memory name, string memory symbol, uint8 decimals) {
   |                                                            ^^^^^^^^^^^^^^
Note: The shadowed declaration is here:
   --> contract.sol:132:5:
    |
132 |     function decimals() public view virtual returns (uint8) {
    |     ^ (Relevant source part starts here and spans across multiple lines).

Warning: Visibility for constructor is ignored. If you want the contract to be non-deployable, making it "abstract" is sufficient.
   --> contract.sol:766:5:
    |
766 |     constructor()
    |     ^ (Relevant source part starts here and spans across multiple lines).

WARNING: TOD race harness: no public state variable is touched by both 'owner' and 'isOwner'.  Harness contains no equality assertion; verification trivially succeeds.
TOD harness written to ./tod_race_owner_isOwner_harness.sol
Parsing ./tod_race_owner_isOwner_harness.sol
Compiling Solidity AST using: /usr/local/bin/solc (v0.8.30)
ERROR: solc compilation failed:
Warning: This declaration shadows an existing declaration.
   --> tod_race_owner_isOwner_harness.sol:100:18:
    |
100 |     constructor (string memory name, string memory symbol, uint8 decimals) {
    |                  ^^^^^^^^^^^^^^^^^^
Note: The shadowed declaration is here:
   --> tod_race_owner_isOwner_harness.sol:109:5:
    |
109 |     function name() public view virtual returns (string memory) {
    |     ^ (Relevant source part starts here and spans across multiple lines).

Warning: This declaration shadows an existing declaration.
   --> tod_race_owner_isOwner_harness.sol:100:38:
    |
100 |     constructor (string memory name, string memory symbol, uint8 decimals) {
    |                                      ^^^^^^^^^^^^^^^^^^^^
Note: The shadowed declaration is here:
   --> tod_race_owner_isOwner_harness.sol:117:5:
    |
117 |     function symbol() public view virtual returns (string memory) {
    |     ^ (Relevant source part starts here and spans across multiple lines).

Warning: This declaration shadows an existing declaration.
   --> tod_race_owner_isOwner_harness.sol:100:60:
    |
100 |     constructor (string memory name, string memory symbol, uint8 decimals) {
    |                                                            ^^^^^^^^^^^^^^
Note: The shadowed declaration is here:
   --> tod_race_owner_isOwner_harness.sol:133:5:
    |
133 |     function decimals() public view virtual returns (uint8) {
    |     ^ (Relevant source part starts here and spans across multiple lines).

Error: Definition of base has to precede definition of derived contract
   --> tod_race_owner_isOwner_harness.sol:543:25:
    |
543 | contract Reclaimable is Ownable {
    |                         ^^^^^^^


ERROR: PARSING ERROR
