ESBMC version 8.2.0 64-bit x86_64 linux
Target: 64-bit little-endian x86_64-unknown-linux with esbmclibc
Warning: SPDX license identifier not provided in source file. Before publishing, consider adding a comment containing "SPDX-License-Identifier: <SPDX-License>" to each source file. Use "SPDX-License-Identifier: UNLICENSED" for non-open-source code. Please see https://spdx.org for more information.
--> contract.sol

Warning: Unused function parameter. Remove or comment out the variable name to silence this warning.
   --> contract.sol:302:23:
    |
302 |     function setOwner(address owner_) public override auth {
    |                       ^^^^^^^^^^^^^^

Warning: Unused function parameter. Remove or comment out the variable name to silence this warning.
   --> contract.sol:306:27:
    |
306 |     function setAuthority(DSAuthority authority_) public override auth {
    |                           ^^^^^^^^^^^^^^^^^^^^^^

Warning: Function state mutability can be restricted to view
   --> contract.sol:302:5:
    |
302 |     function setOwner(address owner_) public override auth {
    |     ^ (Relevant source part starts here and spans across multiple lines).

Warning: Function state mutability can be restricted to view
   --> contract.sol:306:5:
    |
306 |     function setAuthority(DSAuthority authority_) public override auth {
    |     ^ (Relevant source part starts here and spans across multiple lines).

TOD harness written to ./tod_race_addToWhitelist_removeFromWhitelist_harness.sol
Parsing ./tod_race_addToWhitelist_removeFromWhitelist_harness.sol
Compiling Solidity AST using: /usr/local/bin/solc (v0.8.30)
ERROR: solc compilation failed:
Error: Data location must be "memory" or "calldata" for parameter in function, but none was given.
   --> tod_race_addToWhitelist_removeFromWhitelist_harness.sol:311:9:
    |
311 |         address[] a_contributors,
    |         ^^^^^^^^^^^^^^^^^^^^^^^^

Error: Data location must be "memory" or "calldata" for parameter in function, but none was given.
   --> tod_race_addToWhitelist_removeFromWhitelist_harness.sol:312:9:
    |
312 |         address[] b_contributors
    |         ^^^^^^^^^^^^^^^^^^^^^^^^


ERROR: PARSING ERROR
