ESBMC version 8.2.0 64-bit x86_64 linux
Target: 64-bit little-endian x86_64-unknown-linux with esbmclibc
Warning: SPDX license identifier not provided in source file. Before publishing, consider adding a comment containing "SPDX-License-Identifier: <SPDX-License>" to each source file. Use "SPDX-License-Identifier: UNLICENSED" for non-open-source code. Please see https://spdx.org for more information.
--> contract.sol

Warning: Visibility for constructor is ignored. If you want the contract to be non-deployable, making it "abstract" is sufficient.
   --> contract.sol:597:5:
    |
597 |     constructor() payable public {
    |     ^ (Relevant source part starts here and spans across multiple lines).

TOD harness written to ./tod_balance_claimReward_TOD10_setReward_TOD10_harness.sol
Parsing ./tod_balance_claimReward_TOD10_setReward_TOD10_harness.sol
Compiling Solidity AST using: /usr/local/bin/solc (v0.8.30)
Converting
Generating GOTO Program
WARNING: function should not return value
nil
WARNING: function should not return value
nil
GOTO program creation time: 3.909s
GOTO program processing time: 0.027s
Starting Bounded Model Checking
Unwinding loop 67 iteration 1   
Unwinding loop 67 iteration 2   
Not unwinding loop 67 iteration 3   
Symex completed in: 3.022s (4878 assignments)
Caching time: 0.001s (removed 0 assertions)
Slicing time: 0.007s (removed 2354 assignments)
Generated 3 VCC(s), 3 remaining after simplification (2524 assignments)
Encoding remaining VCC(s) using bit-vector/floating-point arithmetic
Encoding to solver time: 0.064s
Solving with solver CVC5 1.1.2
Runtime decision procedure: 219.211s
BMC program time: 222.306s

VERIFICATION SUCCESSFUL
