ESBMC version 8.2.0 64-bit x86_64 linux
Target: 64-bit little-endian x86_64-unknown-linux with esbmclibc
Warning: SPDX license identifier not provided in source file. Before publishing, consider adding a comment containing "SPDX-License-Identifier: <SPDX-License>" to each source file. Use "SPDX-License-Identifier: UNLICENSED" for non-open-source code. Please see https://spdx.org for more information.
--> contract.sol

Warning: Visibility for constructor is ignored. If you want the contract to be non-deployable, making it "abstract" is sufficient.
  --> contract.sol:48:5:
   |
48 |     constructor() public {
   |     ^ (Relevant source part starts here and spans across multiple lines).

Warning: Visibility for constructor is ignored. If you want the contract to be non-deployable, making it "abstract" is sufficient.
   --> contract.sol:139:4:
    |
139 |    constructor(uint256 _rate, uint256 _minPurchase,uint256 _cap) public
    |    ^ (Relevant source part starts here and spans across multiple lines).

Warning: Function state mutability can be restricted to pure
   --> contract.sol:174:5:
    |
174 |     function getName() view public returns(bytes32)
    |     ^ (Relevant source part starts here and spans across multiple lines).

Warning: Function state mutability can be restricted to pure
   --> contract.sol:179:5:
    |
179 |     function getSymbol() view public returns(bytes3)
    |     ^ (Relevant source part starts here and spans across multiple lines).

Warning: Function state mutability can be restricted to pure
   --> contract.sol:184:5:
    |
184 |     function getTokenDecimals() view public returns(uint256)
    |     ^ (Relevant source part starts here and spans across multiple lines).

WARNING: TOD race harness: no public state variable is touched by both 'allowance' and 'approve'.  Harness contains no equality assertion; verification trivially succeeds.
TOD harness written to ./tod_race_allowance_approve_harness.sol
Parsing ./tod_race_allowance_approve_harness.sol
Compiling Solidity AST using: /usr/local/bin/solc (v0.8.30)
Converting
Generating GOTO Program
GOTO program creation time: 0.550s
GOTO program processing time: 0.005s
Starting Bounded Model Checking
Unwinding loop 19 iteration 1   file /home/samson/workspace/esbmc/src/c2goto/library/string.c line 92 column 3 function strlen
Unwinding loop 19 iteration 2   file /home/samson/workspace/esbmc/src/c2goto/library/string.c line 92 column 3 function strlen
Not unwinding loop 19 iteration 3   file /home/samson/workspace/esbmc/src/c2goto/library/string.c line 92 column 3 function strlen
Symex completed in: 0.004s (149 assignments)
Caching time: 0.000s (removed 0 assertions)
Slicing time: 0.000s (removed 138 assignments)
Generated 0 VCC(s), 0 remaining after simplification (11 assignments)
BMC program time: 0.004s

VERIFICATION SUCCESSFUL
