ESBMC version 8.2.0 64-bit x86_64 linux
Target: 64-bit little-endian x86_64-unknown-linux with esbmclibc
Warning: SPDX license identifier not provided in source file. Before publishing, consider adding a comment containing "SPDX-License-Identifier: <SPDX-License>" to each source file. Use "SPDX-License-Identifier: UNLICENSED" for non-open-source code. Please see https://spdx.org for more information.
--> contract.sol

Warning: "selfdestruct" has been deprecated. Note that, starting from the Cancun hard fork, the underlying opcode no longer deletes the code and data associated with an account and only transfers its Ether to the beneficiary, unless executed in the same transaction in which the contract was created (see EIP-6780). Any use in newly deployed contracts is strongly discouraged even if the new behavior is taken into account. Future changes to the EVM might further reduce the functionality of the opcode.
   --> contract.sol:104:5:
    |
104 |     selfdestruct(payable(owner));
    |     ^^^^^^^^^^^^

WARNING: TOD race harness: no public state variable is touched by both 'changeTotalSupply' and 'transfer'.  Harness contains no equality assertion; verification trivially succeeds.
TOD harness written to ./tod_race_changeTotalSupply_transfer_harness.sol
Parsing ./tod_race_changeTotalSupply_transfer_harness.sol
Compiling Solidity AST using: /usr/local/bin/solc (v0.8.30)
ERROR: solc compilation failed:
Error: Definition of base has to precede definition of derived contract
  --> tod_race_changeTotalSupply_transfer_harness.sol:71:22:
   |
71 | contract CSTK_CLT is CSTKDropToken('CSTK_CLT', 'CryptoStock CLT Promo Token', 100000 * 10**8, 8, 0x2001f2A0Cf801EcFda622f6C28fb6E10d803D969) {
   |                      ^^^^^^^^^^^^^


ERROR: PARSING ERROR
