ESBMC version 8.2.0 64-bit x86_64 linux
Target: 64-bit little-endian x86_64-unknown-linux with esbmclibc
Warning: SPDX license identifier not provided in source file. Before publishing, consider adding a comment containing "SPDX-License-Identifier: <SPDX-License>" to each source file. Use "SPDX-License-Identifier: UNLICENSED" for non-open-source code. Please see https://spdx.org for more information.
--> contract.sol

Warning: This declaration shadows an existing declaration.
   --> contract.sol:399:18:
    |
399 |     constructor (string memory name, string memory symbol, uint8 decimals) {
    |                  ^^^^^^^^^^^^^^^^^^
Note: The shadowed declaration is here:
   --> contract.sol:426:5:
    |
426 |     function name() public view returns (string memory) {
    |     ^ (Relevant source part starts here and spans across multiple lines).

Warning: This declaration shadows an existing declaration.
   --> contract.sol:399:38:
    |
399 |     constructor (string memory name, string memory symbol, uint8 decimals) {
    |                                      ^^^^^^^^^^^^^^^^^^^^
Note: The shadowed declaration is here:
   --> contract.sol:446:5:
    |
446 |     function symbol() public view returns (string memory) {
    |     ^ (Relevant source part starts here and spans across multiple lines).

Warning: This declaration shadows an existing declaration.
   --> contract.sol:399:60:
    |
399 |     constructor (string memory name, string memory symbol, uint8 decimals) {
    |                                                            ^^^^^^^^^^^^^^
Note: The shadowed declaration is here:
   --> contract.sol:466:5:
    |
466 |     function decimals() public view returns (uint8) {
    |     ^ (Relevant source part starts here and spans across multiple lines).

TOD harness written to ./tod_balance_claimReward_TOD14_setReward_TOD14_harness.sol
Parsing ./tod_balance_claimReward_TOD14_setReward_TOD14_harness.sol
Compiling Solidity AST using: /usr/local/bin/solc (v0.8.30)
ERROR: solc compilation failed:
Warning: This declaration shadows an existing declaration.
   --> tod_balance_claimReward_TOD14_setReward_TOD14_harness.sol:103:18:
    |
103 |     constructor (string memory name, string memory symbol, uint8 decimals) {
    |                  ^^^^^^^^^^^^^^^^^^
Note: The shadowed declaration is here:
   --> tod_balance_claimReward_TOD14_setReward_TOD14_harness.sol:130:5:
    |
130 |     function name() public view returns (string memory) {
    |     ^ (Relevant source part starts here and spans across multiple lines).

Warning: This declaration shadows an existing declaration.
   --> tod_balance_claimReward_TOD14_setReward_TOD14_harness.sol:103:38:
    |
103 |     constructor (string memory name, string memory symbol, uint8 decimals) {
    |                                      ^^^^^^^^^^^^^^^^^^^^
Note: The shadowed declaration is here:
   --> tod_balance_claimReward_TOD14_setReward_TOD14_harness.sol:150:5:
    |
150 |     function symbol() public view returns (string memory) {
    |     ^ (Relevant source part starts here and spans across multiple lines).

Warning: This declaration shadows an existing declaration.
   --> tod_balance_claimReward_TOD14_setReward_TOD14_harness.sol:103:60:
    |
103 |     constructor (string memory name, string memory symbol, uint8 decimals) {
    |                                                            ^^^^^^^^^^^^^^
Note: The shadowed declaration is here:
   --> tod_balance_claimReward_TOD14_setReward_TOD14_harness.sol:170:5:
    |
170 |     function decimals() public view returns (uint8) {
    |     ^ (Relevant source part starts here and spans across multiple lines).

Error: Identifier not found or not unique.
   --> tod_balance_claimReward_TOD14_setReward_TOD14_harness.sol:188:21:
    |
188 | contract SaveWon is ERC20, ERC20Detailed {
    |                     ^^^^^


ERROR: PARSING ERROR
