ESBMC version 8.2.0 64-bit x86_64 linux
Target: 64-bit little-endian x86_64-unknown-linux with esbmclibc
Warning: SPDX license identifier not provided in source file. Before publishing, consider adding a comment containing "SPDX-License-Identifier: <SPDX-License>" to each source file. Use "SPDX-License-Identifier: UNLICENSED" for non-open-source code. Please see https://spdx.org for more information.
--> contract.sol

Warning: "selfdestruct" has been deprecated. Note that, starting from the Cancun hard fork, the underlying opcode no longer deletes the code and data associated with an account and only transfers its Ether to the beneficiary, unless executed in the same transaction in which the contract was created (see EIP-6780). Any use in newly deployed contracts is strongly discouraged even if the new behavior is taken into account. Future changes to the EVM might further reduce the functionality of the opcode.
   --> contract.sol:516:9:
    |
516 |         selfdestruct(owner);
    |         ^^^^^^^^^^^^

TOD harness written to ./tod_balance_claimReward_TOD12_setReward_TOD12_harness.sol
Parsing ./tod_balance_claimReward_TOD12_setReward_TOD12_harness.sol
Compiling Solidity AST using: /usr/local/bin/solc (v0.8.30)
Converting
Generating GOTO Program
GOTO program creation time: 1.980s
GOTO program processing time: 0.019s
Starting Bounded Model Checking
Unwinding loop 65 iteration 1   
Unwinding loop 65 iteration 2   
Not unwinding loop 65 iteration 3   
Symex completed in: 1.016s (3137 assignments)
Caching time: 0.000s (removed 0 assertions)
Slicing time: 0.004s (removed 1425 assignments)
Generated 3 VCC(s), 3 remaining after simplification (1712 assignments)
Encoding remaining VCC(s) using bit-vector/floating-point arithmetic
Encoding to solver time: 0.038s
Solving with solver CVC5 1.1.2
Runtime decision procedure: 62.412s
Building error trace

[Counterexample]


State 1 file /home/samson/workspace/esbmc/src/c2goto/library/solidity/solidity_address.c line 10 column 1 thread 0
----------------------------------------------------
  sol_addr_array = { 0 }

State 4 file tod_balance_claimReward_TOD12_setReward_TOD12_harness.sol line 1 thread 0
----------------------------------------------------
  _ESBMC_Object_StockBet_C1 = { .winner_TOD39=0, .claimed_TOD36=0, .anon_pad$2=0, .owner_TOD36=0,
    .anon_pad$4=0, .reward_TOD36=0, .anon_pad$6=0,
    .winner_TOD35=0, .claimed_TOD40=0, .anon_pad$9=0,
    .owner_TOD40=0, .reward_TOD40=0, .anon_pad$12=0,
    .winner_TOD33=0, .winner_TOD27=0, .winner_TOD31=0,
    .winner_TOD13=0, .anon_pad$17=0, .={ .players = { .base = 0 } },
    .claimed_TOD12=0, .anon_pad$20=0,
    .owner_TOD12=0, .anon_pad$22=0, .reward_TOD12=0,
    .anon_pad$24=0, .owner=0, .winner_TOD11=0,
    .oracle=0, .winner_TOD1=0, .state=0,
    .claimed_TOD2=0, .anon_pad$31=0, .owner_TOD2=0,
    .anon_pad$33=0, .reward_TOD2=0, .guesses={ .base=&_ESBMC_inf_guesses[0], .addr=1 },
    .anon_pad$36=0,
    .winner_TOD17=0, .bet=1, .splitJackpot=0,
    .anon_pad$40=0, .winner_TOD37=0, .anon_pad$42=0,
    .result=0, .winner_TOD3=0, .anon_pad$45=0,
    .initialPrice=0, .anon_pad$47=0, .winner_TOD9=0,
    .anon_pad$49=0, .finalPrice=0, .winner_TOD25=0,
    .anon_pad$52=0, .UP=1, .anon_pad$54=0,
    .winner_TOD19=0, .anon_pad$56=0, .DOWN=0,
    .claimed_TOD26=0, .anon_pad$59=0, .owner_TOD26=0,
    .anon_pad$61=0, .reward_TOD26=0, .claimed_TOD20=0,
    .anon_pad$64=0, .owner_TOD20=0, .anon_pad$66=0,
    .reward_TOD20=0, .claimed_TOD32=0, .anon_pad$69=0,
    .owner_TOD32=0, .anon_pad$71=0, .reward_TOD32=0,
    .claimed_TOD38=0, .anon_pad$74=0, .owner_TOD38=0,
    .anon_pad$76=0, .reward_TOD38=0, .claimed_TOD4=0,
    .anon_pad$79=0, .owner_TOD4=0, .anon_pad$81=0,
    .reward_TOD4=0, .anon_pad$83=0, .winner_TOD7=0,
    .winner_TOD23=0, .claimed_TOD14=0, .anon_pad$87=0,
    .owner_TOD14=0, .anon_pad$89=0, .reward_TOD14=0,
    .claimed_TOD30=0, .anon_pad$92=0, .owner_TOD30=0,
    .anon_pad$94=0, .reward_TOD30=0, .claimed_TOD8=0,
    .anon_pad$97=0, .owner_TOD8=0, .anon_pad$99=0,
    .reward_TOD8=0, .anon_pad$101=0, .$address=1,
    .anon_pad$103=0, .$codehash=0, .$balance=1,
    .$code=0, .$dynamic_pool={ .pool=&$StockBet_C1_pool#[0], .pool_cursor=0 }, ._ESBMC_bind_cname=&"StockBet_C1"[0],
    .anon_pad$109=0 }

State 8 file tod_balance_claimReward_TOD12_setReward_TOD12_harness.sol line 1 thread 0
----------------------------------------------------
  _ESBMC_Object_StockBet_C2 = { .winner_TOD39=0, .claimed_TOD36=0, .anon_pad$2=0, .owner_TOD36=0,
    .anon_pad$4=0, .reward_TOD36=0, .anon_pad$6=0,
    .winner_TOD35=0, .claimed_TOD40=0, .anon_pad$9=0,
    .owner_TOD40=0, .reward_TOD40=0, .anon_pad$12=0,
    .winner_TOD33=0, .winner_TOD27=0, .winner_TOD31=0,
    .winner_TOD13=0, .anon_pad$17=0, .={ .players = { .base = 0 } },
    .claimed_TOD12=0, .anon_pad$20=0,
    .owner_TOD12=0, .anon_pad$22=0, .reward_TOD12=0,
    .anon_pad$24=0, .owner=0, .winner_TOD11=0,
    .oracle=0, .winner_TOD1=0, .state=0,
    .claimed_TOD2=0, .anon_pad$31=0, .owner_TOD2=0,
    .anon_pad$33=0, .reward_TOD2=0, .guesses={ .base=&_ESBMC_inf_guesses[0], .addr=6 },
    .anon_pad$36=0,
    .winner_TOD17=0, .bet=1, .splitJackpot=0,
    .anon_pad$40=0, .winner_TOD37=0, .anon_pad$42=0,
    .result=0, .winner_TOD3=0, .anon_pad$45=0,
    .initialPrice=0, .anon_pad$47=0, .winner_TOD9=0,
    .anon_pad$49=0, .finalPrice=0, .winner_TOD25=0,
    .anon_pad$52=0, .UP=1, .anon_pad$54=0,
    .winner_TOD19=0, .anon_pad$56=0, .DOWN=0,
    .claimed_TOD26=0, .anon_pad$59=0, .owner_TOD26=0,
    .anon_pad$61=0, .reward_TOD26=0, .claimed_TOD20=0,
    .anon_pad$64=0, .owner_TOD20=0, .anon_pad$66=0,
    .reward_TOD20=0, .claimed_TOD32=0, .anon_pad$69=0,
    .owner_TOD32=0, .anon_pad$71=0, .reward_TOD32=0,
    .claimed_TOD38=0, .anon_pad$74=0, .owner_TOD38=0,
    .anon_pad$76=0, .reward_TOD38=0, .claimed_TOD4=0,
    .anon_pad$79=0, .owner_TOD4=0, .anon_pad$81=0,
    .reward_TOD4=0, .anon_pad$83=0, .winner_TOD7=0,
    .winner_TOD23=0, .claimed_TOD14=0, .anon_pad$87=0,
    .owner_TOD14=0, .anon_pad$89=0, .reward_TOD14=0,
    .claimed_TOD30=0, .anon_pad$92=0, .owner_TOD30=0,
    .anon_pad$94=0, .reward_TOD30=0, .claimed_TOD8=0,
    .anon_pad$97=0, .owner_TOD8=0, .anon_pad$99=0,
    .reward_TOD8=0, .anon_pad$101=0, .$address=6,
    .anon_pad$103=0, .$codehash=0, .$balance=4294967294,
    .$code=0, .$dynamic_pool={ .pool=&$StockBet_C2_pool#[0], .pool_cursor=0 }, ._ESBMC_bind_cname=&"StockBet_C2"[0],
    .anon_pad$109=0 }

State 12 file tod_balance_claimReward_TOD12_setReward_TOD12_harness.sol line 1 thread 0
----------------------------------------------------
  _ESBMC_Object_TOD_claimReward_TOD12_setReward_TOD12 = { .$address=7, .anon_pad$1=0, .$codehash=0, .$balance=0,
    .$code=0, ._ESBMC_bind_cname=&"TOD_claimReward_TOD12_setReward_TOD12"[0], .anon_pad$6=0 }

State 18  thread 0
----------------------------------------------------
  *new_ptr$1 = { .winner_TOD39=0, .claimed_TOD36=0, .anon_pad$2=0, .owner_TOD36=0,
    .anon_pad$4=0, .reward_TOD36=0, .anon_pad$6=0,
    .winner_TOD35=0, .claimed_TOD40=0, .anon_pad$9=0,
    .owner_TOD40=0, .reward_TOD40=0, .anon_pad$12=0,
    .winner_TOD33=0, .winner_TOD27=0, .winner_TOD31=0,
    .winner_TOD13=0, .anon_pad$17=0, .={ .players=nil, .anon_pad$1=nil, .guesses_number=nil },
    .claimed_TOD12=0,
    .anon_pad$20=0, .owner_TOD12=0, .anon_pad$22=0,
    .reward_TOD12=0, .anon_pad$24=0, .owner=0,
    .winner_TOD11=0, .oracle=0, .winner_TOD1=0,
    .state=0, .claimed_TOD2=0, .anon_pad$31=0,
    .owner_TOD2=0, .anon_pad$33=0, .reward_TOD2=0,
    .guesses={ .base=&_ESBMC_inf_guesses[0], .addr=5 }, .anon_pad$36=0,
    .winner_TOD17=0, .bet=1, .splitJackpot=0,
    .anon_pad$40=0, .winner_TOD37=0, .anon_pad$42=0,
    .result=0, .winner_TOD3=0, .anon_pad$45=0,
    .initialPrice=0, .anon_pad$47=0, .winner_TOD9=0,
    .anon_pad$49=0, .finalPrice=0, .winner_TOD25=0,
    .anon_pad$52=0, .UP=1, .anon_pad$54=0,
    .winner_TOD19=0, .anon_pad$56=0, .DOWN=0,
    .claimed_TOD26=0, .anon_pad$59=0, .owner_TOD26=0,
    .anon_pad$61=0, .reward_TOD26=0, .claimed_TOD20=0,
    .anon_pad$64=0, .owner_TOD20=0, .anon_pad$66=0,
    .reward_TOD20=0, .claimed_TOD32=0, .anon_pad$69=0,
    .owner_TOD32=0, .anon_pad$71=0, .reward_TOD32=0,
    .claimed_TOD38=0, .anon_pad$74=0, .owner_TOD38=0,
    .anon_pad$76=0, .reward_TOD38=0, .claimed_TOD4=0,
    .anon_pad$79=0, .owner_TOD4=0, .anon_pad$81=0,
    .reward_TOD4=0, .anon_pad$83=0, .winner_TOD7=0,
    .winner_TOD23=0, .claimed_TOD14=0, .anon_pad$87=0,
    .owner_TOD14=0, .anon_pad$89=0, .reward_TOD14=0,
    .claimed_TOD30=0, .anon_pad$92=0, .owner_TOD30=0,
    .anon_pad$94=0, .reward_TOD30=0, .claimed_TOD8=0,
    .anon_pad$97=0, .owner_TOD8=0, .anon_pad$99=0,
    .reward_TOD8=0, .anon_pad$101=0, .$address=5,
    .anon_pad$103=0, .$codehash=0, .$balance=0,
    .$code=0, .$dynamic_pool={ .pool=&$StockBet_C1_pool#[0], .pool_cursor=0 }, ._ESBMC_bind_cname=&"StockBet_C2"[0],
    .anon_pad$109=0 }

State 19  thread 0
----------------------------------------------------
  c1->_ESBMC_bind_cname = { .winner_TOD39=0, .claimed_TOD36=0, .anon_pad$2=0, .owner_TOD36=0,
    .anon_pad$4=0, .reward_TOD36=0, .anon_pad$6=0,
    .winner_TOD35=0, .claimed_TOD40=0, .anon_pad$9=0,
    .owner_TOD40=0, .reward_TOD40=0, .anon_pad$12=0,
    .winner_TOD33=0, .winner_TOD27=0, .winner_TOD31=0,
    .winner_TOD13=0, .anon_pad$17=0, .={ .players=nil, .anon_pad$1=nil, .guesses_number=nil },
    .claimed_TOD12=0,
    .anon_pad$20=0, .owner_TOD12=0, .anon_pad$22=0,
    .reward_TOD12=0, .anon_pad$24=0, .owner=0,
    .winner_TOD11=0, .oracle=0, .winner_TOD1=0,
    .state=0, .claimed_TOD2=0, .anon_pad$31=0,
    .owner_TOD2=0, .anon_pad$33=0, .reward_TOD2=0,
    .guesses={ .base=&_ESBMC_inf_guesses[0], .addr=5 }, .anon_pad$36=0,
    .winner_TOD17=0, .bet=1, .splitJackpot=0,
    .anon_pad$40=0, .winner_TOD37=0, .anon_pad$42=0,
    .result=0, .winner_TOD3=0, .anon_pad$45=0,
    .initialPrice=0, .anon_pad$47=0, .winner_TOD9=0,
    .anon_pad$49=0, .finalPrice=0, .winner_TOD25=0,
    .anon_pad$52=0, .UP=1, .anon_pad$54=0,
    .winner_TOD19=0, .anon_pad$56=0, .DOWN=0,
    .claimed_TOD26=0, .anon_pad$59=0, .owner_TOD26=0,
    .anon_pad$61=0, .reward_TOD26=0, .claimed_TOD20=0,
    .anon_pad$64=0, .owner_TOD20=0, .anon_pad$66=0,
    .reward_TOD20=0, .claimed_TOD32=0, .anon_pad$69=0,
    .owner_TOD32=0, .anon_pad$71=0, .reward_TOD32=0,
    .claimed_TOD38=0, .anon_pad$74=0, .owner_TOD38=0,
    .anon_pad$76=0, .reward_TOD38=0, .claimed_TOD4=0,
    .anon_pad$79=0, .owner_TOD4=0, .anon_pad$81=0,
    .reward_TOD4=0, .anon_pad$83=0, .winner_TOD7=0,
    .winner_TOD23=0, .claimed_TOD14=0, .anon_pad$87=0,
    .owner_TOD14=0, .anon_pad$89=0, .reward_TOD14=0,
    .claimed_TOD30=0, .anon_pad$92=0, .owner_TOD30=0,
    .anon_pad$94=0, .reward_TOD30=0, .claimed_TOD8=0,
    .anon_pad$97=0, .owner_TOD8=0, .anon_pad$99=0,
    .reward_TOD8=0, .anon_pad$101=0, .$address=5,
    .anon_pad$103=0, .$codehash=0, .$balance=0,
    .$code=0, .$dynamic_pool={ .pool=&$StockBet_C1_pool#[0], .pool_cursor=0 }, ._ESBMC_bind_cname=&"StockBet_C1"[0],
    .anon_pad$109=0 }

State 26  thread 0
----------------------------------------------------
  *new_ptr$3 = { .winner_TOD39=0, .claimed_TOD36=0, .anon_pad$2=0, .owner_TOD36=0,
    .anon_pad$4=0, .reward_TOD36=0, .anon_pad$6=0,
    .winner_TOD35=0, .claimed_TOD40=0, .anon_pad$9=0,
    .owner_TOD40=0, .reward_TOD40=0, .anon_pad$12=0,
    .winner_TOD33=0, .winner_TOD27=0, .winner_TOD31=0,
    .winner_TOD13=0, .anon_pad$17=0, .={ .players=nil, .anon_pad$1=nil, .guesses_number=nil },
    .claimed_TOD12=0,
    .anon_pad$20=0, .owner_TOD12=0, .anon_pad$22=0,
    .reward_TOD12=0, .anon_pad$24=0, .owner=0,
    .winner_TOD11=0, .oracle=0, .winner_TOD1=0,
    .state=0, .claimed_TOD2=0, .anon_pad$31=0,
    .owner_TOD2=0, .anon_pad$33=0, .reward_TOD2=0,
    .guesses={ .base=&_ESBMC_inf_guesses[0], .addr=4 }, .anon_pad$36=0,
    .winner_TOD17=0, .bet=1, .splitJackpot=0,
    .anon_pad$40=0, .winner_TOD37=0, .anon_pad$42=0,
    .result=0, .winner_TOD3=0, .anon_pad$45=0,
    .initialPrice=0, .anon_pad$47=0, .winner_TOD9=0,
    .anon_pad$49=0, .finalPrice=0, .winner_TOD25=0,
    .anon_pad$52=0, .UP=1, .anon_pad$54=0,
    .winner_TOD19=0, .anon_pad$56=0, .DOWN=0,
    .claimed_TOD26=0, .anon_pad$59=0, .owner_TOD26=0,
    .anon_pad$61=0, .reward_TOD26=0, .claimed_TOD20=0,
    .anon_pad$64=0, .owner_TOD20=0, .anon_pad$66=0,
    .reward_TOD20=0, .claimed_TOD32=0, .anon_pad$69=0,
    .owner_TOD32=0, .anon_pad$71=0, .reward_TOD32=0,
    .claimed_TOD38=0, .anon_pad$74=0, .owner_TOD38=0,
    .anon_pad$76=0, .reward_TOD38=0, .claimed_TOD4=0,
    .anon_pad$79=0, .owner_TOD4=0, .anon_pad$81=0,
    .reward_TOD4=0, .anon_pad$83=0, .winner_TOD7=0,
    .winner_TOD23=0, .claimed_TOD14=0, .anon_pad$87=0,
    .owner_TOD14=0, .anon_pad$89=0, .reward_TOD14=0,
    .claimed_TOD30=0, .anon_pad$92=0, .owner_TOD30=0,
    .anon_pad$94=0, .reward_TOD30=0, .claimed_TOD8=0,
    .anon_pad$97=0, .owner_TOD8=0, .anon_pad$99=0,
    .reward_TOD8=0, .anon_pad$101=0, .$address=4,
    .anon_pad$103=0, .$codehash=0, .$balance=0,
    .$code=0, .$dynamic_pool={ .pool=&$StockBet_C2_pool#[0], .pool_cursor=0 }, ._ESBMC_bind_cname=&"StockBet_C2"[0],
    .anon_pad$109=0 }

State 27  thread 0
----------------------------------------------------
  c2->_ESBMC_bind_cname = { .winner_TOD39=0, .claimed_TOD36=0, .anon_pad$2=0, .owner_TOD36=0,
    .anon_pad$4=0, .reward_TOD36=0, .anon_pad$6=0,
    .winner_TOD35=0, .claimed_TOD40=0, .anon_pad$9=0,
    .owner_TOD40=0, .reward_TOD40=0, .anon_pad$12=0,
    .winner_TOD33=0, .winner_TOD27=0, .winner_TOD31=0,
    .winner_TOD13=0, .anon_pad$17=0, .={ .players=nil, .anon_pad$1=nil, .guesses_number=nil },
    .claimed_TOD12=0,
    .anon_pad$20=0, .owner_TOD12=0, .anon_pad$22=0,
    .reward_TOD12=0, .anon_pad$24=0, .owner=0,
    .winner_TOD11=0, .oracle=0, .winner_TOD1=0,
    .state=0, .claimed_TOD2=0, .anon_pad$31=0,
    .owner_TOD2=0, .anon_pad$33=0, .reward_TOD2=0,
    .guesses={ .base=&_ESBMC_inf_guesses[0], .addr=4 }, .anon_pad$36=0,
    .winner_TOD17=0, .bet=1, .splitJackpot=0,
    .anon_pad$40=0, .winner_TOD37=0, .anon_pad$42=0,
    .result=0, .winner_TOD3=0, .anon_pad$45=0,
    .initialPrice=0, .anon_pad$47=0, .winner_TOD9=0,
    .anon_pad$49=0, .finalPrice=0, .winner_TOD25=0,
    .anon_pad$52=0, .UP=1, .anon_pad$54=0,
    .winner_TOD19=0, .anon_pad$56=0, .DOWN=0,
    .claimed_TOD26=0, .anon_pad$59=0, .owner_TOD26=0,
    .anon_pad$61=0, .reward_TOD26=0, .claimed_TOD20=0,
    .anon_pad$64=0, .owner_TOD20=0, .anon_pad$66=0,
    .reward_TOD20=0, .claimed_TOD32=0, .anon_pad$69=0,
    .owner_TOD32=0, .anon_pad$71=0, .reward_TOD32=0,
    .claimed_TOD38=0, .anon_pad$74=0, .owner_TOD38=0,
    .anon_pad$76=0, .reward_TOD38=0, .claimed_TOD4=0,
    .anon_pad$79=0, .owner_TOD4=0, .anon_pad$81=0,
    .reward_TOD4=0, .anon_pad$83=0, .winner_TOD7=0,
    .winner_TOD23=0, .claimed_TOD14=0, .anon_pad$87=0,
    .owner_TOD14=0, .anon_pad$89=0, .reward_TOD14=0,
    .claimed_TOD30=0, .anon_pad$92=0, .owner_TOD30=0,
    .anon_pad$94=0, .reward_TOD30=0, .claimed_TOD8=0,
    .anon_pad$97=0, .owner_TOD8=0, .anon_pad$99=0,
    .reward_TOD8=0, .anon_pad$101=0, .$address=4,
    .anon_pad$103=0, .$codehash=0, .$balance=0,
    .$code=0, .$dynamic_pool={ .pool=&$StockBet_C2_pool#[0], .pool_cursor=0 }, ._ESBMC_bind_cname=&"StockBet_C2"[0],
    .anon_pad$109=0 }

State 32 file tod_balance_claimReward_TOD12_setReward_TOD12_harness.sol line 1214 function test thread 0
----------------------------------------------------
Violated property:
  file tod_balance_claimReward_TOD12_setReward_TOD12_harness.sol line 1214 function test
  assertion return_value$_StockBet_C1___tod_bal$9 == return_value$_StockBet_C2___tod_bal$10
  return_value$_StockBet_C1___tod_bal$9 == return_value$_StockBet_C2___tod_bal$10


VERIFICATION FAILED
