ESBMC version 8.2.0 64-bit x86_64 linux
Target: 64-bit little-endian x86_64-unknown-linux with esbmclibc
Warning: SPDX license identifier not provided in source file. Before publishing, consider adding a comment containing "SPDX-License-Identifier: <SPDX-License>" to each source file. Use "SPDX-License-Identifier: UNLICENSED" for non-open-source code. Please see https://spdx.org for more information.
--> contract.sol

Warning: Visibility for constructor is ignored. If you want the contract to be non-deployable, making it "abstract" is sufficient.
   --> contract.sol:181:3:
    |
181 |   constructor() public payable {
    |   ^ (Relevant source part starts here and spans across multiple lines).

TOD harness written to ./tod_race_ownerClaim_poolIssue_harness.sol
Parsing ./tod_race_ownerClaim_poolIssue_harness.sol
Compiling Solidity AST using: /usr/local/bin/solc (v0.8.30)
Converting
Generating GOTO Program
GOTO program creation time: 1.639s
GOTO program processing time: 0.014s
Starting Bounded Model Checking
Unwinding loop 37 iteration 1   file /home/samson/workspace/esbmc/src/c2goto/library/solidity/solidity_string.c line 206 column 5 function _str_assign
Unwinding loop 37 iteration 2   file /home/samson/workspace/esbmc/src/c2goto/library/solidity/solidity_string.c line 206 column 5 function _str_assign
Not unwinding loop 37 iteration 3   file /home/samson/workspace/esbmc/src/c2goto/library/solidity/solidity_string.c line 206 column 5 function _str_assign
Unwinding loop 37 iteration 1   file /home/samson/workspace/esbmc/src/c2goto/library/solidity/solidity_string.c line 206 column 5 function _str_assign
Unwinding loop 37 iteration 2   file /home/samson/workspace/esbmc/src/c2goto/library/solidity/solidity_string.c line 206 column 5 function _str_assign
Not unwinding loop 37 iteration 3   file /home/samson/workspace/esbmc/src/c2goto/library/solidity/solidity_string.c line 206 column 5 function _str_assign
Unwinding loop 47 iteration 1   file /home/samson/workspace/esbmc/src/c2goto/library/solidity/solidity_mapping.c line 27 column 3 function map_get_raw
Unwinding loop 47 iteration 2   file /home/samson/workspace/esbmc/src/c2goto/library/solidity/solidity_mapping.c line 27 column 3 function map_get_raw
Not unwinding loop 47 iteration 3   file /home/samson/workspace/esbmc/src/c2goto/library/solidity/solidity_mapping.c line 27 column 3 function map_get_raw
Unwinding loop 47 iteration 1   file /home/samson/workspace/esbmc/src/c2goto/library/solidity/solidity_mapping.c line 27 column 3 function map_get_raw
Unwinding loop 47 iteration 2   file /home/samson/workspace/esbmc/src/c2goto/library/solidity/solidity_mapping.c line 27 column 3 function map_get_raw
Not unwinding loop 47 iteration 3   file /home/samson/workspace/esbmc/src/c2goto/library/solidity/solidity_mapping.c line 27 column 3 function map_get_raw
Unwinding loop 55 iteration 1   file /home/samson/workspace/esbmc/src/c2goto/library/solidity/solidity_builtins.c line 23 column 3 function sol_pow_uint
Unwinding loop 55 iteration 2   file /home/samson/workspace/esbmc/src/c2goto/library/solidity/solidity_builtins.c line 23 column 3 function sol_pow_uint
Not unwinding loop 55 iteration 3   file /home/samson/workspace/esbmc/src/c2goto/library/solidity/solidity_builtins.c line 23 column 3 function sol_pow_uint
Unwinding loop 55 iteration 1   file /home/samson/workspace/esbmc/src/c2goto/library/solidity/solidity_builtins.c line 23 column 3 function sol_pow_uint
Unwinding loop 55 iteration 2   file /home/samson/workspace/esbmc/src/c2goto/library/solidity/solidity_builtins.c line 23 column 3 function sol_pow_uint
Not unwinding loop 55 iteration 3   file /home/samson/workspace/esbmc/src/c2goto/library/solidity/solidity_builtins.c line 23 column 3 function sol_pow_uint
Unwinding loop 55 iteration 1   file /home/samson/workspace/esbmc/src/c2goto/library/solidity/solidity_builtins.c line 23 column 3 function sol_pow_uint
Unwinding loop 55 iteration 2   file /home/samson/workspace/esbmc/src/c2goto/library/solidity/solidity_builtins.c line 23 column 3 function sol_pow_uint
Not unwinding loop 55 iteration 3   file /home/samson/workspace/esbmc/src/c2goto/library/solidity/solidity_builtins.c line 23 column 3 function sol_pow_uint
Unwinding loop 37 iteration 1   file /home/samson/workspace/esbmc/src/c2goto/library/solidity/solidity_string.c line 206 column 5 function _str_assign
Unwinding loop 37 iteration 2   file /home/samson/workspace/esbmc/src/c2goto/library/solidity/solidity_string.c line 206 column 5 function _str_assign
Not unwinding loop 37 iteration 3   file /home/samson/workspace/esbmc/src/c2goto/library/solidity/solidity_string.c line 206 column 5 function _str_assign
Unwinding loop 37 iteration 1   file /home/samson/workspace/esbmc/src/c2goto/library/solidity/solidity_string.c line 206 column 5 function _str_assign
Unwinding loop 37 iteration 2   file /home/samson/workspace/esbmc/src/c2goto/library/solidity/solidity_string.c line 206 column 5 function _str_assign
Not unwinding loop 37 iteration 3   file /home/samson/workspace/esbmc/src/c2goto/library/solidity/solidity_string.c line 206 column 5 function _str_assign
Unwinding loop 47 iteration 1   file /home/samson/workspace/esbmc/src/c2goto/library/solidity/solidity_mapping.c line 27 column 3 function map_get_raw
Unwinding loop 47 iteration 2   file /home/samson/workspace/esbmc/src/c2goto/library/solidity/solidity_mapping.c line 27 column 3 function map_get_raw
Not unwinding loop 47 iteration 3   file /home/samson/workspace/esbmc/src/c2goto/library/solidity/solidity_mapping.c line 27 column 3 function map_get_raw
Unwinding loop 47 iteration 1   file /home/samson/workspace/esbmc/src/c2goto/library/solidity/solidity_mapping.c line 27 column 3 function map_get_raw
Unwinding loop 47 iteration 2   file /home/samson/workspace/esbmc/src/c2goto/library/solidity/solidity_mapping.c line 27 column 3 function map_get_raw
Not unwinding loop 47 iteration 3   file /home/samson/workspace/esbmc/src/c2goto/library/solidity/solidity_mapping.c line 27 column 3 function map_get_raw
Unwinding loop 55 iteration 1   file /home/samson/workspace/esbmc/src/c2goto/library/solidity/solidity_builtins.c line 23 column 3 function sol_pow_uint
Unwinding loop 55 iteration 2   file /home/samson/workspace/esbmc/src/c2goto/library/solidity/solidity_builtins.c line 23 column 3 function sol_pow_uint
Not unwinding loop 55 iteration 3   file /home/samson/workspace/esbmc/src/c2goto/library/solidity/solidity_builtins.c line 23 column 3 function sol_pow_uint
Unwinding loop 55 iteration 1   file /home/samson/workspace/esbmc/src/c2goto/library/solidity/solidity_builtins.c line 23 column 3 function sol_pow_uint
Unwinding loop 55 iteration 2   file /home/samson/workspace/esbmc/src/c2goto/library/solidity/solidity_builtins.c line 23 column 3 function sol_pow_uint
Not unwinding loop 55 iteration 3   file /home/samson/workspace/esbmc/src/c2goto/library/solidity/solidity_builtins.c line 23 column 3 function sol_pow_uint
Unwinding loop 55 iteration 1   file /home/samson/workspace/esbmc/src/c2goto/library/solidity/solidity_builtins.c line 23 column 3 function sol_pow_uint
Unwinding loop 55 iteration 2   file /home/samson/workspace/esbmc/src/c2goto/library/solidity/solidity_builtins.c line 23 column 3 function sol_pow_uint
Not unwinding loop 55 iteration 3   file /home/samson/workspace/esbmc/src/c2goto/library/solidity/solidity_builtins.c line 23 column 3 function sol_pow_uint
Unwinding loop 37 iteration 1   file /home/samson/workspace/esbmc/src/c2goto/library/solidity/solidity_string.c line 206 column 5 function _str_assign
Unwinding loop 37 iteration 2   file /home/samson/workspace/esbmc/src/c2goto/library/solidity/solidity_string.c line 206 column 5 function _str_assign
Not unwinding loop 37 iteration 3   file /home/samson/workspace/esbmc/src/c2goto/library/solidity/solidity_string.c line 206 column 5 function _str_assign
Unwinding loop 37 iteration 1   file /home/samson/workspace/esbmc/src/c2goto/library/solidity/solidity_string.c line 206 column 5 function _str_assign
Unwinding loop 37 iteration 2   file /home/samson/workspace/esbmc/src/c2goto/library/solidity/solidity_string.c line 206 column 5 function _str_assign
Not unwinding loop 37 iteration 3   file /home/samson/workspace/esbmc/src/c2goto/library/solidity/solidity_string.c line 206 column 5 function _str_assign
Unwinding loop 47 iteration 1   file /home/samson/workspace/esbmc/src/c2goto/library/solidity/solidity_mapping.c line 27 column 3 function map_get_raw
Unwinding loop 47 iteration 2   file /home/samson/workspace/esbmc/src/c2goto/library/solidity/solidity_mapping.c line 27 column 3 function map_get_raw
Not unwinding loop 47 iteration 3   file /home/samson/workspace/esbmc/src/c2goto/library/solidity/solidity_mapping.c line 27 column 3 function map_get_raw
Unwinding loop 47 iteration 1   file /home/samson/workspace/esbmc/src/c2goto/library/solidity/solidity_mapping.c line 27 column 3 function map_get_raw
Unwinding loop 47 iteration 2   file /home/samson/workspace/esbmc/src/c2goto/library/solidity/solidity_mapping.c line 27 column 3 function map_get_raw
Not unwinding loop 47 iteration 3   file /home/samson/workspace/esbmc/src/c2goto/library/solidity/solidity_mapping.c line 27 column 3 function map_get_raw
Unwinding loop 55 iteration 1   file /home/samson/workspace/esbmc/src/c2goto/library/solidity/solidity_builtins.c line 23 column 3 function sol_pow_uint
Unwinding loop 55 iteration 2   file /home/samson/workspace/esbmc/src/c2goto/library/solidity/solidity_builtins.c line 23 column 3 function sol_pow_uint
Not unwinding loop 55 iteration 3   file /home/samson/workspace/esbmc/src/c2goto/library/solidity/solidity_builtins.c line 23 column 3 function sol_pow_uint
Unwinding loop 55 iteration 1   file /home/samson/workspace/esbmc/src/c2goto/library/solidity/solidity_builtins.c line 23 column 3 function sol_pow_uint
Unwinding loop 55 iteration 2   file /home/samson/workspace/esbmc/src/c2goto/library/solidity/solidity_builtins.c line 23 column 3 function sol_pow_uint
Not unwinding loop 55 iteration 3   file /home/samson/workspace/esbmc/src/c2goto/library/solidity/solidity_builtins.c line 23 column 3 function sol_pow_uint
Unwinding loop 55 iteration 1   file /home/samson/workspace/esbmc/src/c2goto/library/solidity/solidity_builtins.c line 23 column 3 function sol_pow_uint
Unwinding loop 55 iteration 2   file /home/samson/workspace/esbmc/src/c2goto/library/solidity/solidity_builtins.c line 23 column 3 function sol_pow_uint
Not unwinding loop 55 iteration 3   file /home/samson/workspace/esbmc/src/c2goto/library/solidity/solidity_builtins.c line 23 column 3 function sol_pow_uint
Unwinding loop 47 iteration 1   file /home/samson/workspace/esbmc/src/c2goto/library/solidity/solidity_mapping.c line 27 column 3 function map_get_raw
Unwinding loop 47 iteration 2   file /home/samson/workspace/esbmc/src/c2goto/library/solidity/solidity_mapping.c line 27 column 3 function map_get_raw
Not unwinding loop 47 iteration 3   file /home/samson/workspace/esbmc/src/c2goto/library/solidity/solidity_mapping.c line 27 column 3 function map_get_raw
Unwinding loop 47 iteration 1   file /home/samson/workspace/esbmc/src/c2goto/library/solidity/solidity_mapping.c line 27 column 3 function map_get_raw
Unwinding loop 47 iteration 2   file /home/samson/workspace/esbmc/src/c2goto/library/solidity/solidity_mapping.c line 27 column 3 function map_get_raw
Not unwinding loop 47 iteration 3   file /home/samson/workspace/esbmc/src/c2goto/library/solidity/solidity_mapping.c line 27 column 3 function map_get_raw
Unwinding loop 47 iteration 1   file /home/samson/workspace/esbmc/src/c2goto/library/solidity/solidity_mapping.c line 27 column 3 function map_get_raw
Unwinding loop 47 iteration 2   file /home/samson/workspace/esbmc/src/c2goto/library/solidity/solidity_mapping.c line 27 column 3 function map_get_raw
Not unwinding loop 47 iteration 3   file /home/samson/workspace/esbmc/src/c2goto/library/solidity/solidity_mapping.c line 27 column 3 function map_get_raw
Unwinding loop 47 iteration 1   file /home/samson/workspace/esbmc/src/c2goto/library/solidity/solidity_mapping.c line 27 column 3 function map_get_raw
Unwinding loop 47 iteration 2   file /home/samson/workspace/esbmc/src/c2goto/library/solidity/solidity_mapping.c line 27 column 3 function map_get_raw
Not unwinding loop 47 iteration 3   file /home/samson/workspace/esbmc/src/c2goto/library/solidity/solidity_mapping.c line 27 column 3 function map_get_raw
Unwinding loop 47 iteration 1   file /home/samson/workspace/esbmc/src/c2goto/library/solidity/solidity_mapping.c line 27 column 3 function map_get_raw
Unwinding loop 47 iteration 2   file /home/samson/workspace/esbmc/src/c2goto/library/solidity/solidity_mapping.c line 27 column 3 function map_get_raw
Not unwinding loop 47 iteration 3   file /home/samson/workspace/esbmc/src/c2goto/library/solidity/solidity_mapping.c line 27 column 3 function map_get_raw
Unwinding loop 47 iteration 1   file /home/samson/workspace/esbmc/src/c2goto/library/solidity/solidity_mapping.c line 27 column 3 function map_get_raw
Unwinding loop 47 iteration 2   file /home/samson/workspace/esbmc/src/c2goto/library/solidity/solidity_mapping.c line 27 column 3 function map_get_raw
Not unwinding loop 47 iteration 3   file /home/samson/workspace/esbmc/src/c2goto/library/solidity/solidity_mapping.c line 27 column 3 function map_get_raw
Unwinding loop 47 iteration 1   file /home/samson/workspace/esbmc/src/c2goto/library/solidity/solidity_mapping.c line 27 column 3 function map_get_raw
Unwinding loop 47 iteration 2   file /home/samson/workspace/esbmc/src/c2goto/library/solidity/solidity_mapping.c line 27 column 3 function map_get_raw
Not unwinding loop 47 iteration 3   file /home/samson/workspace/esbmc/src/c2goto/library/solidity/solidity_mapping.c line 27 column 3 function map_get_raw
Unwinding loop 47 iteration 1   file /home/samson/workspace/esbmc/src/c2goto/library/solidity/solidity_mapping.c line 27 column 3 function map_get_raw
Unwinding loop 47 iteration 2   file /home/samson/workspace/esbmc/src/c2goto/library/solidity/solidity_mapping.c line 27 column 3 function map_get_raw
Not unwinding loop 47 iteration 3   file /home/samson/workspace/esbmc/src/c2goto/library/solidity/solidity_mapping.c line 27 column 3 function map_get_raw
Unwinding loop 66 iteration 1   
Unwinding loop 37 iteration 1   file /home/samson/workspace/esbmc/src/c2goto/library/solidity/solidity_string.c line 206 column 5 function _str_assign
Unwinding loop 37 iteration 2   file /home/samson/workspace/esbmc/src/c2goto/library/solidity/solidity_string.c line 206 column 5 function _str_assign
Not unwinding loop 37 iteration 3   file /home/samson/workspace/esbmc/src/c2goto/library/solidity/solidity_string.c line 206 column 5 function _str_assign
Unwinding loop 37 iteration 1   file /home/samson/workspace/esbmc/src/c2goto/library/solidity/solidity_string.c line 206 column 5 function _str_assign
Unwinding loop 37 iteration 2   file /home/samson/workspace/esbmc/src/c2goto/library/solidity/solidity_string.c line 206 column 5 function _str_assign
Not unwinding loop 37 iteration 3   file /home/samson/workspace/esbmc/src/c2goto/library/solidity/solidity_string.c line 206 column 5 function _str_assign
Unwinding loop 47 iteration 1   file /home/samson/workspace/esbmc/src/c2goto/library/solidity/solidity_mapping.c line 27 column 3 function map_get_raw
Unwinding loop 47 iteration 2   file /home/samson/workspace/esbmc/src/c2goto/library/solidity/solidity_mapping.c line 27 column 3 function map_get_raw
Not unwinding loop 47 iteration 3   file /home/samson/workspace/esbmc/src/c2goto/library/solidity/solidity_mapping.c line 27 column 3 function map_get_raw
Unwinding loop 47 iteration 1   file /home/samson/workspace/esbmc/src/c2goto/library/solidity/solidity_mapping.c line 27 column 3 function map_get_raw
Unwinding loop 47 iteration 2   file /home/samson/workspace/esbmc/src/c2goto/library/solidity/solidity_mapping.c line 27 column 3 function map_get_raw
Not unwinding loop 47 iteration 3   file /home/samson/workspace/esbmc/src/c2goto/library/solidity/solidity_mapping.c line 27 column 3 function map_get_raw
Unwinding loop 55 iteration 1   file /home/samson/workspace/esbmc/src/c2goto/library/solidity/solidity_builtins.c line 23 column 3 function sol_pow_uint
Unwinding loop 55 iteration 2   file /home/samson/workspace/esbmc/src/c2goto/library/solidity/solidity_builtins.c line 23 column 3 function sol_pow_uint
Not unwinding loop 55 iteration 3   file /home/samson/workspace/esbmc/src/c2goto/library/solidity/solidity_builtins.c line 23 column 3 function sol_pow_uint
Unwinding loop 55 iteration 1   file /home/samson/workspace/esbmc/src/c2goto/library/solidity/solidity_builtins.c line 23 column 3 function sol_pow_uint
Unwinding loop 55 iteration 2   file /home/samson/workspace/esbmc/src/c2goto/library/solidity/solidity_builtins.c line 23 column 3 function sol_pow_uint
Not unwinding loop 55 iteration 3   file /home/samson/workspace/esbmc/src/c2goto/library/solidity/solidity_builtins.c line 23 column 3 function sol_pow_uint
Unwinding loop 55 iteration 1   file /home/samson/workspace/esbmc/src/c2goto/library/solidity/solidity_builtins.c line 23 column 3 function sol_pow_uint
Unwinding loop 55 iteration 2   file /home/samson/workspace/esbmc/src/c2goto/library/solidity/solidity_builtins.c line 23 column 3 function sol_pow_uint
Not unwinding loop 55 iteration 3   file /home/samson/workspace/esbmc/src/c2goto/library/solidity/solidity_builtins.c line 23 column 3 function sol_pow_uint
Unwinding loop 37 iteration 1   file /home/samson/workspace/esbmc/src/c2goto/library/solidity/solidity_string.c line 206 column 5 function _str_assign
Unwinding loop 37 iteration 2   file /home/samson/workspace/esbmc/src/c2goto/library/solidity/solidity_string.c line 206 column 5 function _str_assign
Not unwinding loop 37 iteration 3   file /home/samson/workspace/esbmc/src/c2goto/library/solidity/solidity_string.c line 206 column 5 function _str_assign
Unwinding loop 37 iteration 1   file /home/samson/workspace/esbmc/src/c2goto/library/solidity/solidity_string.c line 206 column 5 function _str_assign
Unwinding loop 37 iteration 2   file /home/samson/workspace/esbmc/src/c2goto/library/solidity/solidity_string.c line 206 column 5 function _str_assign
Not unwinding loop 37 iteration 3   file /home/samson/workspace/esbmc/src/c2goto/library/solidity/solidity_string.c line 206 column 5 function _str_assign
Unwinding loop 47 iteration 1   file /home/samson/workspace/esbmc/src/c2goto/library/solidity/solidity_mapping.c line 27 column 3 function map_get_raw
Unwinding loop 47 iteration 2   file /home/samson/workspace/esbmc/src/c2goto/library/solidity/solidity_mapping.c line 27 column 3 function map_get_raw
Not unwinding loop 47 iteration 3   file /home/samson/workspace/esbmc/src/c2goto/library/solidity/solidity_mapping.c line 27 column 3 function map_get_raw
Unwinding loop 47 iteration 1   file /home/samson/workspace/esbmc/src/c2goto/library/solidity/solidity_mapping.c line 27 column 3 function map_get_raw
Unwinding loop 47 iteration 2   file /home/samson/workspace/esbmc/src/c2goto/library/solidity/solidity_mapping.c line 27 column 3 function map_get_raw
Not unwinding loop 47 iteration 3   file /home/samson/workspace/esbmc/src/c2goto/library/solidity/solidity_mapping.c line 27 column 3 function map_get_raw
Unwinding loop 55 iteration 1   file /home/samson/workspace/esbmc/src/c2goto/library/solidity/solidity_builtins.c line 23 column 3 function sol_pow_uint
Unwinding loop 55 iteration 2   file /home/samson/workspace/esbmc/src/c2goto/library/solidity/solidity_builtins.c line 23 column 3 function sol_pow_uint
Not unwinding loop 55 iteration 3   file /home/samson/workspace/esbmc/src/c2goto/library/solidity/solidity_builtins.c line 23 column 3 function sol_pow_uint
Unwinding loop 55 iteration 1   file /home/samson/workspace/esbmc/src/c2goto/library/solidity/solidity_builtins.c line 23 column 3 function sol_pow_uint
Unwinding loop 55 iteration 2   file /home/samson/workspace/esbmc/src/c2goto/library/solidity/solidity_builtins.c line 23 column 3 function sol_pow_uint
Not unwinding loop 55 iteration 3   file /home/samson/workspace/esbmc/src/c2goto/library/solidity/solidity_builtins.c line 23 column 3 function sol_pow_uint
Unwinding loop 55 iteration 1   file /home/samson/workspace/esbmc/src/c2goto/library/solidity/solidity_builtins.c line 23 column 3 function sol_pow_uint
Unwinding loop 55 iteration 2   file /home/samson/workspace/esbmc/src/c2goto/library/solidity/solidity_builtins.c line 23 column 3 function sol_pow_uint
Not unwinding loop 55 iteration 3   file /home/samson/workspace/esbmc/src/c2goto/library/solidity/solidity_builtins.c line 23 column 3 function sol_pow_uint
Unwinding loop 47 iteration 1   file /home/samson/workspace/esbmc/src/c2goto/library/solidity/solidity_mapping.c line 27 column 3 function map_get_raw
Unwinding loop 47 iteration 2   file /home/samson/workspace/esbmc/src/c2goto/library/solidity/solidity_mapping.c line 27 column 3 function map_get_raw
Not unwinding loop 47 iteration 3   file /home/samson/workspace/esbmc/src/c2goto/library/solidity/solidity_mapping.c line 27 column 3 function map_get_raw
Unwinding loop 47 iteration 1   file /home/samson/workspace/esbmc/src/c2goto/library/solidity/solidity_mapping.c line 27 column 3 function map_get_raw
Unwinding loop 47 iteration 2   file /home/samson/workspace/esbmc/src/c2goto/library/solidity/solidity_mapping.c line 27 column 3 function map_get_raw
Not unwinding loop 47 iteration 3   file /home/samson/workspace/esbmc/src/c2goto/library/solidity/solidity_mapping.c line 27 column 3 function map_get_raw
Unwinding loop 47 iteration 1   file /home/samson/workspace/esbmc/src/c2goto/library/solidity/solidity_mapping.c line 27 column 3 function map_get_raw
Unwinding loop 47 iteration 2   file /home/samson/workspace/esbmc/src/c2goto/library/solidity/solidity_mapping.c line 27 column 3 function map_get_raw
Not unwinding loop 47 iteration 3   file /home/samson/workspace/esbmc/src/c2goto/library/solidity/solidity_mapping.c line 27 column 3 function map_get_raw
Unwinding loop 47 iteration 1   file /home/samson/workspace/esbmc/src/c2goto/library/solidity/solidity_mapping.c line 27 column 3 function map_get_raw
Unwinding loop 47 iteration 2   file /home/samson/workspace/esbmc/src/c2goto/library/solidity/solidity_mapping.c line 27 column 3 function map_get_raw
Not unwinding loop 47 iteration 3   file /home/samson/workspace/esbmc/src/c2goto/library/solidity/solidity_mapping.c line 27 column 3 function map_get_raw
Unwinding loop 47 iteration 1   file /home/samson/workspace/esbmc/src/c2goto/library/solidity/solidity_mapping.c line 27 column 3 function map_get_raw
Unwinding loop 47 iteration 2   file /home/samson/workspace/esbmc/src/c2goto/library/solidity/solidity_mapping.c line 27 column 3 function map_get_raw
Not unwinding loop 47 iteration 3   file /home/samson/workspace/esbmc/src/c2goto/library/solidity/solidity_mapping.c line 27 column 3 function map_get_raw
Unwinding loop 47 iteration 1   file /home/samson/workspace/esbmc/src/c2goto/library/solidity/solidity_mapping.c line 27 column 3 function map_get_raw
Unwinding loop 47 iteration 2   file /home/samson/workspace/esbmc/src/c2goto/library/solidity/solidity_mapping.c line 27 column 3 function map_get_raw
Not unwinding loop 47 iteration 3   file /home/samson/workspace/esbmc/src/c2goto/library/solidity/solidity_mapping.c line 27 column 3 function map_get_raw
Unwinding loop 47 iteration 1   file /home/samson/workspace/esbmc/src/c2goto/library/solidity/solidity_mapping.c line 27 column 3 function map_get_raw
Unwinding loop 47 iteration 2   file /home/samson/workspace/esbmc/src/c2goto/library/solidity/solidity_mapping.c line 27 column 3 function map_get_raw
Not unwinding loop 47 iteration 3   file /home/samson/workspace/esbmc/src/c2goto/library/solidity/solidity_mapping.c line 27 column 3 function map_get_raw
Unwinding loop 47 iteration 1   file /home/samson/workspace/esbmc/src/c2goto/library/solidity/solidity_mapping.c line 27 column 3 function map_get_raw
Unwinding loop 47 iteration 2   file /home/samson/workspace/esbmc/src/c2goto/library/solidity/solidity_mapping.c line 27 column 3 function map_get_raw
Not unwinding loop 47 iteration 3   file /home/samson/workspace/esbmc/src/c2goto/library/solidity/solidity_mapping.c line 27 column 3 function map_get_raw
Unwinding loop 66 iteration 2   
Unwinding loop 37 iteration 1   file /home/samson/workspace/esbmc/src/c2goto/library/solidity/solidity_string.c line 206 column 5 function _str_assign
Unwinding loop 37 iteration 2   file /home/samson/workspace/esbmc/src/c2goto/library/solidity/solidity_string.c line 206 column 5 function _str_assign
Not unwinding loop 37 iteration 3   file /home/samson/workspace/esbmc/src/c2goto/library/solidity/solidity_string.c line 206 column 5 function _str_assign
Unwinding loop 37 iteration 1   file /home/samson/workspace/esbmc/src/c2goto/library/solidity/solidity_string.c line 206 column 5 function _str_assign
Unwinding loop 37 iteration 2   file /home/samson/workspace/esbmc/src/c2goto/library/solidity/solidity_string.c line 206 column 5 function _str_assign
Not unwinding loop 37 iteration 3   file /home/samson/workspace/esbmc/src/c2goto/library/solidity/solidity_string.c line 206 column 5 function _str_assign
Unwinding loop 47 iteration 1   file /home/samson/workspace/esbmc/src/c2goto/library/solidity/solidity_mapping.c line 27 column 3 function map_get_raw
Unwinding loop 47 iteration 2   file /home/samson/workspace/esbmc/src/c2goto/library/solidity/solidity_mapping.c line 27 column 3 function map_get_raw
Not unwinding loop 47 iteration 3   file /home/samson/workspace/esbmc/src/c2goto/library/solidity/solidity_mapping.c line 27 column 3 function map_get_raw
Unwinding loop 47 iteration 1   file /home/samson/workspace/esbmc/src/c2goto/library/solidity/solidity_mapping.c line 27 column 3 function map_get_raw
Unwinding loop 47 iteration 2   file /home/samson/workspace/esbmc/src/c2goto/library/solidity/solidity_mapping.c line 27 column 3 function map_get_raw
Not unwinding loop 47 iteration 3   file /home/samson/workspace/esbmc/src/c2goto/library/solidity/solidity_mapping.c line 27 column 3 function map_get_raw
Unwinding loop 55 iteration 1   file /home/samson/workspace/esbmc/src/c2goto/library/solidity/solidity_builtins.c line 23 column 3 function sol_pow_uint
Unwinding loop 55 iteration 2   file /home/samson/workspace/esbmc/src/c2goto/library/solidity/solidity_builtins.c line 23 column 3 function sol_pow_uint
Not unwinding loop 55 iteration 3   file /home/samson/workspace/esbmc/src/c2goto/library/solidity/solidity_builtins.c line 23 column 3 function sol_pow_uint
Unwinding loop 55 iteration 1   file /home/samson/workspace/esbmc/src/c2goto/library/solidity/solidity_builtins.c line 23 column 3 function sol_pow_uint
Unwinding loop 55 iteration 2   file /home/samson/workspace/esbmc/src/c2goto/library/solidity/solidity_builtins.c line 23 column 3 function sol_pow_uint
Not unwinding loop 55 iteration 3   file /home/samson/workspace/esbmc/src/c2goto/library/solidity/solidity_builtins.c line 23 column 3 function sol_pow_uint
Unwinding loop 55 iteration 1   file /home/samson/workspace/esbmc/src/c2goto/library/solidity/solidity_builtins.c line 23 column 3 function sol_pow_uint
Unwinding loop 55 iteration 2   file /home/samson/workspace/esbmc/src/c2goto/library/solidity/solidity_builtins.c line 23 column 3 function sol_pow_uint
Not unwinding loop 55 iteration 3   file /home/samson/workspace/esbmc/src/c2goto/library/solidity/solidity_builtins.c line 23 column 3 function sol_pow_uint
Unwinding loop 37 iteration 1   file /home/samson/workspace/esbmc/src/c2goto/library/solidity/solidity_string.c line 206 column 5 function _str_assign
Unwinding loop 37 iteration 2   file /home/samson/workspace/esbmc/src/c2goto/library/solidity/solidity_string.c line 206 column 5 function _str_assign
Not unwinding loop 37 iteration 3   file /home/samson/workspace/esbmc/src/c2goto/library/solidity/solidity_string.c line 206 column 5 function _str_assign
Unwinding loop 37 iteration 1   file /home/samson/workspace/esbmc/src/c2goto/library/solidity/solidity_string.c line 206 column 5 function _str_assign
Unwinding loop 37 iteration 2   file /home/samson/workspace/esbmc/src/c2goto/library/solidity/solidity_string.c line 206 column 5 function _str_assign
Not unwinding loop 37 iteration 3   file /home/samson/workspace/esbmc/src/c2goto/library/solidity/solidity_string.c line 206 column 5 function _str_assign
Unwinding loop 47 iteration 1   file /home/samson/workspace/esbmc/src/c2goto/library/solidity/solidity_mapping.c line 27 column 3 function map_get_raw
Unwinding loop 47 iteration 2   file /home/samson/workspace/esbmc/src/c2goto/library/solidity/solidity_mapping.c line 27 column 3 function map_get_raw
Not unwinding loop 47 iteration 3   file /home/samson/workspace/esbmc/src/c2goto/library/solidity/solidity_mapping.c line 27 column 3 function map_get_raw
Unwinding loop 47 iteration 1   file /home/samson/workspace/esbmc/src/c2goto/library/solidity/solidity_mapping.c line 27 column 3 function map_get_raw
Unwinding loop 47 iteration 2   file /home/samson/workspace/esbmc/src/c2goto/library/solidity/solidity_mapping.c line 27 column 3 function map_get_raw
Not unwinding loop 47 iteration 3   file /home/samson/workspace/esbmc/src/c2goto/library/solidity/solidity_mapping.c line 27 column 3 function map_get_raw
Unwinding loop 55 iteration 1   file /home/samson/workspace/esbmc/src/c2goto/library/solidity/solidity_builtins.c line 23 column 3 function sol_pow_uint
Unwinding loop 55 iteration 2   file /home/samson/workspace/esbmc/src/c2goto/library/solidity/solidity_builtins.c line 23 column 3 function sol_pow_uint
Not unwinding loop 55 iteration 3   file /home/samson/workspace/esbmc/src/c2goto/library/solidity/solidity_builtins.c line 23 column 3 function sol_pow_uint
Unwinding loop 55 iteration 1   file /home/samson/workspace/esbmc/src/c2goto/library/solidity/solidity_builtins.c line 23 column 3 function sol_pow_uint
Unwinding loop 55 iteration 2   file /home/samson/workspace/esbmc/src/c2goto/library/solidity/solidity_builtins.c line 23 column 3 function sol_pow_uint
Not unwinding loop 55 iteration 3   file /home/samson/workspace/esbmc/src/c2goto/library/solidity/solidity_builtins.c line 23 column 3 function sol_pow_uint
Unwinding loop 55 iteration 1   file /home/samson/workspace/esbmc/src/c2goto/library/solidity/solidity_builtins.c line 23 column 3 function sol_pow_uint
Unwinding loop 55 iteration 2   file /home/samson/workspace/esbmc/src/c2goto/library/solidity/solidity_builtins.c line 23 column 3 function sol_pow_uint
Not unwinding loop 55 iteration 3   file /home/samson/workspace/esbmc/src/c2goto/library/solidity/solidity_builtins.c line 23 column 3 function sol_pow_uint
Unwinding loop 47 iteration 1   file /home/samson/workspace/esbmc/src/c2goto/library/solidity/solidity_mapping.c line 27 column 3 function map_get_raw
Unwinding loop 47 iteration 2   file /home/samson/workspace/esbmc/src/c2goto/library/solidity/solidity_mapping.c line 27 column 3 function map_get_raw
Not unwinding loop 47 iteration 3   file /home/samson/workspace/esbmc/src/c2goto/library/solidity/solidity_mapping.c line 27 column 3 function map_get_raw
Unwinding loop 47 iteration 1   file /home/samson/workspace/esbmc/src/c2goto/library/solidity/solidity_mapping.c line 27 column 3 function map_get_raw
Unwinding loop 47 iteration 2   file /home/samson/workspace/esbmc/src/c2goto/library/solidity/solidity_mapping.c line 27 column 3 function map_get_raw
Not unwinding loop 47 iteration 3   file /home/samson/workspace/esbmc/src/c2goto/library/solidity/solidity_mapping.c line 27 column 3 function map_get_raw
Unwinding loop 47 iteration 1   file /home/samson/workspace/esbmc/src/c2goto/library/solidity/solidity_mapping.c line 27 column 3 function map_get_raw
Unwinding loop 47 iteration 2   file /home/samson/workspace/esbmc/src/c2goto/library/solidity/solidity_mapping.c line 27 column 3 function map_get_raw
Not unwinding loop 47 iteration 3   file /home/samson/workspace/esbmc/src/c2goto/library/solidity/solidity_mapping.c line 27 column 3 function map_get_raw
Unwinding loop 47 iteration 1   file /home/samson/workspace/esbmc/src/c2goto/library/solidity/solidity_mapping.c line 27 column 3 function map_get_raw
Unwinding loop 47 iteration 2   file /home/samson/workspace/esbmc/src/c2goto/library/solidity/solidity_mapping.c line 27 column 3 function map_get_raw
Not unwinding loop 47 iteration 3   file /home/samson/workspace/esbmc/src/c2goto/library/solidity/solidity_mapping.c line 27 column 3 function map_get_raw
Unwinding loop 47 iteration 1   file /home/samson/workspace/esbmc/src/c2goto/library/solidity/solidity_mapping.c line 27 column 3 function map_get_raw
Unwinding loop 47 iteration 2   file /home/samson/workspace/esbmc/src/c2goto/library/solidity/solidity_mapping.c line 27 column 3 function map_get_raw
Not unwinding loop 47 iteration 3   file /home/samson/workspace/esbmc/src/c2goto/library/solidity/solidity_mapping.c line 27 column 3 function map_get_raw
Unwinding loop 47 iteration 1   file /home/samson/workspace/esbmc/src/c2goto/library/solidity/solidity_mapping.c line 27 column 3 function map_get_raw
Unwinding loop 47 iteration 2   file /home/samson/workspace/esbmc/src/c2goto/library/solidity/solidity_mapping.c line 27 column 3 function map_get_raw
Not unwinding loop 47 iteration 3   file /home/samson/workspace/esbmc/src/c2goto/library/solidity/solidity_mapping.c line 27 column 3 function map_get_raw
Unwinding loop 47 iteration 1   file /home/samson/workspace/esbmc/src/c2goto/library/solidity/solidity_mapping.c line 27 column 3 function map_get_raw
Unwinding loop 47 iteration 2   file /home/samson/workspace/esbmc/src/c2goto/library/solidity/solidity_mapping.c line 27 column 3 function map_get_raw
Not unwinding loop 47 iteration 3   file /home/samson/workspace/esbmc/src/c2goto/library/solidity/solidity_mapping.c line 27 column 3 function map_get_raw
Unwinding loop 47 iteration 1   file /home/samson/workspace/esbmc/src/c2goto/library/solidity/solidity_mapping.c line 27 column 3 function map_get_raw
Unwinding loop 47 iteration 2   file /home/samson/workspace/esbmc/src/c2goto/library/solidity/solidity_mapping.c line 27 column 3 function map_get_raw
Not unwinding loop 47 iteration 3   file /home/samson/workspace/esbmc/src/c2goto/library/solidity/solidity_mapping.c line 27 column 3 function map_get_raw
Not unwinding loop 66 iteration 3   
Symex completed in: 0.686s (5093 assignments)
Caching time: 0.001s (removed 0 assertions)
Slicing time: 0.007s (removed 3153 assignments)
Generated 18 VCC(s), 18 remaining after simplification (1940 assignments)
Encoding remaining VCC(s) using bit-vector/floating-point arithmetic
Encoding to solver time: 0.051s
Solving with solver CVC5 1.1.2
Runtime decision procedure: 0.126s
BMC program time: 0.872s

VERIFICATION SUCCESSFUL
