ESBMC version 8.2.0 64-bit x86_64 linux
Target: 64-bit little-endian x86_64-unknown-linux with esbmclibc
Warning: SPDX license identifier not provided in source file. Before publishing, consider adding a comment containing "SPDX-License-Identifier: <SPDX-License>" to each source file. Use "SPDX-License-Identifier: UNLICENSED" for non-open-source code. Please see https://spdx.org for more information.
--> contract.sol

Warning: This declaration shadows an existing declaration.
   --> contract.sol:306:18:
    |
306 |     constructor (string memory name, string memory symbol, uint8 decimals) {
    |                  ^^^^^^^^^^^^^^^^^^
Note: The shadowed declaration is here:
   --> contract.sol:315:5:
    |
315 |     function name() public view returns (string memory) {
    |     ^ (Relevant source part starts here and spans across multiple lines).

Warning: This declaration shadows an existing declaration.
   --> contract.sol:306:38:
    |
306 |     constructor (string memory name, string memory symbol, uint8 decimals) {
    |                                      ^^^^^^^^^^^^^^^^^^^^
Note: The shadowed declaration is here:
   --> contract.sol:323:5:
    |
323 |     function symbol() public view returns (string memory) {
    |     ^ (Relevant source part starts here and spans across multiple lines).

Warning: This declaration shadows an existing declaration.
   --> contract.sol:306:60:
    |
306 |     constructor (string memory name, string memory symbol, uint8 decimals) {
    |                                                            ^^^^^^^^^^^^^^
Note: The shadowed declaration is here:
   --> contract.sol:339:5:
    |
339 |     function decimals() public view returns (uint8) {
    |     ^ (Relevant source part starts here and spans across multiple lines).

Warning: Visibility for constructor is ignored. If you want the contract to be non-deployable, making it "abstract" is sufficient.
   --> contract.sol:353:5:
    |
353 |     constructor() ERC20Detailed(_name, _symbol, _decimals) public {
    |     ^ (Relevant source part starts here and spans across multiple lines).

WARNING: TOD race harness: no public state variable is touched by both 'totalSupply' and 'balanceOf'.  Harness contains no equality assertion; verification trivially succeeds.
TOD harness written to ./tod_race_totalSupply_balanceOf_harness.sol
Parsing ./tod_race_totalSupply_balanceOf_harness.sol
Compiling Solidity AST using: /usr/local/bin/solc (v0.8.30)
ERROR: solc compilation failed:
Warning: This declaration shadows an existing declaration.
   --> tod_race_totalSupply_balanceOf_harness.sol:114:18:
    |
114 |     constructor (string memory name, string memory symbol, uint8 decimals) {
    |                  ^^^^^^^^^^^^^^^^^^
Note: The shadowed declaration is here:
   --> tod_race_totalSupply_balanceOf_harness.sol:123:5:
    |
123 |     function name() public view returns (string memory) {
    |     ^ (Relevant source part starts here and spans across multiple lines).

Warning: This declaration shadows an existing declaration.
   --> tod_race_totalSupply_balanceOf_harness.sol:114:38:
    |
114 |     constructor (string memory name, string memory symbol, uint8 decimals) {
    |                                      ^^^^^^^^^^^^^^^^^^^^
Note: The shadowed declaration is here:
   --> tod_race_totalSupply_balanceOf_harness.sol:131:5:
    |
131 |     function symbol() public view returns (string memory) {
    |     ^ (Relevant source part starts here and spans across multiple lines).

Warning: This declaration shadows an existing declaration.
   --> tod_race_totalSupply_balanceOf_harness.sol:114:60:
    |
114 |     constructor (string memory name, string memory symbol, uint8 decimals) {
    |                                                            ^^^^^^^^^^^^^^
Note: The shadowed declaration is here:
   --> tod_race_totalSupply_balanceOf_harness.sol:147:5:
    |
147 |     function decimals() public view returns (uint8) {
    |     ^ (Relevant source part starts here and spans across multiple lines).

Error: Definition of base has to precede definition of derived contract
   --> tod_race_totalSupply_balanceOf_harness.sol:152:25:
    |
152 | contract RippleAlpha is ERC20, ERC20Detailed {
    |                         ^^^^^


ERROR: PARSING ERROR
