=== waiting for PID 938570 (the B4 harvest chain) to exit ===
2026-08-03T20:44:07+01:00
=== PID 938570 gone ===
2026-08-03T21:01:47+01:00
(no esbmc running -- good)
=== STAMP ===
d69d1c090a "raising the budget is the whole fix" was WRONG and I wrote it -- the round is EMISSION-bound, the tool's own help had the measurement, and the arm now running is testing the lever that help predicts will not work
-rwxr-xr-x 1 samson samson 501247608 Aug  3 02:30 build/src/esbmc/esbmc
=== END STAMP ===
################ ARM 4-cancel-skipbracket-probes2 START ################
2026-08-03T21:01:47+01:00
[sweep] --jobs 1, --memlimit 8g each (MemAvailable 40.1 GiB; 1 x 8 = 8 GiB committed). Every esbmc run carries the limit, which is what makes running more than one of them an arithmetic question rather than a guess.

########## cross_chain_swap_EscrowDst (EscrowDst) ##########
[sweep] cross_chain_swap_EscrowDst: --unit restricts this sweep to 1 of the benchmark's units
[sweep] cross_chain_swap_EscrowDst: 1 unit(s) from the round-trip's emit.jsonl: cancel
[sweep] cross_chain_swap_EscrowDst: 2 of these were KILLED in the round-trip's own enumeration and are expected to be killed here too: withdraw, publicWithdraw
  [1/1] cancel: NOT-CERTIFIED, 0 certified / 12 not / 12 witnessed, 7 free coordinate(s), msg.value pin fired, 235s

[sweep] wrote notes/coverage/certify/results_arm4_cancel_skipbracket_probes2.jsonl
################ ARM 4 exit=0 ################
2026-08-03T21:05:42+01:00
=== the driver log of the round, which is where the answer is ===
[workdir] /tmp/certify_rt/arm4/results_arm4_cancel_skipbracket_probes2/cross_chain_swap_EscrowDst/cancel
[scope] focus — dispatcher restricted to cancel, --solidity-max-tx 1. The scope is the ALPHABET of the call sequence and max-tx is its LENGTH; both are recorded in run-config.json and in the result, because a run of one configuration may not be quoted into another's table
[enumerate] 12 witnessed path(s): enc=116 depth=6, enc=117 depth=6, enc=118 depth=6, enc=119 depth=6, enc=124 depth=6, enc=125 depth=6, enc=126 depth=6, enc=127 depth=6, enc=2 depth=1, enc=28 depth=4, enc=30 depth=4, enc=6 depth=2
[coords] UNSUPPORTED, refused as coordinates (not scalar): immutables (aggregate; 7 scalar field(s) used instead: amount, anon_pad$2, maker, safetyDeposit, taker, timelocks, token). Every region below is a statement about the slice through whatever values they took in the counterexample, and does NOT generalise over them.
[env] probed as free coordinate(s): msg.sender
[env] msg.value PINNED to 0: the source declares 'cancel' nonpayable (not payable), so every call reaching its body has msg.value == 0 -- the ABI gate reverts the rest. This is a fact about the contract, not a slice: no reachable input is excluded. The ABI-gate revert path itself IS excluded, and its region will be reported EMPTY. Disable with --no-auto-pin-value
[env] 13 environment quantity(s) left unconstrained (--pin-env is off).
[coords] DROPPED as struct-lowering artifact(s), not source fields: immutables.anon_pad$2 (not declared on any struct in the source). The struct lowering introduces padding members the source never declared; no generated test can set one, so offering it as a coordinate is the same defect as offering an immutable
[coords] NOT SETTABLE by any generated test, pinned at the counterexample value instead of generalised: state.FACTORY (immutable, ==0), state.RESCUE_DELAY (immutable, ==0). An immutable is fixed at construction and a constant is in the code; neither is an input, so generalising over one asks the verifier about inputs no test can produce
[coords] FREE: immutables.amount, immutables.maker, immutables.safetyDeposit, immutables.taker, immutables.timelocks, immutables.token, msg.sender   [pinned: {'msg.value': 0, 'state.FACTORY': 0, 'state.RESCUE_DELAY': 0}]
[round] level-0: 34.3s wall, 7 coordinate(s), ~8 candidate value(s) per direction, 12 path(s)
[round] accounting: 132 of 192 probe(s) reached the solver; per-query wall: n=628 max=0.052s median=0.026s total=16.1s; verdicts PASSED=1420 FAILED=108
[level0] enc=2 single-point on: immutables.amount==0, immutables.maker==0, immutables.safetyDeposit==0, immutables.taker==4294967295, immutables.token==0, msg.sender==4294967295
[level0] ⚠ enc=2: the point(s) on immutables.amount, immutables.maker, immutables.safetyDeposit, immutables.taker, immutables.token, msg.sender came from a ONE-VALUE candidate list, which CANNOT distinguish a genuine point domain from this path having NO inputs at all under the current pins -- an unsatisfiable antecedent makes every probe hold vacuously, in both directions, at any value. Try a second value on those coordinates: if both directions still hold, the interval inverts and the path is excluded from this slice. Coordinates with two or more candidates are NOT at risk -- there the inversion is what catches it
[level0] enc=6 single-point on: (none)
[level0] enc=28 single-point on: (none)
[level0] enc=30 single-point on: (none)
[level0] enc=116 single-point on: (none)
[level0] enc=117 single-point on: (none)
[level0] enc=118 single-point on: (none)
[level0] enc=119 single-point on: (none)
[level0] enc=124 single-point on: (none)
[level0] enc=125 single-point on: (none)
[level0] enc=126 single-point on: (none)
[level0] enc=127 single-point on: (none)
[level0] no coordinate was a single point for every path; every coordinate descends to level 2. Note this is NOT the same as 'no path has a point projection' -- the per-path results are printed above
[bracket] SKIPPED (--skip-bracket): refining from each coordinate's full type range, which is the same fallback the code takes when the bracket measures nothing
[round] linear-refine: 180.1s wall, 7 coordinate(s), ~8 candidate value(s) per direction, 12 path(s)
[round] accounting: ? of ? probe(s) reached the solver; per-query wall: n=2353 max=0.135s median=0.027s total=62.3s; verdicts PASSED=4380 FAILED=493
[outer-box] ROUND MEASURED NOTHING — no outer-box round finished, so nothing was measured for this path (a BUDGET outcome, not a property of the path)
[refine 1] spans={'immutables.amount': (0, 115792089237316195423570985008687907853269984665640564039457584007913129639935), 'immutables.maker': (0, 115792089237316195423570985008687907853269984665640564039457584007913129639935), 'immutables.safetyDeposit': (0, 115792089237316195423570985008687907853269984665640564039457584007913129639935), 'immutables.taker': (0, 115792089237316195423570985008687907853269984665640564039457584007913129639935), 'immutables.timelocks': (0, 115792089237316195423570985008687907853269984665640564039457584007913129639935), 'immutables.token': (0, 115792089237316195423570985008687907853269984665640564039457584007913129639935), 'msg.sender': (0, 1461501637330902918203684832716283019655932542975)} regions={}

=== CERTIFIED REGIONS ===
  enc=2: NOT CERTIFIED — no outer-box round finished, so nothing was measured for this path (a BUDGET outcome, not a property of the path); this path falls back to its concrete counterexample test
  enc=6: NOT CERTIFIED — no outer-box round finished, so nothing was measured for this path (a BUDGET outcome, not a property of the path); this path falls back to its concrete counterexample test
  enc=28: NOT CERTIFIED — no outer-box round finished, so nothing was measured for this path (a BUDGET outcome, not a property of the path); this path falls back to its concrete counterexample test
  enc=30: NOT CERTIFIED — no outer-box round finished, so nothing was measured for this path (a BUDGET outcome, not a property of the path); this path falls back to its concrete counterexample test
  enc=116: NOT CERTIFIED — no outer-box round finished, so nothing was measured for this path (a BUDGET outcome, not a property of the path); this path falls back to its concrete counterexample test
  enc=117: NOT CERTIFIED — no outer-box round finished, so nothing was measured for this path (a BUDGET outcome, not a property of the path); this path falls back to its concrete counterexample test
  enc=118: NOT CERTIFIED — no outer-box round finished, so nothing was measured for this path (a BUDGET outcome, not a property of the path); this path falls back to its concrete counterexample test
  enc=119: NOT CERTIFIED — no outer-box round finished, so nothing was measured for this path (a BUDGET outcome, not a property of the path); this path falls back to its concrete counterexample test
  enc=124: NOT CERTIFIED — no outer-box round finished, so nothing was measured for this path (a BUDGET outcome, not a property of the path); this path falls back to its concrete counterexample test
  enc=125: NOT CERTIFIED — no outer-box round finished, so nothing was measured for this path (a BUDGET outcome, not a property of the path); this path falls back to its concrete counterexample test
  enc=126: NOT CERTIFIED — no outer-box round finished, so nothing was measured for this path (a BUDGET outcome, not a property of the path); this path falls back to its concrete counterexample test
  enc=127: NOT CERTIFIED — no outer-box round finished, so nothing was measured for this path (a BUDGET outcome, not a property of the path); this path falls back to its concrete counterexample test

[result] machine-readable result written to /tmp/certify_rt/arm4/results_arm4_cancel_skipbracket_probes2/cross_chain_swap_EscrowDst/cancel/generalise-result.json: 0 certified region(s), 12 not certified, over 12 witnessed path(s)
