=== BINARY STAMP ===
-rwxr-xr-x 1 samson samson 501247608 Aug  3 02:30 /home/samson/workspace/esbmc/build/src/esbmc/esbmc
-rw-r--r-- 1 samson samson 15749 Aug  3 18:46 notes/coverage/poc/B2_ExtcallSuccess.sol
-rw-r--r-- 1 samson samson 38324 Aug  3 18:47 notes/coverage/poc/B2_ExtcallSuccess.solast
-rw-r--r-- 1 samson samson 266712 Aug  3 18:07 /home/samson/workspace/esbmc/scripts/solidity_path_generalise.py
79171e702f the PoC this file was written for had never been run; it reproduces farming/deposit's coordinate gate in twelve lines, and its control certifies
=== END STAMP ===
################ UNIT=ctrlBool START ################
[workdir] /tmp/certify_all/b2clean_ctrlBool
[scope] focus — dispatcher restricted to ctrlBool, --solidity-max-tx 1. The scope is the ALPHABET of the call sequence and max-tx is its LENGTH; both are recorded in run-config.json and in the result, because a run of one configuration may not be quoted into another's table
[enumerate] 3 witnessed path(s): enc=2 depth=1, enc=6 depth=2, enc=7 depth=2
[env] probed as free coordinate(s): msg.sender
[env] msg.value PINNED to 0: the source declares 'ctrlBool' nonpayable (not payable), so every call reaching its body has msg.value == 0 -- the ABI gate reverts the rest. This is a fact about the contract, not a slice: no reachable input is excluded. The ABI-gate revert path itself IS excluded, and its region will be reported EMPTY. Disable with --no-auto-pin-value
[env] 13 environment quantity(s) left unconstrained (--pin-env is off).
[coords] every state coordinate is a MUTABLE state variable (checked against the AST), so none was excluded
[coords] FREE: amount, msg.sender, ok, state.tag   [pinned: {'msg.value': 0}]
[round] level-0: 0.6s wall, 4 coordinate(s), ~5 candidate value(s) per direction, 3 path(s)
[round] accounting: 12 of 30 probe(s) reached the solver; per-query wall: n=12 max=0.015s median=0.002s total=0.0s; verdicts PASSED=24 FAILED=6
[level0] enc=2 single-point on: amount==0, msg.sender==0
[level0] ⚠ enc=2: the point(s) on amount, msg.sender came from a ONE-VALUE candidate list, which CANNOT distinguish a genuine point domain from this path having NO inputs at all under the current pins -- an unsatisfiable antecedent makes every probe hold vacuously, in both directions, at any value. Try a second value on those coordinates: if both directions still hold, the interval inverts and the path is excluded from this slice. Coordinates with two or more candidates are NOT at risk -- there the inversion is what catches it
[level0] enc=6 single-point on: ok==1
[level0] enc=7 single-point on: ok==0
[level0] no coordinate was a single point for every path; every coordinate descends to level 2. Note this is NOT the same as 'no path has a point projection' -- the per-path results are printed above
[round] geometric-bracket: 180.1s wall, 4 coordinate(s), ~680 candidate value(s) per direction, 3 path(s)
[round] accounting: ? of ? probe(s) reached the solver; per-query wall: n=1834 max=0.160s median=0.002s total=5.1s; verdicts PASSED=1004 FAILED=1625
[outer-box] ROUND MEASURED NOTHING — no outer-box round finished, so nothing was measured for this path (a BUDGET outcome, not a property of the path)
[bracket] {}
[round] linear-refine: 3.2s wall, 4 coordinate(s), ~5 candidate value(s) per direction, 3 path(s)
[round] accounting: 141 of 192 probe(s) reached the solver; per-query wall: n=141 max=0.028s median=0.002s total=0.3s; verdicts PASSED=116 FAILED=76
[refine 1] spans={'amount': (0, 115792089237316195423570985008687907853269984665640564039457584007913129639935), 'msg.sender': (0, 1461501637330902918203684832716283019655932542975), 'ok': (0, 1), 'state.tag': (0, 115792089237316195423570985008687907853269984665640564039457584007913129639935)} regions={2: {'amount': (115792089237316195423570985008687907853269984665640564039457584007913129639935, 0), 'msg.sender': (1461501637330902918203684832716283019655932542975, 0), 'ok': (1, 0), 'state.tag': (115792089237316195423570985008687907853269984665640564039457584007913129639935, 115792089237316195423570985008687907853269984665640564039457584007913129639935)}, 6: {'amount': (0, 115792089237316195423570985008687907853269984665640564039457584007913129639935), 'msg.sender': (0, 162389070814544768689298314746253668850659171441), 'ok': (1, 1), 'state.tag': (0, 115792089237316195423570985008687907853269984665640564039457584007913129639935)}, 7: {'amount': (0, 115792089237316195423570985008687907853269984665640564039457584007913129639935), 'msg.sender': (0, 162389070814544768689298314746253668850659171441), 'ok': (0, 0), 'state.tag': (0, 115792089237316195423570985008687907853269984665640564039457584007913129639935)}}
[round] linear-refine: 1.8s wall, 4 coordinate(s), ~5 candidate value(s) per direction, 3 path(s)
[round] accounting: 144 of 192 probe(s) reached the solver; per-query wall: n=144 max=0.016s median=0.001s total=0.2s; verdicts PASSED=116 FAILED=76
[refine 2] spans={'amount': (0, 115792089237316195423570985008687907853269984665640564039457584007913129639935), 'msg.sender': (0, 162389070814544768689298314746253668850659171441), 'ok': (0, 1), 'state.tag': (0, 12865787693035132824841220556520878650363331629515618226606398223101458848881)} regions={2: {'amount': (115792089237316195423570985008687907853269984665640564039457584007913129639935, 0), 'msg.sender': (162389070814544768689298314746253668850659171441, 0), 'ok': (1, 0), 'state.tag': (12865787693035132824841220556520878650363331629515618226606398223101458848881, 115792089237316195423570985008687907853269984665640564039457584007913129639935)}, 6: {'amount': (0, 115792089237316195423570985008687907853269984665640564039457584007913129639935), 'msg.sender': (0, 18043230090504974298810923860694852094517685715), 'ok': (1, 1), 'state.tag': (0, 115792089237316195423570985008687907853269984665640564039457584007913129639935)}, 7: {'amount': (0, 115792089237316195423570985008687907853269984665640564039457584007913129639935), 'msg.sender': (0, 18043230090504974298810923860694852094517685715), 'ok': (0, 0), 'state.tag': (0, 115792089237316195423570985008687907853269984665640564039457584007913129639935)}}

=== CERTIFIED REGIONS ===
  enc=6: amount in [0, 115792089237316195423570985008687907853269984665640564039457584007913129639935], msg.sender in [0, 18043230090504974298810923860694852094517685715], ok in [1, 1], state.tag in [0, 115792089237316195423570985008687907853269984665640564039457584007913129639935], msg.value == 0
  enc=7: amount in [0, 115792089237316195423570985008687907853269984665640564039457584007913129639935], msg.sender in [0, 18043230090504974298810923860694852094517685715], ok in [0, 0], state.tag in [0, 115792089237316195423570985008687907853269984665640564039457584007913129639935], msg.value == 0
  enc=2: NOT CERTIFIED — EXCLUDED FROM THE SLICE by the pins (msg.value: CE 115792089237316195423570985008687907853269984665640564039457584007913129639935 outside [0, 0]), which is why its region came back EMPTY on amount, msg.sender, ok. ⛔ This is NOT a failure to certify: this path's own counterexample does not satisfy the pins, so the path was never in the slice being generalised. For the ABI-value gate path of a non-payable unit that is exactly what auto-pinning msg.value costs, and it is announced when the pin is applied. Counting it against the certification rate prices a stated design cost as a search result; this path falls back to its concrete counterexample test

[result] machine-readable result written to /tmp/certify_all/b2clean_ctrlBool/generalise-result.json: 2 certified region(s), 1 not certified, over 3 witnessed path(s)
################ UNIT=ctrlBool CLEAN exit=0 ################
################ UNIT=ctrl START ################
[workdir] /tmp/certify_all/b2clean_ctrl
[scope] focus — dispatcher restricted to ctrl, --solidity-max-tx 1. The scope is the ALPHABET of the call sequence and max-tx is its LENGTH; both are recorded in run-config.json and in the result, because a run of one configuration may not be quoted into another's table
[enumerate] 3 witnessed path(s): enc=2 depth=1, enc=6 depth=2, enc=7 depth=2
[env] probed as free coordinate(s): msg.sender
[env] msg.value PINNED to 0: the source declares 'ctrl' nonpayable (not payable), so every call reaching its body has msg.value == 0 -- the ABI gate reverts the rest. This is a fact about the contract, not a slice: no reachable input is excluded. The ABI-gate revert path itself IS excluded, and its region will be reported EMPTY. Disable with --no-auto-pin-value
[env] 13 environment quantity(s) left unconstrained (--pin-env is off).
[coords] every state coordinate is a MUTABLE state variable (checked against the AST), so none was excluded
[coords] FREE: amount, msg.sender, state.tag, token   [pinned: {'msg.value': 0}]
[round] level-0: 0.4s wall, 4 coordinate(s), ~6 candidate value(s) per direction, 3 path(s)
[round] accounting: 18 of 36 probe(s) reached the solver; per-query wall: n=18 max=0.003s median=0.001s total=0.0s; verdicts PASSED=26 FAILED=10
[level0] enc=2 single-point on: amount==0, msg.sender==0
[level0] ⚠ enc=2: the point(s) on amount, msg.sender came from a ONE-VALUE candidate list, which CANNOT distinguish a genuine point domain from this path having NO inputs at all under the current pins -- an unsatisfiable antecedent makes every probe hold vacuously, in both directions, at any value. Try a second value on those coordinates: if both directions still hold, the interval inverts and the path is excluded from this slice. Coordinates with two or more candidates are NOT at risk -- there the inversion is what catches it
[level0] enc=6 single-point on: (none)
[level0] enc=7 single-point on: (none)
[level0] no coordinate was a single point for every path; every coordinate descends to level 2. Note this is NOT the same as 'no path has a point projection' -- the per-path results are printed above
[round] geometric-bracket: 180.0s wall, 4 coordinate(s), ~841 candidate value(s) per direction, 3 path(s)
[round] accounting: ? of ? probe(s) reached the solver; per-query wall: n=1850 max=0.008s median=0.002s total=3.5s; verdicts PASSED=1077 FAILED=1568
[outer-box] ROUND MEASURED NOTHING — no outer-box round finished, so nothing was measured for this path (a BUDGET outcome, not a property of the path)
[bracket] {}
[round] linear-refine: 1.1s wall, 4 coordinate(s), ~6 candidate value(s) per direction, 3 path(s)
[round] accounting: 195 of 246 probe(s) reached the solver; per-query wall: n=195 max=0.003s median=0.001s total=0.2s; verdicts PASSED=142 FAILED=104
[refine 1] spans={'amount': (0, 115792089237316195423570985008687907853269984665640564039457584007913129639935), 'msg.sender': (0, 1461501637330902918203684832716283019655932542975), 'state.tag': (0, 115792089237316195423570985008687907853269984665640564039457584007913129639935), 'token': (0, 1461501637330902918203684832716283019655932542975)} regions={2: {'amount': (115792089237316195423570985008687907853269984665640564039457584007913129639935, 0), 'msg.sender': (1461501637330902918203684832716283019655932542975, 0), 'state.tag': (115792089237316195423570985008687907853269984665640564039457584007913129639935, 115792089237316195423570985008687907853269984665640564039457584007913129639935), 'token': (1461501637330902918203684832716283019655932542975, 0)}, 6: {'amount': (0, 115792089237316195423570985008687907853269984665640564039457584007913129639935), 'msg.sender': (0, 162389070814544768689298314746253668850659171441), 'state.tag': (0, 115792089237316195423570985008687907853269984665640564039457584007913129639935), 'token': (101, 1461501637330902918203684832716283019655932542975)}, 7: {'amount': (0, 115792089237316195423570985008687907853269984665640564039457584007913129639935), 'msg.sender': (0, 162389070814544768689298314746253668850659171441), 'state.tag': (0, 115792089237316195423570985008687907853269984665640564039457584007913129639935), 'token': (0, 100)}} UNSEPARATED=[7]
[round] linear-refine: 1.2s wall, 4 coordinate(s), ~6 candidate value(s) per direction, 3 path(s)
[round] accounting: 198 of 246 probe(s) reached the solver; per-query wall: n=198 max=0.003s median=0.001s total=0.2s; verdicts PASSED=142 FAILED=104
[refine 2] spans={'amount': (0, 115792089237316195423570985008687907853269984665640564039457584007913129639935), 'msg.sender': (0, 162389070814544768689298314746253668850659171441), 'state.tag': (0, 12865787693035132824841220556520878650363331629515618226606398223101458848881), 'token': (0, 1461501637330902918203684832716283019655932542975)} regions={2: {'amount': (115792089237316195423570985008687907853269984665640564039457584007913129639935, 0), 'msg.sender': (162389070814544768689298314746253668850659171441, 0), 'state.tag': (12865787693035132824841220556520878650363331629515618226606398223101458848881, 115792089237316195423570985008687907853269984665640564039457584007913129639935), 'token': (1461501637330902918203684832716283019655932542975, 0)}, 6: {'amount': (0, 115792089237316195423570985008687907853269984665640564039457584007913129639935), 'msg.sender': (0, 18043230090504974298810923860694852094517685715), 'state.tag': (0, 115792089237316195423570985008687907853269984665640564039457584007913129639935), 'token': (101, 1461501637330902918203684832716283019655932542975)}, 7: {'amount': (0, 115792089237316195423570985008687907853269984665640564039457584007913129639935), 'msg.sender': (0, 18043230090504974298810923860694852094517685715), 'state.tag': (0, 115792089237316195423570985008687907853269984665640564039457584007913129639935), 'token': (0, 100)}} UNSEPARATED=[7]
[certify enc=7] region overlaps an unseparated sibling; certifying anyway, the query is what decides

=== CERTIFIED REGIONS ===
  enc=6: amount in [0, 115792089237316195423570985008687907853269984665640564039457584007913129639935], msg.sender in [0, 18043230090504974298810923860694852094517685715], state.tag in [0, 115792089237316195423570985008687907853269984665640564039457584007913129639935], token in [101, 1461501637330902918203684832716283019655932542975], msg.value == 0
  enc=7: amount in [0, 115792089237316195423570985008687907853269984665640564039457584007913129639935], msg.sender in [0, 18043230090504974298810923860694852094517685715], state.tag in [0, 115792089237316195423570985008687907853269984665640564039457584007913129639935], token in [0, 100], msg.value == 0
  enc=2: NOT CERTIFIED — EXCLUDED FROM THE SLICE by the pins (msg.value: CE 115792089237316195423570985008687907853269984665640564039457584007913129639935 outside [0, 0]), which is why its region came back EMPTY on amount, msg.sender, token. ⛔ This is NOT a failure to certify: this path's own counterexample does not satisfy the pins, so the path was never in the slice being generalised. For the ABI-value gate path of a non-payable unit that is exactly what auto-pinning msg.value costs, and it is announced when the pin is applied. Counting it against the certification rate prices a stated design cost as a search result; this path falls back to its concrete counterexample test

[result] machine-readable result written to /tmp/certify_all/b2clean_ctrl/generalise-result.json: 2 certified region(s), 1 not certified, over 3 witnessed path(s)
################ UNIT=ctrl CLEAN exit=0 ################
=== AST STAMP AT END (must equal the one at the top) ===
-rw-r--r-- 1 samson samson 38324 Aug  3 18:47 notes/coverage/poc/B2_ExtcallSuccess.solast
