=== BINARY STAMP ===
-rwxr-xr-x 1 samson samson 501247608 Aug  3 02:30 /home/samson/workspace/esbmc/build/src/esbmc/esbmc
-rw-r--r-- 1 samson samson  8284 Aug  3 17:02 notes/coverage/poc/B2_ExtcallSuccess.sol
-rw-r--r-- 1 samson samson 26967 Aug  3 17:02 notes/coverage/poc/B2_ExtcallSuccess.solast
-rw-r--r-- 1 samson samson 266712 Aug  3 18:07 /home/samson/workspace/esbmc/scripts/solidity_path_generalise.py
81a806db3b I changed how structs decompose and updated ONE of its two readers, then read the resulting asymmetry as an ESBMC gap -- threaded through the second reader, and the coordinate gate now holds on a SYMMETRIC payload
=== END STAMP ===
################ UNIT=probe START ################
[workdir] /tmp/certify_all/b2_probe
[scope] focus — dispatcher restricted to probe, --solidity-max-tx 1. The scope is the ALPHABET of the call sequence and max-tx is its LENGTH; both are recorded in run-config.json and in the result, because a run of one configuration may not be quoted into another's table
[enumerate] 3 witnessed path(s): enc=2 depth=1, enc=6 depth=2, enc=7 depth=2
[env] probed as free coordinate(s): msg.sender
[env] msg.value PINNED to 0: the source declares 'probe' nonpayable (not payable), so every call reaching its body has msg.value == 0 -- the ABI gate reverts the rest. This is a fact about the contract, not a slice: no reachable input is excluded. The ABI-gate revert path itself IS excluded, and its region will be reported EMPTY. Disable with --no-auto-pin-value
[env] 13 environment quantity(s) left unconstrained (--pin-env is off).
[coords] every state coordinate is a MUTABLE state variable (checked against the AST), so none was excluded
[coords] FREE: amount, msg.sender, state.tag   [pinned: {'msg.value': 0}]
[round] level-0: 0.4s wall, 3 coordinate(s), ~3 candidate value(s) per direction, 3 path(s)
[round] accounting: 6 of 18 probe(s) reached the solver; per-query wall: n=6 max=0.003s median=0.001s total=0.0s; verdicts PASSED=14 FAILED=4
[level0] enc=2 single-point on: amount==0, msg.sender==0
[level0] ⚠ enc=2: the point(s) on amount, msg.sender came from a ONE-VALUE candidate list, which CANNOT distinguish a genuine point domain from this path having NO inputs at all under the current pins -- an unsatisfiable antecedent makes every probe hold vacuously, in both directions, at any value. Try a second value on those coordinates: if both directions still hold, the interval inverts and the path is excluded from this slice. Coordinates with two or more candidates are NOT at risk -- there the inversion is what catches it
[level0] enc=6 single-point on: (none)
[level0] enc=7 single-point on: (none)
[level0] no coordinate was a single point for every path; every coordinate descends to level 2. Note this is NOT the same as 'no path has a point projection' -- the per-path results are printed above
[round] geometric-bracket: 171.9s wall, 3 coordinate(s), ~678 candidate value(s) per direction, 3 path(s)
[round] accounting: 3279 of 4068 probe(s) reached the solver; per-query wall: n=3279 max=0.038s median=0.002s total=4.8s; verdicts PASSED=2138 FAILED=1930
[bracket] {6: 'amount upper in (57896044618658097711785492504343953926634992332820282019728792003956564819968, 115792089237316195423570985008687907853269984665640564039457584007913129639935], amount lower in [0, 1), msg.sender upper in (2147483648, 4294967296], msg.sender lower in [0, 1), state.tag lower in [0, 1)', 7: 'amount upper in (57896044618658097711785492504343953926634992332820282019728792003956564819968, 115792089237316195423570985008687907853269984665640564039457584007913129639935], amount lower in [0, 1), msg.sender upper in (2147483648, 4294967296], msg.sender lower in [0, 1), state.tag lower in [0, 1)'}
[round] linear-refine: 1.1s wall, 3 coordinate(s), ~3 candidate value(s) per direction, 3 path(s)
[round] accounting: 114 of 132 probe(s) reached the solver; per-query wall: n=114 max=0.011s median=0.001s total=0.1s; verdicts PASSED=58 FAILED=74
[refine 1] spans={'amount': (0, 115792089237316195423570985008687907853269984665640564039457584007913129639935), 'msg.sender': (0, 4294967296), 'state.tag': (0, 1)} regions={2: {'amount': (115792089237316195423570985008687907853269984665640564039457584007913129639935, 0), 'msg.sender': (4294967296, 0), 'state.tag': (1, 115792089237316195423570985008687907853269984665640564039457584007913129639935)}, 6: {'amount': (0, 115792089237316195423570985008687907853269984665640564039457584007913129639934), 'msg.sender': (0, 4294967296), 'state.tag': (0, 115792089237316195423570985008687907853269984665640564039457584007913129639935)}, 7: {'amount': (0, 115792089237316195423570985008687907853269984665640564039457584007913129639934), 'msg.sender': (0, 4294967296), 'state.tag': (0, 115792089237316195423570985008687907853269984665640564039457584007913129639935)}} UNSEPARATED=[6, 7]
[certify enc=6] region overlaps an unseparated sibling; certifying anyway, the query is what decides
[punch enc=6 piece 1] amount != 115792089237316195423570985008687907853269984665640564039457584007913129639934, msg.sender != 4294967295  |R| 57586096570152913699974892898380567793532123114264532903689671329431521032594050093610901208845492207022694014428866545275471110075446108065522675321049030594658304
[witness enc=6] ⛔ REFUTED at the single point: this path gets NO test
[certify enc=7] region overlaps an unseparated sibling; certifying anyway, the query is what decides
[punch enc=7 piece 1] amount != 115792089237316195423570985008687907853269984665640564039457584007913129639934, msg.sender != 4294967295  |R| 57586096570152913699974892898380567793532123114264532903689671329431521032594050093610901208845492207022694014428866545275471110075446108065522675321049030594658304
[witness enc=7] ⛔ REFUTED at the single point: this path gets NO test

=== CERTIFIED REGIONS ===
  enc=2: NOT CERTIFIED — EXCLUDED FROM THE SLICE by the pins (msg.value: CE 115792089237316195423570985008687907853269984665640564039457584007913129639935 outside [0, 0]), which is why its region came back EMPTY on amount, msg.sender. ⛔ This is NOT a failure to certify: this path's own counterexample does not satisfy the pins, so the path was never in the slice being generalised. For the ABI-value gate path of a non-payable unit that is exactly what auto-pinning msg.value costs, and it is announced when the pin is applied. Counting it against the certification rate prices a stated design cost as a search result; this path falls back to its concrete counterexample test
  enc=6: NOT CERTIFIED — REFERRED TO THE COORDINATE GATE (method §Coordinates), not retried: the refuting witness and this path's counterexample agree on every coordinate, so what separates them is a quantity no test can set. §Certification sends such a path to the coordinate gate INSTEAD of to another shrink round, because no cut on any coordinate could answer it; the witness differs from this path's counterexample on: block.number (path=115792089237316195423570985008687907853269984665640564039457584007913129639935, witness=0) [NOT a bounded coordinate], block.timestamp (path=115792089237316195423570985008687907853269984665640564039457584007913129639935, witness=0) [NOT a bounded coordinate]. ⛔ AND NO TEST IS EMITTED FOR IT. The single-point check of §Certification was put on {x_pi} and REFUTED: some input satisfying every pinned coordinate does NOT walk this path. ⚠ TWO causes are possible and this verdict does not separate them, so neither may be quoted as the reason. (a) the witness trips a compiler-inserted check -- enumeration keeps those out of a path's identity and certification turns them on, which is why the method puts this query at all. (b) a quantity OUTSIDE the coordinate set is still free: the point pins only the free coordinates, and the method says of the rest that certification 'quantifies over it: where varying it can lead away from π, that query is refuted'. On this unit the refused and unmodelled quantities include the mapping slots and any external-call return. Either way the path's own counterexample is not shown to walk it under the checks a real run performs, so no test is emitted; this path falls back to its concrete counterexample test
  enc=7: NOT CERTIFIED — REFERRED TO THE COORDINATE GATE (method §Coordinates), not retried: the refuting witness and this path's counterexample agree on every coordinate, so what separates them is a quantity no test can set. §Certification sends such a path to the coordinate gate INSTEAD of to another shrink round, because no cut on any coordinate could answer it; the witness differs from this path's counterexample on: block.number (path=115792089237316195423570985008687907853269984665640564039457584007913129639935, witness=0) [NOT a bounded coordinate], block.timestamp (path=115792089237316195423570985008687907853269984665640564039457584007913129639935, witness=0) [NOT a bounded coordinate]. ⛔ AND NO TEST IS EMITTED FOR IT. The single-point check of §Certification was put on {x_pi} and REFUTED: some input satisfying every pinned coordinate does NOT walk this path. ⚠ TWO causes are possible and this verdict does not separate them, so neither may be quoted as the reason. (a) the witness trips a compiler-inserted check -- enumeration keeps those out of a path's identity and certification turns them on, which is why the method puts this query at all. (b) a quantity OUTSIDE the coordinate set is still free: the point pins only the free coordinates, and the method says of the rest that certification 'quantifies over it: where varying it can lead away from π, that query is refuted'. On this unit the refused and unmodelled quantities include the mapping slots and any external-call return. Either way the path's own counterexample is not shown to walk it under the checks a real run performs, so no test is emitted; this path falls back to its concrete counterexample test

[result] machine-readable result written to /tmp/certify_all/b2_probe/generalise-result.json: 0 certified region(s), 3 not certified, over 3 witnessed path(s)
################ UNIT=probe exit=1 ################
################ UNIT=ctrl START ################
[workdir] /tmp/certify_all/b2_ctrl
[scope] focus — dispatcher restricted to ctrl, --solidity-max-tx 1. The scope is the ALPHABET of the call sequence and max-tx is its LENGTH; both are recorded in run-config.json and in the result, because a run of one configuration may not be quoted into another's table
[enumerate] 3 witnessed path(s): enc=2 depth=1, enc=6 depth=2, enc=7 depth=2
[env] probed as free coordinate(s): msg.sender
[env] msg.value PINNED to 0: the source declares 'ctrl' nonpayable (not payable), so every call reaching its body has msg.value == 0 -- the ABI gate reverts the rest. This is a fact about the contract, not a slice: no reachable input is excluded. The ABI-gate revert path itself IS excluded, and its region will be reported EMPTY. Disable with --no-auto-pin-value
[env] 13 environment quantity(s) left unconstrained (--pin-env is off).
[coords] every state coordinate is a MUTABLE state variable (checked against the AST), so none was excluded
[coords] FREE: amount, msg.sender, state.tag, token   [pinned: {'msg.value': 0}]
[round] level-0: 0.7s wall, 4 coordinate(s), ~6 candidate value(s) per direction, 3 path(s)
[round] accounting: 18 of 36 probe(s) reached the solver; per-query wall: n=18 max=0.010s median=0.002s total=0.0s; verdicts PASSED=26 FAILED=10
[level0] enc=2 single-point on: amount==0, msg.sender==0
[level0] ⚠ enc=2: the point(s) on amount, msg.sender came from a ONE-VALUE candidate list, which CANNOT distinguish a genuine point domain from this path having NO inputs at all under the current pins -- an unsatisfiable antecedent makes every probe hold vacuously, in both directions, at any value. Try a second value on those coordinates: if both directions still hold, the interval inverts and the path is excluded from this slice. Coordinates with two or more candidates are NOT at risk -- there the inversion is what catches it
[level0] enc=6 single-point on: (none)
[level0] enc=7 single-point on: (none)
[level0] no coordinate was a single point for every path; every coordinate descends to level 2. Note this is NOT the same as 'no path has a point projection' -- the per-path results are printed above
[round] geometric-bracket: 180.0s wall, 4 coordinate(s), ~841 candidate value(s) per direction, 3 path(s)
[round] accounting: ? of ? probe(s) reached the solver; per-query wall: n=1699 max=0.005s median=0.002s total=3.4s; verdicts PASSED=1077 FAILED=1417
[outer-box] ROUND MEASURED NOTHING — no outer-box round finished, so nothing was measured for this path (a BUDGET outcome, not a property of the path)
[bracket] {}
[round] linear-refine: 1.4s wall, 4 coordinate(s), ~6 candidate value(s) per direction, 3 path(s)
[round] accounting: 195 of 246 probe(s) reached the solver; per-query wall: n=195 max=0.003s median=0.001s total=0.2s; verdicts PASSED=142 FAILED=104
[refine 1] spans={'amount': (0, 115792089237316195423570985008687907853269984665640564039457584007913129639935), 'msg.sender': (0, 1461501637330902918203684832716283019655932542975), 'state.tag': (0, 115792089237316195423570985008687907853269984665640564039457584007913129639935), 'token': (0, 1461501637330902918203684832716283019655932542975)} regions={2: {'amount': (115792089237316195423570985008687907853269984665640564039457584007913129639935, 0), 'msg.sender': (1461501637330902918203684832716283019655932542975, 0), 'state.tag': (115792089237316195423570985008687907853269984665640564039457584007913129639935, 115792089237316195423570985008687907853269984665640564039457584007913129639935), 'token': (1461501637330902918203684832716283019655932542975, 0)}, 6: {'amount': (0, 115792089237316195423570985008687907853269984665640564039457584007913129639935), 'msg.sender': (0, 162389070814544768689298314746253668850659171441), 'state.tag': (0, 115792089237316195423570985008687907853269984665640564039457584007913129639935), 'token': (101, 1461501637330902918203684832716283019655932542975)}, 7: {'amount': (0, 115792089237316195423570985008687907853269984665640564039457584007913129639935), 'msg.sender': (0, 162389070814544768689298314746253668850659171441), 'state.tag': (0, 115792089237316195423570985008687907853269984665640564039457584007913129639935), 'token': (0, 100)}} UNSEPARATED=[7]
[round] linear-refine: 1.3s wall, 4 coordinate(s), ~6 candidate value(s) per direction, 3 path(s)
[round] accounting: 198 of 246 probe(s) reached the solver; per-query wall: n=198 max=0.003s median=0.001s total=0.2s; verdicts PASSED=142 FAILED=104
[refine 2] spans={'amount': (0, 115792089237316195423570985008687907853269984665640564039457584007913129639935), 'msg.sender': (0, 162389070814544768689298314746253668850659171441), 'state.tag': (0, 12865787693035132824841220556520878650363331629515618226606398223101458848881), 'token': (0, 1461501637330902918203684832716283019655932542975)} regions={2: {'amount': (115792089237316195423570985008687907853269984665640564039457584007913129639935, 0), 'msg.sender': (162389070814544768689298314746253668850659171441, 0), 'state.tag': (12865787693035132824841220556520878650363331629515618226606398223101458848881, 115792089237316195423570985008687907853269984665640564039457584007913129639935), 'token': (1461501637330902918203684832716283019655932542975, 0)}, 6: {'amount': (0, 115792089237316195423570985008687907853269984665640564039457584007913129639935), 'msg.sender': (0, 18043230090504974298810923860694852094517685715), 'state.tag': (0, 115792089237316195423570985008687907853269984665640564039457584007913129639935), 'token': (101, 1461501637330902918203684832716283019655932542975)}, 7: {'amount': (0, 115792089237316195423570985008687907853269984665640564039457584007913129639935), 'msg.sender': (0, 18043230090504974298810923860694852094517685715), 'state.tag': (0, 115792089237316195423570985008687907853269984665640564039457584007913129639935), 'token': (0, 100)}} UNSEPARATED=[7]
[certify enc=7] region overlaps an unseparated sibling; certifying anyway, the query is what decides

=== CERTIFIED REGIONS ===
  enc=6: amount in [0, 115792089237316195423570985008687907853269984665640564039457584007913129639935], msg.sender in [0, 18043230090504974298810923860694852094517685715], state.tag in [0, 115792089237316195423570985008687907853269984665640564039457584007913129639935], token in [101, 1461501637330902918203684832716283019655932542975], msg.value == 0
  enc=7: amount in [0, 115792089237316195423570985008687907853269984665640564039457584007913129639935], msg.sender in [0, 18043230090504974298810923860694852094517685715], state.tag in [0, 115792089237316195423570985008687907853269984665640564039457584007913129639935], token in [0, 100], msg.value == 0
  enc=2: NOT CERTIFIED — EXCLUDED FROM THE SLICE by the pins (msg.value: CE 115792089237316195423570985008687907853269984665640564039457584007913129639935 outside [0, 0]), which is why its region came back EMPTY on amount, msg.sender, token. ⛔ This is NOT a failure to certify: this path's own counterexample does not satisfy the pins, so the path was never in the slice being generalised. For the ABI-value gate path of a non-payable unit that is exactly what auto-pinning msg.value costs, and it is announced when the pin is applied. Counting it against the certification rate prices a stated design cost as a search result; this path falls back to its concrete counterexample test

[result] machine-readable result written to /tmp/certify_all/b2_ctrl/generalise-result.json: 2 certified region(s), 1 not certified, over 3 witnessed path(s)
################ UNIT=ctrl exit=0 ################
