################ ARM aqua_Aqua__results_pieces_corpus ################
--- test files in this arm ---
total 32
drwxr-xr-x 2 samson samson 4096 Aug  3 13:31 .
drwxr-xr-x 7 samson samson 4096 Aug  3 13:29 ..
-rw-r--r-- 1 samson samson 4718 Aug  3 13:31 AquaCovTest_Aqua_push_put14.t.sol
-rw-r--r-- 1 samson samson 4510 Aug  3 13:29 AquaCovTest_Aqua_rawBalances_put7.t.sol
-rw-r--r-- 1 samson samson 5001 Aug  3 13:29 AquaCovTest_Aqua_safeBalances_put14.t.sol
No files changed, compilation skipped

Ran 3 tests for test/AquaCovTest_Aqua_push_put14.t.sol:AquaCovTest_Aqua_push_put14
[PASS] test_cov_0() (gas: 8311)
[PASS] test_cov_1() (gas: 15406)
[PASS] test_put_Aqua_push_path14(address,address,address,address,uint256) (runs: 256, μ: 18330, ~: 18493)
Logs:
  Bound result 180847076211518657644945212059388835
  Bound result 180847076211518657644945212059388835
  Bound result 5090
  Bound result 178448586663171232215919317646513402
  Bound result 791

Suite result: ok. 3 passed; 0 failed; 0 skipped; finished in 6.96ms (6.46ms CPU time)

Ran 3 tests for test/AquaCovTest_Aqua_rawBalances_put7.t.sol:AquaCovTest_Aqua_rawBalances_put7
[PASS] test_cov_0() (gas: 8427)
[PASS] test_cov_1() (gas: 15535)
[PASS] test_put_Aqua_rawBalances_path7(address,address,address,address) (runs: 256, μ: 17929, ~: 18095)
Logs:
  Bound result 1064470259
  Bound result 178448586663171232215919317646513402
  Bound result 3074
  Bound result 178448586663171232215919317646513402

Suite result: ok. 3 passed; 0 failed; 0 skipped; finished in 7.06ms (6.53ms CPU time)

Ran 3 tests for test/AquaCovTest_Aqua_safeBalances_put14.t.sol:AquaCovTest_Aqua_safeBalances_put14
[PASS] test_cov_0() (gas: 8343)
[PASS] test_cov_1() (gas: 15476)
[PASS] test_put_Aqua_safeBalances_path14(address,address,address,address,address) (runs: 256, μ: 18344, ~: 18505)
Logs:
  Bound result 214
  Bound result 180847076211518657644945212059388835
  Bound result 180847076211518657644945212059388835
  Bound result 180847076211518657644945212059388835
  Bound result 2446

Suite result: ok. 3 passed; 0 failed; 0 skipped; finished in 8.22ms (7.58ms CPU time)

Ran 3 test suites in 83.07ms (22.24ms CPU time): 9 tests passed, 0 failed, 0 skipped (9 total tests)
################ aqua_Aqua__results_pieces_corpus forge exit=0 ################
################ ARM farming__results_pieces_corpus ################
--- test files in this arm ---
total 80
drwxr-xr-x 2 samson samson  4096 Aug  3 13:34 .
drwxr-xr-x 7 samson samson  4096 Aug  3 13:31 ..
-rw-r--r-- 1 samson samson  9217 Aug  3 13:33 FarmingPoolCovTest_FarmingPool_decimals_put3.t.sol
-rw-r--r-- 1 samson samson  8705 Aug  3 13:33 FarmingPoolCovTest_FarmingPool_distributor_put3.t.sol
-rw-r--r-- 1 samson samson  8575 Aug  3 13:34 FarmingPoolCovTest_FarmingPool_farmInfo_put3.t.sol
-rw-r--r-- 1 samson samson 10206 Aug  3 13:32 FarmingPoolCovTest_FarmingPool_setDistributor_put12.t.sol
-rw-r--r-- 1 samson samson 11239 Aug  3 13:32 FarmingPoolCovTest_FarmingPool_setDistributor_put13.t.sol
-rw-r--r-- 1 samson samson  9534 Aug  3 13:31 FarmingPoolCovTest_FarmingPool_stopFarming_put6.t.sol
No files changed, compilation skipped

Ran 6 tests for test/FarmingPoolCovTest_FarmingPool_setDistributor_put12.t.sol:FarmingPoolCovTest_FarmingPool_setDistributor_put12
[PASS] test_cov_0() (gas: 34284)
[PASS] test_cov_1() (gas: 11168)
[PASS] test_cov_2() (gas: 11064)
[PASS] test_cov_3() (gas: 10888)
[PASS] test_cov_4() (gas: 15394)
[PASS] test_put_FarmingPool_setDistributor_path12(address,address) (runs: 256, μ: 20368, ~: 20361)
Logs:
  Bound result 821891232
  Bound result 0

Suite result: ok. 6 passed; 0 failed; 0 skipped; finished in 26.66ms (23.58ms CPU time)

Ran 3 tests for test/FarmingPoolCovTest_FarmingPool_distributor_put3.t.sol:FarmingPoolCovTest_FarmingPool_distributor_put3
[PASS] test_cov_0() (gas: 8074)
[PASS] test_cov_1() (gas: 15818)
[PASS] test_put_FarmingPool_distributor_path3(address) (runs: 256, μ: 17128, ~: 17170)
Logs:
  Bound result 1590284778

Suite result: ok. 3 passed; 0 failed; 0 skipped; finished in 26.66ms (26.15ms CPU time)

Ran 3 tests for test/FarmingPoolCovTest_FarmingPool_decimals_put3.t.sol:FarmingPoolCovTest_FarmingPool_decimals_put3
[PASS] test_cov_0() (gas: 12936)
[PASS] test_cov_1() (gas: 15554)
[PASS] test_put_FarmingPool_decimals_path3(address) (runs: 256, μ: 26054, ~: 26095)
Logs:
  Bound result 1590284778

Suite result: ok. 3 passed; 0 failed; 0 skipped; finished in 26.73ms (25.10ms CPU time)

Ran 6 tests for test/FarmingPoolCovTest_FarmingPool_setDistributor_put13.t.sol:FarmingPoolCovTest_FarmingPool_setDistributor_put13
[PASS] test_cov_0() (gas: 34306)
[PASS] test_cov_1() (gas: 11168)
[PASS] test_cov_2() (gas: 11064)
[PASS] test_cov_3() (gas: 10910)
[PASS] test_cov_4() (gas: 15394)
[PASS] test_put_FarmingPool_setDistributor_path13(address) (runs: 256, μ: 18151, ~: 18151)
Logs:
  Bound result 180847076211518657644945212059388835

Suite result: ok. 6 passed; 0 failed; 0 skipped; finished in 27.66ms (21.41ms CPU time)

Ran 5 tests for test/FarmingPoolCovTest_FarmingPool_stopFarming_put6.t.sol:FarmingPoolCovTest_FarmingPool_stopFarming_put6
[PASS] test_cov_0() (gas: 20092)
[PASS] test_cov_1() (gas: 62314)
[PASS] test_cov_2() (gas: 11217)
[PASS] test_cov_3() (gas: 15244)
[PASS] test_put_FarmingPool_stopFarming_path6(address) (runs: 256, μ: 16984, ~: 17076)
Logs:
  Bound result 180847076211518657644945212059388835

Suite result: ok. 5 passed; 0 failed; 0 skipped; finished in 28.31ms (26.63ms CPU time)

Ran 3 tests for test/FarmingPoolCovTest_FarmingPool_farmInfo_put3.t.sol:FarmingPoolCovTest_FarmingPool_farmInfo_put3
[PASS] test_cov_0() (gas: 10488)
[PASS] test_cov_1() (gas: 15488)
[PASS] test_put_FarmingPool_farmInfo_path3(address) (runs: 256, μ: 21144, ~: 21186)
Logs:
  Bound result 992794865

Suite result: ok. 3 passed; 0 failed; 0 skipped; finished in 31.07ms (30.69ms CPU time)

Ran 6 test suites in 35.53ms (167.10ms CPU time): 26 tests passed, 0 failed, 0 skipped (26 total tests)
################ farming__results_pieces_corpus forge exit=0 ################
################ ARM farming__results_envsender_shrink8 ################
--- test files in this arm ---
total 32
drwxr-xr-x 2 samson samson  4096 Aug  3 04:53 .
drwxr-xr-x 7 samson samson  4096 Aug  3 04:42 ..
-rw-r--r-- 1 samson samson 10206 Aug  3 05:01 FarmingPoolCovTest_FarmingPool_setDistributor_put12.t.sol
-rw-r--r-- 1 samson samson 11239 Aug  3 05:01 FarmingPoolCovTest_FarmingPool_setDistributor_put13.t.sol
No files changed, compilation skipped

Ran 6 tests for test/FarmingPoolCovTest_FarmingPool_setDistributor_put13.t.sol:FarmingPoolCovTest_FarmingPool_setDistributor_put13
[PASS] test_cov_0() (gas: 34306)
[PASS] test_cov_1() (gas: 11168)
[PASS] test_cov_2() (gas: 11064)
[PASS] test_cov_3() (gas: 10910)
[PASS] test_cov_4() (gas: 15394)
[PASS] test_put_FarmingPool_setDistributor_path13(address) (runs: 256, μ: 18151, ~: 18151)
Logs:
  Bound result 722939964440362238967567952351546286242810165021

Suite result: ok. 6 passed; 0 failed; 0 skipped; finished in 11.46ms (10.65ms CPU time)

Ran 6 tests for test/FarmingPoolCovTest_FarmingPool_setDistributor_put12.t.sol:FarmingPoolCovTest_FarmingPool_setDistributor_put12
[PASS] test_cov_0() (gas: 34284)
[PASS] test_cov_1() (gas: 11168)
[PASS] test_cov_2() (gas: 11064)
[PASS] test_cov_3() (gas: 10888)
[PASS] test_cov_4() (gas: 15394)
[PASS] test_put_FarmingPool_setDistributor_path12(address,address) (runs: 256, μ: 20369, ~: 20361)
Logs:
  Bound result 821906808
  Bound result 0

Suite result: ok. 6 passed; 0 failed; 0 skipped; finished in 11.66ms (10.81ms CPU time)

Ran 2 test suites in 12.80ms (23.12ms CPU time): 12 tests passed, 0 failed, 0 skipped (12 total tests)
################ farming__results_envsender_shrink8 forge exit=0 ################
################ ARM farming__results_envsender_shrink8_unwindset_rt600 ################
--- test files in this arm ---
total 68
drwxr-xr-x 2 samson samson  4096 Aug  3 13:28 .
drwxr-xr-x 7 samson samson  4096 Aug  3 13:25 ..
-rw-r--r-- 1 samson samson 10323 Aug  3 13:25 FarmingPoolCovTest_FarmingPool_setDistributor_put12p3.t.sol
-rw-r--r-- 1 samson samson 10195 Aug  3 13:26 FarmingPoolCovTest_FarmingPool_setDistributor_put12p4.t.sol
-rw-r--r-- 1 samson samson 11369 Aug  3 13:27 FarmingPoolCovTest_FarmingPool_setDistributor_put13p2.t.sol
-rw-r--r-- 1 samson samson 11470 Aug  3 13:27 FarmingPoolCovTest_FarmingPool_setDistributor_put13p3.t.sol
-rw-r--r-- 1 samson samson 11392 Aug  3 13:28 FarmingPoolCovTest_FarmingPool_setDistributor_put13p4.t.sol
No files changed, compilation skipped

Ran 6 tests for test/FarmingPoolCovTest_FarmingPool_setDistributor_put12p3.t.sol:FarmingPoolCovTest_FarmingPool_setDistributor_put12p3
[PASS] test_cov_0() (gas: 34306)
[PASS] test_cov_1() (gas: 11168)
[PASS] test_cov_2() (gas: 11064)
[PASS] test_cov_3() (gas: 10888)
[PASS] test_cov_4() (gas: 15394)
[PASS] test_put_FarmingPool_setDistributor_path12p3(address,address) (runs: 256, μ: 20269, ~: 20273)
Logs:
  Bound result 1244112893
  Bound result 0

Suite result: ok. 6 passed; 0 failed; 0 skipped; finished in 17.56ms (16.63ms CPU time)

Ran 6 tests for test/FarmingPoolCovTest_FarmingPool_setDistributor_put13p4.t.sol:FarmingPoolCovTest_FarmingPool_setDistributor_put13p4
[PASS] test_cov_0() (gas: 34284)
[PASS] test_cov_1() (gas: 11168)
[PASS] test_cov_2() (gas: 11064)
[PASS] test_cov_3() (gas: 10888)
[PASS] test_cov_4() (gas: 15394)
[PASS] test_put_FarmingPool_setDistributor_path13p4(address,address) (runs: 256, μ: 19653, ~: 19652)
Logs:
  Bound result 1736544098
  Bound result 58

Suite result: ok. 6 passed; 0 failed; 0 skipped; finished in 19.70ms (16.14ms CPU time)

Ran 6 tests for test/FarmingPoolCovTest_FarmingPool_setDistributor_put13p3.t.sol:FarmingPoolCovTest_FarmingPool_setDistributor_put13p3
[PASS] test_cov_0() (gas: 34306)
[PASS] test_cov_1() (gas: 11168)
[PASS] test_cov_2() (gas: 11064)
[PASS] test_cov_3() (gas: 10888)
[PASS] test_cov_4() (gas: 15394)
[PASS] test_put_FarmingPool_setDistributor_path13p3(address,address) (runs: 256, μ: 19562, ~: 19564)
Logs:
  Bound result 1085708022
  Bound result 1101111380326417261135196715573501494829782170928

Suite result: ok. 6 passed; 0 failed; 0 skipped; finished in 21.10ms (19.13ms CPU time)

Ran 6 tests for test/FarmingPoolCovTest_FarmingPool_setDistributor_put13p2.t.sol:FarmingPoolCovTest_FarmingPool_setDistributor_put13p2
[PASS] test_cov_0() (gas: 34284)
[PASS] test_cov_1() (gas: 11168)
[PASS] test_cov_2() (gas: 11042)
[PASS] test_cov_3() (gas: 10888)
[PASS] test_cov_4() (gas: 15394)
[PASS] test_put_FarmingPool_setDistributor_path13p2(address,address) (runs: 256, μ: 19748, ~: 19740)
Logs:
  Bound result 558642550
  Bound result 256300732324402123751476856067869759079663296327

Suite result: ok. 6 passed; 0 failed; 0 skipped; finished in 21.18ms (19.65ms CPU time)

Ran 6 tests for test/FarmingPoolCovTest_FarmingPool_setDistributor_put12p4.t.sol:FarmingPoolCovTest_FarmingPool_setDistributor_put12p4
[PASS] test_cov_0() (gas: 34284)
[PASS] test_cov_1() (gas: 11168)
[PASS] test_cov_2() (gas: 11042)
[PASS] test_cov_3() (gas: 10888)
[PASS] test_cov_4() (gas: 15394)
[PASS] test_put_FarmingPool_setDistributor_path12p4(address,address) (runs: 256, μ: 21567, ~: 21559)
Logs:
  Bound result 1702477546
  Bound result 0

Suite result: ok. 6 passed; 0 failed; 0 skipped; finished in 21.21ms (16.94ms CPU time)

Ran 5 test suites in 22.65ms (100.75ms CPU time): 30 tests passed, 0 failed, 0 skipped (30 total tests)
################ farming__results_envsender_shrink8_unwindset_rt600 forge exit=0 ################
