project      put                                          par  wide  asrt  green  B    first failing gate
----------------------------------------------------------------------------------------------------------------
aqua_Aqua__results_pieces_corpus test_put_Aqua_push_path14                      5  True     0   True  no   gate3: no assert* over post-state or the return value
aqua_Aqua__results_pieces_corpus test_put_Aqua_rawBalances_path7                4  True     2   True  YES  
aqua_Aqua__results_pieces_corpus test_put_Aqua_safeBalances_path14              5  True     0   True  no   gate3: no assert* over post-state or the return value
farming__results_pieces_corpus test_put_FarmingPool_decimals_path3            1  True     9   True  YES  
farming__results_pieces_corpus test_put_FarmingPool_distributor_path3         1  True    10   True  YES  
farming__results_pieces_corpus test_put_FarmingPool_farmInfo_path3            1  True     9   True  YES  
farming__results_pieces_corpus test_put_FarmingPool_setDistributor_path12     2  True    12   True  YES  
farming__results_pieces_corpus test_put_FarmingPool_setDistributor_path13     1  True    10   True  YES  
farming__results_pieces_corpus test_put_FarmingPool_stopFarming_path6         1  True     9   True  YES  
farming__results_envsender_shrink8 test_put_FarmingPool_setDistributor_path12     2  True    12   True  YES  
farming__results_envsender_shrink8 test_put_FarmingPool_setDistributor_path13     1  True    10   True  YES  
farming__results_envsender_shrink8_unwindset_rt600 test_put_FarmingPool_setDistributor_path12p3   2  True    12   True  YES  
farming__results_envsender_shrink8_unwindset_rt600 test_put_FarmingPool_setDistributor_path12p4   2  True    12   True  YES  
farming__results_envsender_shrink8_unwindset_rt600 test_put_FarmingPool_setDistributor_path13p2   2  True    10   True  YES  
farming__results_envsender_shrink8_unwindset_rt600 test_put_FarmingPool_setDistributor_path13p3   2  True    10   True  YES  
farming__results_envsender_shrink8_unwindset_rt600 test_put_FarmingPool_setDistributor_path13p4   2  True    10   True  YES  
aqua_Aqua    test_put_Aqua_dock_path12                      1  True     0   True  no   gate3: no assert* over post-state or the return value
aqua_Aqua    test_put_Aqua_push_path14                      4  True     0   True  no   gate3: no assert* over post-state or the return value
aqua_Aqua    test_put_Aqua_rawBalances_path7                3  True     2   True  YES  
aqua_Aqua    test_put_Aqua_safeBalances_path14              4  True     0   True  no   gate3: no assert* over post-state or the return value
farming      test_put_FarmingPool_allowance_path3           2  True    15   True  YES  
farming      test_put_FarmingPool_balanceOf_path3           1  True    13   True  YES  
farming      test_put_FarmingPool_decimals_path3            0 False     9   True  no   gate1: the PUT takes no parameter -- a deterministic point, not a fuzz test
farming      test_put_FarmingPool_distributor_path3         0 False    10   True  no   gate1: the PUT takes no parameter -- a deterministic point, not a fuzz test
farming      test_put_FarmingPool_farmInfo_path3            0 False     9   True  no   gate1: the PUT takes no parameter -- a deterministic point, not a fuzz test
farming      test_put_FarmingPool_farmed_path7              1  True    12   True  YES  
farming      test_put_FarmingPool_transfer_path14           2  True     9   True  YES  
farming      test_put_FarmingPool_transfer_path1938         2  True     9   True  YES  
farming      test_put_FarmingPool_transfer_path255          2  True     9   True  YES  
farming      test_put_FarmingPool_transfer_path6            2  True     9   True  YES  

B = 22   (of 30 emitted PUT file(s) inspected)

gate 1 fuzz parameters  : the column `par` -- 0 means the PUT takes none, i.e. it is a deterministic point of the region
gate 2 a bound wider    : `wide` -- False means every bound() is a single value, which is a concrete test with extra syntax
gate 3 an oracle assert : `asrt` counts assert* calls INSIDE the PUT body only; the concrete replay cases in the same file are not counted
gate 4 forge green      : the whole SUITE, from a real run -- a green PUT beside a red concrete case is a red file
gate 5 corpus contract  : judged by the project, listed above
