=== 10 CERTIFIED region(s) recorded by stage 2 (results_pieces_corpus.jsonl) ===
=== ARM results_pieces_corpus: PUTs go to their OWN project and workdir, so this table does not overwrite or get confused with another arm's. Two arms' PUT counts must never be summed. ===

====================================================================================
STAGE 4: certified region -> PUT with oracle
CELL: scope=focus --solidity-max-tx=1 -> GATE, UNRECORDED
** MIXED CELLS IN ONE TABLE. These rows are not comparable and the table must not be quoted anywhere. **
====================================================================================
benchmark                   unit                enc  rc  fuzz  asserts  outcome
aqua_Aqua                   rawBalances           7   0     4        2  AquaCovTest_Aqua_rawBalances_put7.t.sol
aqua_Aqua                   safeBalances         14   0     5        0  AquaCovTest_Aqua_safeBalances_put14.t.sol
aqua_Aqua                   dock                 12   1     0        0  NOT EMITTED YET (no put.json; re-run without --forge-only)
aqua_Aqua                   push                 14   0     5        0  AquaCovTest_Aqua_push_put14.t.sol
farming                     stopFarming           6   0     1        9  FarmingPoolCovTest_FarmingPool_stopFarming_put6.t.sol
farming                     setDistributor       12   0     2       12  FarmingPoolCovTest_FarmingPool_setDistributor_put12.t.sol
farming                     setDistributor       13   0     1       10  FarmingPoolCovTest_FarmingPool_setDistributor_put13.t.sol
farming                     distributor           3   0     1       10  FarmingPoolCovTest_FarmingPool_distributor_put3.t.sol
farming                     decimals              3   0     1        9  FarmingPoolCovTest_FarmingPool_decimals_put3.t.sol
farming                     farmInfo              3   0     1        9  FarmingPoolCovTest_FarmingPool_farmInfo_put3.t.sol

  PUTs emitted                     : 9 of 10 certified region(s)
  ... of which carry FUZZ parameters: 9
  ... of which carry an ORACLE      : 7
  ... of which carry BOTH           : 7

  A PUT with no fuzz parameter is still a PUT -- it carries the
  certified region as an established entry state and the oracle --
  but it is ONE point of the region, not a fuzz test over it, and
  the two must not be added together.

  ⚠ NONE of the four counters above is B. They are properties of the
  EMITTED TEXT; B additionally requires the test to be GREEN on the
  unmodified contract, which only forge can say. See the gate below.

====================================================================================
DELIVERABLE B — all five WORKORDER gates, per PUT
====================================================================================
benchmark               unit                enc   1.fuzz 2.width 3.assert 4.green 5.corpus  B
aqua_Aqua               rawBalances           7      yes     yes      yes     yes      yes  **B**
aqua_Aqua               safeBalances         14      yes     yes       NO     yes      yes  
aqua_Aqua               dock                 12       NO     yes       NO       ?      yes  
aqua_Aqua               push                 14      yes     yes       NO     yes      yes  
farming                 stopFarming           6      yes     yes      yes     yes      yes  **B**
farming                 setDistributor       12      yes     yes      yes     yes      yes  **B**
farming                 setDistributor       13      yes     yes      yes     yes      yes  **B**
farming                 distributor           3      yes     yes      yes     yes      yes  **B**
farming                 decimals              3      yes     yes      yes     yes      yes  **B**
farming                 farmInfo              3      yes     yes      yes     yes      yes  **B**

  B = 7 of 10 emitted PUT(s)
  A row failing gate 4 with '?' was never seen by forge -- that is an
  UNKNOWN, not a failure, and it is not counted toward B either.
