==============================================================================
THE CELL EVERY REPORT WAS MEASURED IN
==============================================================================
    5 report(s)  {"kind": "bounded", "max_tx": "1", "unwind": "4"}

==============================================================================
notes/coverage/forge_roundtrip/aqua_Aqua/_gen/Aqua__pull/cov-report.json
  witnessed: 5
  enc=2: depth=1 exit=revert revert=rollback msg.value='0' decisions=1 synthetic_abi_gate_steps=1
       [1] fall-through  msg.value == 0   (pull:2266)  <-- SYNTHETIC ABI GATE
  ⛔ STALE ENV HARVEST. enc=2 takes the `msg.value == 0` gate FALSE, so this path requires msg.value != 0, yet the payload publishes msg.value == 0. This report predates the last-write-wins fix to the environment harvest. Its env block is wrong, paths that differ only in the environment collapse into one fingerprint, and THE GROUPING BELOW MUST NOT BE QUOTED -- only the `decisions`, which the instrumenter writes and the harvest never touches.
  ⛔ IDENTICAL PAYLOAD across paths 58, 59
     decision index 5:
        fall-through  !(!success)   (safeTransferFrom:1820)
               taken  !success   (safeTransferFrom:1820)
        ^ names a call-result bit; this group is the external-call class
  ⛔ IDENTICAL PAYLOAD across paths 62, 63
     decision index 5:
        fall-through  !(!success)   (safeTransferFrom:1820)
               taken  !success   (safeTransferFrom:1820)
        ^ names a call-result bit; this group is the external-call class

==============================================================================
notes/coverage/forge_roundtrip/cross_chain_swap_EscrowDst/_gen/BaseEscrow__rescueFunds/cov-report.json
  witnessed: 8
  enc=2: depth=1 exit=revert revert=rollback msg.value='0' decisions=1 synthetic_abi_gate_steps=1
       [1] fall-through  msg.value == 0   (rescueFunds:1486)  <-- SYNTHETIC ABI GATE
  ⛔ STALE ENV HARVEST. enc=2 takes the `msg.value == 0` gate FALSE, so this path requires msg.value != 0, yet the payload publishes msg.value == 0. This report predates the last-write-wins fix to the environment harvest. Its env block is wrong, paths that differ only in the environment collapse into one fingerprint, and THE GROUPING BELOW MUST NOT BE QUOTED -- only the `decisions`, which the instrumenter writes and the harvest never touches.
  ⛔ IDENTICAL PAYLOAD across paths 2, 59, 63
     ⚠ the paths have DIFFERENT decision-sequence lengths ([1, 5]); only the common prefix is compared
     decision index 1:
        fall-through  msg.value == 0   (rescueFunds:1486)
               taken  !(msg.value == 0)   (rescueFunds:1486)
               taken  !(msg.value == 0)   (rescueFunds:1486)
  ⛔ IDENTICAL PAYLOAD across paths 28, 30
     decision index 3:
        fall-through  !(return_value$_computeAddress$1 != $address)   (_validateImmutables:1548)
               taken  return_value$_computeAddress$1 != $address   (_validateImmutables:1548)
  ⛔ IDENTICAL PAYLOAD across paths 58, 62
     decision index 3:
        fall-through  !(return_value$_computeAddress$1 != $address)   (_validateImmutables:1548)
               taken  return_value$_computeAddress$1 != $address   (_validateImmutables:1548)

==============================================================================
notes/coverage/forge_roundtrip/farming/_gen/FarmingPool__stopFarming/cov-report.json
  witnessed: 5
  enc=2: depth=1 exit=revert revert=rollback msg.value='0' decisions=1 synthetic_abi_gate_steps=1
       [1] fall-through  msg.value == 0   (stopFarming:4156)  <-- SYNTHETIC ABI GATE
  ⛔ STALE ENV HARVEST. enc=2 takes the `msg.value == 0` gate FALSE, so this path requires msg.value != 0, yet the payload publishes msg.value == 0. This report predates the last-write-wins fix to the environment harvest. Its env block is wrong, paths that differ only in the environment collapse into one fingerprint, and THE GROUPING BELOW MUST NOT BE QUOTED -- only the `decisions`, which the instrumenter writes and the harvest never touches.
  ⛔ IDENTICAL PAYLOAD across paths 115, 119, 2
     ⚠ the paths have DIFFERENT decision-sequence lengths ([1, 6]); only the common prefix is compared
     decision index 1:
               taken  !(msg.value == 0)   (stopFarming:4156)
               taken  !(msg.value == 0)   (stopFarming:4156)
        fall-through  msg.value == 0   (stopFarming:4156)

==============================================================================
notes/coverage/forge_roundtrip/farming/_gen/FarmingPool__deposit/cov-report.json
  witnessed: 7
  enc=2: depth=1 exit=revert revert=rollback msg.value='0' decisions=1 synthetic_abi_gate_steps=1
       [1] fall-through  msg.value == 0   (deposit:4168)  <-- SYNTHETIC ABI GATE
  ⛔ STALE ENV HARVEST. enc=2 takes the `msg.value == 0` gate FALSE, so this path requires msg.value != 0, yet the payload publishes msg.value == 0. This report predates the last-write-wins fix to the environment harvest. Its env block is wrong, paths that differ only in the environment collapse into one fingerprint, and THE GROUPING BELOW MUST NOT BE QUOTED -- only the `decisions`, which the instrumenter writes and the harvest never touches.
  ⛔ IDENTICAL PAYLOAD across paths 2, 246, 247, 26, 27
     ⚠ the paths have DIFFERENT decision-sequence lengths ([1, 4, 7]); only the common prefix is compared
     decision index 1:
        fall-through  msg.value == 0   (deposit:4168)
               taken  !(msg.value == 0)   (deposit:4168)
               taken  !(msg.value == 0)   (deposit:4168)
               taken  !(msg.value == 0)   (deposit:4168)
               taken  !(msg.value == 0)   (deposit:4168)
  ⛔ IDENTICAL PAYLOAD across paths 3622, 3623
     decision index 11:
        fall-through  !(!success)   (safeTransferFrom:532)
               taken  !success   (safeTransferFrom:532)
        ^ names a call-result bit; this group is the external-call class

==============================================================================
notes/coverage/forge_roundtrip/farming/_gen/FarmingPool__withdraw/cov-report.json
  witnessed: 7
  enc=2: depth=1 exit=revert revert=rollback msg.value='0' decisions=1 synthetic_abi_gate_steps=1
       [1] fall-through  msg.value == 0   (withdraw:4174)  <-- SYNTHETIC ABI GATE
  ⛔ STALE ENV HARVEST. enc=2 takes the `msg.value == 0` gate FALSE, so this path requires msg.value != 0, yet the payload publishes msg.value == 0. This report predates the last-write-wins fix to the environment harvest. Its env block is wrong, paths that differ only in the environment collapse into one fingerprint, and THE GROUPING BELOW MUST NOT BE QUOTED -- only the `decisions`, which the instrumenter writes and the harvest never touches.
  ⛔ IDENTICAL PAYLOAD across paths 12, 13, 2, 252, 253
     ⚠ the paths have DIFFERENT decision-sequence lengths ([1, 3, 7]); only the common prefix is compared
     decision index 1:
               taken  !(msg.value == 0)   (withdraw:4174)
               taken  !(msg.value == 0)   (withdraw:4174)
        fall-through  msg.value == 0   (withdraw:4174)
               taken  !(msg.value == 0)   (withdraw:4174)
               taken  !(msg.value == 0)   (withdraw:4174)
  ⛔ IDENTICAL PAYLOAD across paths 1804, 1805
     decision index 10:
        fall-through  !(!return_value$__makeCall$2)   (safeTransfer:585)
               taken  !return_value$__makeCall$2   (safeTransfer:585)

==============================================================================
groups with an identical payload: 10; of which separated by a call-result bit: 3
⛔ 5 of 5 report(s) have a STALE env harvest (see above). Their groupings are not evidence; join the path ids to a CURRENT certification ledger instead, and quote only the decisions from here.
==============================================================================
