No files changed, compilation skipped

Ran 3 tests for test/FarmingPoolCovTest_FarmingPool_farmInfo_put3.t.sol:FarmingPoolCovTest_FarmingPool_farmInfo_put3
[PASS] test_cov_0() (gas: 10488)
[PASS] test_cov_1() (gas: 15488)
[PASS] test_put_FarmingPool_farmInfo_path3(address) (runs: 256, μ: 21145, ~: 21186)
Logs:
  Bound result 3636138905

Suite result: ok. 3 passed; 0 failed; 0 skipped; finished in 12.45ms (12.05ms CPU time)

Ran 3 tests for test/FarmingPoolCovTest_FarmingPool_decimals_put3.t.sol:FarmingPoolCovTest_FarmingPool_decimals_put3
[PASS] test_cov_0() (gas: 12936)
[PASS] test_cov_1() (gas: 15554)
[PASS] test_put_FarmingPool_decimals_path3(address) (runs: 256, μ: 26056, ~: 26095)
Logs:
  Bound result 3636138905

Suite result: ok. 3 passed; 0 failed; 0 skipped; finished in 12.69ms (12.17ms CPU time)

Ran 6 tests for test/FarmingPoolCovTest_FarmingPool_setDistributor_put12.t.sol:FarmingPoolCovTest_FarmingPool_setDistributor_put12
[PASS] test_cov_0() (gas: 34284)
[PASS] test_cov_1() (gas: 11168)
[PASS] test_cov_2() (gas: 11064)
[PASS] test_cov_3() (gas: 10888)
[PASS] test_cov_4() (gas: 15394)
[PASS] test_put_FarmingPool_setDistributor_path12(address,address) (runs: 256, μ: 20364, ~: 20361)
Logs:
  Bound result 821911057
  Bound result 0

Suite result: ok. 6 passed; 0 failed; 0 skipped; finished in 13.03ms (12.03ms CPU time)

Ran 6 tests for test/FarmingPoolCovTest_FarmingPool_setDistributor_put13.t.sol:FarmingPoolCovTest_FarmingPool_setDistributor_put13
[PASS] test_cov_0() (gas: 34306)
[PASS] test_cov_1() (gas: 11168)
[PASS] test_cov_2() (gas: 11064)
[PASS] test_cov_3() (gas: 10910)
[PASS] test_cov_4() (gas: 15394)
[PASS] test_put_FarmingPool_setDistributor_path13(address) (runs: 256, μ: 18151, ~: 18151)
Logs:
  Bound result 552719693759762865721890564481658842527032981004

Suite result: ok. 6 passed; 0 failed; 0 skipped; finished in 13.10ms (11.44ms CPU time)

Ran 3 tests for test/FarmingPoolCovTest_FarmingPool_distributor_put3.t.sol:FarmingPoolCovTest_FarmingPool_distributor_put3
[PASS] test_cov_0() (gas: 8074)
[PASS] test_cov_1() (gas: 15818)
[PASS] test_put_FarmingPool_distributor_path3(address) (runs: 256, μ: 17130, ~: 17170)
Logs:
  Bound result 3883415884

Suite result: ok. 3 passed; 0 failed; 0 skipped; finished in 13.18ms (12.57ms CPU time)

Ran 5 tests for test/FarmingPoolCovTest_FarmingPool_stopFarming_put6.t.sol:FarmingPoolCovTest_FarmingPool_stopFarming_put6
[PASS] test_cov_0() (gas: 20092)
[PASS] test_cov_1() (gas: 62314)
[PASS] test_cov_2() (gas: 11217)
[PASS] test_cov_3() (gas: 15244)
[PASS] test_put_FarmingPool_stopFarming_path6(address) (runs: 256, μ: 16985, ~: 17076)
Logs:
  Bound result 11422791044613636757562848660813279691502409554

Suite result: ok. 5 passed; 0 failed; 0 skipped; finished in 13.10ms (11.81ms CPU time)

Ran 6 test suites in 14.33ms (77.54ms CPU time): 26 tests passed, 0 failed, 0 skipped (26 total tests)
forge exit=0
