==============================================================================
BINARY THAT PRODUCED THESE ROWS
==============================================================================
    45 row(s)  {"binaryMtime": 1785720609, "head": "a01ffdc4eb", "srcDirty": false}

==============================================================================
UNIT BUCKETS (stage-1 outcome, BEFORE any path can be generalised)
==============================================================================
    23  NO-WITNESS-UNKNOWN
     9  CERTIFIED
     8  NOT-CERTIFIED
     5  KILLED
  ----
    45  units total

  ⛔ NO-WITNESS-UNKNOWN and KILLED units contribute NO row to the
     path table below. Their loss is at STAGE 1 and no amount of
     generaliser work can reach them.

==============================================================================
UNCERTIFIED PATHS, BY UNIT AND BY REASON CLASS
==============================================================================
benchmark::unit                            A    B    C    D    E   wall_s  unit_to  run_to  refine  shrink  probes
aqua_Aqua::rawBalances                     0    0    1    0    0    203.4     1200     180       2       8       8
aqua_Aqua::safeBalances                    0    0    1    0    0    216.3     1200     180       2       8       8
aqua_Aqua::dock                            0    0    1    0    0    215.8     1200     180       2       8       8
aqua_Aqua::pull                            0    0    1    4    0    311.9     1200     180       2       8       8
aqua_Aqua::push                            0    0    1    0    0    214.9     1200     180       2       8       8
cross_chain_swap_EscrowDst::rescueFunds    0    5    1    2    0    613.1     1200     180       2       8       8
cross_chain_swap_EscrowDst::cancel        12    0    0    0    0    415.3     1200     180       2       8       8
farming::startFarming                     26    0    0    0    0    427.1     1200     180       2       8       8
farming::stopFarming                       0    0    1    1    2    270.0     1200     180       2       8       8
farming::farmed                            0    3    1    0    0    942.8     1200     180       2       8       8
farming::setDistributor                    0    2    1    0    0    791.7     1200     180       2       8       8
farming::distributor                       0    0    1    0    0    108.8     1200     180       2       8       8
farming::decimals                          0    0    1    0    0    181.7     1200     180       2       8       8
farming::farmInfo                          0    0    1    0    0    109.4     1200     180       2       8       8
farming::deposit                           0    2    1    4    0    579.6     1200     180       2       8       8
farming::withdraw                          0    2    1    4    0    824.3     1200     180       2       8       8
farming::rescueFunds                      10    0    0    0    0    598.2     1200     180       2       8       8

TOTAL                                     48   14   14   15    2

==============================================================================
THE CLASSES, LARGEST FIRST -- AND WHAT EACH ONE MEANS
==============================================================================
    48  (51.6%)  A_BUDGET_no_round_finished
              the outer-box round never completed, so NOTHING was measured for
              this path. The generaliser says so itself: 'a BUDGET outcome, not a
              property of the path'. Raising the budget is the whole fix.

    15  (16.1%)  D_UNSEPARATED_payload_identical
              ⛔ THE MODELLING CLASS, AND IT IS THE EXTERNAL CALL'S SUCCESS BIT.
              MEASURED on farming::deposit (4 of these 15 paths): its six non-gate
              witnessed paths are THREE PAIRS -- (26,27) (246,247) (3622,3623) --
              and each pair differs on EXACTLY ONE decision, the same one in all
              three: `!success` vs `!(!success)` in safeTransferFrom at flat.sol
              line 532, i.e. SafeERC20's `(bool success, ) = token.call(data)`.
              Every one of those paths carries `extcall_returns: []`, so the
              payloads are byte-identical and no coordinate can separate the pair.
              ⚠ TWO DIFFERENT DROP SITES WEAR THIS ONE CLASS, and a repair at
              either alone moves only half the corpus: (a) a result bound to a
              named local or written in an assembly block IS harvested and then
              falls off the end of bmc.cpp's three-outcome classification (`else
              ++ce.dropped_internal`) -- this is the B2_ExtcallSuccess PoC shape;
              (b) the low-level `(bool ok, ) = a.call(...)` destructuring, which
              is what safeTransferFrom uses, never reaches that classification at
              all because get_nondet_symbol returns nil and the step is skipped
              earlier. The corpus needs (b); the PoC that priced the repair at
              0->2 certified exercises (a).

    14  (15.1%)  C_PINS_empty_region
              lo > hi under the current pins: the region has no domain in this
              slice, so certifying it would hold vacuously. A CORRECT REFUSAL, not
              a failure, and it should be taken OUT of the denominator rather than
              counted as a generalisation loss. MEASURED: all 14 sit on path enc=2
              and nowhere else, enc=2 is certified ZERO times anywhere in the
              corpus, and on farming::deposit enc=2 is `path_depth 1, exit revert,
              revert_kind rollback` whose sole decision is the synthetic ABI gate
              `msg.value == 0` taken FALSE -- its payload is the only witnessed
              one with `msg.value: "1"`. Stage 2 pins msg.value to 0, so the path
              has no satisfying assignment and every free coordinate comes back
              empty. ⚠ That is also a stage-1/stage-2 configuration inconsistency:
              stage 1 enumerates and witnesses a path that stage 2's own pin has
              already decided cannot occur, costing one enumeration and one
              outer-box round per unit.

    14  (15.1%)  B_BUDGET_shrink_exhausted
              a counterwitness WAS found and it DIFFERS on named coordinates, but
              the shrink ran out of rounds before the region was cut. Also a
              budget, but a strictly better position than A: the differing
              coordinate is already named.

     2  ( 2.2%)  E_no_cut_witness_differs
              refuted, the witness DOES differ, but no SINGLE coordinate cut is
              available -- the separation needs more than one coordinate at once.

    93  uncertified paths total

  witnessed paths : 113
  certified paths : 10
  uncertified     : 93
  ⚠ certified + uncertified = 103, which is NOT the witnessed total 113. The difference is paths witnessed by stage 1 whose unit died before stage 2 recorded a verdict for them (see the KILLED bucket above).
  generalisation rate = 10/113 = 8.8%

