=== STAMP ===
3eaeab16bb the 93 refusals were never counted, and counting them inverts the priority: 67% of the loss is a BUDGET/PIN knob on my side, and the modelling class I was about to spend the session building is 15
-rwxr-xr-x 1 samson samson 501247608 Aug  3 02:30 build/src/esbmc/esbmc
MemAvailable: 41994464 kB
=== END STAMP ===
################ ARM 1-cancel-rt180-BASELINE START ################
2026-08-03T20:16:47+01:00
[sweep] --jobs 1, --memlimit 8g each (MemAvailable 40.0 GiB; 1 x 8 = 8 GiB committed). Every esbmc run carries the limit, which is what makes running more than one of them an arithmetic question rather than a guess.

########## cross_chain_swap_EscrowDst (EscrowDst) ##########
[sweep] cross_chain_swap_EscrowDst: --unit restricts this sweep to 1 of the benchmark's units
[sweep] cross_chain_swap_EscrowDst: 1 unit(s) from the round-trip's emit.jsonl: cancel
[sweep] cross_chain_swap_EscrowDst: 2 of these were KILLED in the round-trip's own enumeration and are expected to be killed here too: withdraw, publicWithdraw
  [1/1] cancel: NOT-CERTIFIED, 0 certified / 12 not / 12 witnessed, 7 free coordinate(s), msg.value pin fired, 414s

[sweep] wrote notes/coverage/certify/results_rt180_cancel_baseline.jsonl
################ ARM 1-cancel-rt180-BASELINE exit=0 ################
2026-08-03T20:23:42+01:00
################ ARM 2-cancel-rt600-ARM START ################
2026-08-03T20:23:42+01:00
[sweep] --jobs 1, --memlimit 8g each (MemAvailable 40.0 GiB; 1 x 8 = 8 GiB committed). Every esbmc run carries the limit, which is what makes running more than one of them an arithmetic question rather than a guess.

########## cross_chain_swap_EscrowDst (EscrowDst) ##########
[sweep] cross_chain_swap_EscrowDst: --unit restricts this sweep to 1 of the benchmark's units
[sweep] cross_chain_swap_EscrowDst: 1 unit(s) from the round-trip's emit.jsonl: cancel
[sweep] cross_chain_swap_EscrowDst: 2 of these were KILLED in the round-trip's own enumeration and are expected to be killed here too: withdraw, publicWithdraw
  [1/1] cancel: NOT-CERTIFIED, 0 certified / 12 not / 12 witnessed, 7 free coordinate(s), msg.value pin fired, 1255s

[sweep] wrote notes/coverage/certify/results_rt600_cancel_arm.jsonl
################ ARM 2-cancel-rt600-ARM exit=0 ################
2026-08-03T20:44:37+01:00
################ ARM 3-deposit-rt600-CONTROL START ################
2026-08-03T20:44:37+01:00
[sweep] --jobs 1, --memlimit 8g each (MemAvailable 40.1 GiB; 1 x 8 = 8 GiB committed). Every esbmc run carries the limit, which is what makes running more than one of them an arithmetic question rather than a guess.

########## farming (FarmingPool) ##########
[sweep] farming: --unit restricts this sweep to 1 of the benchmark's units
[sweep] farming: 1 unit(s) from the round-trip's emit.jsonl: deposit
[sweep] farming: 1 of these were KILLED in the round-trip's own enumeration and are expected to be killed here too: rescueFunds
  [1/1] deposit: NOT-CERTIFIED, 0 certified / 7 not / 7 witnessed, 5 free coordinate(s), msg.value pin fired, 1004s

[sweep] wrote notes/coverage/certify/results_rt600_deposit_control.jsonl
################ ARM 3-deposit-rt600-CONTROL exit=0 ################
2026-08-03T21:01:21+01:00
=== ALL ARMS DONE ===
-rw-r--r-- 1 samson samson  2415 Aug  3 20:23 notes/coverage/certify/results_rt180_cancel_baseline.jsonl
-rw-r--r-- 1 samson samson  2416 Aug  3 20:44 notes/coverage/certify/results_rt600_cancel_arm.jsonl
-rw-r--r-- 1 samson samson 22024 Aug  3 21:01 notes/coverage/certify/results_rt600_deposit_control.jsonl
