ESBMC version 8.2.0 64-bit x86_64 linux
Target: 64-bit little-endian x86_64-unknown-linux with esbmclibc
Warning: SPDX license identifier not provided in source file. Before publishing, consider adding a comment containing "SPDX-License-Identifier: <SPDX-License>" to each source file. Use "SPDX-License-Identifier: UNLICENSED" for non-open-source code. Please see https://spdx.org for more information.
--> contract.sol

Warning: "selfdestruct" has been deprecated. Note that, starting from the Cancun hard fork, the underlying opcode no longer deletes the code and data associated with an account and only transfers its Ether to the beneficiary, unless executed in the same transaction in which the contract was created (see EIP-6780). Any use in newly deployed contracts is strongly discouraged even if the new behavior is taken into account. Future changes to the EVM might further reduce the functionality of the opcode.
   --> contract.sol:216:9:
    |
216 |         selfdestruct(payable(msg.sender));
    |         ^^^^^^^^^^^^

TOD harness written to ./tod_balance_claimReward_TOD14_setReward_TOD14_harness.sol
Parsing ./tod_balance_claimReward_TOD14_setReward_TOD14_harness.sol
Compiling Solidity AST using: /usr/local/bin/solc (v0.8.30)
Converting
Generating GOTO Program
GOTO program creation time: 2.558s
GOTO program processing time: 0.018s
Starting Bounded Model Checking
Unwinding loop 65 iteration 1   
Unwinding loop 65 iteration 2   
Not unwinding loop 65 iteration 3   
Symex completed in: 1.086s (3716 assignments)
Caching time: 0.001s (removed 0 assertions)
Slicing time: 0.004s (removed 1592 assignments)
Generated 3 VCC(s), 3 remaining after simplification (2124 assignments)
Encoding remaining VCC(s) using bit-vector/floating-point arithmetic
Encoding to solver time: 0.039s
Solving with solver CVC5 1.1.2
Runtime decision procedure: 59.558s
Building error trace

[Counterexample]


State 1 file /home/samson/workspace/esbmc/src/c2goto/library/solidity/solidity_address.c line 10 column 1 thread 0
----------------------------------------------------
  sol_addr_array = { 0 }

State 3 file tod_balance_claimReward_TOD14_setReward_TOD14_harness.sol line 1 thread 0
----------------------------------------------------
  _ESBMC_Object_owned = { .claimed_TOD12=0, .anon_pad$1=0, .owner_TOD12=0, .anon_pad$3=0,
    .reward_TOD12=0, .anon_pad$5=0, .owner=0,
    .winner_TOD11=0, .winner_TOD1=0, .$address=1,
    .anon_pad$10=0, .$codehash=0, .$balance=0,
    .$code=0, .$dynamic_pool={ .pool=&$owned_pool#[0], .pool_cursor=0 }, ._ESBMC_bind_cname=&"owned"[0],
    .anon_pad$16=0 }

State 4  thread 0
----------------------------------------------------
  _ESBMC_aux_owned = { .claimed_TOD12=0, .anon_pad$1=0, .owner_TOD12=0, .anon_pad$3=0,
    .reward_TOD12=0, .anon_pad$5=0, .owner=0,
    .winner_TOD11=0, .winner_TOD1=0, .$address=0,
    .anon_pad$10=0, .$codehash=0, .$balance=0,
    .$code=0, .$dynamic_pool={ .pool=&$owned_pool#[0], .pool_cursor=0 }, ._ESBMC_bind_cname={ .pointer_object=nil, .pointer_offset=nil },
    .anon_pad$16=0 }

State 7  thread 0
----------------------------------------------------
  _ESBMC_aux_owned = { .claimed_TOD12=0, .anon_pad$1=0, .owner_TOD12=0, .anon_pad$3=0,
    .reward_TOD12=0, .anon_pad$5=0, .owner=0,
    .winner_TOD11=0, .winner_TOD1=0, .$address=0,
    .anon_pad$10=0, .$codehash=0, .$balance=0,
    .$code=0, .$dynamic_pool={ .pool=&$owned_pool#[0], .pool_cursor=0 }, ._ESBMC_bind_cname={ .pointer_object=nil, .pointer_offset=nil },
    .anon_pad$16=0 }

State 15 file tod_balance_claimReward_TOD14_setReward_TOD14_harness.sol line 1 thread 0
----------------------------------------------------
  _ESBMC_Object_TOD_claimReward_TOD14_setReward_TOD14 = { .$address=15, .anon_pad$1=0, .$codehash=0, .$balance=0,
    .$code=0, ._ESBMC_bind_cname=&"TOD_claimReward_TOD14_setReward_TOD14"[0], .anon_pad$6=0 }

State 16  thread 0
----------------------------------------------------
  _ESBMC_aux_owned = { .claimed_TOD12=0, .anon_pad$1=0, .owner_TOD12=0, .anon_pad$3=0,
    .reward_TOD12=0, .anon_pad$5=0, .owner=0,
    .winner_TOD11=0, .winner_TOD1=0, .$address=0,
    .anon_pad$10=0, .$codehash=0, .$balance=0,
    .$code=0, .$dynamic_pool={ .pool=&$owned_pool#[0], .pool_cursor=0 }, ._ESBMC_bind_cname={ .pointer_object=nil, .pointer_offset=nil },
    .anon_pad$16=0 }

State 22  thread 0
----------------------------------------------------
  c1->_ESBMC_bind_cname = { .claimed_TOD2=0, .anon_pad$1=0, .owner_TOD2=0, .anon_pad$3=0,
    .reward_TOD2=0, .anon_pad$5=0, .winner_TOD17=0,
    .winner_TOD37=0, .winner_TOD3=0, .winner_TOD9=0,
    .winner_TOD25=0, .winner_TOD19=0, .claimed_TOD26=0,
    .anon_pad$13=0, .owner_TOD26=0, .anon_pad$15=0,
    .reward_TOD26=0, .claimed_TOD20=0, .anon_pad$18=0,
    .owner_TOD20=0, .anon_pad$20=0, .reward_TOD20=0,
    .claimed_TOD32=0, .anon_pad$23=0, .owner_TOD32=0,
    .anon_pad$25=0, .reward_TOD32=0, .claimed_TOD38=0,
    .anon_pad$28=0, .owner_TOD38=0, .anon_pad$30=0,
    .reward_TOD38=0, .claimed_TOD4=0, .anon_pad$33=0,
    .owner_TOD4=0, .anon_pad$35=0, .reward_TOD4=0,
    .winner_TOD7=0, .winner_TOD23=0, .claimed_TOD14=0,
    .anon_pad$40=0, .owner_TOD14=0, .anon_pad$42=0,
    .reward_TOD14=0, .claimed_TOD30=0, .anon_pad$45=0,
    .owner_TOD30=0, .reward_TOD30=0, .claimed_TOD8=0,
    .anon_pad$49=0, .owner_TOD8=0, .anon_pad$51=0,
    .reward_TOD8=0, .anon_pad$53=0, .winner_TOD39=0,
    .claimed_TOD36=0, .anon_pad$56=0, .owner_TOD36=0,
    .reward_TOD36=0, .anon_pad$59=0, .winner_TOD35=0,
    .claimed_TOD40=0, .anon_pad$62=0, .owner_TOD40=0,
    .anon_pad$64=0, .reward_TOD40=0, .winner_TOD33=0,
    .winner_TOD27=0, .winner_TOD31=0, .winner_TOD13=0,
    .claimed_TOD12=0, .anon_pad$71=0, .owner_TOD12=0,
    .anon_pad$73=0, .reward_TOD12=0, .owner=0,
    .winner_TOD11=0, .winner_TOD1=0, .$address=9,
    .anon_pad$79=0, .$codehash=0, .$balance=0,
    .$code=0, .$dynamic_pool={ .pool=&$ethBank_C1_pool#[0], .pool_cursor=0 }, ._ESBMC_bind_cname=&"ethBank_C1"[0],
    .anon_pad$85=0 }

State 23  thread 0
----------------------------------------------------
  _ESBMC_aux_owned = { .claimed_TOD12=0, .anon_pad$1=0, .owner_TOD12=0, .anon_pad$3=0,
    .reward_TOD12=0, .anon_pad$5=0, .owner=0,
    .winner_TOD11=0, .winner_TOD1=0, .$address=0,
    .anon_pad$10=0, .$codehash=0, .$balance=0,
    .$code=0, .$dynamic_pool={ .pool=&$owned_pool#[0], .pool_cursor=0 }, ._ESBMC_bind_cname={ .pointer_object=nil, .pointer_offset=nil },
    .anon_pad$16=0 }

State 30  thread 0
----------------------------------------------------
  c2->_ESBMC_bind_cname = { .claimed_TOD2=0, .anon_pad$1=0, .owner_TOD2=0, .anon_pad$3=0,
    .reward_TOD2=0, .anon_pad$5=0, .winner_TOD17=0,
    .winner_TOD37=0, .winner_TOD3=0, .winner_TOD9=0,
    .winner_TOD25=0, .winner_TOD19=0, .claimed_TOD26=0,
    .anon_pad$13=0, .owner_TOD26=0, .anon_pad$15=0,
    .reward_TOD26=0, .claimed_TOD20=0, .anon_pad$18=0,
    .owner_TOD20=0, .anon_pad$20=0, .reward_TOD20=0,
    .claimed_TOD32=0, .anon_pad$23=0, .owner_TOD32=0,
    .anon_pad$25=0, .reward_TOD32=0, .claimed_TOD38=0,
    .anon_pad$28=0, .owner_TOD38=0, .anon_pad$30=0,
    .reward_TOD38=0, .claimed_TOD4=0, .anon_pad$33=0,
    .owner_TOD4=0, .anon_pad$35=0, .reward_TOD4=0,
    .winner_TOD7=0, .winner_TOD23=0, .claimed_TOD14=0,
    .anon_pad$40=0, .owner_TOD14=0, .anon_pad$42=0,
    .reward_TOD14=0, .claimed_TOD30=0, .anon_pad$45=0,
    .owner_TOD30=0, .reward_TOD30=0, .claimed_TOD8=0,
    .anon_pad$49=0, .owner_TOD8=0, .anon_pad$51=0,
    .reward_TOD8=0, .anon_pad$53=0, .winner_TOD39=0,
    .claimed_TOD36=0, .anon_pad$56=0, .owner_TOD36=0,
    .reward_TOD36=0, .anon_pad$59=0, .winner_TOD35=0,
    .claimed_TOD40=0, .anon_pad$62=0, .owner_TOD40=0,
    .anon_pad$64=0, .reward_TOD40=0, .winner_TOD33=0,
    .winner_TOD27=0, .winner_TOD31=0, .winner_TOD13=0,
    .claimed_TOD12=0, .anon_pad$71=0, .owner_TOD12=0,
    .anon_pad$73=0, .reward_TOD12=0, .owner=0,
    .winner_TOD11=0, .winner_TOD1=0, .$address=5,
    .anon_pad$79=0, .$codehash=0, .$balance=0,
    .$code=0, .$dynamic_pool={ .pool=&$ethBank_C2_pool#[0], .pool_cursor=0 }, ._ESBMC_bind_cname=&"ethBank_C2"[0],
    .anon_pad$85=0 }

State 35 file tod_balance_claimReward_TOD14_setReward_TOD14_harness.sol line 1201 function test thread 0
----------------------------------------------------
Violated property:
  file tod_balance_claimReward_TOD14_setReward_TOD14_harness.sol line 1201 function test
  assertion return_value$_ethBank_C1___tod_bal$9 == return_value$_ethBank_C2___tod_bal$10
  return_value$_ethBank_C1___tod_bal$9 == return_value$_ethBank_C2___tod_bal$10


VERIFICATION FAILED
