ESBMC version 8.2.0 64-bit x86_64 linux
Target: 64-bit little-endian x86_64-unknown-linux with esbmclibc
Warning: SPDX license identifier not provided in source file. Before publishing, consider adding a comment containing "SPDX-License-Identifier: <SPDX-License>" to each source file. Use "SPDX-License-Identifier: UNLICENSED" for non-open-source code. Please see https://spdx.org for more information.
--> contract.sol

Warning: Interface functions are implicitly "virtual"
   --> contract.sol:159:5:
    |
159 |     function onTokenTransfer(address _from, address _to, uint256 _value) external virtual;
    |     ^^^^^^^^^^^^^^^^^^^^^^^^^^^^^^^^^^^^^^^^^^^^^^^^^^^^^^^^^^^^^^^^^^^^^^^^^^^^^^^^^^^^^^

Warning: Visibility for constructor is ignored. If you want the contract to be non-deployable, making it "abstract" is sufficient.
   --> contract.sol:196:5:
    |
196 |     constructor(address _listener, address _owner) public Ownable(_owner) {
    |     ^ (Relevant source part starts here and spans across multiple lines).

Warning: Visibility for constructor is ignored. If you want the contract to be non-deployable, making it "abstract" is sufficient.
   --> contract.sol:322:5:
    |
322 |     constructor() public ManagedToken(msg.sender, msg.sender) {
    |     ^ (Relevant source part starts here and spans across multiple lines).

WARNING: TOD race harness: no public state variable is touched by both 'transfer' and 'transferFrom'.  Harness contains no equality assertion; verification trivially succeeds.
TOD harness written to ./tod_race_transfer_transferFrom_harness.sol
Parsing ./tod_race_transfer_transferFrom_harness.sol
Compiling Solidity AST using: /usr/local/bin/solc (v0.8.30)
ERROR: solc compilation failed:
Error: Definition of base has to precede definition of derived contract
   --> tod_race_transfer_transferFrom_harness.sol:156:18:
    |
156 | contract Char is ManagedToken {
    |                  ^^^^^^^^^^^^


ERROR: PARSING ERROR
