[buggy_1] contract=HotDollarsToken  pair=[['claimReward_TOD20', 'setReward_TOD20']]  running...
[buggy_1] -> unknown elapsed=270.3s pairs=0/clean=0/found=0/err=0
[buggy_10] contract=DocumentSigner  pair=[['claimReward_TOD36', 'setReward_TOD36']]  running...
[buggy_10] -> crash elapsed=0.4s pairs=0/clean=0/found=0/err=0
[buggy_11] contract=ForTheBlockchain  pair=[['claimReward_TOD12', 'setReward_TOD12']]  running...
[buggy_11] -> unknown elapsed=0.9s pairs=0/clean=0/found=0/err=0
[buggy_12] contract=Grand  pair=[['claimReward_TOD14', 'setReward_TOD14']]  running...
[buggy_12] -> unknown elapsed=1.4s pairs=0/clean=0/found=0/err=0
[buggy_13] contract=BitCash  pair=[['claimReward_TOD14', 'setReward_TOD14']]  running...
[buggy_13] -> unknown elapsed=0.2s pairs=0/clean=0/found=0/err=0
[buggy_14] contract=ERC20  pair=[['claimReward_TOD14', 'setReward_TOD14']]  running...
[buggy_14] -> unknown elapsed=0.2s pairs=0/clean=0/found=0/err=0
[buggy_15] contract=MD  pair=[['claimReward_TOD14', 'setReward_TOD14']]  running...
[buggy_15] -> unknown elapsed=0.2s pairs=0/clean=0/found=0/err=0
[buggy_16] contract=ExclusivePlatform  pair=[['claimReward_TOD14', 'setReward_TOD14']]  running...
[buggy_16] -> unknown elapsed=50.4s pairs=0/clean=0/found=0/err=0
[buggy_17] contract=TokenERC20  pair=[['claimReward_TOD12', 'setReward_TOD12']]  running...
[buggy_17] -> unknown elapsed=0.2s pairs=0/clean=0/found=0/err=0
[buggy_18] contract=_Yesbuzz  pair=[['claimReward_TOD14', 'setReward_TOD14']]  running...
[buggy_18] -> unknown elapsed=1.7s pairs=0/clean=0/found=0/err=0
[buggy_19] contract=ethBank  pair=[['claimReward_TOD14', 'setReward_TOD14']]  running...
[buggy_19] -> unknown elapsed=68.8s pairs=0/clean=0/found=0/err=0
[buggy_2] contract=CareerOnToken  pair=[['claimReward_TOD14', 'setReward_TOD14']]  running...
[buggy_2] -> unknown elapsed=270.3s pairs=0/clean=0/found=0/err=0
[buggy_21] contract=StableDEX  pair=[['claimReward_TOD14', 'setReward_TOD14']]  running...
[buggy_21] -> unknown elapsed=0.7s pairs=0/clean=0/found=0/err=0
[buggy_22] contract=MindsyncPlatform  pair=[['claimReward_TOD10', 'setReward_TOD10']]  running...
[buggy_22] -> unknown elapsed=233.2s pairs=0/clean=0/found=0/err=0
[buggy_23] contract=ERC20  pair=[['claimReward_TOD14', 'setReward_TOD14']]  running...
[buggy_23] -> unknown elapsed=0.2s pairs=0/clean=0/found=0/err=0
[buggy_24] contract=FomoFeast  pair=[['claimReward_TOD10', 'setReward_TOD10']]  running...
[buggy_24] -> crash elapsed=1.7s pairs=0/clean=0/found=0/err=0
[buggy_25] contract=WhiteBetting  pair=[['claimReward_TOD14', 'setReward_TOD14']]  running...
[buggy_25] -> crash elapsed=0.7s pairs=0/clean=0/found=0/err=0
[buggy_26] contract=UBBCToken  pair=[['claimReward_TOD14', 'setReward_TOD14']]  running...
[buggy_26] -> unknown elapsed=270.3s pairs=0/clean=0/found=0/err=0
[buggy_27] contract=DanPanCoin  pair=[['claimReward_TOD14', 'setReward_TOD14']]  running...
[buggy_27] -> unknown elapsed=14.1s pairs=0/clean=0/found=0/err=0
[buggy_28] contract=HYDROGEN  pair=[['claimReward_TOD14', 'setReward_TOD14']]  running...
[buggy_28] -> unknown elapsed=8.8s pairs=0/clean=0/found=0/err=0
[buggy_29] contract=RaffleTokenExchange  pair=[['claimReward_TOD20', 'setReward_TOD20']]  running...
[buggy_29] -> unknown elapsed=129.4s pairs=0/clean=0/found=0/err=0
[buggy_3] contract=CareerOnToken  pair=[['claimReward_TOD14', 'setReward_TOD14']]  running...
[buggy_3] -> unknown elapsed=270.3s pairs=0/clean=0/found=0/err=0
[buggy_30] contract=ERC777  pair=[['claimReward_TOD10', 'setReward_TOD10']]  running...
[buggy_30] -> unknown elapsed=0.3s pairs=0/clean=0/found=0/err=0
[buggy_31] contract=Ownable  pair=[['claimReward_TOD14', 'setReward_TOD14']]  running...
[buggy_31] -> unknown elapsed=0.2s pairs=0/clean=0/found=0/err=0
[buggy_32] contract=ERC20Token  pair=[['claimReward_TOD36', 'setReward_TOD36']]  running...
[buggy_32] -> unknown elapsed=0.2s pairs=0/clean=0/found=0/err=0
[buggy_33] contract=Staking  pair=[['claimReward_TOD14', 'setReward_TOD14']]  running...
[buggy_33] -> unknown elapsed=131.2s pairs=0/clean=0/found=0/err=0
[buggy_34] contract=LollypopToken  pair=[['claimReward_TOD10', 'setReward_TOD10']]  running...
[buggy_34] -> unknown elapsed=7.1s pairs=0/clean=0/found=0/err=0
[buggy_35] contract=BitpayerDEX  pair=[['claimReward_TOD10', 'setReward_TOD10']]  running...
[buggy_35] -> unknown elapsed=1.0s pairs=0/clean=0/found=0/err=0
[buggy_36] contract=MindsyncPlatform  pair=[['claimReward_TOD10', 'setReward_TOD10']]  running...
[buggy_36] -> unknown elapsed=232.7s pairs=0/clean=0/found=0/err=0
[buggy_37] contract=AugustCoin  pair=[['claimReward_TOD10', 'setReward_TOD10']]  running...
[buggy_37] -> unknown elapsed=1.1s pairs=0/clean=0/found=0/err=0
[buggy_38] contract=BIGBOMBv2  pair=[['claimReward_TOD14', 'setReward_TOD14']]  running...
[buggy_38] -> unknown elapsed=8.6s pairs=0/clean=0/found=0/err=0
[buggy_39] contract=TAMCContract  pair=[['claimReward_TOD14', 'setReward_TOD14']]  running...
[buggy_39] -> unknown elapsed=1.9s pairs=0/clean=0/found=0/err=0
[buggy_4] contract=PHO  pair=[['claimReward_TOD14', 'setReward_TOD14']]  running...
[buggy_4] -> unknown elapsed=12.9s pairs=0/clean=0/found=0/err=0
[buggy_40] contract=ERC20  pair=[['claimReward_TOD14', 'setReward_TOD14']]  running...
[buggy_40] -> unknown elapsed=0.2s pairs=0/clean=0/found=0/err=0
[buggy_41] contract=AO  pair=[['claimReward_TOD14', 'setReward_TOD14']]  running...
[buggy_41] -> unknown elapsed=0.2s pairs=0/clean=0/found=0/err=0
[buggy_42] contract=Staking  pair=[['claimReward_TOD14', 'setReward_TOD14']]  running...
[buggy_42] -> unknown elapsed=130.2s pairs=0/clean=0/found=0/err=0
[buggy_43] contract=Operated  pair=[['claimReward_TOD12', 'setReward_TOD12']]  running...
[buggy_43] -> unknown elapsed=0.2s pairs=0/clean=0/found=0/err=0
[buggy_44] contract=Operated  pair=[['claimReward_TOD10', 'setReward_TOD10']]  running...
[buggy_44] -> unknown elapsed=0.2s pairs=0/clean=0/found=0/err=0
[buggy_45] contract=StockBet  pair=[['claimReward_TOD12', 'setReward_TOD12']]  running...
[buggy_45] -> unknown elapsed=69.9s pairs=0/clean=0/found=0/err=0
[buggy_46] contract=ProofOfExistence  pair=[['claimReward_TOD36', 'setReward_TOD36']]  running...
[buggy_46] -> crash elapsed=0.5s pairs=0/clean=0/found=0/err=0
[buggy_47] contract=AcunarIEO  pair=[['claimReward_TOD10', 'setReward_TOD10']]  running...
[buggy_47] -> crash elapsed=267.0s pairs=0/clean=0/found=0/err=0
[buggy_48] contract=QurasToken  pair=[['claimReward_TOD10', 'setReward_TOD10']]  running...
[buggy_48] -> unknown elapsed=1.0s pairs=0/clean=0/found=0/err=0
[buggy_49] contract=TAMC  pair=[['claimReward_TOD14', 'setReward_TOD14']]  running...
[buggy_49] -> unknown elapsed=1.9s pairs=0/clean=0/found=0/err=0
[buggy_5] contract=TokenERC20  pair=[['claimReward_TOD10', 'setReward_TOD10']]  running...
[buggy_5] -> unknown elapsed=0.2s pairs=0/clean=0/found=0/err=0
[buggy_50] contract=digitalNotary  pair=[['claimReward_TOD14', 'setReward_TOD14']]  running...
[buggy_50] -> crash elapsed=1.2s pairs=0/clean=0/found=0/err=0
[buggy_6] contract=Ownable  pair=[['claimReward_TOD10', 'setReward_TOD10']]  running...
[buggy_6] -> unknown elapsed=0.3s pairs=0/clean=0/found=0/err=0
[buggy_7] contract=Ownable  pair=[['claimReward_TOD10', 'setReward_TOD10']]  running...
[buggy_7] -> unknown elapsed=0.2s pairs=0/clean=0/found=0/err=0
[buggy_8] contract=TokenERC20  pair=[['claimReward_TOD10', 'setReward_TOD10']]  running...
[buggy_8] -> unknown elapsed=0.3s pairs=0/clean=0/found=0/err=0
[buggy_9] contract=TokenERC20  pair=[['claimReward_TOD14', 'setReward_TOD14']]  running...
[buggy_9] -> unknown elapsed=0.2s pairs=0/clean=0/found=0/err=0

=== DONE ===
TOD-Balance found: 0/49
