ESBMC version 8.2.0 64-bit x86_64 linux
Target: 64-bit little-endian x86_64-unknown-linux with esbmclibc
Warning: SPDX license identifier not provided in source file. Before publishing, consider adding a comment containing "SPDX-License-Identifier: <SPDX-License>" to each source file. Use "SPDX-License-Identifier: UNLICENSED" for non-open-source code. Please see https://spdx.org for more information.
--> contract.sol

Warning: This declaration shadows an existing declaration.
   --> contract.sol:658:18:
    |
658 |     constructor (string memory name, string memory symbol, uint8 decimals) {
    |                  ^^^^^^^^^^^^^^^^^^
Note: The shadowed declaration is here:
   --> contract.sol:685:5:
    |
685 |     function name() public view returns (string memory) {
    |     ^ (Relevant source part starts here and spans across multiple lines).

Warning: This declaration shadows an existing declaration.
   --> contract.sol:658:38:
    |
658 |     constructor (string memory name, string memory symbol, uint8 decimals) {
    |                                      ^^^^^^^^^^^^^^^^^^^^
Note: The shadowed declaration is here:
   --> contract.sol:705:5:
    |
705 |     function symbol() public view returns (string memory) {
    |     ^ (Relevant source part starts here and spans across multiple lines).

Warning: This declaration shadows an existing declaration.
   --> contract.sol:658:60:
    |
658 |     constructor (string memory name, string memory symbol, uint8 decimals) {
    |                                                            ^^^^^^^^^^^^^^
Note: The shadowed declaration is here:
   --> contract.sol:725:5:
    |
725 |     function decimals() public view returns (uint8) {
    |     ^ (Relevant source part starts here and spans across multiple lines).

Warning: Visibility for constructor is ignored. If you want the contract to be non-deployable, making it "abstract" is sufficient.
   --> contract.sol:751:3:
    |
751 |   constructor() ERC20Detailed('Aggregion Token', 'AGR', 4) public {
    |   ^ (Relevant source part starts here and spans across multiple lines).

TOD harness written to ./tod_balance_claimReward_TOD14_setReward_TOD14_harness.sol
Parsing ./tod_balance_claimReward_TOD14_setReward_TOD14_harness.sol
Compiling Solidity AST using: /usr/local/bin/solc (v0.8.30)
ERROR: solc compilation failed:
Warning: This declaration shadows an existing declaration.
   --> tod_balance_claimReward_TOD14_setReward_TOD14_harness.sol:191:18:
    |
191 |     constructor (string memory name, string memory symbol, uint8 decimals) {
    |                  ^^^^^^^^^^^^^^^^^^
Note: The shadowed declaration is here:
   --> tod_balance_claimReward_TOD14_setReward_TOD14_harness.sol:218:5:
    |
218 |     function name() public view returns (string memory) {
    |     ^ (Relevant source part starts here and spans across multiple lines).

Warning: This declaration shadows an existing declaration.
   --> tod_balance_claimReward_TOD14_setReward_TOD14_harness.sol:191:38:
    |
191 |     constructor (string memory name, string memory symbol, uint8 decimals) {
    |                                      ^^^^^^^^^^^^^^^^^^^^
Note: The shadowed declaration is here:
   --> tod_balance_claimReward_TOD14_setReward_TOD14_harness.sol:238:5:
    |
238 |     function symbol() public view returns (string memory) {
    |     ^ (Relevant source part starts here and spans across multiple lines).

Warning: This declaration shadows an existing declaration.
   --> tod_balance_claimReward_TOD14_setReward_TOD14_harness.sol:191:60:
    |
191 |     constructor (string memory name, string memory symbol, uint8 decimals) {
    |                                                            ^^^^^^^^^^^^^^
Note: The shadowed declaration is here:
   --> tod_balance_claimReward_TOD14_setReward_TOD14_harness.sol:258:5:
    |
258 |     function decimals() public view returns (uint8) {
    |     ^ (Relevant source part starts here and spans across multiple lines).

Error: Identifier not found or not unique.
  --> tod_balance_claimReward_TOD14_setReward_TOD14_harness.sol:97:27:
   |
97 | contract ERC20Burnable is ERC20 {
   |                           ^^^^^


ERROR: PARSING ERROR
