ESBMC version 8.2.0 64-bit x86_64 linux
Target: 64-bit little-endian x86_64-unknown-linux with esbmclibc
Warning: SPDX license identifier not provided in source file. Before publishing, consider adding a comment containing "SPDX-License-Identifier: <SPDX-License>" to each source file. Use "SPDX-License-Identifier: UNLICENSED" for non-open-source code. Please see https://spdx.org for more information.
--> contract.sol

Warning: Unnamed return variable can remain unassigned. Add an explicit return with value to all non-reverting code paths or name the variable.
  --> contract.sol:79:130:
   |
79 |  ...  filePathHash) public view returns(uint256,address,address,BlockchainIdentifi ...
   |                                         ^^^^^^^

Warning: Unnamed return variable can remain unassigned. Add an explicit return with value to all non-reverting code paths or name the variable.
  --> contract.sol:79:138:
   |
79 |  ... hHash) public view returns(uint256,address,address,BlockchainIdentification,b ...
   |                                         ^^^^^^^

Warning: Unnamed return variable can remain unassigned. Add an explicit return with value to all non-reverting code paths or name the variable.
  --> contract.sol:79:146:
   |
79 |  ... ublic view returns(uint256,address,address,BlockchainIdentification,bytes32)  ...
   |                                         ^^^^^^^

Warning: Unnamed return variable can remain unassigned. Add an explicit return with value to all non-reverting code paths or name the variable.
  --> contract.sol:79:154:
   |
79 |  ... ew returns(uint256,address,address,BlockchainIdentification,bytes32) {
   |                                         ^^^^^^^^^^^^^^^^^^^^^^^^

Warning: Unnamed return variable can remain unassigned. Add an explicit return with value to all non-reverting code paths or name the variable.
  --> contract.sol:79:179:
   |
79 |  ... s,address,BlockchainIdentification,bytes32) {
   |                                         ^^^^^^^

Warning: Unnamed return variable can remain unassigned. Add an explicit return with value to all non-reverting code paths or name the variable.
   --> contract.sol:169:120:
    |
169 |     function getQRCode(address dappBoxOrigin, string memory fileHash, string memory filePathHash ) public view returns(bytes32) {
    |                                                                                                                        ^^^^^^^

Warning: Unnamed return variable can remain unassigned. Add an explicit return with value to all non-reverting code paths or name the variable.
   --> contract.sol:201:103:
    |
201 |  ... 32 QRCodeHash) public view returns(uint256,address,address,BlockchainIdentifi ...
    |                                         ^^^^^^^

Warning: Unnamed return variable can remain unassigned. Add an explicit return with value to all non-reverting code paths or name the variable.
   --> contract.sol:201:111:
    |
201 |  ... eHash) public view returns(uint256,address,address,BlockchainIdentification,b ...
    |                                         ^^^^^^^

Warning: Unnamed return variable can remain unassigned. Add an explicit return with value to all non-reverting code paths or name the variable.
   --> contract.sol:201:119:
    |
201 |  ... ublic view returns(uint256,address,address,BlockchainIdentification,bytes32)  ...
    |                                         ^^^^^^^

Warning: Unnamed return variable can remain unassigned. Add an explicit return with value to all non-reverting code paths or name the variable.
   --> contract.sol:201:127:
    |
201 |  ... ew returns(uint256,address,address,BlockchainIdentification,bytes32) {
    |                                         ^^^^^^^^^^^^^^^^^^^^^^^^

Warning: Unnamed return variable can remain unassigned. Add an explicit return with value to all non-reverting code paths or name the variable.
   --> contract.sol:201:152:
    |
201 |  ... s,address,BlockchainIdentification,bytes32) {
    |                                         ^^^^^^^

TOD harness written to ./tod_balance_claimReward_TOD36_setReward_TOD36_harness.sol
Parsing ./tod_balance_claimReward_TOD36_setReward_TOD36_harness.sol
Compiling Solidity AST using: /usr/local/bin/solc (v0.8.30)
Converting
terminate called after throwing an instance of 'std::out_of_range'
  what():  basic_string::substr: __pos (which is 4) > this->size() (which is 0)
timeout: the monitored command dumped core
Aborted
