ESBMC version 8.2.0 64-bit x86_64 linux
Target: 64-bit little-endian x86_64-unknown-linux with esbmclibc
Warning: SPDX license identifier not provided in source file. Before publishing, consider adding a comment containing "SPDX-License-Identifier: <SPDX-License>" to each source file. Use "SPDX-License-Identifier: UNLICENSED" for non-open-source code. Please see https://spdx.org for more information.
--> contract.sol

Warning: This declaration shadows an existing declaration.
   --> contract.sol:408:18:
    |
408 |     constructor (uint256 cap) {
    |                  ^^^^^^^^^^^
Note: The shadowed declaration is here:
   --> contract.sol:416:5:
    |
416 |     function cap() public view returns (uint256) {
    |     ^ (Relevant source part starts here and spans across multiple lines).

Warning: This declaration shadows an existing declaration.
   --> contract.sol:442:18:
    |
442 |     constructor (string memory name, string memory symbol, uint8 decimals) {
    |                  ^^^^^^^^^^^^^^^^^^
Note: The shadowed declaration is here:
   --> contract.sol:451:5:
    |
451 |     function name() public view virtual returns (string memory) {
    |     ^ (Relevant source part starts here and spans across multiple lines).

Warning: This declaration shadows an existing declaration.
   --> contract.sol:442:38:
    |
442 |     constructor (string memory name, string memory symbol, uint8 decimals) {
    |                                      ^^^^^^^^^^^^^^^^^^^^
Note: The shadowed declaration is here:
   --> contract.sol:458:5:
    |
458 |     function symbol() public view virtual returns (string memory) {
    |     ^ (Relevant source part starts here and spans across multiple lines).

Warning: This declaration shadows an existing declaration.
   --> contract.sol:442:60:
    |
442 |     constructor (string memory name, string memory symbol, uint8 decimals) {
    |                                                            ^^^^^^^^^^^^^^
Note: The shadowed declaration is here:
   --> contract.sol:465:5:
    |
465 |     function decimals() public view virtual returns (uint8) {
    |     ^ (Relevant source part starts here and spans across multiple lines).

WARNING: TOD race harness: no public state variable is touched by both 'transfer' and 'transferFrom'.  Harness contains no equality assertion; verification trivially succeeds.
TOD harness written to ./tod_race_transfer_transferFrom_harness.sol
Parsing ./tod_race_transfer_transferFrom_harness.sol
Compiling Solidity AST using: /usr/local/bin/solc (v0.8.30)
Converting
Generating GOTO Program
GOTO program creation time: 1.234s
GOTO program processing time: 0.012s
Starting Bounded Model Checking
Unwinding loop 47 iteration 1   file /home/samson/workspace/esbmc/src/c2goto/library/solidity/solidity_mapping.c line 27 column 3 function map_get_raw
Unwinding loop 47 iteration 2   file /home/samson/workspace/esbmc/src/c2goto/library/solidity/solidity_mapping.c line 27 column 3 function map_get_raw
Not unwinding loop 47 iteration 3   file /home/samson/workspace/esbmc/src/c2goto/library/solidity/solidity_mapping.c line 27 column 3 function map_get_raw
Unwinding loop 47 iteration 1   file /home/samson/workspace/esbmc/src/c2goto/library/solidity/solidity_mapping.c line 27 column 3 function map_get_raw
Unwinding loop 47 iteration 2   file /home/samson/workspace/esbmc/src/c2goto/library/solidity/solidity_mapping.c line 27 column 3 function map_get_raw
Not unwinding loop 47 iteration 3   file /home/samson/workspace/esbmc/src/c2goto/library/solidity/solidity_mapping.c line 27 column 3 function map_get_raw
Unwinding loop 47 iteration 1   file /home/samson/workspace/esbmc/src/c2goto/library/solidity/solidity_mapping.c line 27 column 3 function map_get_raw
Unwinding loop 47 iteration 2   file /home/samson/workspace/esbmc/src/c2goto/library/solidity/solidity_mapping.c line 27 column 3 function map_get_raw
Not unwinding loop 47 iteration 3   file /home/samson/workspace/esbmc/src/c2goto/library/solidity/solidity_mapping.c line 27 column 3 function map_get_raw
Unwinding loop 47 iteration 1   file /home/samson/workspace/esbmc/src/c2goto/library/solidity/solidity_mapping.c line 27 column 3 function map_get_raw
Unwinding loop 47 iteration 2   file /home/samson/workspace/esbmc/src/c2goto/library/solidity/solidity_mapping.c line 27 column 3 function map_get_raw
Not unwinding loop 47 iteration 3   file /home/samson/workspace/esbmc/src/c2goto/library/solidity/solidity_mapping.c line 27 column 3 function map_get_raw
Unwinding loop 47 iteration 1   file /home/samson/workspace/esbmc/src/c2goto/library/solidity/solidity_mapping.c line 27 column 3 function map_get_raw
Unwinding loop 47 iteration 2   file /home/samson/workspace/esbmc/src/c2goto/library/solidity/solidity_mapping.c line 27 column 3 function map_get_raw
Not unwinding loop 47 iteration 3   file /home/samson/workspace/esbmc/src/c2goto/library/solidity/solidity_mapping.c line 27 column 3 function map_get_raw
Unwinding loop 47 iteration 1   file /home/samson/workspace/esbmc/src/c2goto/library/solidity/solidity_mapping.c line 27 column 3 function map_get_raw
Unwinding loop 47 iteration 2   file /home/samson/workspace/esbmc/src/c2goto/library/solidity/solidity_mapping.c line 27 column 3 function map_get_raw
Not unwinding loop 47 iteration 3   file /home/samson/workspace/esbmc/src/c2goto/library/solidity/solidity_mapping.c line 27 column 3 function map_get_raw
Unwinding loop 37 iteration 1   file /home/samson/workspace/esbmc/src/c2goto/library/solidity/solidity_string.c line 206 column 5 function _str_assign
Unwinding loop 37 iteration 2   file /home/samson/workspace/esbmc/src/c2goto/library/solidity/solidity_string.c line 206 column 5 function _str_assign
Not unwinding loop 37 iteration 3   file /home/samson/workspace/esbmc/src/c2goto/library/solidity/solidity_string.c line 206 column 5 function _str_assign
Unwinding loop 38 iteration 1   file /home/samson/workspace/esbmc/src/c2goto/library/solidity/solidity_string.c line 209 column 5 function _str_assign
Unwinding loop 38 iteration 2   file /home/samson/workspace/esbmc/src/c2goto/library/solidity/solidity_string.c line 209 column 5 function _str_assign
Not unwinding loop 38 iteration 3   file /home/samson/workspace/esbmc/src/c2goto/library/solidity/solidity_string.c line 209 column 5 function _str_assign
Unwinding loop 37 iteration 1   file /home/samson/workspace/esbmc/src/c2goto/library/solidity/solidity_string.c line 206 column 5 function _str_assign
Unwinding loop 37 iteration 2   file /home/samson/workspace/esbmc/src/c2goto/library/solidity/solidity_string.c line 206 column 5 function _str_assign
Not unwinding loop 37 iteration 3   file /home/samson/workspace/esbmc/src/c2goto/library/solidity/solidity_string.c line 206 column 5 function _str_assign
Unwinding loop 38 iteration 1   file /home/samson/workspace/esbmc/src/c2goto/library/solidity/solidity_string.c line 209 column 5 function _str_assign
Unwinding loop 38 iteration 2   file /home/samson/workspace/esbmc/src/c2goto/library/solidity/solidity_string.c line 209 column 5 function _str_assign
Not unwinding loop 38 iteration 3   file /home/samson/workspace/esbmc/src/c2goto/library/solidity/solidity_string.c line 209 column 5 function _str_assign
Unwinding loop 37 iteration 1   file /home/samson/workspace/esbmc/src/c2goto/library/solidity/solidity_string.c line 206 column 5 function _str_assign
Unwinding loop 37 iteration 2   file /home/samson/workspace/esbmc/src/c2goto/library/solidity/solidity_string.c line 206 column 5 function _str_assign
Not unwinding loop 37 iteration 3   file /home/samson/workspace/esbmc/src/c2goto/library/solidity/solidity_string.c line 206 column 5 function _str_assign
Unwinding loop 37 iteration 1   file /home/samson/workspace/esbmc/src/c2goto/library/solidity/solidity_string.c line 206 column 5 function _str_assign
Unwinding loop 37 iteration 2   file /home/samson/workspace/esbmc/src/c2goto/library/solidity/solidity_string.c line 206 column 5 function _str_assign
Not unwinding loop 37 iteration 3   file /home/samson/workspace/esbmc/src/c2goto/library/solidity/solidity_string.c line 206 column 5 function _str_assign
Unwinding loop 37 iteration 1   file /home/samson/workspace/esbmc/src/c2goto/library/solidity/solidity_string.c line 206 column 5 function _str_assign
Unwinding loop 37 iteration 2   file /home/samson/workspace/esbmc/src/c2goto/library/solidity/solidity_string.c line 206 column 5 function _str_assign
Not unwinding loop 37 iteration 3   file /home/samson/workspace/esbmc/src/c2goto/library/solidity/solidity_string.c line 206 column 5 function _str_assign
Unwinding loop 38 iteration 1   file /home/samson/workspace/esbmc/src/c2goto/library/solidity/solidity_string.c line 209 column 5 function _str_assign
Unwinding loop 38 iteration 2   file /home/samson/workspace/esbmc/src/c2goto/library/solidity/solidity_string.c line 209 column 5 function _str_assign
Not unwinding loop 38 iteration 3   file /home/samson/workspace/esbmc/src/c2goto/library/solidity/solidity_string.c line 209 column 5 function _str_assign
Unwinding loop 37 iteration 1   file /home/samson/workspace/esbmc/src/c2goto/library/solidity/solidity_string.c line 206 column 5 function _str_assign
Unwinding loop 37 iteration 2   file /home/samson/workspace/esbmc/src/c2goto/library/solidity/solidity_string.c line 206 column 5 function _str_assign
Not unwinding loop 37 iteration 3   file /home/samson/workspace/esbmc/src/c2goto/library/solidity/solidity_string.c line 206 column 5 function _str_assign
Unwinding loop 38 iteration 1   file /home/samson/workspace/esbmc/src/c2goto/library/solidity/solidity_string.c line 209 column 5 function _str_assign
Unwinding loop 38 iteration 2   file /home/samson/workspace/esbmc/src/c2goto/library/solidity/solidity_string.c line 209 column 5 function _str_assign
Not unwinding loop 38 iteration 3   file /home/samson/workspace/esbmc/src/c2goto/library/solidity/solidity_string.c line 209 column 5 function _str_assign
Unwinding loop 47 iteration 1   file /home/samson/workspace/esbmc/src/c2goto/library/solidity/solidity_mapping.c line 27 column 3 function map_get_raw
Unwinding loop 47 iteration 2   file /home/samson/workspace/esbmc/src/c2goto/library/solidity/solidity_mapping.c line 27 column 3 function map_get_raw
Not unwinding loop 47 iteration 3   file /home/samson/workspace/esbmc/src/c2goto/library/solidity/solidity_mapping.c line 27 column 3 function map_get_raw
Unwinding loop 47 iteration 1   file /home/samson/workspace/esbmc/src/c2goto/library/solidity/solidity_mapping.c line 27 column 3 function map_get_raw
Unwinding loop 47 iteration 2   file /home/samson/workspace/esbmc/src/c2goto/library/solidity/solidity_mapping.c line 27 column 3 function map_get_raw
Not unwinding loop 47 iteration 3   file /home/samson/workspace/esbmc/src/c2goto/library/solidity/solidity_mapping.c line 27 column 3 function map_get_raw
Unwinding loop 47 iteration 1   file /home/samson/workspace/esbmc/src/c2goto/library/solidity/solidity_mapping.c line 27 column 3 function map_get_raw
Unwinding loop 47 iteration 2   file /home/samson/workspace/esbmc/src/c2goto/library/solidity/solidity_mapping.c line 27 column 3 function map_get_raw
Not unwinding loop 47 iteration 3   file /home/samson/workspace/esbmc/src/c2goto/library/solidity/solidity_mapping.c line 27 column 3 function map_get_raw
Unwinding loop 47 iteration 1   file /home/samson/workspace/esbmc/src/c2goto/library/solidity/solidity_mapping.c line 27 column 3 function map_get_raw
Unwinding loop 47 iteration 2   file /home/samson/workspace/esbmc/src/c2goto/library/solidity/solidity_mapping.c line 27 column 3 function map_get_raw
Not unwinding loop 47 iteration 3   file /home/samson/workspace/esbmc/src/c2goto/library/solidity/solidity_mapping.c line 27 column 3 function map_get_raw
Unwinding loop 37 iteration 1   file /home/samson/workspace/esbmc/src/c2goto/library/solidity/solidity_string.c line 206 column 5 function _str_assign
Unwinding loop 37 iteration 2   file /home/samson/workspace/esbmc/src/c2goto/library/solidity/solidity_string.c line 206 column 5 function _str_assign
Not unwinding loop 37 iteration 3   file /home/samson/workspace/esbmc/src/c2goto/library/solidity/solidity_string.c line 206 column 5 function _str_assign
Unwinding loop 37 iteration 1   file /home/samson/workspace/esbmc/src/c2goto/library/solidity/solidity_string.c line 206 column 5 function _str_assign
Unwinding loop 37 iteration 2   file /home/samson/workspace/esbmc/src/c2goto/library/solidity/solidity_string.c line 206 column 5 function _str_assign
Not unwinding loop 37 iteration 3   file /home/samson/workspace/esbmc/src/c2goto/library/solidity/solidity_string.c line 206 column 5 function _str_assign
Unwinding loop 37 iteration 1   file /home/samson/workspace/esbmc/src/c2goto/library/solidity/solidity_string.c line 206 column 5 function _str_assign
Unwinding loop 37 iteration 2   file /home/samson/workspace/esbmc/src/c2goto/library/solidity/solidity_string.c line 206 column 5 function _str_assign
Not unwinding loop 37 iteration 3   file /home/samson/workspace/esbmc/src/c2goto/library/solidity/solidity_string.c line 206 column 5 function _str_assign
Unwinding loop 38 iteration 1   file /home/samson/workspace/esbmc/src/c2goto/library/solidity/solidity_string.c line 209 column 5 function _str_assign
Unwinding loop 38 iteration 2   file /home/samson/workspace/esbmc/src/c2goto/library/solidity/solidity_string.c line 209 column 5 function _str_assign
Not unwinding loop 38 iteration 3   file /home/samson/workspace/esbmc/src/c2goto/library/solidity/solidity_string.c line 209 column 5 function _str_assign
Unwinding loop 37 iteration 1   file /home/samson/workspace/esbmc/src/c2goto/library/solidity/solidity_string.c line 206 column 5 function _str_assign
Unwinding loop 37 iteration 2   file /home/samson/workspace/esbmc/src/c2goto/library/solidity/solidity_string.c line 206 column 5 function _str_assign
Not unwinding loop 37 iteration 3   file /home/samson/workspace/esbmc/src/c2goto/library/solidity/solidity_string.c line 206 column 5 function _str_assign
Unwinding loop 38 iteration 1   file /home/samson/workspace/esbmc/src/c2goto/library/solidity/solidity_string.c line 209 column 5 function _str_assign
Unwinding loop 38 iteration 2   file /home/samson/workspace/esbmc/src/c2goto/library/solidity/solidity_string.c line 209 column 5 function _str_assign
Not unwinding loop 38 iteration 3   file /home/samson/workspace/esbmc/src/c2goto/library/solidity/solidity_string.c line 209 column 5 function _str_assign
Unwinding loop 47 iteration 1   file /home/samson/workspace/esbmc/src/c2goto/library/solidity/solidity_mapping.c line 27 column 3 function map_get_raw
Unwinding loop 47 iteration 2   file /home/samson/workspace/esbmc/src/c2goto/library/solidity/solidity_mapping.c line 27 column 3 function map_get_raw
Not unwinding loop 47 iteration 3   file /home/samson/workspace/esbmc/src/c2goto/library/solidity/solidity_mapping.c line 27 column 3 function map_get_raw
Unwinding loop 47 iteration 1   file /home/samson/workspace/esbmc/src/c2goto/library/solidity/solidity_mapping.c line 27 column 3 function map_get_raw
Unwinding loop 47 iteration 2   file /home/samson/workspace/esbmc/src/c2goto/library/solidity/solidity_mapping.c line 27 column 3 function map_get_raw
Not unwinding loop 47 iteration 3   file /home/samson/workspace/esbmc/src/c2goto/library/solidity/solidity_mapping.c line 27 column 3 function map_get_raw
Unwinding loop 47 iteration 1   file /home/samson/workspace/esbmc/src/c2goto/library/solidity/solidity_mapping.c line 27 column 3 function map_get_raw
Unwinding loop 47 iteration 2   file /home/samson/workspace/esbmc/src/c2goto/library/solidity/solidity_mapping.c line 27 column 3 function map_get_raw
Not unwinding loop 47 iteration 3   file /home/samson/workspace/esbmc/src/c2goto/library/solidity/solidity_mapping.c line 27 column 3 function map_get_raw
Unwinding loop 47 iteration 1   file /home/samson/workspace/esbmc/src/c2goto/library/solidity/solidity_mapping.c line 27 column 3 function map_get_raw
Unwinding loop 47 iteration 2   file /home/samson/workspace/esbmc/src/c2goto/library/solidity/solidity_mapping.c line 27 column 3 function map_get_raw
Not unwinding loop 47 iteration 3   file /home/samson/workspace/esbmc/src/c2goto/library/solidity/solidity_mapping.c line 27 column 3 function map_get_raw
Unwinding loop 37 iteration 1   file /home/samson/workspace/esbmc/src/c2goto/library/solidity/solidity_string.c line 206 column 5 function _str_assign
Unwinding loop 37 iteration 2   file /home/samson/workspace/esbmc/src/c2goto/library/solidity/solidity_string.c line 206 column 5 function _str_assign
Not unwinding loop 37 iteration 3   file /home/samson/workspace/esbmc/src/c2goto/library/solidity/solidity_string.c line 206 column 5 function _str_assign
Unwinding loop 37 iteration 1   file /home/samson/workspace/esbmc/src/c2goto/library/solidity/solidity_string.c line 206 column 5 function _str_assign
Unwinding loop 37 iteration 2   file /home/samson/workspace/esbmc/src/c2goto/library/solidity/solidity_string.c line 206 column 5 function _str_assign
Not unwinding loop 37 iteration 3   file /home/samson/workspace/esbmc/src/c2goto/library/solidity/solidity_string.c line 206 column 5 function _str_assign
Unwinding loop 37 iteration 1   file /home/samson/workspace/esbmc/src/c2goto/library/solidity/solidity_string.c line 206 column 5 function _str_assign
Unwinding loop 37 iteration 2   file /home/samson/workspace/esbmc/src/c2goto/library/solidity/solidity_string.c line 206 column 5 function _str_assign
Not unwinding loop 37 iteration 3   file /home/samson/workspace/esbmc/src/c2goto/library/solidity/solidity_string.c line 206 column 5 function _str_assign
Unwinding loop 38 iteration 1   file /home/samson/workspace/esbmc/src/c2goto/library/solidity/solidity_string.c line 209 column 5 function _str_assign
Unwinding loop 38 iteration 2   file /home/samson/workspace/esbmc/src/c2goto/library/solidity/solidity_string.c line 209 column 5 function _str_assign
Not unwinding loop 38 iteration 3   file /home/samson/workspace/esbmc/src/c2goto/library/solidity/solidity_string.c line 209 column 5 function _str_assign
Unwinding loop 37 iteration 1   file /home/samson/workspace/esbmc/src/c2goto/library/solidity/solidity_string.c line 206 column 5 function _str_assign
Unwinding loop 37 iteration 2   file /home/samson/workspace/esbmc/src/c2goto/library/solidity/solidity_string.c line 206 column 5 function _str_assign
Not unwinding loop 37 iteration 3   file /home/samson/workspace/esbmc/src/c2goto/library/solidity/solidity_string.c line 206 column 5 function _str_assign
Unwinding loop 38 iteration 1   file /home/samson/workspace/esbmc/src/c2goto/library/solidity/solidity_string.c line 209 column 5 function _str_assign
Unwinding loop 38 iteration 2   file /home/samson/workspace/esbmc/src/c2goto/library/solidity/solidity_string.c line 209 column 5 function _str_assign
Not unwinding loop 38 iteration 3   file /home/samson/workspace/esbmc/src/c2goto/library/solidity/solidity_string.c line 209 column 5 function _str_assign
Unwinding loop 47 iteration 1   file /home/samson/workspace/esbmc/src/c2goto/library/solidity/solidity_mapping.c line 27 column 3 function map_get_raw
Unwinding loop 47 iteration 2   file /home/samson/workspace/esbmc/src/c2goto/library/solidity/solidity_mapping.c line 27 column 3 function map_get_raw
Not unwinding loop 47 iteration 3   file /home/samson/workspace/esbmc/src/c2goto/library/solidity/solidity_mapping.c line 27 column 3 function map_get_raw
Unwinding loop 47 iteration 1   file /home/samson/workspace/esbmc/src/c2goto/library/solidity/solidity_mapping.c line 27 column 3 function map_get_raw
Unwinding loop 47 iteration 2   file /home/samson/workspace/esbmc/src/c2goto/library/solidity/solidity_mapping.c line 27 column 3 function map_get_raw
Not unwinding loop 47 iteration 3   file /home/samson/workspace/esbmc/src/c2goto/library/solidity/solidity_mapping.c line 27 column 3 function map_get_raw
Unwinding loop 47 iteration 1   file /home/samson/workspace/esbmc/src/c2goto/library/solidity/solidity_mapping.c line 27 column 3 function map_get_raw
Unwinding loop 47 iteration 2   file /home/samson/workspace/esbmc/src/c2goto/library/solidity/solidity_mapping.c line 27 column 3 function map_get_raw
Not unwinding loop 47 iteration 3   file /home/samson/workspace/esbmc/src/c2goto/library/solidity/solidity_mapping.c line 27 column 3 function map_get_raw
Unwinding loop 47 iteration 1   file /home/samson/workspace/esbmc/src/c2goto/library/solidity/solidity_mapping.c line 27 column 3 function map_get_raw
Unwinding loop 47 iteration 2   file /home/samson/workspace/esbmc/src/c2goto/library/solidity/solidity_mapping.c line 27 column 3 function map_get_raw
Not unwinding loop 47 iteration 3   file /home/samson/workspace/esbmc/src/c2goto/library/solidity/solidity_mapping.c line 27 column 3 function map_get_raw
Unwinding loop 47 iteration 1   file /home/samson/workspace/esbmc/src/c2goto/library/solidity/solidity_mapping.c line 27 column 3 function map_get_raw
Unwinding loop 47 iteration 2   file /home/samson/workspace/esbmc/src/c2goto/library/solidity/solidity_mapping.c line 27 column 3 function map_get_raw
Not unwinding loop 47 iteration 3   file /home/samson/workspace/esbmc/src/c2goto/library/solidity/solidity_mapping.c line 27 column 3 function map_get_raw
Unwinding loop 47 iteration 1   file /home/samson/workspace/esbmc/src/c2goto/library/solidity/solidity_mapping.c line 27 column 3 function map_get_raw
Unwinding loop 47 iteration 2   file /home/samson/workspace/esbmc/src/c2goto/library/solidity/solidity_mapping.c line 27 column 3 function map_get_raw
Not unwinding loop 47 iteration 3   file /home/samson/workspace/esbmc/src/c2goto/library/solidity/solidity_mapping.c line 27 column 3 function map_get_raw
Unwinding loop 47 iteration 1   file /home/samson/workspace/esbmc/src/c2goto/library/solidity/solidity_mapping.c line 27 column 3 function map_get_raw
Unwinding loop 47 iteration 2   file /home/samson/workspace/esbmc/src/c2goto/library/solidity/solidity_mapping.c line 27 column 3 function map_get_raw
Not unwinding loop 47 iteration 3   file /home/samson/workspace/esbmc/src/c2goto/library/solidity/solidity_mapping.c line 27 column 3 function map_get_raw
Unwinding loop 47 iteration 1   file /home/samson/workspace/esbmc/src/c2goto/library/solidity/solidity_mapping.c line 27 column 3 function map_get_raw
Unwinding loop 47 iteration 2   file /home/samson/workspace/esbmc/src/c2goto/library/solidity/solidity_mapping.c line 27 column 3 function map_get_raw
Not unwinding loop 47 iteration 3   file /home/samson/workspace/esbmc/src/c2goto/library/solidity/solidity_mapping.c line 27 column 3 function map_get_raw
Unwinding loop 47 iteration 1   file /home/samson/workspace/esbmc/src/c2goto/library/solidity/solidity_mapping.c line 27 column 3 function map_get_raw
Unwinding loop 47 iteration 2   file /home/samson/workspace/esbmc/src/c2goto/library/solidity/solidity_mapping.c line 27 column 3 function map_get_raw
Not unwinding loop 47 iteration 3   file /home/samson/workspace/esbmc/src/c2goto/library/solidity/solidity_mapping.c line 27 column 3 function map_get_raw
Unwinding loop 47 iteration 1   file /home/samson/workspace/esbmc/src/c2goto/library/solidity/solidity_mapping.c line 27 column 3 function map_get_raw
Unwinding loop 47 iteration 2   file /home/samson/workspace/esbmc/src/c2goto/library/solidity/solidity_mapping.c line 27 column 3 function map_get_raw
Not unwinding loop 47 iteration 3   file /home/samson/workspace/esbmc/src/c2goto/library/solidity/solidity_mapping.c line 27 column 3 function map_get_raw
Unwinding loop 47 iteration 1   file /home/samson/workspace/esbmc/src/c2goto/library/solidity/solidity_mapping.c line 27 column 3 function map_get_raw
Unwinding loop 47 iteration 2   file /home/samson/workspace/esbmc/src/c2goto/library/solidity/solidity_mapping.c line 27 column 3 function map_get_raw
Not unwinding loop 47 iteration 3   file /home/samson/workspace/esbmc/src/c2goto/library/solidity/solidity_mapping.c line 27 column 3 function map_get_raw
Unwinding loop 47 iteration 1   file /home/samson/workspace/esbmc/src/c2goto/library/solidity/solidity_mapping.c line 27 column 3 function map_get_raw
Unwinding loop 47 iteration 2   file /home/samson/workspace/esbmc/src/c2goto/library/solidity/solidity_mapping.c line 27 column 3 function map_get_raw
Not unwinding loop 47 iteration 3   file /home/samson/workspace/esbmc/src/c2goto/library/solidity/solidity_mapping.c line 27 column 3 function map_get_raw
Unwinding loop 47 iteration 1   file /home/samson/workspace/esbmc/src/c2goto/library/solidity/solidity_mapping.c line 27 column 3 function map_get_raw
Unwinding loop 47 iteration 2   file /home/samson/workspace/esbmc/src/c2goto/library/solidity/solidity_mapping.c line 27 column 3 function map_get_raw
Not unwinding loop 47 iteration 3   file /home/samson/workspace/esbmc/src/c2goto/library/solidity/solidity_mapping.c line 27 column 3 function map_get_raw
Unwinding loop 47 iteration 1   file /home/samson/workspace/esbmc/src/c2goto/library/solidity/solidity_mapping.c line 27 column 3 function map_get_raw
Unwinding loop 47 iteration 2   file /home/samson/workspace/esbmc/src/c2goto/library/solidity/solidity_mapping.c line 27 column 3 function map_get_raw
Not unwinding loop 47 iteration 3   file /home/samson/workspace/esbmc/src/c2goto/library/solidity/solidity_mapping.c line 27 column 3 function map_get_raw
Unwinding loop 47 iteration 1   file /home/samson/workspace/esbmc/src/c2goto/library/solidity/solidity_mapping.c line 27 column 3 function map_get_raw
Unwinding loop 47 iteration 2   file /home/samson/workspace/esbmc/src/c2goto/library/solidity/solidity_mapping.c line 27 column 3 function map_get_raw
Not unwinding loop 47 iteration 3   file /home/samson/workspace/esbmc/src/c2goto/library/solidity/solidity_mapping.c line 27 column 3 function map_get_raw
Unwinding loop 47 iteration 1   file /home/samson/workspace/esbmc/src/c2goto/library/solidity/solidity_mapping.c line 27 column 3 function map_get_raw
Unwinding loop 47 iteration 2   file /home/samson/workspace/esbmc/src/c2goto/library/solidity/solidity_mapping.c line 27 column 3 function map_get_raw
Not unwinding loop 47 iteration 3   file /home/samson/workspace/esbmc/src/c2goto/library/solidity/solidity_mapping.c line 27 column 3 function map_get_raw
Unwinding loop 47 iteration 1   file /home/samson/workspace/esbmc/src/c2goto/library/solidity/solidity_mapping.c line 27 column 3 function map_get_raw
Unwinding loop 47 iteration 2   file /home/samson/workspace/esbmc/src/c2goto/library/solidity/solidity_mapping.c line 27 column 3 function map_get_raw
Not unwinding loop 47 iteration 3   file /home/samson/workspace/esbmc/src/c2goto/library/solidity/solidity_mapping.c line 27 column 3 function map_get_raw
Unwinding loop 47 iteration 1   file /home/samson/workspace/esbmc/src/c2goto/library/solidity/solidity_mapping.c line 27 column 3 function map_get_raw
Unwinding loop 47 iteration 2   file /home/samson/workspace/esbmc/src/c2goto/library/solidity/solidity_mapping.c line 27 column 3 function map_get_raw
Not unwinding loop 47 iteration 3   file /home/samson/workspace/esbmc/src/c2goto/library/solidity/solidity_mapping.c line 27 column 3 function map_get_raw
Unwinding loop 47 iteration 1   file /home/samson/workspace/esbmc/src/c2goto/library/solidity/solidity_mapping.c line 27 column 3 function map_get_raw
Unwinding loop 47 iteration 2   file /home/samson/workspace/esbmc/src/c2goto/library/solidity/solidity_mapping.c line 27 column 3 function map_get_raw
Not unwinding loop 47 iteration 3   file /home/samson/workspace/esbmc/src/c2goto/library/solidity/solidity_mapping.c line 27 column 3 function map_get_raw
Unwinding loop 47 iteration 1   file /home/samson/workspace/esbmc/src/c2goto/library/solidity/solidity_mapping.c line 27 column 3 function map_get_raw
Unwinding loop 47 iteration 2   file /home/samson/workspace/esbmc/src/c2goto/library/solidity/solidity_mapping.c line 27 column 3 function map_get_raw
Not unwinding loop 47 iteration 3   file /home/samson/workspace/esbmc/src/c2goto/library/solidity/solidity_mapping.c line 27 column 3 function map_get_raw
Unwinding loop 47 iteration 1   file /home/samson/workspace/esbmc/src/c2goto/library/solidity/solidity_mapping.c line 27 column 3 function map_get_raw
Unwinding loop 47 iteration 2   file /home/samson/workspace/esbmc/src/c2goto/library/solidity/solidity_mapping.c line 27 column 3 function map_get_raw
Not unwinding loop 47 iteration 3   file /home/samson/workspace/esbmc/src/c2goto/library/solidity/solidity_mapping.c line 27 column 3 function map_get_raw
Unwinding loop 47 iteration 1   file /home/samson/workspace/esbmc/src/c2goto/library/solidity/solidity_mapping.c line 27 column 3 function map_get_raw
Unwinding loop 47 iteration 2   file /home/samson/workspace/esbmc/src/c2goto/library/solidity/solidity_mapping.c line 27 column 3 function map_get_raw
Not unwinding loop 47 iteration 3   file /home/samson/workspace/esbmc/src/c2goto/library/solidity/solidity_mapping.c line 27 column 3 function map_get_raw
Unwinding loop 47 iteration 1   file /home/samson/workspace/esbmc/src/c2goto/library/solidity/solidity_mapping.c line 27 column 3 function map_get_raw
Unwinding loop 47 iteration 2   file /home/samson/workspace/esbmc/src/c2goto/library/solidity/solidity_mapping.c line 27 column 3 function map_get_raw
Not unwinding loop 47 iteration 3   file /home/samson/workspace/esbmc/src/c2goto/library/solidity/solidity_mapping.c line 27 column 3 function map_get_raw
Unwinding loop 47 iteration 1   file /home/samson/workspace/esbmc/src/c2goto/library/solidity/solidity_mapping.c line 27 column 3 function map_get_raw
Unwinding loop 47 iteration 2   file /home/samson/workspace/esbmc/src/c2goto/library/solidity/solidity_mapping.c line 27 column 3 function map_get_raw
Not unwinding loop 47 iteration 3   file /home/samson/workspace/esbmc/src/c2goto/library/solidity/solidity_mapping.c line 27 column 3 function map_get_raw
Unwinding loop 47 iteration 1   file /home/samson/workspace/esbmc/src/c2goto/library/solidity/solidity_mapping.c line 27 column 3 function map_get_raw
Unwinding loop 47 iteration 2   file /home/samson/workspace/esbmc/src/c2goto/library/solidity/solidity_mapping.c line 27 column 3 function map_get_raw
Not unwinding loop 47 iteration 3   file /home/samson/workspace/esbmc/src/c2goto/library/solidity/solidity_mapping.c line 27 column 3 function map_get_raw
Unwinding loop 47 iteration 1   file /home/samson/workspace/esbmc/src/c2goto/library/solidity/solidity_mapping.c line 27 column 3 function map_get_raw
Unwinding loop 47 iteration 2   file /home/samson/workspace/esbmc/src/c2goto/library/solidity/solidity_mapping.c line 27 column 3 function map_get_raw
Not unwinding loop 47 iteration 3   file /home/samson/workspace/esbmc/src/c2goto/library/solidity/solidity_mapping.c line 27 column 3 function map_get_raw
Unwinding loop 65 iteration 1   
Unwinding loop 37 iteration 1   file /home/samson/workspace/esbmc/src/c2goto/library/solidity/solidity_string.c line 206 column 5 function _str_assign
Unwinding loop 37 iteration 2   file /home/samson/workspace/esbmc/src/c2goto/library/solidity/solidity_string.c line 206 column 5 function _str_assign
Not unwinding loop 37 iteration 3   file /home/samson/workspace/esbmc/src/c2goto/library/solidity/solidity_string.c line 206 column 5 function _str_assign
Unwinding loop 37 iteration 1   file /home/samson/workspace/esbmc/src/c2goto/library/solidity/solidity_string.c line 206 column 5 function _str_assign
Unwinding loop 37 iteration 2   file /home/samson/workspace/esbmc/src/c2goto/library/solidity/solidity_string.c line 206 column 5 function _str_assign
Not unwinding loop 37 iteration 3   file /home/samson/workspace/esbmc/src/c2goto/library/solidity/solidity_string.c line 206 column 5 function _str_assign
Unwinding loop 37 iteration 1   file /home/samson/workspace/esbmc/src/c2goto/library/solidity/solidity_string.c line 206 column 5 function _str_assign
Unwinding loop 37 iteration 2   file /home/samson/workspace/esbmc/src/c2goto/library/solidity/solidity_string.c line 206 column 5 function _str_assign
Not unwinding loop 37 iteration 3   file /home/samson/workspace/esbmc/src/c2goto/library/solidity/solidity_string.c line 206 column 5 function _str_assign
Unwinding loop 38 iteration 1   file /home/samson/workspace/esbmc/src/c2goto/library/solidity/solidity_string.c line 209 column 5 function _str_assign
Unwinding loop 38 iteration 2   file /home/samson/workspace/esbmc/src/c2goto/library/solidity/solidity_string.c line 209 column 5 function _str_assign
Not unwinding loop 38 iteration 3   file /home/samson/workspace/esbmc/src/c2goto/library/solidity/solidity_string.c line 209 column 5 function _str_assign
Unwinding loop 37 iteration 1   file /home/samson/workspace/esbmc/src/c2goto/library/solidity/solidity_string.c line 206 column 5 function _str_assign
Unwinding loop 37 iteration 2   file /home/samson/workspace/esbmc/src/c2goto/library/solidity/solidity_string.c line 206 column 5 function _str_assign
Not unwinding loop 37 iteration 3   file /home/samson/workspace/esbmc/src/c2goto/library/solidity/solidity_string.c line 206 column 5 function _str_assign
Unwinding loop 38 iteration 1   file /home/samson/workspace/esbmc/src/c2goto/library/solidity/solidity_string.c line 209 column 5 function _str_assign
Unwinding loop 38 iteration 2   file /home/samson/workspace/esbmc/src/c2goto/library/solidity/solidity_string.c line 209 column 5 function _str_assign
Not unwinding loop 38 iteration 3   file /home/samson/workspace/esbmc/src/c2goto/library/solidity/solidity_string.c line 209 column 5 function _str_assign
Unwinding loop 47 iteration 1   file /home/samson/workspace/esbmc/src/c2goto/library/solidity/solidity_mapping.c line 27 column 3 function map_get_raw
Unwinding loop 47 iteration 2   file /home/samson/workspace/esbmc/src/c2goto/library/solidity/solidity_mapping.c line 27 column 3 function map_get_raw
Not unwinding loop 47 iteration 3   file /home/samson/workspace/esbmc/src/c2goto/library/solidity/solidity_mapping.c line 27 column 3 function map_get_raw
Unwinding loop 47 iteration 1   file /home/samson/workspace/esbmc/src/c2goto/library/solidity/solidity_mapping.c line 27 column 3 function map_get_raw
Unwinding loop 47 iteration 2   file /home/samson/workspace/esbmc/src/c2goto/library/solidity/solidity_mapping.c line 27 column 3 function map_get_raw
Not unwinding loop 47 iteration 3   file /home/samson/workspace/esbmc/src/c2goto/library/solidity/solidity_mapping.c line 27 column 3 function map_get_raw
Unwinding loop 47 iteration 1   file /home/samson/workspace/esbmc/src/c2goto/library/solidity/solidity_mapping.c line 27 column 3 function map_get_raw
Unwinding loop 47 iteration 2   file /home/samson/workspace/esbmc/src/c2goto/library/solidity/solidity_mapping.c line 27 column 3 function map_get_raw
Not unwinding loop 47 iteration 3   file /home/samson/workspace/esbmc/src/c2goto/library/solidity/solidity_mapping.c line 27 column 3 function map_get_raw
Unwinding loop 47 iteration 1   file /home/samson/workspace/esbmc/src/c2goto/library/solidity/solidity_mapping.c line 27 column 3 function map_get_raw
Unwinding loop 47 iteration 2   file /home/samson/workspace/esbmc/src/c2goto/library/solidity/solidity_mapping.c line 27 column 3 function map_get_raw
Not unwinding loop 47 iteration 3   file /home/samson/workspace/esbmc/src/c2goto/library/solidity/solidity_mapping.c line 27 column 3 function map_get_raw
Unwinding loop 37 iteration 1   file /home/samson/workspace/esbmc/src/c2goto/library/solidity/solidity_string.c line 206 column 5 function _str_assign
Unwinding loop 37 iteration 2   file /home/samson/workspace/esbmc/src/c2goto/library/solidity/solidity_string.c line 206 column 5 function _str_assign
Not unwinding loop 37 iteration 3   file /home/samson/workspace/esbmc/src/c2goto/library/solidity/solidity_string.c line 206 column 5 function _str_assign
Unwinding loop 37 iteration 1   file /home/samson/workspace/esbmc/src/c2goto/library/solidity/solidity_string.c line 206 column 5 function _str_assign
Unwinding loop 37 iteration 2   file /home/samson/workspace/esbmc/src/c2goto/library/solidity/solidity_string.c line 206 column 5 function _str_assign
Not unwinding loop 37 iteration 3   file /home/samson/workspace/esbmc/src/c2goto/library/solidity/solidity_string.c line 206 column 5 function _str_assign
Unwinding loop 37 iteration 1   file /home/samson/workspace/esbmc/src/c2goto/library/solidity/solidity_string.c line 206 column 5 function _str_assign
Unwinding loop 37 iteration 2   file /home/samson/workspace/esbmc/src/c2goto/library/solidity/solidity_string.c line 206 column 5 function _str_assign
Not unwinding loop 37 iteration 3   file /home/samson/workspace/esbmc/src/c2goto/library/solidity/solidity_string.c line 206 column 5 function _str_assign
Unwinding loop 38 iteration 1   file /home/samson/workspace/esbmc/src/c2goto/library/solidity/solidity_string.c line 209 column 5 function _str_assign
Unwinding loop 38 iteration 2   file /home/samson/workspace/esbmc/src/c2goto/library/solidity/solidity_string.c line 209 column 5 function _str_assign
Not unwinding loop 38 iteration 3   file /home/samson/workspace/esbmc/src/c2goto/library/solidity/solidity_string.c line 209 column 5 function _str_assign
Unwinding loop 37 iteration 1   file /home/samson/workspace/esbmc/src/c2goto/library/solidity/solidity_string.c line 206 column 5 function _str_assign
Unwinding loop 37 iteration 2   file /home/samson/workspace/esbmc/src/c2goto/library/solidity/solidity_string.c line 206 column 5 function _str_assign
Not unwinding loop 37 iteration 3   file /home/samson/workspace/esbmc/src/c2goto/library/solidity/solidity_string.c line 206 column 5 function _str_assign
Unwinding loop 38 iteration 1   file /home/samson/workspace/esbmc/src/c2goto/library/solidity/solidity_string.c line 209 column 5 function _str_assign
Unwinding loop 38 iteration 2   file /home/samson/workspace/esbmc/src/c2goto/library/solidity/solidity_string.c line 209 column 5 function _str_assign
Not unwinding loop 38 iteration 3   file /home/samson/workspace/esbmc/src/c2goto/library/solidity/solidity_string.c line 209 column 5 function _str_assign
Unwinding loop 47 iteration 1   file /home/samson/workspace/esbmc/src/c2goto/library/solidity/solidity_mapping.c line 27 column 3 function map_get_raw
Unwinding loop 47 iteration 2   file /home/samson/workspace/esbmc/src/c2goto/library/solidity/solidity_mapping.c line 27 column 3 function map_get_raw
Not unwinding loop 47 iteration 3   file /home/samson/workspace/esbmc/src/c2goto/library/solidity/solidity_mapping.c line 27 column 3 function map_get_raw
Unwinding loop 47 iteration 1   file /home/samson/workspace/esbmc/src/c2goto/library/solidity/solidity_mapping.c line 27 column 3 function map_get_raw
Unwinding loop 47 iteration 2   file /home/samson/workspace/esbmc/src/c2goto/library/solidity/solidity_mapping.c line 27 column 3 function map_get_raw
Not unwinding loop 47 iteration 3   file /home/samson/workspace/esbmc/src/c2goto/library/solidity/solidity_mapping.c line 27 column 3 function map_get_raw
Unwinding loop 47 iteration 1   file /home/samson/workspace/esbmc/src/c2goto/library/solidity/solidity_mapping.c line 27 column 3 function map_get_raw
Unwinding loop 47 iteration 2   file /home/samson/workspace/esbmc/src/c2goto/library/solidity/solidity_mapping.c line 27 column 3 function map_get_raw
Not unwinding loop 47 iteration 3   file /home/samson/workspace/esbmc/src/c2goto/library/solidity/solidity_mapping.c line 27 column 3 function map_get_raw
Unwinding loop 47 iteration 1   file /home/samson/workspace/esbmc/src/c2goto/library/solidity/solidity_mapping.c line 27 column 3 function map_get_raw
Unwinding loop 47 iteration 2   file /home/samson/workspace/esbmc/src/c2goto/library/solidity/solidity_mapping.c line 27 column 3 function map_get_raw
Not unwinding loop 47 iteration 3   file /home/samson/workspace/esbmc/src/c2goto/library/solidity/solidity_mapping.c line 27 column 3 function map_get_raw
Unwinding loop 47 iteration 1   file /home/samson/workspace/esbmc/src/c2goto/library/solidity/solidity_mapping.c line 27 column 3 function map_get_raw
Unwinding loop 47 iteration 2   file /home/samson/workspace/esbmc/src/c2goto/library/solidity/solidity_mapping.c line 27 column 3 function map_get_raw
Not unwinding loop 47 iteration 3   file /home/samson/workspace/esbmc/src/c2goto/library/solidity/solidity_mapping.c line 27 column 3 function map_get_raw
Unwinding loop 47 iteration 1   file /home/samson/workspace/esbmc/src/c2goto/library/solidity/solidity_mapping.c line 27 column 3 function map_get_raw
Unwinding loop 47 iteration 2   file /home/samson/workspace/esbmc/src/c2goto/library/solidity/solidity_mapping.c line 27 column 3 function map_get_raw
Not unwinding loop 47 iteration 3   file /home/samson/workspace/esbmc/src/c2goto/library/solidity/solidity_mapping.c line 27 column 3 function map_get_raw
Unwinding loop 47 iteration 1   file /home/samson/workspace/esbmc/src/c2goto/library/solidity/solidity_mapping.c line 27 column 3 function map_get_raw
Unwinding loop 47 iteration 2   file /home/samson/workspace/esbmc/src/c2goto/library/solidity/solidity_mapping.c line 27 column 3 function map_get_raw
Not unwinding loop 47 iteration 3   file /home/samson/workspace/esbmc/src/c2goto/library/solidity/solidity_mapping.c line 27 column 3 function map_get_raw
Unwinding loop 47 iteration 1   file /home/samson/workspace/esbmc/src/c2goto/library/solidity/solidity_mapping.c line 27 column 3 function map_get_raw
Unwinding loop 47 iteration 2   file /home/samson/workspace/esbmc/src/c2goto/library/solidity/solidity_mapping.c line 27 column 3 function map_get_raw
Not unwinding loop 47 iteration 3   file /home/samson/workspace/esbmc/src/c2goto/library/solidity/solidity_mapping.c line 27 column 3 function map_get_raw
Unwinding loop 47 iteration 1   file /home/samson/workspace/esbmc/src/c2goto/library/solidity/solidity_mapping.c line 27 column 3 function map_get_raw
Unwinding loop 47 iteration 2   file /home/samson/workspace/esbmc/src/c2goto/library/solidity/solidity_mapping.c line 27 column 3 function map_get_raw
Not unwinding loop 47 iteration 3   file /home/samson/workspace/esbmc/src/c2goto/library/solidity/solidity_mapping.c line 27 column 3 function map_get_raw
Unwinding loop 47 iteration 1   file /home/samson/workspace/esbmc/src/c2goto/library/solidity/solidity_mapping.c line 27 column 3 function map_get_raw
Unwinding loop 47 iteration 2   file /home/samson/workspace/esbmc/src/c2goto/library/solidity/solidity_mapping.c line 27 column 3 function map_get_raw
Not unwinding loop 47 iteration 3   file /home/samson/workspace/esbmc/src/c2goto/library/solidity/solidity_mapping.c line 27 column 3 function map_get_raw
Unwinding loop 47 iteration 1   file /home/samson/workspace/esbmc/src/c2goto/library/solidity/solidity_mapping.c line 27 column 3 function map_get_raw
Unwinding loop 47 iteration 2   file /home/samson/workspace/esbmc/src/c2goto/library/solidity/solidity_mapping.c line 27 column 3 function map_get_raw
Not unwinding loop 47 iteration 3   file /home/samson/workspace/esbmc/src/c2goto/library/solidity/solidity_mapping.c line 27 column 3 function map_get_raw
Unwinding loop 47 iteration 1   file /home/samson/workspace/esbmc/src/c2goto/library/solidity/solidity_mapping.c line 27 column 3 function map_get_raw
Unwinding loop 47 iteration 2   file /home/samson/workspace/esbmc/src/c2goto/library/solidity/solidity_mapping.c line 27 column 3 function map_get_raw
Not unwinding loop 47 iteration 3   file /home/samson/workspace/esbmc/src/c2goto/library/solidity/solidity_mapping.c line 27 column 3 function map_get_raw
Unwinding loop 47 iteration 1   file /home/samson/workspace/esbmc/src/c2goto/library/solidity/solidity_mapping.c line 27 column 3 function map_get_raw
Unwinding loop 47 iteration 2   file /home/samson/workspace/esbmc/src/c2goto/library/solidity/solidity_mapping.c line 27 column 3 function map_get_raw
Not unwinding loop 47 iteration 3   file /home/samson/workspace/esbmc/src/c2goto/library/solidity/solidity_mapping.c line 27 column 3 function map_get_raw
Unwinding loop 47 iteration 1   file /home/samson/workspace/esbmc/src/c2goto/library/solidity/solidity_mapping.c line 27 column 3 function map_get_raw
Unwinding loop 47 iteration 2   file /home/samson/workspace/esbmc/src/c2goto/library/solidity/solidity_mapping.c line 27 column 3 function map_get_raw
Not unwinding loop 47 iteration 3   file /home/samson/workspace/esbmc/src/c2goto/library/solidity/solidity_mapping.c line 27 column 3 function map_get_raw
Unwinding loop 47 iteration 1   file /home/samson/workspace/esbmc/src/c2goto/library/solidity/solidity_mapping.c line 27 column 3 function map_get_raw
Unwinding loop 47 iteration 2   file /home/samson/workspace/esbmc/src/c2goto/library/solidity/solidity_mapping.c line 27 column 3 function map_get_raw
Not unwinding loop 47 iteration 3   file /home/samson/workspace/esbmc/src/c2goto/library/solidity/solidity_mapping.c line 27 column 3 function map_get_raw
Unwinding loop 47 iteration 1   file /home/samson/workspace/esbmc/src/c2goto/library/solidity/solidity_mapping.c line 27 column 3 function map_get_raw
Unwinding loop 47 iteration 2   file /home/samson/workspace/esbmc/src/c2goto/library/solidity/solidity_mapping.c line 27 column 3 function map_get_raw
Not unwinding loop 47 iteration 3   file /home/samson/workspace/esbmc/src/c2goto/library/solidity/solidity_mapping.c line 27 column 3 function map_get_raw
Unwinding loop 47 iteration 1   file /home/samson/workspace/esbmc/src/c2goto/library/solidity/solidity_mapping.c line 27 column 3 function map_get_raw
Unwinding loop 47 iteration 2   file /home/samson/workspace/esbmc/src/c2goto/library/solidity/solidity_mapping.c line 27 column 3 function map_get_raw
Not unwinding loop 47 iteration 3   file /home/samson/workspace/esbmc/src/c2goto/library/solidity/solidity_mapping.c line 27 column 3 function map_get_raw
Unwinding loop 47 iteration 1   file /home/samson/workspace/esbmc/src/c2goto/library/solidity/solidity_mapping.c line 27 column 3 function map_get_raw
Unwinding loop 47 iteration 2   file /home/samson/workspace/esbmc/src/c2goto/library/solidity/solidity_mapping.c line 27 column 3 function map_get_raw
Not unwinding loop 47 iteration 3   file /home/samson/workspace/esbmc/src/c2goto/library/solidity/solidity_mapping.c line 27 column 3 function map_get_raw
Unwinding loop 47 iteration 1   file /home/samson/workspace/esbmc/src/c2goto/library/solidity/solidity_mapping.c line 27 column 3 function map_get_raw
Unwinding loop 47 iteration 2   file /home/samson/workspace/esbmc/src/c2goto/library/solidity/solidity_mapping.c line 27 column 3 function map_get_raw
Not unwinding loop 47 iteration 3   file /home/samson/workspace/esbmc/src/c2goto/library/solidity/solidity_mapping.c line 27 column 3 function map_get_raw
Unwinding loop 47 iteration 1   file /home/samson/workspace/esbmc/src/c2goto/library/solidity/solidity_mapping.c line 27 column 3 function map_get_raw
Unwinding loop 47 iteration 2   file /home/samson/workspace/esbmc/src/c2goto/library/solidity/solidity_mapping.c line 27 column 3 function map_get_raw
Not unwinding loop 47 iteration 3   file /home/samson/workspace/esbmc/src/c2goto/library/solidity/solidity_mapping.c line 27 column 3 function map_get_raw
Unwinding loop 47 iteration 1   file /home/samson/workspace/esbmc/src/c2goto/library/solidity/solidity_mapping.c line 27 column 3 function map_get_raw
Unwinding loop 47 iteration 2   file /home/samson/workspace/esbmc/src/c2goto/library/solidity/solidity_mapping.c line 27 column 3 function map_get_raw
Not unwinding loop 47 iteration 3   file /home/samson/workspace/esbmc/src/c2goto/library/solidity/solidity_mapping.c line 27 column 3 function map_get_raw
Unwinding loop 47 iteration 1   file /home/samson/workspace/esbmc/src/c2goto/library/solidity/solidity_mapping.c line 27 column 3 function map_get_raw
Unwinding loop 47 iteration 2   file /home/samson/workspace/esbmc/src/c2goto/library/solidity/solidity_mapping.c line 27 column 3 function map_get_raw
Not unwinding loop 47 iteration 3   file /home/samson/workspace/esbmc/src/c2goto/library/solidity/solidity_mapping.c line 27 column 3 function map_get_raw
Unwinding loop 47 iteration 1   file /home/samson/workspace/esbmc/src/c2goto/library/solidity/solidity_mapping.c line 27 column 3 function map_get_raw
Unwinding loop 47 iteration 2   file /home/samson/workspace/esbmc/src/c2goto/library/solidity/solidity_mapping.c line 27 column 3 function map_get_raw
Not unwinding loop 47 iteration 3   file /home/samson/workspace/esbmc/src/c2goto/library/solidity/solidity_mapping.c line 27 column 3 function map_get_raw
Unwinding loop 47 iteration 1   file /home/samson/workspace/esbmc/src/c2goto/library/solidity/solidity_mapping.c line 27 column 3 function map_get_raw
Unwinding loop 47 iteration 2   file /home/samson/workspace/esbmc/src/c2goto/library/solidity/solidity_mapping.c line 27 column 3 function map_get_raw
Not unwinding loop 47 iteration 3   file /home/samson/workspace/esbmc/src/c2goto/library/solidity/solidity_mapping.c line 27 column 3 function map_get_raw
Unwinding loop 47 iteration 1   file /home/samson/workspace/esbmc/src/c2goto/library/solidity/solidity_mapping.c line 27 column 3 function map_get_raw
Unwinding loop 47 iteration 2   file /home/samson/workspace/esbmc/src/c2goto/library/solidity/solidity_mapping.c line 27 column 3 function map_get_raw
Not unwinding loop 47 iteration 3   file /home/samson/workspace/esbmc/src/c2goto/library/solidity/solidity_mapping.c line 27 column 3 function map_get_raw
Unwinding loop 47 iteration 1   file /home/samson/workspace/esbmc/src/c2goto/library/solidity/solidity_mapping.c line 27 column 3 function map_get_raw
Unwinding loop 47 iteration 2   file /home/samson/workspace/esbmc/src/c2goto/library/solidity/solidity_mapping.c line 27 column 3 function map_get_raw
Not unwinding loop 47 iteration 3   file /home/samson/workspace/esbmc/src/c2goto/library/solidity/solidity_mapping.c line 27 column 3 function map_get_raw
Unwinding loop 65 iteration 2   
Unwinding loop 37 iteration 1   file /home/samson/workspace/esbmc/src/c2goto/library/solidity/solidity_string.c line 206 column 5 function _str_assign
Unwinding loop 37 iteration 2   file /home/samson/workspace/esbmc/src/c2goto/library/solidity/solidity_string.c line 206 column 5 function _str_assign
Not unwinding loop 37 iteration 3   file /home/samson/workspace/esbmc/src/c2goto/library/solidity/solidity_string.c line 206 column 5 function _str_assign
Unwinding loop 37 iteration 1   file /home/samson/workspace/esbmc/src/c2goto/library/solidity/solidity_string.c line 206 column 5 function _str_assign
Unwinding loop 37 iteration 2   file /home/samson/workspace/esbmc/src/c2goto/library/solidity/solidity_string.c line 206 column 5 function _str_assign
Not unwinding loop 37 iteration 3   file /home/samson/workspace/esbmc/src/c2goto/library/solidity/solidity_string.c line 206 column 5 function _str_assign
Unwinding loop 37 iteration 1   file /home/samson/workspace/esbmc/src/c2goto/library/solidity/solidity_string.c line 206 column 5 function _str_assign
Unwinding loop 37 iteration 2   file /home/samson/workspace/esbmc/src/c2goto/library/solidity/solidity_string.c line 206 column 5 function _str_assign
Not unwinding loop 37 iteration 3   file /home/samson/workspace/esbmc/src/c2goto/library/solidity/solidity_string.c line 206 column 5 function _str_assign
Unwinding loop 38 iteration 1   file /home/samson/workspace/esbmc/src/c2goto/library/solidity/solidity_string.c line 209 column 5 function _str_assign
Unwinding loop 38 iteration 2   file /home/samson/workspace/esbmc/src/c2goto/library/solidity/solidity_string.c line 209 column 5 function _str_assign
Not unwinding loop 38 iteration 3   file /home/samson/workspace/esbmc/src/c2goto/library/solidity/solidity_string.c line 209 column 5 function _str_assign
Unwinding loop 37 iteration 1   file /home/samson/workspace/esbmc/src/c2goto/library/solidity/solidity_string.c line 206 column 5 function _str_assign
Unwinding loop 37 iteration 2   file /home/samson/workspace/esbmc/src/c2goto/library/solidity/solidity_string.c line 206 column 5 function _str_assign
Not unwinding loop 37 iteration 3   file /home/samson/workspace/esbmc/src/c2goto/library/solidity/solidity_string.c line 206 column 5 function _str_assign
Unwinding loop 38 iteration 1   file /home/samson/workspace/esbmc/src/c2goto/library/solidity/solidity_string.c line 209 column 5 function _str_assign
Unwinding loop 38 iteration 2   file /home/samson/workspace/esbmc/src/c2goto/library/solidity/solidity_string.c line 209 column 5 function _str_assign
Not unwinding loop 38 iteration 3   file /home/samson/workspace/esbmc/src/c2goto/library/solidity/solidity_string.c line 209 column 5 function _str_assign
Unwinding loop 47 iteration 1   file /home/samson/workspace/esbmc/src/c2goto/library/solidity/solidity_mapping.c line 27 column 3 function map_get_raw
Unwinding loop 47 iteration 2   file /home/samson/workspace/esbmc/src/c2goto/library/solidity/solidity_mapping.c line 27 column 3 function map_get_raw
Not unwinding loop 47 iteration 3   file /home/samson/workspace/esbmc/src/c2goto/library/solidity/solidity_mapping.c line 27 column 3 function map_get_raw
Unwinding loop 47 iteration 1   file /home/samson/workspace/esbmc/src/c2goto/library/solidity/solidity_mapping.c line 27 column 3 function map_get_raw
Unwinding loop 47 iteration 2   file /home/samson/workspace/esbmc/src/c2goto/library/solidity/solidity_mapping.c line 27 column 3 function map_get_raw
Not unwinding loop 47 iteration 3   file /home/samson/workspace/esbmc/src/c2goto/library/solidity/solidity_mapping.c line 27 column 3 function map_get_raw
Unwinding loop 47 iteration 1   file /home/samson/workspace/esbmc/src/c2goto/library/solidity/solidity_mapping.c line 27 column 3 function map_get_raw
Unwinding loop 47 iteration 2   file /home/samson/workspace/esbmc/src/c2goto/library/solidity/solidity_mapping.c line 27 column 3 function map_get_raw
Not unwinding loop 47 iteration 3   file /home/samson/workspace/esbmc/src/c2goto/library/solidity/solidity_mapping.c line 27 column 3 function map_get_raw
Unwinding loop 47 iteration 1   file /home/samson/workspace/esbmc/src/c2goto/library/solidity/solidity_mapping.c line 27 column 3 function map_get_raw
Unwinding loop 47 iteration 2   file /home/samson/workspace/esbmc/src/c2goto/library/solidity/solidity_mapping.c line 27 column 3 function map_get_raw
Not unwinding loop 47 iteration 3   file /home/samson/workspace/esbmc/src/c2goto/library/solidity/solidity_mapping.c line 27 column 3 function map_get_raw
Unwinding loop 37 iteration 1   file /home/samson/workspace/esbmc/src/c2goto/library/solidity/solidity_string.c line 206 column 5 function _str_assign
Unwinding loop 37 iteration 2   file /home/samson/workspace/esbmc/src/c2goto/library/solidity/solidity_string.c line 206 column 5 function _str_assign
Not unwinding loop 37 iteration 3   file /home/samson/workspace/esbmc/src/c2goto/library/solidity/solidity_string.c line 206 column 5 function _str_assign
Unwinding loop 37 iteration 1   file /home/samson/workspace/esbmc/src/c2goto/library/solidity/solidity_string.c line 206 column 5 function _str_assign
Unwinding loop 37 iteration 2   file /home/samson/workspace/esbmc/src/c2goto/library/solidity/solidity_string.c line 206 column 5 function _str_assign
Not unwinding loop 37 iteration 3   file /home/samson/workspace/esbmc/src/c2goto/library/solidity/solidity_string.c line 206 column 5 function _str_assign
Unwinding loop 37 iteration 1   file /home/samson/workspace/esbmc/src/c2goto/library/solidity/solidity_string.c line 206 column 5 function _str_assign
Unwinding loop 37 iteration 2   file /home/samson/workspace/esbmc/src/c2goto/library/solidity/solidity_string.c line 206 column 5 function _str_assign
Not unwinding loop 37 iteration 3   file /home/samson/workspace/esbmc/src/c2goto/library/solidity/solidity_string.c line 206 column 5 function _str_assign
Unwinding loop 38 iteration 1   file /home/samson/workspace/esbmc/src/c2goto/library/solidity/solidity_string.c line 209 column 5 function _str_assign
Unwinding loop 38 iteration 2   file /home/samson/workspace/esbmc/src/c2goto/library/solidity/solidity_string.c line 209 column 5 function _str_assign
Not unwinding loop 38 iteration 3   file /home/samson/workspace/esbmc/src/c2goto/library/solidity/solidity_string.c line 209 column 5 function _str_assign
Unwinding loop 37 iteration 1   file /home/samson/workspace/esbmc/src/c2goto/library/solidity/solidity_string.c line 206 column 5 function _str_assign
Unwinding loop 37 iteration 2   file /home/samson/workspace/esbmc/src/c2goto/library/solidity/solidity_string.c line 206 column 5 function _str_assign
Not unwinding loop 37 iteration 3   file /home/samson/workspace/esbmc/src/c2goto/library/solidity/solidity_string.c line 206 column 5 function _str_assign
Unwinding loop 38 iteration 1   file /home/samson/workspace/esbmc/src/c2goto/library/solidity/solidity_string.c line 209 column 5 function _str_assign
Unwinding loop 38 iteration 2   file /home/samson/workspace/esbmc/src/c2goto/library/solidity/solidity_string.c line 209 column 5 function _str_assign
Not unwinding loop 38 iteration 3   file /home/samson/workspace/esbmc/src/c2goto/library/solidity/solidity_string.c line 209 column 5 function _str_assign
Unwinding loop 47 iteration 1   file /home/samson/workspace/esbmc/src/c2goto/library/solidity/solidity_mapping.c line 27 column 3 function map_get_raw
Unwinding loop 47 iteration 2   file /home/samson/workspace/esbmc/src/c2goto/library/solidity/solidity_mapping.c line 27 column 3 function map_get_raw
Not unwinding loop 47 iteration 3   file /home/samson/workspace/esbmc/src/c2goto/library/solidity/solidity_mapping.c line 27 column 3 function map_get_raw
Unwinding loop 47 iteration 1   file /home/samson/workspace/esbmc/src/c2goto/library/solidity/solidity_mapping.c line 27 column 3 function map_get_raw
Unwinding loop 47 iteration 2   file /home/samson/workspace/esbmc/src/c2goto/library/solidity/solidity_mapping.c line 27 column 3 function map_get_raw
Not unwinding loop 47 iteration 3   file /home/samson/workspace/esbmc/src/c2goto/library/solidity/solidity_mapping.c line 27 column 3 function map_get_raw
Unwinding loop 47 iteration 1   file /home/samson/workspace/esbmc/src/c2goto/library/solidity/solidity_mapping.c line 27 column 3 function map_get_raw
Unwinding loop 47 iteration 2   file /home/samson/workspace/esbmc/src/c2goto/library/solidity/solidity_mapping.c line 27 column 3 function map_get_raw
Not unwinding loop 47 iteration 3   file /home/samson/workspace/esbmc/src/c2goto/library/solidity/solidity_mapping.c line 27 column 3 function map_get_raw
Unwinding loop 47 iteration 1   file /home/samson/workspace/esbmc/src/c2goto/library/solidity/solidity_mapping.c line 27 column 3 function map_get_raw
Unwinding loop 47 iteration 2   file /home/samson/workspace/esbmc/src/c2goto/library/solidity/solidity_mapping.c line 27 column 3 function map_get_raw
Not unwinding loop 47 iteration 3   file /home/samson/workspace/esbmc/src/c2goto/library/solidity/solidity_mapping.c line 27 column 3 function map_get_raw
Unwinding loop 47 iteration 1   file /home/samson/workspace/esbmc/src/c2goto/library/solidity/solidity_mapping.c line 27 column 3 function map_get_raw
Unwinding loop 47 iteration 2   file /home/samson/workspace/esbmc/src/c2goto/library/solidity/solidity_mapping.c line 27 column 3 function map_get_raw
Not unwinding loop 47 iteration 3   file /home/samson/workspace/esbmc/src/c2goto/library/solidity/solidity_mapping.c line 27 column 3 function map_get_raw
Unwinding loop 47 iteration 1   file /home/samson/workspace/esbmc/src/c2goto/library/solidity/solidity_mapping.c line 27 column 3 function map_get_raw
Unwinding loop 47 iteration 2   file /home/samson/workspace/esbmc/src/c2goto/library/solidity/solidity_mapping.c line 27 column 3 function map_get_raw
Not unwinding loop 47 iteration 3   file /home/samson/workspace/esbmc/src/c2goto/library/solidity/solidity_mapping.c line 27 column 3 function map_get_raw
Unwinding loop 47 iteration 1   file /home/samson/workspace/esbmc/src/c2goto/library/solidity/solidity_mapping.c line 27 column 3 function map_get_raw
Unwinding loop 47 iteration 2   file /home/samson/workspace/esbmc/src/c2goto/library/solidity/solidity_mapping.c line 27 column 3 function map_get_raw
Not unwinding loop 47 iteration 3   file /home/samson/workspace/esbmc/src/c2goto/library/solidity/solidity_mapping.c line 27 column 3 function map_get_raw
Unwinding loop 47 iteration 1   file /home/samson/workspace/esbmc/src/c2goto/library/solidity/solidity_mapping.c line 27 column 3 function map_get_raw
Unwinding loop 47 iteration 2   file /home/samson/workspace/esbmc/src/c2goto/library/solidity/solidity_mapping.c line 27 column 3 function map_get_raw
Not unwinding loop 47 iteration 3   file /home/samson/workspace/esbmc/src/c2goto/library/solidity/solidity_mapping.c line 27 column 3 function map_get_raw
Unwinding loop 47 iteration 1   file /home/samson/workspace/esbmc/src/c2goto/library/solidity/solidity_mapping.c line 27 column 3 function map_get_raw
Unwinding loop 47 iteration 2   file /home/samson/workspace/esbmc/src/c2goto/library/solidity/solidity_mapping.c line 27 column 3 function map_get_raw
Not unwinding loop 47 iteration 3   file /home/samson/workspace/esbmc/src/c2goto/library/solidity/solidity_mapping.c line 27 column 3 function map_get_raw
Unwinding loop 47 iteration 1   file /home/samson/workspace/esbmc/src/c2goto/library/solidity/solidity_mapping.c line 27 column 3 function map_get_raw
Unwinding loop 47 iteration 2   file /home/samson/workspace/esbmc/src/c2goto/library/solidity/solidity_mapping.c line 27 column 3 function map_get_raw
Not unwinding loop 47 iteration 3   file /home/samson/workspace/esbmc/src/c2goto/library/solidity/solidity_mapping.c line 27 column 3 function map_get_raw
Unwinding loop 47 iteration 1   file /home/samson/workspace/esbmc/src/c2goto/library/solidity/solidity_mapping.c line 27 column 3 function map_get_raw
Unwinding loop 47 iteration 2   file /home/samson/workspace/esbmc/src/c2goto/library/solidity/solidity_mapping.c line 27 column 3 function map_get_raw
Not unwinding loop 47 iteration 3   file /home/samson/workspace/esbmc/src/c2goto/library/solidity/solidity_mapping.c line 27 column 3 function map_get_raw
Unwinding loop 47 iteration 1   file /home/samson/workspace/esbmc/src/c2goto/library/solidity/solidity_mapping.c line 27 column 3 function map_get_raw
Unwinding loop 47 iteration 2   file /home/samson/workspace/esbmc/src/c2goto/library/solidity/solidity_mapping.c line 27 column 3 function map_get_raw
Not unwinding loop 47 iteration 3   file /home/samson/workspace/esbmc/src/c2goto/library/solidity/solidity_mapping.c line 27 column 3 function map_get_raw
Unwinding loop 47 iteration 1   file /home/samson/workspace/esbmc/src/c2goto/library/solidity/solidity_mapping.c line 27 column 3 function map_get_raw
Unwinding loop 47 iteration 2   file /home/samson/workspace/esbmc/src/c2goto/library/solidity/solidity_mapping.c line 27 column 3 function map_get_raw
Not unwinding loop 47 iteration 3   file /home/samson/workspace/esbmc/src/c2goto/library/solidity/solidity_mapping.c line 27 column 3 function map_get_raw
Unwinding loop 47 iteration 1   file /home/samson/workspace/esbmc/src/c2goto/library/solidity/solidity_mapping.c line 27 column 3 function map_get_raw
Unwinding loop 47 iteration 2   file /home/samson/workspace/esbmc/src/c2goto/library/solidity/solidity_mapping.c line 27 column 3 function map_get_raw
Not unwinding loop 47 iteration 3   file /home/samson/workspace/esbmc/src/c2goto/library/solidity/solidity_mapping.c line 27 column 3 function map_get_raw
Unwinding loop 47 iteration 1   file /home/samson/workspace/esbmc/src/c2goto/library/solidity/solidity_mapping.c line 27 column 3 function map_get_raw
Unwinding loop 47 iteration 2   file /home/samson/workspace/esbmc/src/c2goto/library/solidity/solidity_mapping.c line 27 column 3 function map_get_raw
Not unwinding loop 47 iteration 3   file /home/samson/workspace/esbmc/src/c2goto/library/solidity/solidity_mapping.c line 27 column 3 function map_get_raw
Unwinding loop 47 iteration 1   file /home/samson/workspace/esbmc/src/c2goto/library/solidity/solidity_mapping.c line 27 column 3 function map_get_raw
Unwinding loop 47 iteration 2   file /home/samson/workspace/esbmc/src/c2goto/library/solidity/solidity_mapping.c line 27 column 3 function map_get_raw
Not unwinding loop 47 iteration 3   file /home/samson/workspace/esbmc/src/c2goto/library/solidity/solidity_mapping.c line 27 column 3 function map_get_raw
Unwinding loop 47 iteration 1   file /home/samson/workspace/esbmc/src/c2goto/library/solidity/solidity_mapping.c line 27 column 3 function map_get_raw
Unwinding loop 47 iteration 2   file /home/samson/workspace/esbmc/src/c2goto/library/solidity/solidity_mapping.c line 27 column 3 function map_get_raw
Not unwinding loop 47 iteration 3   file /home/samson/workspace/esbmc/src/c2goto/library/solidity/solidity_mapping.c line 27 column 3 function map_get_raw
Unwinding loop 47 iteration 1   file /home/samson/workspace/esbmc/src/c2goto/library/solidity/solidity_mapping.c line 27 column 3 function map_get_raw
Unwinding loop 47 iteration 2   file /home/samson/workspace/esbmc/src/c2goto/library/solidity/solidity_mapping.c line 27 column 3 function map_get_raw
Not unwinding loop 47 iteration 3   file /home/samson/workspace/esbmc/src/c2goto/library/solidity/solidity_mapping.c line 27 column 3 function map_get_raw
Unwinding loop 47 iteration 1   file /home/samson/workspace/esbmc/src/c2goto/library/solidity/solidity_mapping.c line 27 column 3 function map_get_raw
Unwinding loop 47 iteration 2   file /home/samson/workspace/esbmc/src/c2goto/library/solidity/solidity_mapping.c line 27 column 3 function map_get_raw
Not unwinding loop 47 iteration 3   file /home/samson/workspace/esbmc/src/c2goto/library/solidity/solidity_mapping.c line 27 column 3 function map_get_raw
Unwinding loop 47 iteration 1   file /home/samson/workspace/esbmc/src/c2goto/library/solidity/solidity_mapping.c line 27 column 3 function map_get_raw
Unwinding loop 47 iteration 2   file /home/samson/workspace/esbmc/src/c2goto/library/solidity/solidity_mapping.c line 27 column 3 function map_get_raw
Not unwinding loop 47 iteration 3   file /home/samson/workspace/esbmc/src/c2goto/library/solidity/solidity_mapping.c line 27 column 3 function map_get_raw
Unwinding loop 47 iteration 1   file /home/samson/workspace/esbmc/src/c2goto/library/solidity/solidity_mapping.c line 27 column 3 function map_get_raw
Unwinding loop 47 iteration 2   file /home/samson/workspace/esbmc/src/c2goto/library/solidity/solidity_mapping.c line 27 column 3 function map_get_raw
Not unwinding loop 47 iteration 3   file /home/samson/workspace/esbmc/src/c2goto/library/solidity/solidity_mapping.c line 27 column 3 function map_get_raw
Unwinding loop 47 iteration 1   file /home/samson/workspace/esbmc/src/c2goto/library/solidity/solidity_mapping.c line 27 column 3 function map_get_raw
Unwinding loop 47 iteration 2   file /home/samson/workspace/esbmc/src/c2goto/library/solidity/solidity_mapping.c line 27 column 3 function map_get_raw
Not unwinding loop 47 iteration 3   file /home/samson/workspace/esbmc/src/c2goto/library/solidity/solidity_mapping.c line 27 column 3 function map_get_raw
Unwinding loop 47 iteration 1   file /home/samson/workspace/esbmc/src/c2goto/library/solidity/solidity_mapping.c line 27 column 3 function map_get_raw
Unwinding loop 47 iteration 2   file /home/samson/workspace/esbmc/src/c2goto/library/solidity/solidity_mapping.c line 27 column 3 function map_get_raw
Not unwinding loop 47 iteration 3   file /home/samson/workspace/esbmc/src/c2goto/library/solidity/solidity_mapping.c line 27 column 3 function map_get_raw
Unwinding loop 47 iteration 1   file /home/samson/workspace/esbmc/src/c2goto/library/solidity/solidity_mapping.c line 27 column 3 function map_get_raw
Unwinding loop 47 iteration 2   file /home/samson/workspace/esbmc/src/c2goto/library/solidity/solidity_mapping.c line 27 column 3 function map_get_raw
Not unwinding loop 47 iteration 3   file /home/samson/workspace/esbmc/src/c2goto/library/solidity/solidity_mapping.c line 27 column 3 function map_get_raw
Unwinding loop 47 iteration 1   file /home/samson/workspace/esbmc/src/c2goto/library/solidity/solidity_mapping.c line 27 column 3 function map_get_raw
Unwinding loop 47 iteration 2   file /home/samson/workspace/esbmc/src/c2goto/library/solidity/solidity_mapping.c line 27 column 3 function map_get_raw
Not unwinding loop 47 iteration 3   file /home/samson/workspace/esbmc/src/c2goto/library/solidity/solidity_mapping.c line 27 column 3 function map_get_raw
Unwinding loop 47 iteration 1   file /home/samson/workspace/esbmc/src/c2goto/library/solidity/solidity_mapping.c line 27 column 3 function map_get_raw
Unwinding loop 47 iteration 2   file /home/samson/workspace/esbmc/src/c2goto/library/solidity/solidity_mapping.c line 27 column 3 function map_get_raw
Not unwinding loop 47 iteration 3   file /home/samson/workspace/esbmc/src/c2goto/library/solidity/solidity_mapping.c line 27 column 3 function map_get_raw
Not unwinding loop 65 iteration 3   
Symex completed in: 0.953s (7646 assignments)
Caching time: 0.001s (removed 0 assertions)
Slicing time: 0.009s (removed 5213 assignments)
Generated 0 VCC(s), 0 remaining after simplification (2433 assignments)
BMC program time: 0.963s

VERIFICATION SUCCESSFUL
