ESBMC version 8.2.0 64-bit x86_64 linux
Target: 64-bit little-endian x86_64-unknown-linux with esbmclibc
Warning: SPDX license identifier not provided in source file. Before publishing, consider adding a comment containing "SPDX-License-Identifier: <SPDX-License>" to each source file. Use "SPDX-License-Identifier: UNLICENSED" for non-open-source code. Please see https://spdx.org for more information.
--> contract.sol

TOD harness written to ./tod_race_burn_burnFrom_harness.sol
Parsing ./tod_race_burn_burnFrom_harness.sol
Compiling Solidity AST using: /usr/local/bin/solc (v0.8.30)
Converting
Generating GOTO Program
GOTO program creation time: 0.325s
GOTO program processing time: 0.004s
Starting Bounded Model Checking
Unwinding loop 47 iteration 1   file /home/samson/workspace/esbmc/src/c2goto/library/solidity/solidity_mapping.c line 27 column 3 function map_get_raw
Unwinding loop 47 iteration 2   file /home/samson/workspace/esbmc/src/c2goto/library/solidity/solidity_mapping.c line 27 column 3 function map_get_raw
Not unwinding loop 47 iteration 3   file /home/samson/workspace/esbmc/src/c2goto/library/solidity/solidity_mapping.c line 27 column 3 function map_get_raw
Unwinding loop 47 iteration 1   file /home/samson/workspace/esbmc/src/c2goto/library/solidity/solidity_mapping.c line 27 column 3 function map_get_raw
Unwinding loop 47 iteration 2   file /home/samson/workspace/esbmc/src/c2goto/library/solidity/solidity_mapping.c line 27 column 3 function map_get_raw
Not unwinding loop 47 iteration 3   file /home/samson/workspace/esbmc/src/c2goto/library/solidity/solidity_mapping.c line 27 column 3 function map_get_raw
Unwinding loop 47 iteration 1   file /home/samson/workspace/esbmc/src/c2goto/library/solidity/solidity_mapping.c line 27 column 3 function map_get_raw
Unwinding loop 47 iteration 2   file /home/samson/workspace/esbmc/src/c2goto/library/solidity/solidity_mapping.c line 27 column 3 function map_get_raw
Not unwinding loop 47 iteration 3   file /home/samson/workspace/esbmc/src/c2goto/library/solidity/solidity_mapping.c line 27 column 3 function map_get_raw
Unwinding loop 47 iteration 1   file /home/samson/workspace/esbmc/src/c2goto/library/solidity/solidity_mapping.c line 27 column 3 function map_get_raw
Unwinding loop 47 iteration 2   file /home/samson/workspace/esbmc/src/c2goto/library/solidity/solidity_mapping.c line 27 column 3 function map_get_raw
Not unwinding loop 47 iteration 3   file /home/samson/workspace/esbmc/src/c2goto/library/solidity/solidity_mapping.c line 27 column 3 function map_get_raw
Unwinding loop 47 iteration 1   file /home/samson/workspace/esbmc/src/c2goto/library/solidity/solidity_mapping.c line 27 column 3 function map_get_raw
Unwinding loop 47 iteration 2   file /home/samson/workspace/esbmc/src/c2goto/library/solidity/solidity_mapping.c line 27 column 3 function map_get_raw
Not unwinding loop 47 iteration 3   file /home/samson/workspace/esbmc/src/c2goto/library/solidity/solidity_mapping.c line 27 column 3 function map_get_raw
Unwinding loop 47 iteration 1   file /home/samson/workspace/esbmc/src/c2goto/library/solidity/solidity_mapping.c line 27 column 3 function map_get_raw
Unwinding loop 47 iteration 2   file /home/samson/workspace/esbmc/src/c2goto/library/solidity/solidity_mapping.c line 27 column 3 function map_get_raw
Not unwinding loop 47 iteration 3   file /home/samson/workspace/esbmc/src/c2goto/library/solidity/solidity_mapping.c line 27 column 3 function map_get_raw
Unwinding loop 47 iteration 1   file /home/samson/workspace/esbmc/src/c2goto/library/solidity/solidity_mapping.c line 27 column 3 function map_get_raw
Unwinding loop 47 iteration 2   file /home/samson/workspace/esbmc/src/c2goto/library/solidity/solidity_mapping.c line 27 column 3 function map_get_raw
Not unwinding loop 47 iteration 3   file /home/samson/workspace/esbmc/src/c2goto/library/solidity/solidity_mapping.c line 27 column 3 function map_get_raw
Unwinding loop 47 iteration 1   file /home/samson/workspace/esbmc/src/c2goto/library/solidity/solidity_mapping.c line 27 column 3 function map_get_raw
Unwinding loop 47 iteration 2   file /home/samson/workspace/esbmc/src/c2goto/library/solidity/solidity_mapping.c line 27 column 3 function map_get_raw
Not unwinding loop 47 iteration 3   file /home/samson/workspace/esbmc/src/c2goto/library/solidity/solidity_mapping.c line 27 column 3 function map_get_raw
Unwinding loop 47 iteration 1   file /home/samson/workspace/esbmc/src/c2goto/library/solidity/solidity_mapping.c line 27 column 3 function map_get_raw
Unwinding loop 47 iteration 2   file /home/samson/workspace/esbmc/src/c2goto/library/solidity/solidity_mapping.c line 27 column 3 function map_get_raw
Not unwinding loop 47 iteration 3   file /home/samson/workspace/esbmc/src/c2goto/library/solidity/solidity_mapping.c line 27 column 3 function map_get_raw
Unwinding loop 47 iteration 1   file /home/samson/workspace/esbmc/src/c2goto/library/solidity/solidity_mapping.c line 27 column 3 function map_get_raw
Unwinding loop 47 iteration 2   file /home/samson/workspace/esbmc/src/c2goto/library/solidity/solidity_mapping.c line 27 column 3 function map_get_raw
Not unwinding loop 47 iteration 3   file /home/samson/workspace/esbmc/src/c2goto/library/solidity/solidity_mapping.c line 27 column 3 function map_get_raw
Unwinding loop 47 iteration 1   file /home/samson/workspace/esbmc/src/c2goto/library/solidity/solidity_mapping.c line 27 column 3 function map_get_raw
Unwinding loop 47 iteration 2   file /home/samson/workspace/esbmc/src/c2goto/library/solidity/solidity_mapping.c line 27 column 3 function map_get_raw
Not unwinding loop 47 iteration 3   file /home/samson/workspace/esbmc/src/c2goto/library/solidity/solidity_mapping.c line 27 column 3 function map_get_raw
Unwinding loop 47 iteration 1   file /home/samson/workspace/esbmc/src/c2goto/library/solidity/solidity_mapping.c line 27 column 3 function map_get_raw
Unwinding loop 47 iteration 2   file /home/samson/workspace/esbmc/src/c2goto/library/solidity/solidity_mapping.c line 27 column 3 function map_get_raw
Not unwinding loop 47 iteration 3   file /home/samson/workspace/esbmc/src/c2goto/library/solidity/solidity_mapping.c line 27 column 3 function map_get_raw
Unwinding loop 47 iteration 1   file /home/samson/workspace/esbmc/src/c2goto/library/solidity/solidity_mapping.c line 27 column 3 function map_get_raw
Unwinding loop 47 iteration 2   file /home/samson/workspace/esbmc/src/c2goto/library/solidity/solidity_mapping.c line 27 column 3 function map_get_raw
Not unwinding loop 47 iteration 3   file /home/samson/workspace/esbmc/src/c2goto/library/solidity/solidity_mapping.c line 27 column 3 function map_get_raw
Unwinding loop 47 iteration 1   file /home/samson/workspace/esbmc/src/c2goto/library/solidity/solidity_mapping.c line 27 column 3 function map_get_raw
Unwinding loop 47 iteration 2   file /home/samson/workspace/esbmc/src/c2goto/library/solidity/solidity_mapping.c line 27 column 3 function map_get_raw
Not unwinding loop 47 iteration 3   file /home/samson/workspace/esbmc/src/c2goto/library/solidity/solidity_mapping.c line 27 column 3 function map_get_raw
Unwinding loop 47 iteration 1   file /home/samson/workspace/esbmc/src/c2goto/library/solidity/solidity_mapping.c line 27 column 3 function map_get_raw
Unwinding loop 47 iteration 2   file /home/samson/workspace/esbmc/src/c2goto/library/solidity/solidity_mapping.c line 27 column 3 function map_get_raw
Not unwinding loop 47 iteration 3   file /home/samson/workspace/esbmc/src/c2goto/library/solidity/solidity_mapping.c line 27 column 3 function map_get_raw
Unwinding loop 47 iteration 1   file /home/samson/workspace/esbmc/src/c2goto/library/solidity/solidity_mapping.c line 27 column 3 function map_get_raw
Unwinding loop 47 iteration 2   file /home/samson/workspace/esbmc/src/c2goto/library/solidity/solidity_mapping.c line 27 column 3 function map_get_raw
Not unwinding loop 47 iteration 3   file /home/samson/workspace/esbmc/src/c2goto/library/solidity/solidity_mapping.c line 27 column 3 function map_get_raw
Unwinding loop 47 iteration 1   file /home/samson/workspace/esbmc/src/c2goto/library/solidity/solidity_mapping.c line 27 column 3 function map_get_raw
Unwinding loop 47 iteration 2   file /home/samson/workspace/esbmc/src/c2goto/library/solidity/solidity_mapping.c line 27 column 3 function map_get_raw
Not unwinding loop 47 iteration 3   file /home/samson/workspace/esbmc/src/c2goto/library/solidity/solidity_mapping.c line 27 column 3 function map_get_raw
Unwinding loop 47 iteration 1   file /home/samson/workspace/esbmc/src/c2goto/library/solidity/solidity_mapping.c line 27 column 3 function map_get_raw
Unwinding loop 47 iteration 2   file /home/samson/workspace/esbmc/src/c2goto/library/solidity/solidity_mapping.c line 27 column 3 function map_get_raw
Not unwinding loop 47 iteration 3   file /home/samson/workspace/esbmc/src/c2goto/library/solidity/solidity_mapping.c line 27 column 3 function map_get_raw
Unwinding loop 47 iteration 1   file /home/samson/workspace/esbmc/src/c2goto/library/solidity/solidity_mapping.c line 27 column 3 function map_get_raw
Unwinding loop 47 iteration 2   file /home/samson/workspace/esbmc/src/c2goto/library/solidity/solidity_mapping.c line 27 column 3 function map_get_raw
Not unwinding loop 47 iteration 3   file /home/samson/workspace/esbmc/src/c2goto/library/solidity/solidity_mapping.c line 27 column 3 function map_get_raw
Unwinding loop 47 iteration 1   file /home/samson/workspace/esbmc/src/c2goto/library/solidity/solidity_mapping.c line 27 column 3 function map_get_raw
Unwinding loop 47 iteration 2   file /home/samson/workspace/esbmc/src/c2goto/library/solidity/solidity_mapping.c line 27 column 3 function map_get_raw
Not unwinding loop 47 iteration 3   file /home/samson/workspace/esbmc/src/c2goto/library/solidity/solidity_mapping.c line 27 column 3 function map_get_raw
Unwinding loop 47 iteration 1   file /home/samson/workspace/esbmc/src/c2goto/library/solidity/solidity_mapping.c line 27 column 3 function map_get_raw
Unwinding loop 47 iteration 2   file /home/samson/workspace/esbmc/src/c2goto/library/solidity/solidity_mapping.c line 27 column 3 function map_get_raw
Not unwinding loop 47 iteration 3   file /home/samson/workspace/esbmc/src/c2goto/library/solidity/solidity_mapping.c line 27 column 3 function map_get_raw
Unwinding loop 47 iteration 1   file /home/samson/workspace/esbmc/src/c2goto/library/solidity/solidity_mapping.c line 27 column 3 function map_get_raw
Unwinding loop 47 iteration 2   file /home/samson/workspace/esbmc/src/c2goto/library/solidity/solidity_mapping.c line 27 column 3 function map_get_raw
Not unwinding loop 47 iteration 3   file /home/samson/workspace/esbmc/src/c2goto/library/solidity/solidity_mapping.c line 27 column 3 function map_get_raw
Unwinding loop 47 iteration 1   file /home/samson/workspace/esbmc/src/c2goto/library/solidity/solidity_mapping.c line 27 column 3 function map_get_raw
Unwinding loop 47 iteration 2   file /home/samson/workspace/esbmc/src/c2goto/library/solidity/solidity_mapping.c line 27 column 3 function map_get_raw
Not unwinding loop 47 iteration 3   file /home/samson/workspace/esbmc/src/c2goto/library/solidity/solidity_mapping.c line 27 column 3 function map_get_raw
Unwinding loop 47 iteration 1   file /home/samson/workspace/esbmc/src/c2goto/library/solidity/solidity_mapping.c line 27 column 3 function map_get_raw
Unwinding loop 47 iteration 2   file /home/samson/workspace/esbmc/src/c2goto/library/solidity/solidity_mapping.c line 27 column 3 function map_get_raw
Not unwinding loop 47 iteration 3   file /home/samson/workspace/esbmc/src/c2goto/library/solidity/solidity_mapping.c line 27 column 3 function map_get_raw
Unwinding loop 47 iteration 1   file /home/samson/workspace/esbmc/src/c2goto/library/solidity/solidity_mapping.c line 27 column 3 function map_get_raw
Unwinding loop 47 iteration 2   file /home/samson/workspace/esbmc/src/c2goto/library/solidity/solidity_mapping.c line 27 column 3 function map_get_raw
Not unwinding loop 47 iteration 3   file /home/samson/workspace/esbmc/src/c2goto/library/solidity/solidity_mapping.c line 27 column 3 function map_get_raw
Unwinding loop 47 iteration 1   file /home/samson/workspace/esbmc/src/c2goto/library/solidity/solidity_mapping.c line 27 column 3 function map_get_raw
Unwinding loop 47 iteration 2   file /home/samson/workspace/esbmc/src/c2goto/library/solidity/solidity_mapping.c line 27 column 3 function map_get_raw
Not unwinding loop 47 iteration 3   file /home/samson/workspace/esbmc/src/c2goto/library/solidity/solidity_mapping.c line 27 column 3 function map_get_raw
Unwinding loop 47 iteration 1   file /home/samson/workspace/esbmc/src/c2goto/library/solidity/solidity_mapping.c line 27 column 3 function map_get_raw
Unwinding loop 47 iteration 2   file /home/samson/workspace/esbmc/src/c2goto/library/solidity/solidity_mapping.c line 27 column 3 function map_get_raw
Not unwinding loop 47 iteration 3   file /home/samson/workspace/esbmc/src/c2goto/library/solidity/solidity_mapping.c line 27 column 3 function map_get_raw
Unwinding loop 65 iteration 1   
Unwinding loop 47 iteration 1   file /home/samson/workspace/esbmc/src/c2goto/library/solidity/solidity_mapping.c line 27 column 3 function map_get_raw
Unwinding loop 47 iteration 2   file /home/samson/workspace/esbmc/src/c2goto/library/solidity/solidity_mapping.c line 27 column 3 function map_get_raw
Not unwinding loop 47 iteration 3   file /home/samson/workspace/esbmc/src/c2goto/library/solidity/solidity_mapping.c line 27 column 3 function map_get_raw
Unwinding loop 47 iteration 1   file /home/samson/workspace/esbmc/src/c2goto/library/solidity/solidity_mapping.c line 27 column 3 function map_get_raw
Unwinding loop 47 iteration 2   file /home/samson/workspace/esbmc/src/c2goto/library/solidity/solidity_mapping.c line 27 column 3 function map_get_raw
Not unwinding loop 47 iteration 3   file /home/samson/workspace/esbmc/src/c2goto/library/solidity/solidity_mapping.c line 27 column 3 function map_get_raw
Unwinding loop 47 iteration 1   file /home/samson/workspace/esbmc/src/c2goto/library/solidity/solidity_mapping.c line 27 column 3 function map_get_raw
Unwinding loop 47 iteration 2   file /home/samson/workspace/esbmc/src/c2goto/library/solidity/solidity_mapping.c line 27 column 3 function map_get_raw
Not unwinding loop 47 iteration 3   file /home/samson/workspace/esbmc/src/c2goto/library/solidity/solidity_mapping.c line 27 column 3 function map_get_raw
Unwinding loop 47 iteration 1   file /home/samson/workspace/esbmc/src/c2goto/library/solidity/solidity_mapping.c line 27 column 3 function map_get_raw
Unwinding loop 47 iteration 2   file /home/samson/workspace/esbmc/src/c2goto/library/solidity/solidity_mapping.c line 27 column 3 function map_get_raw
Not unwinding loop 47 iteration 3   file /home/samson/workspace/esbmc/src/c2goto/library/solidity/solidity_mapping.c line 27 column 3 function map_get_raw
Unwinding loop 47 iteration 1   file /home/samson/workspace/esbmc/src/c2goto/library/solidity/solidity_mapping.c line 27 column 3 function map_get_raw
Unwinding loop 47 iteration 2   file /home/samson/workspace/esbmc/src/c2goto/library/solidity/solidity_mapping.c line 27 column 3 function map_get_raw
Not unwinding loop 47 iteration 3   file /home/samson/workspace/esbmc/src/c2goto/library/solidity/solidity_mapping.c line 27 column 3 function map_get_raw
Unwinding loop 47 iteration 1   file /home/samson/workspace/esbmc/src/c2goto/library/solidity/solidity_mapping.c line 27 column 3 function map_get_raw
Unwinding loop 47 iteration 2   file /home/samson/workspace/esbmc/src/c2goto/library/solidity/solidity_mapping.c line 27 column 3 function map_get_raw
Not unwinding loop 47 iteration 3   file /home/samson/workspace/esbmc/src/c2goto/library/solidity/solidity_mapping.c line 27 column 3 function map_get_raw
Unwinding loop 47 iteration 1   file /home/samson/workspace/esbmc/src/c2goto/library/solidity/solidity_mapping.c line 27 column 3 function map_get_raw
Unwinding loop 47 iteration 2   file /home/samson/workspace/esbmc/src/c2goto/library/solidity/solidity_mapping.c line 27 column 3 function map_get_raw
Not unwinding loop 47 iteration 3   file /home/samson/workspace/esbmc/src/c2goto/library/solidity/solidity_mapping.c line 27 column 3 function map_get_raw
Unwinding loop 47 iteration 1   file /home/samson/workspace/esbmc/src/c2goto/library/solidity/solidity_mapping.c line 27 column 3 function map_get_raw
Unwinding loop 47 iteration 2   file /home/samson/workspace/esbmc/src/c2goto/library/solidity/solidity_mapping.c line 27 column 3 function map_get_raw
Not unwinding loop 47 iteration 3   file /home/samson/workspace/esbmc/src/c2goto/library/solidity/solidity_mapping.c line 27 column 3 function map_get_raw
Unwinding loop 47 iteration 1   file /home/samson/workspace/esbmc/src/c2goto/library/solidity/solidity_mapping.c line 27 column 3 function map_get_raw
Unwinding loop 47 iteration 2   file /home/samson/workspace/esbmc/src/c2goto/library/solidity/solidity_mapping.c line 27 column 3 function map_get_raw
Not unwinding loop 47 iteration 3   file /home/samson/workspace/esbmc/src/c2goto/library/solidity/solidity_mapping.c line 27 column 3 function map_get_raw
Unwinding loop 47 iteration 1   file /home/samson/workspace/esbmc/src/c2goto/library/solidity/solidity_mapping.c line 27 column 3 function map_get_raw
Unwinding loop 47 iteration 2   file /home/samson/workspace/esbmc/src/c2goto/library/solidity/solidity_mapping.c line 27 column 3 function map_get_raw
Not unwinding loop 47 iteration 3   file /home/samson/workspace/esbmc/src/c2goto/library/solidity/solidity_mapping.c line 27 column 3 function map_get_raw
Unwinding loop 47 iteration 1   file /home/samson/workspace/esbmc/src/c2goto/library/solidity/solidity_mapping.c line 27 column 3 function map_get_raw
Unwinding loop 47 iteration 2   file /home/samson/workspace/esbmc/src/c2goto/library/solidity/solidity_mapping.c line 27 column 3 function map_get_raw
Not unwinding loop 47 iteration 3   file /home/samson/workspace/esbmc/src/c2goto/library/solidity/solidity_mapping.c line 27 column 3 function map_get_raw
Unwinding loop 47 iteration 1   file /home/samson/workspace/esbmc/src/c2goto/library/solidity/solidity_mapping.c line 27 column 3 function map_get_raw
Unwinding loop 47 iteration 2   file /home/samson/workspace/esbmc/src/c2goto/library/solidity/solidity_mapping.c line 27 column 3 function map_get_raw
Not unwinding loop 47 iteration 3   file /home/samson/workspace/esbmc/src/c2goto/library/solidity/solidity_mapping.c line 27 column 3 function map_get_raw
Unwinding loop 47 iteration 1   file /home/samson/workspace/esbmc/src/c2goto/library/solidity/solidity_mapping.c line 27 column 3 function map_get_raw
Unwinding loop 47 iteration 2   file /home/samson/workspace/esbmc/src/c2goto/library/solidity/solidity_mapping.c line 27 column 3 function map_get_raw
Not unwinding loop 47 iteration 3   file /home/samson/workspace/esbmc/src/c2goto/library/solidity/solidity_mapping.c line 27 column 3 function map_get_raw
Unwinding loop 47 iteration 1   file /home/samson/workspace/esbmc/src/c2goto/library/solidity/solidity_mapping.c line 27 column 3 function map_get_raw
Unwinding loop 47 iteration 2   file /home/samson/workspace/esbmc/src/c2goto/library/solidity/solidity_mapping.c line 27 column 3 function map_get_raw
Not unwinding loop 47 iteration 3   file /home/samson/workspace/esbmc/src/c2goto/library/solidity/solidity_mapping.c line 27 column 3 function map_get_raw
Unwinding loop 47 iteration 1   file /home/samson/workspace/esbmc/src/c2goto/library/solidity/solidity_mapping.c line 27 column 3 function map_get_raw
Unwinding loop 47 iteration 2   file /home/samson/workspace/esbmc/src/c2goto/library/solidity/solidity_mapping.c line 27 column 3 function map_get_raw
Not unwinding loop 47 iteration 3   file /home/samson/workspace/esbmc/src/c2goto/library/solidity/solidity_mapping.c line 27 column 3 function map_get_raw
Unwinding loop 47 iteration 1   file /home/samson/workspace/esbmc/src/c2goto/library/solidity/solidity_mapping.c line 27 column 3 function map_get_raw
Unwinding loop 47 iteration 2   file /home/samson/workspace/esbmc/src/c2goto/library/solidity/solidity_mapping.c line 27 column 3 function map_get_raw
Not unwinding loop 47 iteration 3   file /home/samson/workspace/esbmc/src/c2goto/library/solidity/solidity_mapping.c line 27 column 3 function map_get_raw
Unwinding loop 47 iteration 1   file /home/samson/workspace/esbmc/src/c2goto/library/solidity/solidity_mapping.c line 27 column 3 function map_get_raw
Unwinding loop 47 iteration 2   file /home/samson/workspace/esbmc/src/c2goto/library/solidity/solidity_mapping.c line 27 column 3 function map_get_raw
Not unwinding loop 47 iteration 3   file /home/samson/workspace/esbmc/src/c2goto/library/solidity/solidity_mapping.c line 27 column 3 function map_get_raw
Unwinding loop 47 iteration 1   file /home/samson/workspace/esbmc/src/c2goto/library/solidity/solidity_mapping.c line 27 column 3 function map_get_raw
Unwinding loop 47 iteration 2   file /home/samson/workspace/esbmc/src/c2goto/library/solidity/solidity_mapping.c line 27 column 3 function map_get_raw
Not unwinding loop 47 iteration 3   file /home/samson/workspace/esbmc/src/c2goto/library/solidity/solidity_mapping.c line 27 column 3 function map_get_raw
Unwinding loop 47 iteration 1   file /home/samson/workspace/esbmc/src/c2goto/library/solidity/solidity_mapping.c line 27 column 3 function map_get_raw
Unwinding loop 47 iteration 2   file /home/samson/workspace/esbmc/src/c2goto/library/solidity/solidity_mapping.c line 27 column 3 function map_get_raw
Not unwinding loop 47 iteration 3   file /home/samson/workspace/esbmc/src/c2goto/library/solidity/solidity_mapping.c line 27 column 3 function map_get_raw
Unwinding loop 47 iteration 1   file /home/samson/workspace/esbmc/src/c2goto/library/solidity/solidity_mapping.c line 27 column 3 function map_get_raw
Unwinding loop 47 iteration 2   file /home/samson/workspace/esbmc/src/c2goto/library/solidity/solidity_mapping.c line 27 column 3 function map_get_raw
Not unwinding loop 47 iteration 3   file /home/samson/workspace/esbmc/src/c2goto/library/solidity/solidity_mapping.c line 27 column 3 function map_get_raw
Unwinding loop 47 iteration 1   file /home/samson/workspace/esbmc/src/c2goto/library/solidity/solidity_mapping.c line 27 column 3 function map_get_raw
Unwinding loop 47 iteration 2   file /home/samson/workspace/esbmc/src/c2goto/library/solidity/solidity_mapping.c line 27 column 3 function map_get_raw
Not unwinding loop 47 iteration 3   file /home/samson/workspace/esbmc/src/c2goto/library/solidity/solidity_mapping.c line 27 column 3 function map_get_raw
Unwinding loop 47 iteration 1   file /home/samson/workspace/esbmc/src/c2goto/library/solidity/solidity_mapping.c line 27 column 3 function map_get_raw
Unwinding loop 47 iteration 2   file /home/samson/workspace/esbmc/src/c2goto/library/solidity/solidity_mapping.c line 27 column 3 function map_get_raw
Not unwinding loop 47 iteration 3   file /home/samson/workspace/esbmc/src/c2goto/library/solidity/solidity_mapping.c line 27 column 3 function map_get_raw
Unwinding loop 47 iteration 1   file /home/samson/workspace/esbmc/src/c2goto/library/solidity/solidity_mapping.c line 27 column 3 function map_get_raw
Unwinding loop 47 iteration 2   file /home/samson/workspace/esbmc/src/c2goto/library/solidity/solidity_mapping.c line 27 column 3 function map_get_raw
Not unwinding loop 47 iteration 3   file /home/samson/workspace/esbmc/src/c2goto/library/solidity/solidity_mapping.c line 27 column 3 function map_get_raw
Unwinding loop 47 iteration 1   file /home/samson/workspace/esbmc/src/c2goto/library/solidity/solidity_mapping.c line 27 column 3 function map_get_raw
Unwinding loop 47 iteration 2   file /home/samson/workspace/esbmc/src/c2goto/library/solidity/solidity_mapping.c line 27 column 3 function map_get_raw
Not unwinding loop 47 iteration 3   file /home/samson/workspace/esbmc/src/c2goto/library/solidity/solidity_mapping.c line 27 column 3 function map_get_raw
Unwinding loop 47 iteration 1   file /home/samson/workspace/esbmc/src/c2goto/library/solidity/solidity_mapping.c line 27 column 3 function map_get_raw
Unwinding loop 47 iteration 2   file /home/samson/workspace/esbmc/src/c2goto/library/solidity/solidity_mapping.c line 27 column 3 function map_get_raw
Not unwinding loop 47 iteration 3   file /home/samson/workspace/esbmc/src/c2goto/library/solidity/solidity_mapping.c line 27 column 3 function map_get_raw
Unwinding loop 47 iteration 1   file /home/samson/workspace/esbmc/src/c2goto/library/solidity/solidity_mapping.c line 27 column 3 function map_get_raw
Unwinding loop 47 iteration 2   file /home/samson/workspace/esbmc/src/c2goto/library/solidity/solidity_mapping.c line 27 column 3 function map_get_raw
Not unwinding loop 47 iteration 3   file /home/samson/workspace/esbmc/src/c2goto/library/solidity/solidity_mapping.c line 27 column 3 function map_get_raw
Unwinding loop 65 iteration 2   
Unwinding loop 47 iteration 1   file /home/samson/workspace/esbmc/src/c2goto/library/solidity/solidity_mapping.c line 27 column 3 function map_get_raw
Unwinding loop 47 iteration 2   file /home/samson/workspace/esbmc/src/c2goto/library/solidity/solidity_mapping.c line 27 column 3 function map_get_raw
Not unwinding loop 47 iteration 3   file /home/samson/workspace/esbmc/src/c2goto/library/solidity/solidity_mapping.c line 27 column 3 function map_get_raw
Unwinding loop 47 iteration 1   file /home/samson/workspace/esbmc/src/c2goto/library/solidity/solidity_mapping.c line 27 column 3 function map_get_raw
Unwinding loop 47 iteration 2   file /home/samson/workspace/esbmc/src/c2goto/library/solidity/solidity_mapping.c line 27 column 3 function map_get_raw
Not unwinding loop 47 iteration 3   file /home/samson/workspace/esbmc/src/c2goto/library/solidity/solidity_mapping.c line 27 column 3 function map_get_raw
Unwinding loop 47 iteration 1   file /home/samson/workspace/esbmc/src/c2goto/library/solidity/solidity_mapping.c line 27 column 3 function map_get_raw
Unwinding loop 47 iteration 2   file /home/samson/workspace/esbmc/src/c2goto/library/solidity/solidity_mapping.c line 27 column 3 function map_get_raw
Not unwinding loop 47 iteration 3   file /home/samson/workspace/esbmc/src/c2goto/library/solidity/solidity_mapping.c line 27 column 3 function map_get_raw
Unwinding loop 47 iteration 1   file /home/samson/workspace/esbmc/src/c2goto/library/solidity/solidity_mapping.c line 27 column 3 function map_get_raw
Unwinding loop 47 iteration 2   file /home/samson/workspace/esbmc/src/c2goto/library/solidity/solidity_mapping.c line 27 column 3 function map_get_raw
Not unwinding loop 47 iteration 3   file /home/samson/workspace/esbmc/src/c2goto/library/solidity/solidity_mapping.c line 27 column 3 function map_get_raw
Unwinding loop 47 iteration 1   file /home/samson/workspace/esbmc/src/c2goto/library/solidity/solidity_mapping.c line 27 column 3 function map_get_raw
Unwinding loop 47 iteration 2   file /home/samson/workspace/esbmc/src/c2goto/library/solidity/solidity_mapping.c line 27 column 3 function map_get_raw
Not unwinding loop 47 iteration 3   file /home/samson/workspace/esbmc/src/c2goto/library/solidity/solidity_mapping.c line 27 column 3 function map_get_raw
Unwinding loop 47 iteration 1   file /home/samson/workspace/esbmc/src/c2goto/library/solidity/solidity_mapping.c line 27 column 3 function map_get_raw
Unwinding loop 47 iteration 2   file /home/samson/workspace/esbmc/src/c2goto/library/solidity/solidity_mapping.c line 27 column 3 function map_get_raw
Not unwinding loop 47 iteration 3   file /home/samson/workspace/esbmc/src/c2goto/library/solidity/solidity_mapping.c line 27 column 3 function map_get_raw
Unwinding loop 47 iteration 1   file /home/samson/workspace/esbmc/src/c2goto/library/solidity/solidity_mapping.c line 27 column 3 function map_get_raw
Unwinding loop 47 iteration 2   file /home/samson/workspace/esbmc/src/c2goto/library/solidity/solidity_mapping.c line 27 column 3 function map_get_raw
Not unwinding loop 47 iteration 3   file /home/samson/workspace/esbmc/src/c2goto/library/solidity/solidity_mapping.c line 27 column 3 function map_get_raw
Unwinding loop 47 iteration 1   file /home/samson/workspace/esbmc/src/c2goto/library/solidity/solidity_mapping.c line 27 column 3 function map_get_raw
Unwinding loop 47 iteration 2   file /home/samson/workspace/esbmc/src/c2goto/library/solidity/solidity_mapping.c line 27 column 3 function map_get_raw
Not unwinding loop 47 iteration 3   file /home/samson/workspace/esbmc/src/c2goto/library/solidity/solidity_mapping.c line 27 column 3 function map_get_raw
Unwinding loop 47 iteration 1   file /home/samson/workspace/esbmc/src/c2goto/library/solidity/solidity_mapping.c line 27 column 3 function map_get_raw
Unwinding loop 47 iteration 2   file /home/samson/workspace/esbmc/src/c2goto/library/solidity/solidity_mapping.c line 27 column 3 function map_get_raw
Not unwinding loop 47 iteration 3   file /home/samson/workspace/esbmc/src/c2goto/library/solidity/solidity_mapping.c line 27 column 3 function map_get_raw
Unwinding loop 47 iteration 1   file /home/samson/workspace/esbmc/src/c2goto/library/solidity/solidity_mapping.c line 27 column 3 function map_get_raw
Unwinding loop 47 iteration 2   file /home/samson/workspace/esbmc/src/c2goto/library/solidity/solidity_mapping.c line 27 column 3 function map_get_raw
Not unwinding loop 47 iteration 3   file /home/samson/workspace/esbmc/src/c2goto/library/solidity/solidity_mapping.c line 27 column 3 function map_get_raw
Unwinding loop 47 iteration 1   file /home/samson/workspace/esbmc/src/c2goto/library/solidity/solidity_mapping.c line 27 column 3 function map_get_raw
Unwinding loop 47 iteration 2   file /home/samson/workspace/esbmc/src/c2goto/library/solidity/solidity_mapping.c line 27 column 3 function map_get_raw
Not unwinding loop 47 iteration 3   file /home/samson/workspace/esbmc/src/c2goto/library/solidity/solidity_mapping.c line 27 column 3 function map_get_raw
Unwinding loop 47 iteration 1   file /home/samson/workspace/esbmc/src/c2goto/library/solidity/solidity_mapping.c line 27 column 3 function map_get_raw
Unwinding loop 47 iteration 2   file /home/samson/workspace/esbmc/src/c2goto/library/solidity/solidity_mapping.c line 27 column 3 function map_get_raw
Not unwinding loop 47 iteration 3   file /home/samson/workspace/esbmc/src/c2goto/library/solidity/solidity_mapping.c line 27 column 3 function map_get_raw
Unwinding loop 47 iteration 1   file /home/samson/workspace/esbmc/src/c2goto/library/solidity/solidity_mapping.c line 27 column 3 function map_get_raw
Unwinding loop 47 iteration 2   file /home/samson/workspace/esbmc/src/c2goto/library/solidity/solidity_mapping.c line 27 column 3 function map_get_raw
Not unwinding loop 47 iteration 3   file /home/samson/workspace/esbmc/src/c2goto/library/solidity/solidity_mapping.c line 27 column 3 function map_get_raw
Unwinding loop 47 iteration 1   file /home/samson/workspace/esbmc/src/c2goto/library/solidity/solidity_mapping.c line 27 column 3 function map_get_raw
Unwinding loop 47 iteration 2   file /home/samson/workspace/esbmc/src/c2goto/library/solidity/solidity_mapping.c line 27 column 3 function map_get_raw
Not unwinding loop 47 iteration 3   file /home/samson/workspace/esbmc/src/c2goto/library/solidity/solidity_mapping.c line 27 column 3 function map_get_raw
Unwinding loop 47 iteration 1   file /home/samson/workspace/esbmc/src/c2goto/library/solidity/solidity_mapping.c line 27 column 3 function map_get_raw
Unwinding loop 47 iteration 2   file /home/samson/workspace/esbmc/src/c2goto/library/solidity/solidity_mapping.c line 27 column 3 function map_get_raw
Not unwinding loop 47 iteration 3   file /home/samson/workspace/esbmc/src/c2goto/library/solidity/solidity_mapping.c line 27 column 3 function map_get_raw
Unwinding loop 47 iteration 1   file /home/samson/workspace/esbmc/src/c2goto/library/solidity/solidity_mapping.c line 27 column 3 function map_get_raw
Unwinding loop 47 iteration 2   file /home/samson/workspace/esbmc/src/c2goto/library/solidity/solidity_mapping.c line 27 column 3 function map_get_raw
Not unwinding loop 47 iteration 3   file /home/samson/workspace/esbmc/src/c2goto/library/solidity/solidity_mapping.c line 27 column 3 function map_get_raw
Unwinding loop 47 iteration 1   file /home/samson/workspace/esbmc/src/c2goto/library/solidity/solidity_mapping.c line 27 column 3 function map_get_raw
Unwinding loop 47 iteration 2   file /home/samson/workspace/esbmc/src/c2goto/library/solidity/solidity_mapping.c line 27 column 3 function map_get_raw
Not unwinding loop 47 iteration 3   file /home/samson/workspace/esbmc/src/c2goto/library/solidity/solidity_mapping.c line 27 column 3 function map_get_raw
Unwinding loop 47 iteration 1   file /home/samson/workspace/esbmc/src/c2goto/library/solidity/solidity_mapping.c line 27 column 3 function map_get_raw
Unwinding loop 47 iteration 2   file /home/samson/workspace/esbmc/src/c2goto/library/solidity/solidity_mapping.c line 27 column 3 function map_get_raw
Not unwinding loop 47 iteration 3   file /home/samson/workspace/esbmc/src/c2goto/library/solidity/solidity_mapping.c line 27 column 3 function map_get_raw
Unwinding loop 47 iteration 1   file /home/samson/workspace/esbmc/src/c2goto/library/solidity/solidity_mapping.c line 27 column 3 function map_get_raw
Unwinding loop 47 iteration 2   file /home/samson/workspace/esbmc/src/c2goto/library/solidity/solidity_mapping.c line 27 column 3 function map_get_raw
Not unwinding loop 47 iteration 3   file /home/samson/workspace/esbmc/src/c2goto/library/solidity/solidity_mapping.c line 27 column 3 function map_get_raw
Unwinding loop 47 iteration 1   file /home/samson/workspace/esbmc/src/c2goto/library/solidity/solidity_mapping.c line 27 column 3 function map_get_raw
Unwinding loop 47 iteration 2   file /home/samson/workspace/esbmc/src/c2goto/library/solidity/solidity_mapping.c line 27 column 3 function map_get_raw
Not unwinding loop 47 iteration 3   file /home/samson/workspace/esbmc/src/c2goto/library/solidity/solidity_mapping.c line 27 column 3 function map_get_raw
Unwinding loop 47 iteration 1   file /home/samson/workspace/esbmc/src/c2goto/library/solidity/solidity_mapping.c line 27 column 3 function map_get_raw
Unwinding loop 47 iteration 2   file /home/samson/workspace/esbmc/src/c2goto/library/solidity/solidity_mapping.c line 27 column 3 function map_get_raw
Not unwinding loop 47 iteration 3   file /home/samson/workspace/esbmc/src/c2goto/library/solidity/solidity_mapping.c line 27 column 3 function map_get_raw
Unwinding loop 47 iteration 1   file /home/samson/workspace/esbmc/src/c2goto/library/solidity/solidity_mapping.c line 27 column 3 function map_get_raw
Unwinding loop 47 iteration 2   file /home/samson/workspace/esbmc/src/c2goto/library/solidity/solidity_mapping.c line 27 column 3 function map_get_raw
Not unwinding loop 47 iteration 3   file /home/samson/workspace/esbmc/src/c2goto/library/solidity/solidity_mapping.c line 27 column 3 function map_get_raw
Unwinding loop 47 iteration 1   file /home/samson/workspace/esbmc/src/c2goto/library/solidity/solidity_mapping.c line 27 column 3 function map_get_raw
Unwinding loop 47 iteration 2   file /home/samson/workspace/esbmc/src/c2goto/library/solidity/solidity_mapping.c line 27 column 3 function map_get_raw
Not unwinding loop 47 iteration 3   file /home/samson/workspace/esbmc/src/c2goto/library/solidity/solidity_mapping.c line 27 column 3 function map_get_raw
Unwinding loop 47 iteration 1   file /home/samson/workspace/esbmc/src/c2goto/library/solidity/solidity_mapping.c line 27 column 3 function map_get_raw
Unwinding loop 47 iteration 2   file /home/samson/workspace/esbmc/src/c2goto/library/solidity/solidity_mapping.c line 27 column 3 function map_get_raw
Not unwinding loop 47 iteration 3   file /home/samson/workspace/esbmc/src/c2goto/library/solidity/solidity_mapping.c line 27 column 3 function map_get_raw
Unwinding loop 47 iteration 1   file /home/samson/workspace/esbmc/src/c2goto/library/solidity/solidity_mapping.c line 27 column 3 function map_get_raw
Unwinding loop 47 iteration 2   file /home/samson/workspace/esbmc/src/c2goto/library/solidity/solidity_mapping.c line 27 column 3 function map_get_raw
Not unwinding loop 47 iteration 3   file /home/samson/workspace/esbmc/src/c2goto/library/solidity/solidity_mapping.c line 27 column 3 function map_get_raw
Unwinding loop 47 iteration 1   file /home/samson/workspace/esbmc/src/c2goto/library/solidity/solidity_mapping.c line 27 column 3 function map_get_raw
Unwinding loop 47 iteration 2   file /home/samson/workspace/esbmc/src/c2goto/library/solidity/solidity_mapping.c line 27 column 3 function map_get_raw
Not unwinding loop 47 iteration 3   file /home/samson/workspace/esbmc/src/c2goto/library/solidity/solidity_mapping.c line 27 column 3 function map_get_raw
Not unwinding loop 65 iteration 3   
Symex completed in: 0.274s (4304 assignments)
Caching time: 0.000s (removed 0 assertions)
Slicing time: 0.008s (removed 1952 assignments)
Generated 21 VCC(s), 21 remaining after simplification (2352 assignments)
Encoding remaining VCC(s) using bit-vector/floating-point arithmetic
Encoding to solver time: 0.067s
Solving with solver CVC5 1.1.2
Runtime decision procedure: 20.484s
Building error trace

[Counterexample]


State 1 file /home/samson/workspace/esbmc/src/c2goto/library/solidity/solidity_address.c line 10 column 1 thread 0
----------------------------------------------------
  sol_addr_array = { 0 }

State 2 file tod_race_burn_burnFrom_harness.sol line 32 function PlayCash thread 0
----------------------------------------------------
  _ESBMC_inf_balanceOf = { { .addr = 0 } }

State 3 file tod_race_burn_burnFrom_harness.sol line 33 thread 0
----------------------------------------------------
  _ESBMC_inf_allowance = { { .addr = 0 } }

State 10 file tod_race_burn_burnFrom_harness.sol line 1 thread 0
----------------------------------------------------
  _ESBMC_Object_TOD_burn_burnFrom = { .$address=5, .anon_pad$1=0, .$codehash=0, .$balance=0,
    .$code=0, ._ESBMC_bind_cname=&"TOD_burn_burnFrom"[0], .anon_pad$6=0 }

State 21  thread 0
----------------------------------------------------
  old_sender = 5 (00000000 00000000 00000000 00000000 00000000 00000000 00000000 00000000 00000000 00000000 00000000 00000000 00000000 00000000 00000000 00000000 00000000 00000000 00000000 00000101)

State 22  thread 0
----------------------------------------------------
  msg_sender = 5 (00000000 00000000 00000000 00000000 00000000 00000000 00000000 00000000 00000000 00000000 00000000 00000000 00000000 00000000 00000000 00000000 00000000 00000000 00000000 00000101)

State 23  thread 0
----------------------------------------------------
  msg_sender = 5 (00000000 00000000 00000000 00000000 00000000 00000000 00000000 00000000 00000000 00000000 00000000 00000000 00000000 00000000 00000000 00000000 00000000 00000000 00000000 00000101)

State 24  thread 0
----------------------------------------------------
  old_sender = 5 (00000000 00000000 00000000 00000000 00000000 00000000 00000000 00000000 00000000 00000000 00000000 00000000 00000000 00000000 00000000 00000000 00000000 00000000 00000000 00000101)

State 25  thread 0
----------------------------------------------------
  msg_sender = 5 (00000000 00000000 00000000 00000000 00000000 00000000 00000000 00000000 00000000 00000000 00000000 00000000 00000000 00000000 00000000 00000000 00000000 00000000 00000000 00000101)

State 28  thread 0
----------------------------------------------------
  _ESBMC_aux34 = 0x4D8C55AEFB8C05B5C000000 (00000000 00000000 00000000 00000000 00000000 00000000 00000000 00000000 00000000 00000000 00000000 00000000 00000000 00000000 00000000 00000000 00000000 00000000 00000000 00000000 00000100 11011000 11000101 01011010 11101111 10111000 11000000 01011011 01011100 00000000 00000000 00000000)

State 29 file tod_race_burn_burnFrom_harness.sol line 111 function burnFrom thread 0
----------------------------------------------------
  _ESBMC_aux34 = 0x4D8C55AEFB8C05B5C000000 (00000000 00000000 00000000 00000000 00000000 00000000 00000000 00000000 00000000 00000000 00000000 00000000 00000000 00000000 00000000 00000000 00000000 00000000 00000000 00000000 00000100 11011000 11000101 01011010 11101111 10111000 11000000 01011011 01011100 00000000 00000000 00000000)

State 30  thread 0
----------------------------------------------------
  _ESBMC_aux35 = 0 (00000000 00000000 00000000 00000000 00000000 00000000 00000000 00000000 00000000 00000000 00000000 00000000 00000000 00000000 00000000 00000000 00000000 00000000 00000000 00000000 00000000 00000000 00000000 00000000 00000000 00000000 00000000 00000000 00000000 00000000 00000000 00000000)

State 31 file tod_race_burn_burnFrom_harness.sol line 112 function burnFrom thread 0
----------------------------------------------------
  _ESBMC_aux35 = 0 (00000000 00000000 00000000 00000000 00000000 00000000 00000000 00000000 00000000 00000000 00000000 00000000 00000000 00000000 00000000 00000000 00000000 00000000 00000000 00000000 00000000 00000000 00000000 00000000 00000000 00000000 00000000 00000000 00000000 00000000 00000000 00000000)

State 32 file tod_race_burn_burnFrom_harness.sol line 113 function burnFrom thread 0
----------------------------------------------------
  this->totalSupply = { .name=&"PlayCash"[0], .symbol=&"PCASH"[0], .decimals=18,
    .anon_pad$3=0, .totalSupply=0x4D8C55AEFB8C05B5C000000, .balanceOf={ .base=&_ESBMC_inf_balanceOf[0], .addr=2 },
    .allowance={ .base=&_ESBMC_inf_allowance[0], .addr=2 },
    .$address=2,
    .anon_pad$8=0, .$codehash=0, .$balance=0,
    .$code=0, .$dynamic_pool={ .pool=&$PlayCash_pool#[0], .pool_cursor=0 }, ._ESBMC_bind_cname=&"PlayCash"[0],
    .anon_pad$14=0 }

State 33  thread 0
----------------------------------------------------
  msg_sender = 5 (00000000 00000000 00000000 00000000 00000000 00000000 00000000 00000000 00000000 00000000 00000000 00000000 00000000 00000000 00000000 00000000 00000000 00000000 00000000 00000101)

State 34  thread 0
----------------------------------------------------
  old_sender = 5 (00000000 00000000 00000000 00000000 00000000 00000000 00000000 00000000 00000000 00000000 00000000 00000000 00000000 00000000 00000000 00000000 00000000 00000000 00000000 00000101)

State 35  thread 0
----------------------------------------------------
  msg_sender = 5 (00000000 00000000 00000000 00000000 00000000 00000000 00000000 00000000 00000000 00000000 00000000 00000000 00000000 00000000 00000000 00000000 00000000 00000000 00000000 00000101)

State 38  thread 0
----------------------------------------------------
  _ESBMC_aux34 = 0x4D8C55AEFB8C05B5C000000 (00000000 00000000 00000000 00000000 00000000 00000000 00000000 00000000 00000000 00000000 00000000 00000000 00000000 00000000 00000000 00000000 00000000 00000000 00000000 00000000 00000100 11011000 11000101 01011010 11101111 10111000 11000000 01011011 01011100 00000000 00000000 00000000)

State 39 file tod_race_burn_burnFrom_harness.sol line 111 function burnFrom thread 0
----------------------------------------------------
  _ESBMC_aux34 = 0x4D8C55AEFB8C05B5C000000 (00000000 00000000 00000000 00000000 00000000 00000000 00000000 00000000 00000000 00000000 00000000 00000000 00000000 00000000 00000000 00000000 00000000 00000000 00000000 00000000 00000100 11011000 11000101 01011010 11101111 10111000 11000000 01011011 01011100 00000000 00000000 00000000)

State 40  thread 0
----------------------------------------------------
  _ESBMC_aux35 = 0 (00000000 00000000 00000000 00000000 00000000 00000000 00000000 00000000 00000000 00000000 00000000 00000000 00000000 00000000 00000000 00000000 00000000 00000000 00000000 00000000 00000000 00000000 00000000 00000000 00000000 00000000 00000000 00000000 00000000 00000000 00000000 00000000)

State 41 file tod_race_burn_burnFrom_harness.sol line 112 function burnFrom thread 0
----------------------------------------------------
  _ESBMC_aux35 = 0 (00000000 00000000 00000000 00000000 00000000 00000000 00000000 00000000 00000000 00000000 00000000 00000000 00000000 00000000 00000000 00000000 00000000 00000000 00000000 00000000 00000000 00000000 00000000 00000000 00000000 00000000 00000000 00000000 00000000 00000000 00000000 00000000)

State 42 file tod_race_burn_burnFrom_harness.sol line 113 function burnFrom thread 0
----------------------------------------------------
  this->totalSupply = { .name=&"PlayCash"[0], .symbol=&"PCASH"[0], .decimals=18,
    .anon_pad$3=0, .totalSupply=(tmp$4 WITH [decimals:=18]).totalSupply, .balanceOf={ .base=&_ESBMC_inf_balanceOf[0], .addr=8 },
    .allowance={ .base=&_ESBMC_inf_allowance[0], .addr=8 },
    .$address=8,
    .anon_pad$8=0, .$codehash=0, .$balance=0,
    .$code=0, .$dynamic_pool={ .pool=&$PlayCash_pool#[0], .pool_cursor=0 }, ._ESBMC_bind_cname=&"PlayCash"[0],
    .anon_pad$14=0 }

State 43  thread 0
----------------------------------------------------
  msg_sender = 5 (00000000 00000000 00000000 00000000 00000000 00000000 00000000 00000000 00000000 00000000 00000000 00000000 00000000 00000000 00000000 00000000 00000000 00000000 00000000 00000101)

State 44  thread 0
----------------------------------------------------
  old_sender = 5 (00000000 00000000 00000000 00000000 00000000 00000000 00000000 00000000 00000000 00000000 00000000 00000000 00000000 00000000 00000000 00000000 00000000 00000000 00000000 00000101)

State 45  thread 0
----------------------------------------------------
  msg_sender = 5 (00000000 00000000 00000000 00000000 00000000 00000000 00000000 00000000 00000000 00000000 00000000 00000000 00000000 00000000 00000000 00000000 00000000 00000000 00000000 00000101)

State 47  thread 0
----------------------------------------------------
  _ESBMC_aux33 = 0x4D8C55AEFB8C05B5C000000 (00000000 00000000 00000000 00000000 00000000 00000000 00000000 00000000 00000000 00000000 00000000 00000000 00000000 00000000 00000000 00000000 00000000 00000000 00000000 00000000 00000100 11011000 11000101 01011010 11101111 10111000 11000000 01011011 01011100 00000000 00000000 00000000)

State 48 file tod_race_burn_burnFrom_harness.sol line 102 function burn thread 0
----------------------------------------------------
  _ESBMC_aux33 = 0x4D8C55AEFB8C05B58000000 (00000000 00000000 00000000 00000000 00000000 00000000 00000000 00000000 00000000 00000000 00000000 00000000 00000000 00000000 00000000 00000000 00000000 00000000 00000000 00000000 00000100 11011000 11000101 01011010 11101111 10111000 11000000 01011011 01011000 00000000 00000000 00000000)

State 49 file tod_race_burn_burnFrom_harness.sol line 103 function burn thread 0
----------------------------------------------------
  this->totalSupply = { .name=&"PlayCash"[0], .symbol=&"PCASH"[0], .decimals=18,
    .anon_pad$3=0, .totalSupply=0x4D8C55AEFB8C05B58000000, .balanceOf={ .base=&_ESBMC_inf_balanceOf[0], .addr=8 },
    .allowance={ .base=&_ESBMC_inf_allowance[0], .addr=8 },
    .$address=8,
    .anon_pad$8=0, .$codehash=0, .$balance=0,
    .$code=0, .$dynamic_pool={ .pool=&$PlayCash_pool#[0], .pool_cursor=0 }, ._ESBMC_bind_cname=&"PlayCash"[0],
    .anon_pad$14=0 }

State 50  thread 0
----------------------------------------------------
  msg_sender = 5 (00000000 00000000 00000000 00000000 00000000 00000000 00000000 00000000 00000000 00000000 00000000 00000000 00000000 00000000 00000000 00000000 00000000 00000000 00000000 00000101)

State 51 file tod_race_burn_burnFrom_harness.sol line 12 function __tod_race_check thread 0
----------------------------------------------------
Violated property:
  file tod_race_burn_burnFrom_harness.sol line 12 function __tod_race_check
  assertion cond
  cond


VERIFICATION FAILED
