ESBMC version 8.2.0 64-bit x86_64 linux
Target: 64-bit little-endian x86_64-unknown-linux with esbmclibc
Warning: SPDX license identifier not provided in source file. Before publishing, consider adding a comment containing "SPDX-License-Identifier: <SPDX-License>" to each source file. Use "SPDX-License-Identifier: UNLICENSED" for non-open-source code. Please see https://spdx.org for more information.
--> contract.sol

Warning: This declaration shadows an existing declaration.
   --> contract.sol:259:9:
    |
259 |         string memory name,
    |         ^^^^^^^^^^^^^^^^^^
Note: The shadowed declaration is here:
   --> contract.sol:277:5:
    |
277 |     function name() public view returns (string memory) {
    |     ^ (Relevant source part starts here and spans across multiple lines).

Warning: This declaration shadows an existing declaration.
   --> contract.sol:260:9:
    |
260 |         string memory symbol,
    |         ^^^^^^^^^^^^^^^^^^^^
Note: The shadowed declaration is here:
   --> contract.sol:282:5:
    |
282 |     function symbol() public view returns (string memory) {
    |     ^ (Relevant source part starts here and spans across multiple lines).

Warning: This declaration shadows an existing declaration.
   --> contract.sol:261:9:
    |
261 |         address[] memory defaultOperators
    |         ^^^^^^^^^^^^^^^^^^^^^^^^^^^^^^^^^
Note: The shadowed declaration is here:
   --> contract.sol:417:5:
    |
417 |     function defaultOperators() public view returns (address[] memory) {
    |     ^ (Relevant source part starts here and spans across multiple lines).

Warning: Visibility for constructor is ignored. If you want the contract to be non-deployable, making it "abstract" is sufficient.
    --> contract.sol:1290:5:
     |
1290 |     constructor(
     |     ^ (Relevant source part starts here and spans across multiple lines).

Warning: Function state mutability can be restricted to pure
   --> contract.sol:292:5:
    |
292 |     function granularity() public view returns (uint256) {
    |     ^ (Relevant source part starts here and spans across multiple lines).

TOD harness written to ./tod_balance_claimReward_TOD10_setReward_TOD10_harness.sol
Parsing ./tod_balance_claimReward_TOD10_setReward_TOD10_harness.sol
Compiling Solidity AST using: /usr/local/bin/solc (v0.8.30)
ERROR: solc compilation failed:
Warning: This declaration shadows an existing declaration.
   --> tod_balance_claimReward_TOD10_setReward_TOD10_harness.sol:800:9:
    |
800 |         string memory name,
    |         ^^^^^^^^^^^^^^^^^^
Note: The shadowed declaration is here:
   --> tod_balance_claimReward_TOD10_setReward_TOD10_harness.sol:818:5:
    |
818 |     function name() public view returns (string memory) {
    |     ^ (Relevant source part starts here and spans across multiple lines).

Warning: This declaration shadows an existing declaration.
   --> tod_balance_claimReward_TOD10_setReward_TOD10_harness.sol:801:9:
    |
801 |         string memory symbol,
    |         ^^^^^^^^^^^^^^^^^^^^
Note: The shadowed declaration is here:
   --> tod_balance_claimReward_TOD10_setReward_TOD10_harness.sol:823:5:
    |
823 |     function symbol() public view returns (string memory) {
    |     ^ (Relevant source part starts here and spans across multiple lines).

Warning: This declaration shadows an existing declaration.
   --> tod_balance_claimReward_TOD10_setReward_TOD10_harness.sol:802:9:
    |
802 |         address[] memory defaultOperators
    |         ^^^^^^^^^^^^^^^^^^^^^^^^^^^^^^^^^
Note: The shadowed declaration is here:
   --> tod_balance_claimReward_TOD10_setReward_TOD10_harness.sol:958:5:
    |
958 |     function defaultOperators() public view returns (address[] memory) {
    |     ^ (Relevant source part starts here and spans across multiple lines).

Warning: This declaration shadows an existing declaration.
    --> tod_balance_claimReward_TOD10_setReward_TOD10_harness.sol:1394:9:
     |
1394 |         string memory name,
     |         ^^^^^^^^^^^^^^^^^^
Note: The shadowed declaration is here:
    --> tod_balance_claimReward_TOD10_setReward_TOD10_harness.sol:1412:5:
     |
1412 |     function name() public view returns (string memory) {
     |     ^ (Relevant source part starts here and spans across multiple lines).

Warning: This declaration shadows an existing declaration.
    --> tod_balance_claimReward_TOD10_setReward_TOD10_harness.sol:1395:9:
     |
1395 |         string memory symbol,
     |         ^^^^^^^^^^^^^^^^^^^^
Note: The shadowed declaration is here:
    --> tod_balance_claimReward_TOD10_setReward_TOD10_harness.sol:1417:5:
     |
1417 |     function symbol() public view returns (string memory) {
     |     ^ (Relevant source part starts here and spans across multiple lines).

Warning: This declaration shadows an existing declaration.
    --> tod_balance_claimReward_TOD10_setReward_TOD10_harness.sol:1396:9:
     |
1396 |         address[] memory defaultOperators
     |         ^^^^^^^^^^^^^^^^^^^^^^^^^^^^^^^^^
Note: The shadowed declaration is here:
    --> tod_balance_claimReward_TOD10_setReward_TOD10_harness.sol:1552:5:
     |
1552 |     function defaultOperators() public view returns (address[] memory) {
     |     ^ (Relevant source part starts here and spans across multiple lines).

Error: Identifier not found or not unique.
   --> tod_balance_claimReward_TOD10_setReward_TOD10_harness.sol:710:25:
    |
710 | contract SKYBITToken is ERC777, MinterRole, Pausable {
    |                         ^^^^^^


ERROR: PARSING ERROR
