[XCTCrowdSale] skip (no public function pair)
[BMUS] contract=BMUS pair=transfer,transferFrom  running...
[BMUS] -> unknown elapsed=3.4s pairs=0/clean=0/found=0/err=0
[RippleAlpha] skip (no public function pair)
[PlayCash] contract=PlayCash pair=burn,burnFrom  running...
[PlayCash] -> unknown elapsed=30.8s pairs=0/clean=0/found=0/err=0
[Xpense] contract=XPS pair=burn,burnFrom  running...
[Xpense] -> unknown elapsed=1.1s pairs=0/clean=0/found=0/err=0
[BB] contract=BB pair=burn,burnFrom  running...
[BB] -> unknown elapsed=1.4s pairs=0/clean=0/found=0/err=0
[WEBN] skip (no public function pair)
[COW] contract=COW pair=transfer,transferFrom  running...
[COW] -> crash elapsed=72.5s pairs=0/clean=0/found=0/err=0
[Aavio] contract=Aavio pair=transfer,transferFrom  running...
[Aavio] -> unknown elapsed=2.4s pairs=0/clean=0/found=0/err=0
[Freedom] contract=FreedomStreaming pair=Start_Resume_ICO,Start_Resume_PreICO  running...
[Freedom] -> unknown elapsed=0.7s pairs=0/clean=0/found=0/err=0
[HubrisOne] skip (no public function pair)
[MADANA] skip (no public function pair)
[GOG] contract=GOG pair=burn,burnFrom  running...
[GOG] -> unknown elapsed=30.5s pairs=0/clean=0/found=0/err=0
[MediBloc] contract=MedXToken pair=transfer,transferFrom  running...
[MediBloc] -> unknown elapsed=1.7s pairs=0/clean=0/found=0/err=0
[Simmitri] contract=Simmitri pair=totalSupply,balanceOf  running...
[Simmitri] -> unknown elapsed=0.8s pairs=0/clean=0/found=0/err=0
[ProofOfReview] contract=ProofOfReview pair=transfer,transferFrom  running...
[ProofOfReview] -> unknown elapsed=0.3s pairs=0/clean=0/found=0/err=0
[HSD] contract=HSD pair=transfer,transferFrom  running...
[HSD] -> unknown elapsed=2.0s pairs=0/clean=0/found=0/err=0
[MATOX] contract=MATOX pair=transfer,transferFrom  running...
[MATOX] -> unknown elapsed=2.2s pairs=0/clean=0/found=0/err=0
[Dragon] contract=Dragon pair=burn,burnFrom  running...
[Dragon] -> unknown elapsed=1.8s pairs=0/clean=0/found=0/err=0
[EthernetCash] contract=EthernetCash pair=mintToken,burn  running...
[EthernetCash] -> unknown elapsed=1.1s pairs=0/clean=0/found=0/err=0
[Viewly] contract=ViewlyMainSale pair=addToWhitelist,removeFromWhitelist  running...
[Viewly] -> unknown elapsed=0.2s pairs=0/clean=0/found=0/err=0
[Char] skip (no public function pair)
[CityToken] contract=CityToken pair=getToken,ownerOf  running...
[CityToken] -> unknown elapsed=0.8s pairs=0/clean=0/found=0/err=0
[ROD] skip (no public function pair)
[grip] contract=grip pair=transfer,transferFrom  running...
[grip] -> unknown elapsed=1.9s pairs=0/clean=0/found=0/err=0
[TokensWarContract] contract=TokensWarContract pair=takeOwnership,purchase  running...
[TokensWarContract] -> unknown elapsed=6.7s pairs=0/clean=0/found=0/err=0
[Dentacoin] contract=DentacoinToken pair=setEtherPrices,buyDentacoinsAgainstEther  running...
[Dentacoin] -> unknown elapsed=1.3s pairs=0/clean=0/found=0/err=0
[LAAR] contract=LAAR pair=pauseCrowdSale,resumeCrowdSale  running...
[LAAR] -> unknown elapsed=0.8s pairs=0/clean=0/found=0/err=0
[INRD] contract=INRD pair=mint,transfer  running...
[INRD] -> unknown elapsed=4.2s pairs=0/clean=0/found=0/err=0
[CSTK_CLT] skip (no public function pair)
[Yihaa] contract=Yiha pair=mint,getMintDigest  running...
[Yihaa] -> unknown elapsed=0.5s pairs=0/clean=0/found=0/err=0
[IgfContract] contract=IgfContract pair=allowance,approve  running...
[IgfContract] -> unknown elapsed=0.7s pairs=0/clean=0/found=0/err=0
[Scale] contract=Scale pair=ownerClaim,poolIssue  running...
[Scale] -> unknown elapsed=2.7s pairs=0/clean=0/found=0/err=0

=== DONE ===
Reached verdict: 0/33
TOD found: 0/33
