=== iter 0 rc=0 ===
Warning: SPDX license identifier not provided in source file. Before publishing, consider adding a comment containing "SPDX-License-Identifier: <SPDX-License>" to each source file. Use "SPDX-License-Identifier: UNLICENSED" for non-open-source code. Please see https://spdx.org for more information.
--> contract.sol


=== full compile rc=1 ===
Warning: SPDX license identifier not provided in source file. Before publishing, consider adding a comment containing "SPDX-License-Identifier: <SPDX-License>" to each source file. Use "SPDX-License-Identifier: UNLICENSED" for non-open-source code. Please see https://spdx.org for more information.
--> contract.sol

Error: Functions are not allowed to have the same name as the contract. If you intend this to be a constructor, use "constructor(...) { ... }" to define it.
   --> contract.sol:108:3:
    |
108 |   function CityToken() public {
    |   ^ (Relevant source part starts here and spans across multiple lines).

Warning: This declaration shadows an existing declaration.
   --> contract.sol:108:3:
    |
108 |   function CityToken() public {
    |   ^ (Relevant source part starts here and spans across multiple lines).
Note: The shadowed declaration is here:
  --> contract.sol:28:1:
   |
28 | contract CityToken is ERC721 {
   | ^ (Relevant source part starts here and spans across multiple lines).

Error: Data location must be "memory" or "calldata" for parameter in function, but none was given.
   --> contract.sol:139:58:
    |
139 |   function createToken(uint256 _tokenId, address _owner, string _name, uint256 _parentId, uint256 _price) public onlyCOO {
    |                                                          ^^^^^^^^^^^^

Error: Data location must be "memory" or "calldata" for return parameter in function, but none was given.
   --> contract.sol:158:5:
    |
158 |     string tokenName,
    |     ^^^^^^^^^^^^^^^^

Error: Data location must be "memory" or "calldata" for return parameter in function, but none was given.
   --> contract.sol:176:40:
    |
176 |   function name() public pure returns (string) {
    |                                        ^^^^^^

Error: Data location must be "memory" or "calldata" for return parameter in function, but none was given.
   --> contract.sol:234:42:
    |
234 |   function symbol() public pure returns (string) {
    |                                          ^^^^^^

Error: Data location must be "memory" or "calldata" for return parameter in function, but none was given.
   --> contract.sol:259:62:
    |
259 |   function tokensOfOwner(address _owner) public view returns(uint256[] ownerTokens) {
    |                                                              ^^^^^^^^^^^^^^^^^^^^^

Error: Data location must be "storage", "memory" or "calldata" for parameter in function, but none was given.
   --> contract.sol:445:43:
    |
445 |   function _createToken(uint256 _tokenId, string _name, uint256 _parentId, address _owner, uint256 _price) private {
    |                                           ^^^^^^^^^^^^


=== applied patch_contract_named_ctor ===
=== iter 1 rc=0 ===
Warning: SPDX license identifier not provided in source file. Before publishing, consider adding a comment containing "SPDX-License-Identifier: <SPDX-License>" to each source file. Use "SPDX-License-Identifier: UNLICENSED" for non-open-source code. Please see https://spdx.org for more information.
--> contract.sol


=== full compile rc=1 ===
Warning: SPDX license identifier not provided in source file. Before publishing, consider adding a comment containing "SPDX-License-Identifier: <SPDX-License>" to each source file. Use "SPDX-License-Identifier: UNLICENSED" for non-open-source code. Please see https://spdx.org for more information.
--> contract.sol

Error: Data location must be "memory" or "calldata" for parameter in function, but none was given.
   --> contract.sol:139:58:
    |
139 |   function createToken(uint256 _tokenId, address _owner, string _name, uint256 _parentId, uint256 _price) public onlyCOO {
    |                                                          ^^^^^^^^^^^^

Error: Data location must be "memory" or "calldata" for return parameter in function, but none was given.
   --> contract.sol:158:5:
    |
158 |     string tokenName,
    |     ^^^^^^^^^^^^^^^^

Error: Data location must be "memory" or "calldata" for return parameter in function, but none was given.
   --> contract.sol:176:40:
    |
176 |   function name() public pure returns (string) {
    |                                        ^^^^^^

Error: Data location must be "memory" or "calldata" for return parameter in function, but none was given.
   --> contract.sol:234:42:
    |
234 |   function symbol() public pure returns (string) {
    |                                          ^^^^^^

Error: Data location must be "memory" or "calldata" for return parameter in function, but none was given.
   --> contract.sol:259:62:
    |
259 |   function tokensOfOwner(address _owner) public view returns(uint256[] ownerTokens) {
    |                                                              ^^^^^^^^^^^^^^^^^^^^^

Error: Data location must be "storage", "memory" or "calldata" for parameter in function, but none was given.
   --> contract.sol:445:43:
    |
445 |   function _createToken(uint256 _tokenId, string _name, uint256 _parentId, address _owner, uint256 _price) private {
    |                                           ^^^^^^^^^^^^


=== applied patch_memory_location ===
=== iter 2 rc=0 ===
Warning: SPDX license identifier not provided in source file. Before publishing, consider adding a comment containing "SPDX-License-Identifier: <SPDX-License>" to each source file. Use "SPDX-License-Identifier: UNLICENSED" for non-open-source code. Please see https://spdx.org for more information.
--> contract.sol


=== full compile rc=1 ===
Warning: SPDX license identifier not provided in source file. Before publishing, consider adding a comment containing "SPDX-License-Identifier: <SPDX-License>" to each source file. Use "SPDX-License-Identifier: UNLICENSED" for non-open-source code. Please see https://spdx.org for more information.
--> contract.sol

Error: Data location must be "memory" or "calldata" for return parameter in function, but none was given.
   --> contract.sol:158:5:
    |
158 |     string tokenName,
    |     ^^^^^^^^^^^^^^^^

Error: Data location must be "memory" or "calldata" for return parameter in function, but none was given.
   --> contract.sol:259:62:
    |
259 |   function tokensOfOwner(address _owner) public view returns(uint256[] ownerTokens) {
    |                                                              ^^^^^^^^^^^^^^^^^^^^^


=== no rule matched ===
