=== iter 0 rc=1 ===
Error: Expected a state variable declaration. If you intended this as a fallback function or a function to handle plain ether transactions, use the "fallback" keyword or the "receive" keyword instead.
   --> contract.sol:145:21:
    |
145 | 	function() payable {
    | 	                   ^


=== applied patch_anonymous_fallback ===
=== iter 1 rc=0 ===
Warning: SPDX license identifier not provided in source file. Before publishing, consider adding a comment containing "SPDX-License-Identifier: <SPDX-License>" to each source file. Use "SPDX-License-Identifier: UNLICENSED" for non-open-source code. Please see https://spdx.org for more information.
--> contract.sol


=== full compile rc=1 ===
Warning: SPDX license identifier not provided in source file. Before publishing, consider adding a comment containing "SPDX-License-Identifier: <SPDX-License>" to each source file. Use "SPDX-License-Identifier: UNLICENSED" for non-open-source code. Please see https://spdx.org for more information.
--> contract.sol

Error: Functions are not allowed to have the same name as the contract. If you intend this to be a constructor, use "constructor(...) { ... }" to define it.
  --> contract.sol:67:5:
   |
67 |     function COW(
   |     ^ (Relevant source part starts here and spans across multiple lines).

Error: No visibility specified. Did you intend to add "public"?
  --> contract.sol:67:5:
   |
67 |     function COW(
   |     ^ (Relevant source part starts here and spans across multiple lines).

Error: No visibility specified. Did you intend to add "public"?
  --> contract.sol:78:5:
   |
78 |     function transfer(address _to, uint256 _value) {
   |     ^ (Relevant source part starts here and spans across multiple lines).

Error: No visibility specified. Did you intend to add "public"?
  --> contract.sol:89:5:
   |
89 |     function approve(address _spender, uint256 _value)
   |     ^ (Relevant source part starts here and spans across multiple lines).

Error: No visibility specified. Did you intend to add "public"?
  --> contract.sol:98:5:
   |
98 |     function transferFrom(address _from, address _to, uint256 _value) returns (bool success) {
   |     ^ (Relevant source part starts here and spans across multiple lines).

Error: No visibility specified. Did you intend to add "public"?
   --> contract.sol:111:5:
    |
111 |     function burn(uint256 _value) returns (bool success) {
    |     ^ (Relevant source part starts here and spans across multiple lines).

Error: No visibility specified. Did you intend to add "public"?
   --> contract.sol:120:2:
    |
120 | 	function freeze(uint256 _value) returns (bool success) {
    | 	^ (Relevant source part starts here and spans across multiple lines).

Error: No visibility specified. Did you intend to add "public"?
   --> contract.sol:129:2:
    |
129 | 	function unfreeze(uint256 _value) returns (bool success) {
    | 	^ (Relevant source part starts here and spans across multiple lines).

Error: No visibility specified. Did you intend to add "public"?
   --> contract.sol:139:2:
    |
139 | 	function withdrawEther(uint256 amount) {
    | 	^ (Relevant source part starts here and spans across multiple lines).

Warning: This declaration shadows a builtin symbol.
  --> contract.sol:36:3:
   |
36 |   function assert(bool assertion) internal {
   |   ^ (Relevant source part starts here and spans across multiple lines).

Warning: This declaration shadows an existing declaration.
  --> contract.sol:67:5:
   |
67 |     function COW(
   |     ^ (Relevant source part starts here and spans across multiple lines).
Note: The shadowed declaration is here:
  --> contract.sol:42:1:
   |
42 | contract COW is SafeMath{
   | ^ (Relevant source part starts here and spans across multiple lines).

Error: Built-in binary operator == cannot be applied to types address and int_const 0.
  --> contract.sol:79:13:
   |
79 |         if (_to == 0x0) revert();                               // Prevent transfer to 0x0 address. Use burn() instead
   |             ^^^^^^^^^^

Error: Built-in binary operator == cannot be applied to types address and int_const 0.
  --> contract.sol:99:13:
   |
99 |         if (_to == 0x0) revert();                                // Prevent transfer to 0x0 address. Use burn() instead
   |             ^^^^^^^^^^

Error: "send" and "transfer" are only available for objects of type "address payable", not "address".
   --> contract.sol:141:3:
    |
141 | 		owner.transfer(amount);
    | 		^^^^^^^^^^^^^^


=== applied patch_contract_named_ctor ===
=== iter 2 rc=0 ===
Warning: SPDX license identifier not provided in source file. Before publishing, consider adding a comment containing "SPDX-License-Identifier: <SPDX-License>" to each source file. Use "SPDX-License-Identifier: UNLICENSED" for non-open-source code. Please see https://spdx.org for more information.
--> contract.sol


=== full compile rc=1 ===
Warning: SPDX license identifier not provided in source file. Before publishing, consider adding a comment containing "SPDX-License-Identifier: <SPDX-License>" to each source file. Use "SPDX-License-Identifier: UNLICENSED" for non-open-source code. Please see https://spdx.org for more information.
--> contract.sol

Error: No visibility specified. Did you intend to add "public"?
  --> contract.sol:78:5:
   |
78 |     function transfer(address _to, uint256 _value) {
   |     ^ (Relevant source part starts here and spans across multiple lines).

Error: No visibility specified. Did you intend to add "public"?
  --> contract.sol:89:5:
   |
89 |     function approve(address _spender, uint256 _value)
   |     ^ (Relevant source part starts here and spans across multiple lines).

Error: No visibility specified. Did you intend to add "public"?
  --> contract.sol:98:5:
   |
98 |     function transferFrom(address _from, address _to, uint256 _value) returns (bool success) {
   |     ^ (Relevant source part starts here and spans across multiple lines).

Error: No visibility specified. Did you intend to add "public"?
   --> contract.sol:111:5:
    |
111 |     function burn(uint256 _value) returns (bool success) {
    |     ^ (Relevant source part starts here and spans across multiple lines).

Error: No visibility specified. Did you intend to add "public"?
   --> contract.sol:120:2:
    |
120 | 	function freeze(uint256 _value) returns (bool success) {
    | 	^ (Relevant source part starts here and spans across multiple lines).

Error: No visibility specified. Did you intend to add "public"?
   --> contract.sol:129:2:
    |
129 | 	function unfreeze(uint256 _value) returns (bool success) {
    | 	^ (Relevant source part starts here and spans across multiple lines).

Error: No visibility specified. Did you intend to add "public"?
   --> contract.sol:139:2:
    |
139 | 	function withdrawEther(uint256 amount) {
    | 	^ (Relevant source part starts here and spans across multiple lines).

Warning: This declaration shadows a builtin symbol.
  --> contract.sol:36:3:
   |
36 |   function assert(bool assertion) internal {
   |   ^ (Relevant source part starts here and spans across multiple lines).

Error: Built-in binary operator == cannot be applied to types address and int_const 0.
  --> contract.sol:79:13:
   |
79 |         if (_to == 0x0) revert();                               // Prevent transfer to 0x0 address. Use burn() instead
   |             ^^^^^^^^^^

Error: Built-in binary operator == cannot be applied to types address and int_const 0.
  --> contract.sol:99:13:
   |
99 |         if (_to == 0x0) revert();                                // Prevent transfer to 0x0 address. Use burn() instead
   |             ^^^^^^^^^^

Error: "send" and "transfer" are only available for objects of type "address payable", not "address".
   --> contract.sol:141:3:
    |
141 | 		owner.transfer(amount);
    | 		^^^^^^^^^^^^^^


=== applied patch_send_transfer_to_payable ===
=== iter 3 rc=0 ===
Warning: SPDX license identifier not provided in source file. Before publishing, consider adding a comment containing "SPDX-License-Identifier: <SPDX-License>" to each source file. Use "SPDX-License-Identifier: UNLICENSED" for non-open-source code. Please see https://spdx.org for more information.
--> contract.sol


=== full compile rc=1 ===
Warning: SPDX license identifier not provided in source file. Before publishing, consider adding a comment containing "SPDX-License-Identifier: <SPDX-License>" to each source file. Use "SPDX-License-Identifier: UNLICENSED" for non-open-source code. Please see https://spdx.org for more information.
--> contract.sol

Error: No visibility specified. Did you intend to add "public"?
  --> contract.sol:78:5:
   |
78 |     function transfer(address _to, uint256 _value) {
   |     ^ (Relevant source part starts here and spans across multiple lines).

Error: No visibility specified. Did you intend to add "public"?
  --> contract.sol:89:5:
   |
89 |     function approve(address _spender, uint256 _value)
   |     ^ (Relevant source part starts here and spans across multiple lines).

Error: No visibility specified. Did you intend to add "public"?
  --> contract.sol:98:5:
   |
98 |     function transferFrom(address _from, address _to, uint256 _value) returns (bool success) {
   |     ^ (Relevant source part starts here and spans across multiple lines).

Error: No visibility specified. Did you intend to add "public"?
   --> contract.sol:111:5:
    |
111 |     function burn(uint256 _value) returns (bool success) {
    |     ^ (Relevant source part starts here and spans across multiple lines).

Error: No visibility specified. Did you intend to add "public"?
   --> contract.sol:120:2:
    |
120 | 	function freeze(uint256 _value) returns (bool success) {
    | 	^ (Relevant source part starts here and spans across multiple lines).

Error: No visibility specified. Did you intend to add "public"?
   --> contract.sol:129:2:
    |
129 | 	function unfreeze(uint256 _value) returns (bool success) {
    | 	^ (Relevant source part starts here and spans across multiple lines).

Error: No visibility specified. Did you intend to add "public"?
   --> contract.sol:139:2:
    |
139 | 	function withdrawEther(uint256 amount) {
    | 	^ (Relevant source part starts here and spans across multiple lines).

Warning: This declaration shadows a builtin symbol.
  --> contract.sol:36:3:
   |
36 |   function assert(bool assertion) internal {
   |   ^ (Relevant source part starts here and spans across multiple lines).

Error: Built-in binary operator == cannot be applied to types address and int_const 0.
  --> contract.sol:79:13:
   |
79 |         if (_to == 0x0) revert();                               // Prevent transfer to 0x0 address. Use burn() instead
   |             ^^^^^^^^^^

Error: Built-in binary operator == cannot be applied to types address and int_const 0.
  --> contract.sol:99:13:
   |
99 |         if (_to == 0x0) revert();                                // Prevent transfer to 0x0 address. Use burn() instead
   |             ^^^^^^^^^^


=== applied patch_returns_visibility ===
=== iter 4 rc=0 ===
Warning: SPDX license identifier not provided in source file. Before publishing, consider adding a comment containing "SPDX-License-Identifier: <SPDX-License>" to each source file. Use "SPDX-License-Identifier: UNLICENSED" for non-open-source code. Please see https://spdx.org for more information.
--> contract.sol


=== full compile rc=1 ===
Warning: SPDX license identifier not provided in source file. Before publishing, consider adding a comment containing "SPDX-License-Identifier: <SPDX-License>" to each source file. Use "SPDX-License-Identifier: UNLICENSED" for non-open-source code. Please see https://spdx.org for more information.
--> contract.sol

Error: No visibility specified. Did you intend to add "public"?
  --> contract.sol:78:5:
   |
78 |     function transfer(address _to, uint256 _value) {
   |     ^ (Relevant source part starts here and spans across multiple lines).

Error: No visibility specified. Did you intend to add "public"?
   --> contract.sol:138:2:
    |
138 | 	function withdrawEther(uint256 amount) {
    | 	^ (Relevant source part starts here and spans across multiple lines).

Warning: This declaration shadows a builtin symbol.
  --> contract.sol:36:3:
   |
36 |   function assert(bool assertion) internal {
   |   ^ (Relevant source part starts here and spans across multiple lines).

Error: Built-in binary operator == cannot be applied to types address and int_const 0.
  --> contract.sol:79:13:
   |
79 |         if (_to == 0x0) revert();                               // Prevent transfer to 0x0 address. Use burn() instead
   |             ^^^^^^^^^^

Error: Built-in binary operator == cannot be applied to types address and int_const 0.
  --> contract.sol:98:13:
   |
98 |         if (_to == 0x0) revert();                                // Prevent transfer to 0x0 address. Use burn() instead
   |             ^^^^^^^^^^


=== applied patch_fix_no_visibility ===
=== iter 5 rc=0 ===
Warning: SPDX license identifier not provided in source file. Before publishing, consider adding a comment containing "SPDX-License-Identifier: <SPDX-License>" to each source file. Use "SPDX-License-Identifier: UNLICENSED" for non-open-source code. Please see https://spdx.org for more information.
--> contract.sol


=== full compile rc=1 ===
Warning: SPDX license identifier not provided in source file. Before publishing, consider adding a comment containing "SPDX-License-Identifier: <SPDX-License>" to each source file. Use "SPDX-License-Identifier: UNLICENSED" for non-open-source code. Please see https://spdx.org for more information.
--> contract.sol

Warning: This declaration shadows a builtin symbol.
  --> contract.sol:36:3:
   |
36 |   function assert(bool assertion) internal {
   |   ^ (Relevant source part starts here and spans across multiple lines).

Error: Built-in binary operator == cannot be applied to types address and int_const 0.
  --> contract.sol:79:13:
   |
79 |         if (_to == 0x0) revert();                               // Prevent transfer to 0x0 address. Use burn() instead
   |             ^^^^^^^^^^

Error: Built-in binary operator == cannot be applied to types address and int_const 0.
  --> contract.sol:98:13:
   |
98 |         if (_to == 0x0) revert();                                // Prevent transfer to 0x0 address. Use burn() instead
   |             ^^^^^^^^^^


=== no rule matched ===
