=== iter 0 rc=0 ===
Warning: SPDX license identifier not provided in source file. Before publishing, consider adding a comment containing "SPDX-License-Identifier: <SPDX-License>" to each source file. Use "SPDX-License-Identifier: UNLICENSED" for non-open-source code. Please see https://spdx.org for more information.
--> contract.sol


=== full compile rc=1 ===
Warning: SPDX license identifier not provided in source file. Before publishing, consider adding a comment containing "SPDX-License-Identifier: <SPDX-License>" to each source file. Use "SPDX-License-Identifier: UNLICENSED" for non-open-source code. Please see https://spdx.org for more information.
--> contract.sol

Error: Documentation tag "@return An uint256 representing the total number of tokens in existence" does not contain the name of its return parameter.
   --> contract.sol:180:6:
    |
180 |      /**
    |      ^ (Relevant source part starts here and spans across multiple lines).

Error: Contract "ERC20Interface" should be marked as abstract.
  --> contract.sol:58:1:
   |
58 | contract ERC20Interface
   | ^ (Relevant source part starts here and spans across multiple lines).
Note: Missing implementation: 
  --> contract.sol:63:5:
   |
63 |     function allowance(address _owner, address _spender) public view returns (uint256);
   |     ^^^^^^^^^^^^^^^^^^^^^^^^^^^^^^^^^^^^^^^^^^^^^^^^^^^^^^^^^^^^^^^^^^^^^^^^^^^^^^^^^^^
Note: Missing implementation: 
  --> contract.sol:65:5:
   |
65 |     function approve(address _spender, uint256 _value) public returns (bool);
   |     ^^^^^^^^^^^^^^^^^^^^^^^^^^^^^^^^^^^^^^^^^^^^^^^^^^^^^^^^^^^^^^^^^^^^^^^^^
Note: Missing implementation: 
  --> contract.sol:61:5:
   |
61 |     function balanceOf(address _who) public view returns (uint256);
   |     ^^^^^^^^^^^^^^^^^^^^^^^^^^^^^^^^^^^^^^^^^^^^^^^^^^^^^^^^^^^^^^^
Note: Missing implementation: 
  --> contract.sol:60:5:
   |
60 |     function totalSupply() public view returns (uint256);
   |     ^^^^^^^^^^^^^^^^^^^^^^^^^^^^^^^^^^^^^^^^^^^^^^^^^^^^^
Note: Missing implementation: 
  --> contract.sol:62:5:
   |
62 |     function transfer(address _to, uint256 _value) public returns (bool);
   |     ^^^^^^^^^^^^^^^^^^^^^^^^^^^^^^^^^^^^^^^^^^^^^^^^^^^^^^^^^^^^^^^^^^^^^
Note: Missing implementation: 
  --> contract.sol:64:5:
   |
64 |     function transferFrom(address _from, address _to, uint256 _value) public returns (bool);
   |     ^^^^^^^^^^^^^^^^^^^^^^^^^^^^^^^^^^^^^^^^^^^^^^^^^^^^^^^^^^^^^^^^^^^^^^^^^^^^^^^^^^^^^^^^

Error: Overriding function is missing "override" specifier.
   --> contract.sol:185:6:
    |
185 |      function totalSupply() public view returns(uint256 _totalSupply) 
    |      ^ (Relevant source part starts here and spans across multiple lines).
Note: Overridden function is here:
  --> contract.sol:60:5:
   |
60 |     function totalSupply() public view returns (uint256);
   |     ^^^^^^^^^^^^^^^^^^^^^^^^^^^^^^^^^^^^^^^^^^^^^^^^^^^^^

Error: Trying to override non-virtual function. Did you forget to add "virtual"?
  --> contract.sol:60:5:
   |
60 |     function totalSupply() public view returns (uint256);
   |     ^^^^^^^^^^^^^^^^^^^^^^^^^^^^^^^^^^^^^^^^^^^^^^^^^^^^^
Note: Overriding function is here:
   --> contract.sol:185:6:
    |
185 |      function totalSupply() public view returns(uint256 _totalSupply) 
    |      ^ (Relevant source part starts here and spans across multiple lines).

Error: Overriding function is missing "override" specifier.
   --> contract.sol:197:5:
    |
197 |     function balanceOf(address _owner) public view returns (uint256) 
    |     ^ (Relevant source part starts here and spans across multiple lines).
Note: Overridden function is here:
  --> contract.sol:61:5:
   |
61 |     function balanceOf(address _who) public view returns (uint256);
   |     ^^^^^^^^^^^^^^^^^^^^^^^^^^^^^^^^^^^^^^^^^^^^^^^^^^^^^^^^^^^^^^^

Error: Trying to override non-virtual function. Did you forget to add "virtual"?
  --> contract.sol:61:5:
   |
61 |     function balanceOf(address _who) public view returns (uint256);
   |     ^^^^^^^^^^^^^^^^^^^^^^^^^^^^^^^^^^^^^^^^^^^^^^^^^^^^^^^^^^^^^^^
Note: Overriding function is here:
   --> contract.sol:197:5:
    |
197 |     function balanceOf(address _owner) public view returns (uint256) 
    |     ^ (Relevant source part starts here and spans across multiple lines).

Error: Overriding function is missing "override" specifier.
   --> contract.sol:209:5:
    |
209 |     function transferFrom(address _from, address _to, uint256 _value) public returns (bool)     
    |     ^ (Relevant source part starts here and spans across multiple lines).
Note: Overridden function is here:
  --> contract.sol:64:5:
   |
64 |     function transferFrom(address _from, address _to, uint256 _value) public returns (bool);
   |     ^^^^^^^^^^^^^^^^^^^^^^^^^^^^^^^^^^^^^^^^^^^^^^^^^^^^^^^^^^^^^^^^^^^^^^^^^^^^^^^^^^^^^^^^

Error: Trying to override non-virtual function. Did you forget to add "virtual"?
  --> contract.sol:64:5:
   |
64 |     function transferFrom(address _from, address _to, uint256 _value) public returns (bool);
   |     ^^^^^^^^^^^^^^^^^^^^^^^^^^^^^^^^^^^^^^^^^^^^^^^^^^^^^^^^^^^^^^^^^^^^^^^^^^^^^^^^^^^^^^^^
Note: Overriding function is here:
   --> contract.sol:209:5:
    |
209 |     function transferFrom(address _from, address _to, uint256 _value) public returns (bool)     
    |     ^ (Relevant source part starts here and spans across multiple lines).

Error: Overriding function is missing "override" specifier.
   --> contract.sol:260:5:
    |
260 |     function approve(address _spender, uint256 _tokens) public returns(bool)
    |     ^ (Relevant source part starts here and spans across multiple lines).
Note: Overridden function is here:
  --> contract.sol:65:5:
   |
65 |     function approve(address _spender, uint256 _value) public returns (bool);
   |     ^^^^^^^^^^^^^^^^^^^^^^^^^^^^^^^^^^^^^^^^^^^^^^^^^^^^^^^^^^^^^^^^^^^^^^^^^

Error: Trying to override non-virtual function. Did you forget to add "virtual"?
  --> contract.sol:65:5:
   |
65 |     function approve(address _spender, uint256 _value) public returns (bool);
   |     ^^^^^^^^^^^^^^^^^^^^^^^^^^^^^^^^^^^^^^^^^^^^^^^^^^^^^^^^^^^^^^^^^^^^^^^^^
Note: Overriding function is here:
   --> contract.sol:260:5:
    |
260 |     function approve(address _spender, uint256 _tokens) public returns(bool)
    |     ^ (Relevant source part starts here and spans across multiple lines).

Error: Overriding function is missing "override" specifier.
   --> contract.sol:278:5:
    |
278 |     function allowance(address _owner, address _spender) public view returns(uint256)
    |     ^ (Relevant source part starts here and spans across multiple lines).
Note: Overridden function is here:
  --> contract.sol:63:5:
   |
63 |     function allowance(address _owner, address _spender) public view returns (uint256);
   |     ^^^^^^^^^^^^^^^^^^^^^^^^^^^^^^^^^^^^^^^^^^^^^^^^^^^^^^^^^^^^^^^^^^^^^^^^^^^^^^^^^^^

Error: Trying to override non-virtual function. Did you forget to add "virtual"?
  --> contract.sol:63:5:
   |
63 |     function allowance(address _owner, address _spender) public view returns (uint256);
   |     ^^^^^^^^^^^^^^^^^^^^^^^^^^^^^^^^^^^^^^^^^^^^^^^^^^^^^^^^^^^^^^^^^^^^^^^^^^^^^^^^^^^
Note: Overriding function is here:
   --> contract.sol:278:5:
    |
278 |     function allowance(address _owner, address _spender) public view returns(uint256)
    |     ^ (Relevant source part starts here and spans across multiple lines).

Error: Overriding function is missing "override" specifier.
   --> contract.sol:292:5:
    |
292 |     function transfer(address _address, uint256 _tokens) public returns(bool)
    |     ^ (Relevant source part starts here and spans across multiple lines).
Note: Overridden function is here:
  --> contract.sol:62:5:
   |
62 |     function transfer(address _to, uint256 _value) public returns (bool);
   |     ^^^^^^^^^^^^^^^^^^^^^^^^^^^^^^^^^^^^^^^^^^^^^^^^^^^^^^^^^^^^^^^^^^^^^

Error: Trying to override non-virtual function. Did you forget to add "virtual"?
  --> contract.sol:62:5:
   |
62 |     function transfer(address _to, uint256 _value) public returns (bool);
   |     ^^^^^^^^^^^^^^^^^^^^^^^^^^^^^^^^^^^^^^^^^^^^^^^^^^^^^^^^^^^^^^^^^^^^^
Note: Overriding function is here:
   --> contract.sol:292:5:
    |
292 |     function transfer(address _address, uint256 _tokens) public returns(bool)
    |     ^ (Relevant source part starts here and spans across multiple lines).

Error: Functions without implementation must be marked virtual.
  --> contract.sol:60:5:
   |
60 |     function totalSupply() public view returns (uint256);
   |     ^^^^^^^^^^^^^^^^^^^^^^^^^^^^^^^^^^^^^^^^^^^^^^^^^^^^^

Error: Functions without implementation must be marked virtual.
  --> contract.sol:61:5:
   |
61 |     function balanceOf(address _who) public view returns (uint256);
   |     ^^^^^^^^^^^^^^^^^^^^^^^^^^^^^^^^^^^^^^^^^^^^^^^^^^^^^^^^^^^^^^^

Error: Functions without implementation must be marked virtual.
  --> contract.sol:62:5:
   |
62 |     function transfer(address _to, uint256 _value) public returns (bool);
   |     ^^^^^^^^^^^^^^^^^^^^^^^^^^^^^^^^^^^^^^^^^^^^^^^^^^^^^^^^^^^^^^^^^^^^^

Error: Functions without implementation must be marked virtual.
  --> contract.sol:63:5:
   |
63 |     function allowance(address _owner, address _spender) public view returns (uint256);
   |     ^^^^^^^^^^^^^^^^^^^^^^^^^^^^^^^^^^^^^^^^^^^^^^^^^^^^^^^^^^^^^^^^^^^^^^^^^^^^^^^^^^^

Error: Functions without implementation must be marked virtual.
  --> contract.sol:64:5:
   |
64 |     function transferFrom(address _from, address _to, uint256 _value) public returns (bool);
   |     ^^^^^^^^^^^^^^^^^^^^^^^^^^^^^^^^^^^^^^^^^^^^^^^^^^^^^^^^^^^^^^^^^^^^^^^^^^^^^^^^^^^^^^^^

Error: Functions without implementation must be marked virtual.
  --> contract.sol:65:5:
   |
65 |     function approve(address _spender, uint256 _value) public returns (bool);
   |     ^^^^^^^^^^^^^^^^^^^^^^^^^^^^^^^^^^^^^^^^^^^^^^^^^^^^^^^^^^^^^^^^^^^^^^^^^

Warning: Visibility for constructor is ignored. If you want the contract to be non-deployable, making it "abstract" is sufficient.
   --> contract.sol:117:5:
    |
117 |     constructor() public
    |     ^ (Relevant source part starts here and spans across multiple lines).


=== applied patch_virtual_unimpl ===
=== iter 1 rc=0 ===
Warning: SPDX license identifier not provided in source file. Before publishing, consider adding a comment containing "SPDX-License-Identifier: <SPDX-License>" to each source file. Use "SPDX-License-Identifier: UNLICENSED" for non-open-source code. Please see https://spdx.org for more information.
--> contract.sol


=== full compile rc=1 ===
Warning: SPDX license identifier not provided in source file. Before publishing, consider adding a comment containing "SPDX-License-Identifier: <SPDX-License>" to each source file. Use "SPDX-License-Identifier: UNLICENSED" for non-open-source code. Please see https://spdx.org for more information.
--> contract.sol

Error: Documentation tag "@return An uint256 representing the total number of tokens in existence" does not contain the name of its return parameter.
   --> contract.sol:180:6:
    |
180 |      /**
    |      ^ (Relevant source part starts here and spans across multiple lines).

Error: Contract "ERC20Interface" should be marked as abstract.
  --> contract.sol:58:1:
   |
58 | contract ERC20Interface
   | ^ (Relevant source part starts here and spans across multiple lines).
Note: Missing implementation: 
  --> contract.sol:63:5:
   |
63 |     function allowance(address _owner, address _spender) public view virtual returns (uint256);
   |     ^^^^^^^^^^^^^^^^^^^^^^^^^^^^^^^^^^^^^^^^^^^^^^^^^^^^^^^^^^^^^^^^^^^^^^^^^^^^^^^^^^^^^^^^^^^
Note: Missing implementation: 
  --> contract.sol:65:5:
   |
65 |     function approve(address _spender, uint256 _value) public virtual returns (bool);
   |     ^^^^^^^^^^^^^^^^^^^^^^^^^^^^^^^^^^^^^^^^^^^^^^^^^^^^^^^^^^^^^^^^^^^^^^^^^^^^^^^^^
Note: Missing implementation: 
  --> contract.sol:61:5:
   |
61 |     function balanceOf(address _who) public view virtual returns (uint256);
   |     ^^^^^^^^^^^^^^^^^^^^^^^^^^^^^^^^^^^^^^^^^^^^^^^^^^^^^^^^^^^^^^^^^^^^^^^
Note: Missing implementation: 
  --> contract.sol:60:5:
   |
60 |     function totalSupply() public view virtual returns (uint256);
   |     ^^^^^^^^^^^^^^^^^^^^^^^^^^^^^^^^^^^^^^^^^^^^^^^^^^^^^^^^^^^^^
Note: Missing implementation: 
  --> contract.sol:62:5:
   |
62 |     function transfer(address _to, uint256 _value) public virtual returns (bool);
   |     ^^^^^^^^^^^^^^^^^^^^^^^^^^^^^^^^^^^^^^^^^^^^^^^^^^^^^^^^^^^^^^^^^^^^^^^^^^^^^
Note: Missing implementation: 
  --> contract.sol:64:5:
   |
64 |     function transferFrom(address _from, address _to, uint256 _value) public virtual returns (bool);
   |     ^^^^^^^^^^^^^^^^^^^^^^^^^^^^^^^^^^^^^^^^^^^^^^^^^^^^^^^^^^^^^^^^^^^^^^^^^^^^^^^^^^^^^^^^^^^^^^^^

Error: Overriding function is missing "override" specifier.
   --> contract.sol:185:6:
    |
185 |      function totalSupply() public view returns(uint256 _totalSupply) 
    |      ^ (Relevant source part starts here and spans across multiple lines).
Note: Overridden function is here:
  --> contract.sol:60:5:
   |
60 |     function totalSupply() public view virtual returns (uint256);
   |     ^^^^^^^^^^^^^^^^^^^^^^^^^^^^^^^^^^^^^^^^^^^^^^^^^^^^^^^^^^^^^

Error: Overriding function is missing "override" specifier.
   --> contract.sol:197:5:
    |
197 |     function balanceOf(address _owner) public view returns (uint256) 
    |     ^ (Relevant source part starts here and spans across multiple lines).
Note: Overridden function is here:
  --> contract.sol:61:5:
   |
61 |     function balanceOf(address _who) public view virtual returns (uint256);
   |     ^^^^^^^^^^^^^^^^^^^^^^^^^^^^^^^^^^^^^^^^^^^^^^^^^^^^^^^^^^^^^^^^^^^^^^^

Error: Overriding function is missing "override" specifier.
   --> contract.sol:209:5:
    |
209 |     function transferFrom(address _from, address _to, uint256 _value) public returns (bool)     
    |     ^ (Relevant source part starts here and spans across multiple lines).
Note: Overridden function is here:
  --> contract.sol:64:5:
   |
64 |     function transferFrom(address _from, address _to, uint256 _value) public virtual returns (bool);
   |     ^^^^^^^^^^^^^^^^^^^^^^^^^^^^^^^^^^^^^^^^^^^^^^^^^^^^^^^^^^^^^^^^^^^^^^^^^^^^^^^^^^^^^^^^^^^^^^^^

Error: Overriding function is missing "override" specifier.
   --> contract.sol:260:5:
    |
260 |     function approve(address _spender, uint256 _tokens) public returns(bool)
    |     ^ (Relevant source part starts here and spans across multiple lines).
Note: Overridden function is here:
  --> contract.sol:65:5:
   |
65 |     function approve(address _spender, uint256 _value) public virtual returns (bool);
   |     ^^^^^^^^^^^^^^^^^^^^^^^^^^^^^^^^^^^^^^^^^^^^^^^^^^^^^^^^^^^^^^^^^^^^^^^^^^^^^^^^^

Error: Overriding function is missing "override" specifier.
   --> contract.sol:278:5:
    |
278 |     function allowance(address _owner, address _spender) public view returns(uint256)
    |     ^ (Relevant source part starts here and spans across multiple lines).
Note: Overridden function is here:
  --> contract.sol:63:5:
   |
63 |     function allowance(address _owner, address _spender) public view virtual returns (uint256);
   |     ^^^^^^^^^^^^^^^^^^^^^^^^^^^^^^^^^^^^^^^^^^^^^^^^^^^^^^^^^^^^^^^^^^^^^^^^^^^^^^^^^^^^^^^^^^^

Error: Overriding function is missing "override" specifier.
   --> contract.sol:292:5:
    |
292 |     function transfer(address _address, uint256 _tokens) public returns(bool)
    |     ^ (Relevant source part starts here and spans across multiple lines).
Note: Overridden function is here:
  --> contract.sol:62:5:
   |
62 |     function transfer(address _to, uint256 _value) public virtual returns (bool);
   |     ^^^^^^^^^^^^^^^^^^^^^^^^^^^^^^^^^^^^^^^^^^^^^^^^^^^^^^^^^^^^^^^^^^^^^^^^^^^^^

Warning: Visibility for constructor is ignored. If you want the contract to be non-deployable, making it "abstract" is sufficient.
   --> contract.sol:117:5:
    |
117 |     constructor() public
    |     ^ (Relevant source part starts here and spans across multiple lines).


=== applied patch_drop_ctor_visibility ===
=== iter 2 rc=0 ===
Warning: SPDX license identifier not provided in source file. Before publishing, consider adding a comment containing "SPDX-License-Identifier: <SPDX-License>" to each source file. Use "SPDX-License-Identifier: UNLICENSED" for non-open-source code. Please see https://spdx.org for more information.
--> contract.sol


=== full compile rc=1 ===
Warning: SPDX license identifier not provided in source file. Before publishing, consider adding a comment containing "SPDX-License-Identifier: <SPDX-License>" to each source file. Use "SPDX-License-Identifier: UNLICENSED" for non-open-source code. Please see https://spdx.org for more information.
--> contract.sol

Error: Documentation tag "@return An uint256 representing the total number of tokens in existence" does not contain the name of its return parameter.
   --> contract.sol:179:6:
    |
179 |      /**
    |      ^ (Relevant source part starts here and spans across multiple lines).

Error: Contract "ERC20Interface" should be marked as abstract.
  --> contract.sol:58:1:
   |
58 | contract ERC20Interface
   | ^ (Relevant source part starts here and spans across multiple lines).
Note: Missing implementation: 
  --> contract.sol:63:5:
   |
63 |     function allowance(address _owner, address _spender) public view virtual returns (uint256);
   |     ^^^^^^^^^^^^^^^^^^^^^^^^^^^^^^^^^^^^^^^^^^^^^^^^^^^^^^^^^^^^^^^^^^^^^^^^^^^^^^^^^^^^^^^^^^^
Note: Missing implementation: 
  --> contract.sol:65:5:
   |
65 |     function approve(address _spender, uint256 _value) public virtual returns (bool);
   |     ^^^^^^^^^^^^^^^^^^^^^^^^^^^^^^^^^^^^^^^^^^^^^^^^^^^^^^^^^^^^^^^^^^^^^^^^^^^^^^^^^
Note: Missing implementation: 
  --> contract.sol:61:5:
   |
61 |     function balanceOf(address _who) public view virtual returns (uint256);
   |     ^^^^^^^^^^^^^^^^^^^^^^^^^^^^^^^^^^^^^^^^^^^^^^^^^^^^^^^^^^^^^^^^^^^^^^^
Note: Missing implementation: 
  --> contract.sol:60:5:
   |
60 |     function totalSupply() public view virtual returns (uint256);
   |     ^^^^^^^^^^^^^^^^^^^^^^^^^^^^^^^^^^^^^^^^^^^^^^^^^^^^^^^^^^^^^
Note: Missing implementation: 
  --> contract.sol:62:5:
   |
62 |     function transfer(address _to, uint256 _value) public virtual returns (bool);
   |     ^^^^^^^^^^^^^^^^^^^^^^^^^^^^^^^^^^^^^^^^^^^^^^^^^^^^^^^^^^^^^^^^^^^^^^^^^^^^^
Note: Missing implementation: 
  --> contract.sol:64:5:
   |
64 |     function transferFrom(address _from, address _to, uint256 _value) public virtual returns (bool);
   |     ^^^^^^^^^^^^^^^^^^^^^^^^^^^^^^^^^^^^^^^^^^^^^^^^^^^^^^^^^^^^^^^^^^^^^^^^^^^^^^^^^^^^^^^^^^^^^^^^

Error: Overriding function is missing "override" specifier.
   --> contract.sol:184:6:
    |
184 |      function totalSupply() public view returns(uint256 _totalSupply) 
    |      ^ (Relevant source part starts here and spans across multiple lines).
Note: Overridden function is here:
  --> contract.sol:60:5:
   |
60 |     function totalSupply() public view virtual returns (uint256);
   |     ^^^^^^^^^^^^^^^^^^^^^^^^^^^^^^^^^^^^^^^^^^^^^^^^^^^^^^^^^^^^^

Error: Overriding function is missing "override" specifier.
   --> contract.sol:196:5:
    |
196 |     function balanceOf(address _owner) public view returns (uint256) 
    |     ^ (Relevant source part starts here and spans across multiple lines).
Note: Overridden function is here:
  --> contract.sol:61:5:
   |
61 |     function balanceOf(address _who) public view virtual returns (uint256);
   |     ^^^^^^^^^^^^^^^^^^^^^^^^^^^^^^^^^^^^^^^^^^^^^^^^^^^^^^^^^^^^^^^^^^^^^^^

Error: Overriding function is missing "override" specifier.
   --> contract.sol:208:5:
    |
208 |     function transferFrom(address _from, address _to, uint256 _value) public returns (bool)     
    |     ^ (Relevant source part starts here and spans across multiple lines).
Note: Overridden function is here:
  --> contract.sol:64:5:
   |
64 |     function transferFrom(address _from, address _to, uint256 _value) public virtual returns (bool);
   |     ^^^^^^^^^^^^^^^^^^^^^^^^^^^^^^^^^^^^^^^^^^^^^^^^^^^^^^^^^^^^^^^^^^^^^^^^^^^^^^^^^^^^^^^^^^^^^^^^

Error: Overriding function is missing "override" specifier.
   --> contract.sol:259:5:
    |
259 |     function approve(address _spender, uint256 _tokens) public returns(bool)
    |     ^ (Relevant source part starts here and spans across multiple lines).
Note: Overridden function is here:
  --> contract.sol:65:5:
   |
65 |     function approve(address _spender, uint256 _value) public virtual returns (bool);
   |     ^^^^^^^^^^^^^^^^^^^^^^^^^^^^^^^^^^^^^^^^^^^^^^^^^^^^^^^^^^^^^^^^^^^^^^^^^^^^^^^^^

Error: Overriding function is missing "override" specifier.
   --> contract.sol:277:5:
    |
277 |     function allowance(address _owner, address _spender) public view returns(uint256)
    |     ^ (Relevant source part starts here and spans across multiple lines).
Note: Overridden function is here:
  --> contract.sol:63:5:
   |
63 |     function allowance(address _owner, address _spender) public view virtual returns (uint256);
   |     ^^^^^^^^^^^^^^^^^^^^^^^^^^^^^^^^^^^^^^^^^^^^^^^^^^^^^^^^^^^^^^^^^^^^^^^^^^^^^^^^^^^^^^^^^^^

Error: Overriding function is missing "override" specifier.
   --> contract.sol:291:5:
    |
291 |     function transfer(address _address, uint256 _tokens) public returns(bool)
    |     ^ (Relevant source part starts here and spans across multiple lines).
Note: Overridden function is here:
  --> contract.sol:62:5:
   |
62 |     function transfer(address _to, uint256 _value) public virtual returns (bool);
   |     ^^^^^^^^^^^^^^^^^^^^^^^^^^^^^^^^^^^^^^^^^^^^^^^^^^^^^^^^^^^^^^^^^^^^^^^^^^^^^


=== applied patch_override_needed ===
=== iter 3 rc=0 ===
Warning: SPDX license identifier not provided in source file. Before publishing, consider adding a comment containing "SPDX-License-Identifier: <SPDX-License>" to each source file. Use "SPDX-License-Identifier: UNLICENSED" for non-open-source code. Please see https://spdx.org for more information.
--> contract.sol


=== full compile rc=1 ===
Warning: SPDX license identifier not provided in source file. Before publishing, consider adding a comment containing "SPDX-License-Identifier: <SPDX-License>" to each source file. Use "SPDX-License-Identifier: UNLICENSED" for non-open-source code. Please see https://spdx.org for more information.
--> contract.sol

Error: Documentation tag "@return An uint256 representing the total number of tokens in existence" does not contain the name of its return parameter.
   --> contract.sol:179:6:
    |
179 |      /**
    |      ^ (Relevant source part starts here and spans across multiple lines).

Error: Contract "ERC20Interface" should be marked as abstract.
  --> contract.sol:58:1:
   |
58 | contract ERC20Interface
   | ^ (Relevant source part starts here and spans across multiple lines).
Note: Missing implementation: 
  --> contract.sol:63:5:
   |
63 |     function allowance(address _owner, address _spender) public view virtual returns (uint256);
   |     ^^^^^^^^^^^^^^^^^^^^^^^^^^^^^^^^^^^^^^^^^^^^^^^^^^^^^^^^^^^^^^^^^^^^^^^^^^^^^^^^^^^^^^^^^^^
Note: Missing implementation: 
  --> contract.sol:65:5:
   |
65 |     function approve(address _spender, uint256 _value) public virtual returns (bool);
   |     ^^^^^^^^^^^^^^^^^^^^^^^^^^^^^^^^^^^^^^^^^^^^^^^^^^^^^^^^^^^^^^^^^^^^^^^^^^^^^^^^^
Note: Missing implementation: 
  --> contract.sol:61:5:
   |
61 |     function balanceOf(address _who) public view virtual returns (uint256);
   |     ^^^^^^^^^^^^^^^^^^^^^^^^^^^^^^^^^^^^^^^^^^^^^^^^^^^^^^^^^^^^^^^^^^^^^^^
Note: Missing implementation: 
  --> contract.sol:60:5:
   |
60 |     function totalSupply() public view virtual returns (uint256);
   |     ^^^^^^^^^^^^^^^^^^^^^^^^^^^^^^^^^^^^^^^^^^^^^^^^^^^^^^^^^^^^^
Note: Missing implementation: 
  --> contract.sol:62:5:
   |
62 |     function transfer(address _to, uint256 _value) public virtual returns (bool);
   |     ^^^^^^^^^^^^^^^^^^^^^^^^^^^^^^^^^^^^^^^^^^^^^^^^^^^^^^^^^^^^^^^^^^^^^^^^^^^^^
Note: Missing implementation: 
  --> contract.sol:64:5:
   |
64 |     function transferFrom(address _from, address _to, uint256 _value) public virtual returns (bool);
   |     ^^^^^^^^^^^^^^^^^^^^^^^^^^^^^^^^^^^^^^^^^^^^^^^^^^^^^^^^^^^^^^^^^^^^^^^^^^^^^^^^^^^^^^^^^^^^^^^^


=== applied patch_strip_all_natspec ===
=== iter 4 rc=0 ===
Warning: SPDX license identifier not provided in source file. Before publishing, consider adding a comment containing "SPDX-License-Identifier: <SPDX-License>" to each source file. Use "SPDX-License-Identifier: UNLICENSED" for non-open-source code. Please see https://spdx.org for more information.
--> contract.sol


=== full compile rc=1 ===
Warning: SPDX license identifier not provided in source file. Before publishing, consider adding a comment containing "SPDX-License-Identifier: <SPDX-License>" to each source file. Use "SPDX-License-Identifier: UNLICENSED" for non-open-source code. Please see https://spdx.org for more information.
--> contract.sol

Error: Contract "ERC20Interface" should be marked as abstract.
  --> contract.sol:47:1:
   |
47 | contract ERC20Interface
   | ^ (Relevant source part starts here and spans across multiple lines).
Note: Missing implementation: 
  --> contract.sol:52:5:
   |
52 |     function allowance(address _owner, address _spender) public view virtual returns (uint256);
   |     ^^^^^^^^^^^^^^^^^^^^^^^^^^^^^^^^^^^^^^^^^^^^^^^^^^^^^^^^^^^^^^^^^^^^^^^^^^^^^^^^^^^^^^^^^^^
Note: Missing implementation: 
  --> contract.sol:54:5:
   |
54 |     function approve(address _spender, uint256 _value) public virtual returns (bool);
   |     ^^^^^^^^^^^^^^^^^^^^^^^^^^^^^^^^^^^^^^^^^^^^^^^^^^^^^^^^^^^^^^^^^^^^^^^^^^^^^^^^^
Note: Missing implementation: 
  --> contract.sol:50:5:
   |
50 |     function balanceOf(address _who) public view virtual returns (uint256);
   |     ^^^^^^^^^^^^^^^^^^^^^^^^^^^^^^^^^^^^^^^^^^^^^^^^^^^^^^^^^^^^^^^^^^^^^^^
Note: Missing implementation: 
  --> contract.sol:49:5:
   |
49 |     function totalSupply() public view virtual returns (uint256);
   |     ^^^^^^^^^^^^^^^^^^^^^^^^^^^^^^^^^^^^^^^^^^^^^^^^^^^^^^^^^^^^^
Note: Missing implementation: 
  --> contract.sol:51:5:
   |
51 |     function transfer(address _to, uint256 _value) public virtual returns (bool);
   |     ^^^^^^^^^^^^^^^^^^^^^^^^^^^^^^^^^^^^^^^^^^^^^^^^^^^^^^^^^^^^^^^^^^^^^^^^^^^^^
Note: Missing implementation: 
  --> contract.sol:53:5:
   |
53 |     function transferFrom(address _from, address _to, uint256 _value) public virtual returns (bool);
   |     ^^^^^^^^^^^^^^^^^^^^^^^^^^^^^^^^^^^^^^^^^^^^^^^^^^^^^^^^^^^^^^^^^^^^^^^^^^^^^^^^^^^^^^^^^^^^^^^^


=== applied patch_mark_abstract ===
=== iter 5 rc=0 ===
Warning: SPDX license identifier not provided in source file. Before publishing, consider adding a comment containing "SPDX-License-Identifier: <SPDX-License>" to each source file. Use "SPDX-License-Identifier: UNLICENSED" for non-open-source code. Please see https://spdx.org for more information.
--> contract.sol


=== full compile rc=0 ===
Warning: SPDX license identifier not provided in source file. Before publishing, consider adding a comment containing "SPDX-License-Identifier: <SPDX-License>" to each source file. Use "SPDX-License-Identifier: UNLICENSED" for non-open-source code. Please see https://spdx.org for more information.
--> contract.sol


