=== iter 0 rc=1 ===
Error: Expected '{' but got 'constant'
  --> contract.sol:95:35:
   |
95 |     function totalSupply() public constant returns (uint);
   |                                   ^^^^^^^^


=== applied patch_constant_function ===
=== iter 1 rc=1 ===
Error: Expected a state variable declaration. If you intended this as a fallback function or a function to handle plain ether transactions, use the "fallback" keyword or the "receive" keyword instead.
   --> contract.sol:641:32:
    |
641 |     function () public payable {
    |                                ^


=== applied patch_anonymous_fallback ===
=== iter 2 rc=0 ===
Warning: SPDX license identifier not provided in source file. Before publishing, consider adding a comment containing "SPDX-License-Identifier: <SPDX-License>" to each source file. Use "SPDX-License-Identifier: UNLICENSED" for non-open-source code. Please see https://spdx.org for more information.
--> contract.sol


=== full compile rc=1 ===
Warning: SPDX license identifier not provided in source file. Before publishing, consider adding a comment containing "SPDX-License-Identifier: <SPDX-License>" to each source file. Use "SPDX-License-Identifier: UNLICENSED" for non-open-source code. Please see https://spdx.org for more information.
--> contract.sol

Error: Functions are not allowed to have the same name as the contract. If you intend this to be a constructor, use "constructor(...) { ... }" to define it.
   --> contract.sol:150:5:
    |
150 |     function Owned() public {
    |     ^ (Relevant source part starts here and spans across multiple lines).

Error: Functions are not allowed to have the same name as the contract. If you intend this to be a constructor, use "constructor(...) { ... }" to define it.
   --> contract.sol:265:5:
    |
265 |     function Yiha() public onlyOwner{
    |     ^ (Relevant source part starts here and spans across multiple lines).

Warning: This declaration shadows an existing declaration.
   --> contract.sol:150:5:
    |
150 |     function Owned() public {
    |     ^ (Relevant source part starts here and spans across multiple lines).
Note: The shadowed declaration is here:
   --> contract.sol:140:1:
    |
140 | contract Owned {
    | ^ (Relevant source part starts here and spans across multiple lines).

Warning: This declaration shadows an existing declaration.
   --> contract.sol:265:5:
    |
265 |     function Yiha() public onlyOwner{
    |     ^ (Relevant source part starts here and spans across multiple lines).
Note: The shadowed declaration is here:
   --> contract.sol:196:1:
    |
196 | contract Yiha is ERC20Interface, Owned {
    | ^ (Relevant source part starts here and spans across multiple lines).

Error: Data location must be "memory" or "calldata" for parameter in function, but none was given.
   --> contract.sol:128:75:
    |
128 |     function receiveApproval(address from, uint256 tokens, address token, bytes data) public;
    |                                                                           ^^^^^^^^^^

Error: Data location must be "memory" or "calldata" for parameter in function, but none was given.
   --> contract.sol:621:59:
    |
621 |     function approveAndCall(address spender, uint tokens, bytes data) public returns (bool success) {
    |                                                           ^^^^^^^^^^


=== applied patch_contract_named_ctor ===
=== iter 3 rc=0 ===
Warning: SPDX license identifier not provided in source file. Before publishing, consider adding a comment containing "SPDX-License-Identifier: <SPDX-License>" to each source file. Use "SPDX-License-Identifier: UNLICENSED" for non-open-source code. Please see https://spdx.org for more information.
--> contract.sol


=== full compile rc=1 ===
Warning: SPDX license identifier not provided in source file. Before publishing, consider adding a comment containing "SPDX-License-Identifier: <SPDX-License>" to each source file. Use "SPDX-License-Identifier: UNLICENSED" for non-open-source code. Please see https://spdx.org for more information.
--> contract.sol

Error: Data location must be "memory" or "calldata" for parameter in function, but none was given.
   --> contract.sol:128:75:
    |
128 |     function receiveApproval(address from, uint256 tokens, address token, bytes data) public;
    |                                                                           ^^^^^^^^^^

Error: Data location must be "memory" or "calldata" for parameter in function, but none was given.
   --> contract.sol:621:59:
    |
621 |     function approveAndCall(address spender, uint tokens, bytes data) public returns (bool success) {
    |                                                           ^^^^^^^^^^


=== applied patch_memory_location ===
=== iter 4 rc=0 ===
Warning: SPDX license identifier not provided in source file. Before publishing, consider adding a comment containing "SPDX-License-Identifier: <SPDX-License>" to each source file. Use "SPDX-License-Identifier: UNLICENSED" for non-open-source code. Please see https://spdx.org for more information.
--> contract.sol


=== full compile rc=1 ===
Warning: SPDX license identifier not provided in source file. Before publishing, consider adding a comment containing "SPDX-License-Identifier: <SPDX-License>" to each source file. Use "SPDX-License-Identifier: UNLICENSED" for non-open-source code. Please see https://spdx.org for more information.
--> contract.sol

Error: Contract "ERC20Interface" should be marked as abstract.
  --> contract.sol:93:1:
   |
93 | contract ERC20Interface {
   | ^ (Relevant source part starts here and spans across multiple lines).
Note: Missing implementation: 
  --> contract.sol:99:5:
   |
99 |     function allowance(address tokenOwner, address spender) public view returns (uint remaining);
   |     ^^^^^^^^^^^^^^^^^^^^^^^^^^^^^^^^^^^^^^^^^^^^^^^^^^^^^^^^^^^^^^^^^^^^^^^^^^^^^^^^^^^^^^^^^^^^^
Note: Missing implementation: 
   --> contract.sol:103:5:
    |
103 |     function approve(address spender, uint tokens) public returns (bool success);
    |     ^^^^^^^^^^^^^^^^^^^^^^^^^^^^^^^^^^^^^^^^^^^^^^^^^^^^^^^^^^^^^^^^^^^^^^^^^^^^^
Note: Missing implementation: 
  --> contract.sol:97:5:
   |
97 |     function balanceOf(address tokenOwner) public view returns (uint balance);
   |     ^^^^^^^^^^^^^^^^^^^^^^^^^^^^^^^^^^^^^^^^^^^^^^^^^^^^^^^^^^^^^^^^^^^^^^^^^^
Note: Missing implementation: 
  --> contract.sol:95:5:
   |
95 |     function totalSupply() public view returns (uint);
   |     ^^^^^^^^^^^^^^^^^^^^^^^^^^^^^^^^^^^^^^^^^^^^^^^^^^
Note: Missing implementation: 
   --> contract.sol:101:5:
    |
101 |     function transfer(address to, uint tokens) public returns (bool success);
    |     ^^^^^^^^^^^^^^^^^^^^^^^^^^^^^^^^^^^^^^^^^^^^^^^^^^^^^^^^^^^^^^^^^^^^^^^^^
Note: Missing implementation: 
   --> contract.sol:105:5:
    |
105 |     function transferFrom(address from, address to, uint tokens) public returns (bool success);
    |     ^^^^^^^^^^^^^^^^^^^^^^^^^^^^^^^^^^^^^^^^^^^^^^^^^^^^^^^^^^^^^^^^^^^^^^^^^^^^^^^^^^^^^^^^^^^

Error: Contract "ApproveAndCallFallBack" should be marked as abstract.
   --> contract.sol:126:1:
    |
126 | contract ApproveAndCallFallBack {
    | ^ (Relevant source part starts here and spans across multiple lines).
Note: Missing implementation: 
   --> contract.sol:128:5:
    |
128 |     function receiveApproval(address from, uint256 tokens, address token, bytes memory data) public;
    |     ^^^^^^^^^^^^^^^^^^^^^^^^^^^^^^^^^^^^^^^^^^^^^^^^^^^^^^^^^^^^^^^^^^^^^^^^^^^^^^^^^^^^^^^^^^^^^^^^

Error: Overriding function is missing "override" specifier.
   --> contract.sol:487:5:
    |
487 |     function totalSupply() public view returns (uint) {
    |     ^ (Relevant source part starts here and spans across multiple lines).
Note: Overridden function is here:
  --> contract.sol:95:5:
   |
95 |     function totalSupply() public view returns (uint);
   |     ^^^^^^^^^^^^^^^^^^^^^^^^^^^^^^^^^^^^^^^^^^^^^^^^^^

Error: Trying to override non-virtual function. Did you forget to add "virtual"?
  --> contract.sol:95:5:
   |
95 |     function totalSupply() public view returns (uint);
   |     ^^^^^^^^^^^^^^^^^^^^^^^^^^^^^^^^^^^^^^^^^^^^^^^^^^
Note: Overriding function is here:
   --> contract.sol:487:5:
    |
487 |     function totalSupply() public view returns (uint) {
    |     ^ (Relevant source part starts here and spans across multiple lines).

Error: Overriding function is missing "override" specifier.
   --> contract.sol:501:5:
    |
501 |     function balanceOf(address tokenOwner) public view returns (uint balance) {
    |     ^ (Relevant source part starts here and spans across multiple lines).
Note: Overridden function is here:
  --> contract.sol:97:5:
   |
97 |     function balanceOf(address tokenOwner) public view returns (uint balance);
   |     ^^^^^^^^^^^^^^^^^^^^^^^^^^^^^^^^^^^^^^^^^^^^^^^^^^^^^^^^^^^^^^^^^^^^^^^^^^

Error: Trying to override non-virtual function. Did you forget to add "virtual"?
  --> contract.sol:97:5:
   |
97 |     function balanceOf(address tokenOwner) public view returns (uint balance);
   |     ^^^^^^^^^^^^^^^^^^^^^^^^^^^^^^^^^^^^^^^^^^^^^^^^^^^^^^^^^^^^^^^^^^^^^^^^^^
Note: Overriding function is here:
   --> contract.sol:501:5:
    |
501 |     function balanceOf(address tokenOwner) public view returns (uint balance) {
    |     ^ (Relevant source part starts here and spans across multiple lines).

Error: Overriding function is missing "override" specifier.
   --> contract.sol:519:5:
    |
519 |     function transfer(address to, uint tokens) public returns (bool success) {
    |     ^ (Relevant source part starts here and spans across multiple lines).
Note: Overridden function is here:
   --> contract.sol:101:5:
    |
101 |     function transfer(address to, uint tokens) public returns (bool success);
    |     ^^^^^^^^^^^^^^^^^^^^^^^^^^^^^^^^^^^^^^^^^^^^^^^^^^^^^^^^^^^^^^^^^^^^^^^^^

Error: Trying to override non-virtual function. Did you forget to add "virtual"?
   --> contract.sol:101:5:
    |
101 |     function transfer(address to, uint tokens) public returns (bool success);
    |     ^^^^^^^^^^^^^^^^^^^^^^^^^^^^^^^^^^^^^^^^^^^^^^^^^^^^^^^^^^^^^^^^^^^^^^^^^
Note: Overriding function is here:
   --> contract.sol:519:5:
    |
519 |     function transfer(address to, uint tokens) public returns (bool success) {
    |     ^ (Relevant source part starts here and spans across multiple lines).

Error: Overriding function is missing "override" specifier.
   --> contract.sol:549:5:
    |
549 |     function approve(address spender, uint tokens) public returns (bool success) {
    |     ^ (Relevant source part starts here and spans across multiple lines).
Note: Overridden function is here:
   --> contract.sol:103:5:
    |
103 |     function approve(address spender, uint tokens) public returns (bool success);
    |     ^^^^^^^^^^^^^^^^^^^^^^^^^^^^^^^^^^^^^^^^^^^^^^^^^^^^^^^^^^^^^^^^^^^^^^^^^^^^^

Error: Trying to override non-virtual function. Did you forget to add "virtual"?
   --> contract.sol:103:5:
    |
103 |     function approve(address spender, uint tokens) public returns (bool success);
    |     ^^^^^^^^^^^^^^^^^^^^^^^^^^^^^^^^^^^^^^^^^^^^^^^^^^^^^^^^^^^^^^^^^^^^^^^^^^^^^
Note: Overriding function is here:
   --> contract.sol:549:5:
    |
549 |     function approve(address spender, uint tokens) public returns (bool success) {
    |     ^ (Relevant source part starts here and spans across multiple lines).

Error: Overriding function is missing "override" specifier.
   --> contract.sol:579:5:
    |
579 |     function transferFrom(address from, address to, uint tokens) public returns (bool success) {
    |     ^ (Relevant source part starts here and spans across multiple lines).
Note: Overridden function is here:
   --> contract.sol:105:5:
    |
105 |     function transferFrom(address from, address to, uint tokens) public returns (bool success);
    |     ^^^^^^^^^^^^^^^^^^^^^^^^^^^^^^^^^^^^^^^^^^^^^^^^^^^^^^^^^^^^^^^^^^^^^^^^^^^^^^^^^^^^^^^^^^^

Error: Trying to override non-virtual function. Did you forget to add "virtual"?
   --> contract.sol:105:5:
    |
105 |     function transferFrom(address from, address to, uint tokens) public returns (bool success);
    |     ^^^^^^^^^^^^^^^^^^^^^^^^^^^^^^^^^^^^^^^^^^^^^^^^^^^^^^^^^^^^^^^^^^^^^^^^^^^^^^^^^^^^^^^^^^^
Note: Overriding function is here:
   --> contract.sol:579:5:
    |
579 |     function transferFrom(address from, address to, uint tokens) public returns (bool success) {
    |     ^ (Relevant source part starts here and spans across multiple lines).

Error: Overriding function is missing "override" specifier.
   --> contract.sol:603:5:
    |
603 |     function allowance(address tokenOwner, address spender) public view returns (uint remaining) {
    |     ^ (Relevant source part starts here and spans across multiple lines).
Note: Overridden function is here:
  --> contract.sol:99:5:
   |
99 |     function allowance(address tokenOwner, address spender) public view returns (uint remaining);
   |     ^^^^^^^^^^^^^^^^^^^^^^^^^^^^^^^^^^^^^^^^^^^^^^^^^^^^^^^^^^^^^^^^^^^^^^^^^^^^^^^^^^^^^^^^^^^^^

Error: Trying to override non-virtual function. Did you forget to add "virtual"?
  --> contract.sol:99:5:
   |
99 |     function allowance(address tokenOwner, address spender) public view returns (uint remaining);
   |     ^^^^^^^^^^^^^^^^^^^^^^^^^^^^^^^^^^^^^^^^^^^^^^^^^^^^^^^^^^^^^^^^^^^^^^^^^^^^^^^^^^^^^^^^^^^^^
Note: Overriding function is here:
   --> contract.sol:603:5:
    |
603 |     function allowance(address tokenOwner, address spender) public view returns (uint remaining) {
    |     ^ (Relevant source part starts here and spans across multiple lines).

Error: Functions without implementation must be marked virtual.
  --> contract.sol:95:5:
   |
95 |     function totalSupply() public view returns (uint);
   |     ^^^^^^^^^^^^^^^^^^^^^^^^^^^^^^^^^^^^^^^^^^^^^^^^^^

Error: Functions without implementation must be marked virtual.
  --> contract.sol:97:5:
   |
97 |     function balanceOf(address tokenOwner) public view returns (uint balance);
   |     ^^^^^^^^^^^^^^^^^^^^^^^^^^^^^^^^^^^^^^^^^^^^^^^^^^^^^^^^^^^^^^^^^^^^^^^^^^

Error: Functions without implementation must be marked virtual.
  --> contract.sol:99:5:
   |
99 |     function allowance(address tokenOwner, address spender) public view returns (uint remaining);
   |     ^^^^^^^^^^^^^^^^^^^^^^^^^^^^^^^^^^^^^^^^^^^^^^^^^^^^^^^^^^^^^^^^^^^^^^^^^^^^^^^^^^^^^^^^^^^^^

Error: Functions without implementation must be marked virtual.
   --> contract.sol:101:5:
    |
101 |     function transfer(address to, uint tokens) public returns (bool success);
    |     ^^^^^^^^^^^^^^^^^^^^^^^^^^^^^^^^^^^^^^^^^^^^^^^^^^^^^^^^^^^^^^^^^^^^^^^^^

Error: Functions without implementation must be marked virtual.
   --> contract.sol:103:5:
    |
103 |     function approve(address spender, uint tokens) public returns (bool success);
    |     ^^^^^^^^^^^^^^^^^^^^^^^^^^^^^^^^^^^^^^^^^^^^^^^^^^^^^^^^^^^^^^^^^^^^^^^^^^^^^

Error: Functions without implementation must be marked virtual.
   --> contract.sol:105:5:
    |
105 |     function transferFrom(address from, address to, uint tokens) public returns (bool success);
    |     ^^^^^^^^^^^^^^^^^^^^^^^^^^^^^^^^^^^^^^^^^^^^^^^^^^^^^^^^^^^^^^^^^^^^^^^^^^^^^^^^^^^^^^^^^^^

Error: Functions without implementation must be marked virtual.
   --> contract.sol:128:5:
    |
128 |     function receiveApproval(address from, uint256 tokens, address token, bytes memory data) public;
    |     ^^^^^^^^^^^^^^^^^^^^^^^^^^^^^^^^^^^^^^^^^^^^^^^^^^^^^^^^^^^^^^^^^^^^^^^^^^^^^^^^^^^^^^^^^^^^^^^^

Error: Wrong argument count for function call: 3 arguments given but expected 1. This function requires a single bytes argument. Use abi.encodePacked(...) to obtain the pre-0.5.0 behaviour or abi.encode(...) to use ABI encoding.
   --> contract.sol:303:31:
    |
303 |             bytes32 digest =  keccak256(challengeNumber, msg.sender, nonce );
    |                               ^^^^^^^^^^^^^^^^^^^^^^^^^^^^^^^^^^^^^^^^^^^^^^

Error: Wrong argument count for function call: 3 arguments given but expected 1. This function requires a single bytes argument. Use abi.encodePacked(...) to obtain the pre-0.5.0 behaviour or abi.encode(...) to use ABI encoding.
   --> contract.sol:462:26:
    |
462 |         bytes32 digest = keccak256(challenge_number,msg.sender,nonce);
    |                          ^^^^^^^^^^^^^^^^^^^^^^^^^^^^^^^^^^^^^^^^^^^^

Error: Wrong argument count for function call: 3 arguments given but expected 1. This function requires a single bytes argument. Use abi.encodePacked(...) to obtain the pre-0.5.0 behaviour or abi.encode(...) to use ABI encoding.
   --> contract.sol:471:28:
    |
471 |           bytes32 digest = keccak256(challenge_number,msg.sender,nonce);
    |                            ^^^^^^^^^^^^^^^^^^^^^^^^^^^^^^^^^^^^^^^^^^^^

Error: Invalid type for argument in function call. Invalid implicit conversion from contract Yiha to address requested.
   --> contract.sol:627:77:
    |
627 |         ApproveAndCallFallBack(spender).receiveApproval(msg.sender, tokens, this, data);
    |                                                                             ^^^^


=== applied patch_virtual_unimpl ===
=== iter 5 rc=0 ===
Warning: SPDX license identifier not provided in source file. Before publishing, consider adding a comment containing "SPDX-License-Identifier: <SPDX-License>" to each source file. Use "SPDX-License-Identifier: UNLICENSED" for non-open-source code. Please see https://spdx.org for more information.
--> contract.sol


=== full compile rc=1 ===
Warning: SPDX license identifier not provided in source file. Before publishing, consider adding a comment containing "SPDX-License-Identifier: <SPDX-License>" to each source file. Use "SPDX-License-Identifier: UNLICENSED" for non-open-source code. Please see https://spdx.org for more information.
--> contract.sol

Error: Contract "ERC20Interface" should be marked as abstract.
  --> contract.sol:93:1:
   |
93 | contract ERC20Interface {
   | ^ (Relevant source part starts here and spans across multiple lines).
Note: Missing implementation: 
  --> contract.sol:99:5:
   |
99 |     function allowance(address tokenOwner, address spender) public view virtual returns (uint remaining);
   |     ^^^^^^^^^^^^^^^^^^^^^^^^^^^^^^^^^^^^^^^^^^^^^^^^^^^^^^^^^^^^^^^^^^^^^^^^^^^^^^^^^^^^^^^^^^^^^^^^^^^^^
Note: Missing implementation: 
   --> contract.sol:103:5:
    |
103 |     function approve(address spender, uint tokens) public virtual returns (bool success);
    |     ^^^^^^^^^^^^^^^^^^^^^^^^^^^^^^^^^^^^^^^^^^^^^^^^^^^^^^^^^^^^^^^^^^^^^^^^^^^^^^^^^^^^^
Note: Missing implementation: 
  --> contract.sol:97:5:
   |
97 |     function balanceOf(address tokenOwner) public view virtual returns (uint balance);
   |     ^^^^^^^^^^^^^^^^^^^^^^^^^^^^^^^^^^^^^^^^^^^^^^^^^^^^^^^^^^^^^^^^^^^^^^^^^^^^^^^^^^
Note: Missing implementation: 
  --> contract.sol:95:5:
   |
95 |     function totalSupply() public view virtual returns (uint);
   |     ^^^^^^^^^^^^^^^^^^^^^^^^^^^^^^^^^^^^^^^^^^^^^^^^^^^^^^^^^^
Note: Missing implementation: 
   --> contract.sol:101:5:
    |
101 |     function transfer(address to, uint tokens) public virtual returns (bool success);
    |     ^^^^^^^^^^^^^^^^^^^^^^^^^^^^^^^^^^^^^^^^^^^^^^^^^^^^^^^^^^^^^^^^^^^^^^^^^^^^^^^^^
Note: Missing implementation: 
   --> contract.sol:105:5:
    |
105 |     function transferFrom(address from, address to, uint tokens) public virtual returns (bool success);
    |     ^^^^^^^^^^^^^^^^^^^^^^^^^^^^^^^^^^^^^^^^^^^^^^^^^^^^^^^^^^^^^^^^^^^^^^^^^^^^^^^^^^^^^^^^^^^^^^^^^^^

Error: Contract "ApproveAndCallFallBack" should be marked as abstract.
   --> contract.sol:126:1:
    |
126 | contract ApproveAndCallFallBack {
    | ^ (Relevant source part starts here and spans across multiple lines).
Note: Missing implementation: 
   --> contract.sol:128:5:
    |
128 |     function receiveApproval(address from, uint256 tokens, address token, bytes memory data) public virtual;
    |     ^^^^^^^^^^^^^^^^^^^^^^^^^^^^^^^^^^^^^^^^^^^^^^^^^^^^^^^^^^^^^^^^^^^^^^^^^^^^^^^^^^^^^^^^^^^^^^^^^^^^^^^^

Error: Overriding function is missing "override" specifier.
   --> contract.sol:487:5:
    |
487 |     function totalSupply() public view returns (uint) {
    |     ^ (Relevant source part starts here and spans across multiple lines).
Note: Overridden function is here:
  --> contract.sol:95:5:
   |
95 |     function totalSupply() public view virtual returns (uint);
   |     ^^^^^^^^^^^^^^^^^^^^^^^^^^^^^^^^^^^^^^^^^^^^^^^^^^^^^^^^^^

Error: Overriding function is missing "override" specifier.
   --> contract.sol:501:5:
    |
501 |     function balanceOf(address tokenOwner) public view returns (uint balance) {
    |     ^ (Relevant source part starts here and spans across multiple lines).
Note: Overridden function is here:
  --> contract.sol:97:5:
   |
97 |     function balanceOf(address tokenOwner) public view virtual returns (uint balance);
   |     ^^^^^^^^^^^^^^^^^^^^^^^^^^^^^^^^^^^^^^^^^^^^^^^^^^^^^^^^^^^^^^^^^^^^^^^^^^^^^^^^^^

Error: Overriding function is missing "override" specifier.
   --> contract.sol:519:5:
    |
519 |     function transfer(address to, uint tokens) public returns (bool success) {
    |     ^ (Relevant source part starts here and spans across multiple lines).
Note: Overridden function is here:
   --> contract.sol:101:5:
    |
101 |     function transfer(address to, uint tokens) public virtual returns (bool success);
    |     ^^^^^^^^^^^^^^^^^^^^^^^^^^^^^^^^^^^^^^^^^^^^^^^^^^^^^^^^^^^^^^^^^^^^^^^^^^^^^^^^^

Error: Overriding function is missing "override" specifier.
   --> contract.sol:549:5:
    |
549 |     function approve(address spender, uint tokens) public returns (bool success) {
    |     ^ (Relevant source part starts here and spans across multiple lines).
Note: Overridden function is here:
   --> contract.sol:103:5:
    |
103 |     function approve(address spender, uint tokens) public virtual returns (bool success);
    |     ^^^^^^^^^^^^^^^^^^^^^^^^^^^^^^^^^^^^^^^^^^^^^^^^^^^^^^^^^^^^^^^^^^^^^^^^^^^^^^^^^^^^^

Error: Overriding function is missing "override" specifier.
   --> contract.sol:579:5:
    |
579 |     function transferFrom(address from, address to, uint tokens) public returns (bool success) {
    |     ^ (Relevant source part starts here and spans across multiple lines).
Note: Overridden function is here:
   --> contract.sol:105:5:
    |
105 |     function transferFrom(address from, address to, uint tokens) public virtual returns (bool success);
    |     ^^^^^^^^^^^^^^^^^^^^^^^^^^^^^^^^^^^^^^^^^^^^^^^^^^^^^^^^^^^^^^^^^^^^^^^^^^^^^^^^^^^^^^^^^^^^^^^^^^^

Error: Overriding function is missing "override" specifier.
   --> contract.sol:603:5:
    |
603 |     function allowance(address tokenOwner, address spender) public view returns (uint remaining) {
    |     ^ (Relevant source part starts here and spans across multiple lines).
Note: Overridden function is here:
  --> contract.sol:99:5:
   |
99 |     function allowance(address tokenOwner, address spender) public view virtual returns (uint remaining);
   |     ^^^^^^^^^^^^^^^^^^^^^^^^^^^^^^^^^^^^^^^^^^^^^^^^^^^^^^^^^^^^^^^^^^^^^^^^^^^^^^^^^^^^^^^^^^^^^^^^^^^^^

Error: Wrong argument count for function call: 3 arguments given but expected 1. This function requires a single bytes argument. Use abi.encodePacked(...) to obtain the pre-0.5.0 behaviour or abi.encode(...) to use ABI encoding.
   --> contract.sol:303:31:
    |
303 |             bytes32 digest =  keccak256(challengeNumber, msg.sender, nonce );
    |                               ^^^^^^^^^^^^^^^^^^^^^^^^^^^^^^^^^^^^^^^^^^^^^^

Error: Wrong argument count for function call: 3 arguments given but expected 1. This function requires a single bytes argument. Use abi.encodePacked(...) to obtain the pre-0.5.0 behaviour or abi.encode(...) to use ABI encoding.
   --> contract.sol:462:26:
    |
462 |         bytes32 digest = keccak256(challenge_number,msg.sender,nonce);
    |                          ^^^^^^^^^^^^^^^^^^^^^^^^^^^^^^^^^^^^^^^^^^^^

Error: Wrong argument count for function call: 3 arguments given but expected 1. This function requires a single bytes argument. Use abi.encodePacked(...) to obtain the pre-0.5.0 behaviour or abi.encode(...) to use ABI encoding.
   --> contract.sol:471:28:
    |
471 |           bytes32 digest = keccak256(challenge_number,msg.sender,nonce);
    |                            ^^^^^^^^^^^^^^^^^^^^^^^^^^^^^^^^^^^^^^^^^^^^

Error: Invalid type for argument in function call. Invalid implicit conversion from contract Yiha to address requested.
   --> contract.sol:627:77:
    |
627 |         ApproveAndCallFallBack(spender).receiveApproval(msg.sender, tokens, this, data);
    |                                                                             ^^^^


=== applied patch_override_needed ===
=== iter 6 rc=0 ===
Warning: SPDX license identifier not provided in source file. Before publishing, consider adding a comment containing "SPDX-License-Identifier: <SPDX-License>" to each source file. Use "SPDX-License-Identifier: UNLICENSED" for non-open-source code. Please see https://spdx.org for more information.
--> contract.sol


=== full compile rc=1 ===
Warning: SPDX license identifier not provided in source file. Before publishing, consider adding a comment containing "SPDX-License-Identifier: <SPDX-License>" to each source file. Use "SPDX-License-Identifier: UNLICENSED" for non-open-source code. Please see https://spdx.org for more information.
--> contract.sol

Error: Contract "ERC20Interface" should be marked as abstract.
  --> contract.sol:93:1:
   |
93 | contract ERC20Interface {
   | ^ (Relevant source part starts here and spans across multiple lines).
Note: Missing implementation: 
  --> contract.sol:99:5:
   |
99 |     function allowance(address tokenOwner, address spender) public view virtual returns (uint remaining);
   |     ^^^^^^^^^^^^^^^^^^^^^^^^^^^^^^^^^^^^^^^^^^^^^^^^^^^^^^^^^^^^^^^^^^^^^^^^^^^^^^^^^^^^^^^^^^^^^^^^^^^^^
Note: Missing implementation: 
   --> contract.sol:103:5:
    |
103 |     function approve(address spender, uint tokens) public virtual returns (bool success);
    |     ^^^^^^^^^^^^^^^^^^^^^^^^^^^^^^^^^^^^^^^^^^^^^^^^^^^^^^^^^^^^^^^^^^^^^^^^^^^^^^^^^^^^^
Note: Missing implementation: 
  --> contract.sol:97:5:
   |
97 |     function balanceOf(address tokenOwner) public view virtual returns (uint balance);
   |     ^^^^^^^^^^^^^^^^^^^^^^^^^^^^^^^^^^^^^^^^^^^^^^^^^^^^^^^^^^^^^^^^^^^^^^^^^^^^^^^^^^
Note: Missing implementation: 
  --> contract.sol:95:5:
   |
95 |     function totalSupply() public view virtual returns (uint);
   |     ^^^^^^^^^^^^^^^^^^^^^^^^^^^^^^^^^^^^^^^^^^^^^^^^^^^^^^^^^^
Note: Missing implementation: 
   --> contract.sol:101:5:
    |
101 |     function transfer(address to, uint tokens) public virtual returns (bool success);
    |     ^^^^^^^^^^^^^^^^^^^^^^^^^^^^^^^^^^^^^^^^^^^^^^^^^^^^^^^^^^^^^^^^^^^^^^^^^^^^^^^^^
Note: Missing implementation: 
   --> contract.sol:105:5:
    |
105 |     function transferFrom(address from, address to, uint tokens) public virtual returns (bool success);
    |     ^^^^^^^^^^^^^^^^^^^^^^^^^^^^^^^^^^^^^^^^^^^^^^^^^^^^^^^^^^^^^^^^^^^^^^^^^^^^^^^^^^^^^^^^^^^^^^^^^^^

Error: Contract "ApproveAndCallFallBack" should be marked as abstract.
   --> contract.sol:126:1:
    |
126 | contract ApproveAndCallFallBack {
    | ^ (Relevant source part starts here and spans across multiple lines).
Note: Missing implementation: 
   --> contract.sol:128:5:
    |
128 |     function receiveApproval(address from, uint256 tokens, address token, bytes memory data) public virtual;
    |     ^^^^^^^^^^^^^^^^^^^^^^^^^^^^^^^^^^^^^^^^^^^^^^^^^^^^^^^^^^^^^^^^^^^^^^^^^^^^^^^^^^^^^^^^^^^^^^^^^^^^^^^^

Error: Wrong argument count for function call: 3 arguments given but expected 1. This function requires a single bytes argument. Use abi.encodePacked(...) to obtain the pre-0.5.0 behaviour or abi.encode(...) to use ABI encoding.
   --> contract.sol:303:31:
    |
303 |             bytes32 digest =  keccak256(challengeNumber, msg.sender, nonce );
    |                               ^^^^^^^^^^^^^^^^^^^^^^^^^^^^^^^^^^^^^^^^^^^^^^

Error: Wrong argument count for function call: 3 arguments given but expected 1. This function requires a single bytes argument. Use abi.encodePacked(...) to obtain the pre-0.5.0 behaviour or abi.encode(...) to use ABI encoding.
   --> contract.sol:462:26:
    |
462 |         bytes32 digest = keccak256(challenge_number,msg.sender,nonce);
    |                          ^^^^^^^^^^^^^^^^^^^^^^^^^^^^^^^^^^^^^^^^^^^^

Error: Wrong argument count for function call: 3 arguments given but expected 1. This function requires a single bytes argument. Use abi.encodePacked(...) to obtain the pre-0.5.0 behaviour or abi.encode(...) to use ABI encoding.
   --> contract.sol:471:28:
    |
471 |           bytes32 digest = keccak256(challenge_number,msg.sender,nonce);
    |                            ^^^^^^^^^^^^^^^^^^^^^^^^^^^^^^^^^^^^^^^^^^^^

Error: Invalid type for argument in function call. Invalid implicit conversion from contract Yiha to address requested.
   --> contract.sol:627:77:
    |
627 |         ApproveAndCallFallBack(spender).receiveApproval(msg.sender, tokens, this, data);
    |                                                                             ^^^^


=== applied patch_keccak_abi_encode ===
=== iter 7 rc=0 ===
Warning: SPDX license identifier not provided in source file. Before publishing, consider adding a comment containing "SPDX-License-Identifier: <SPDX-License>" to each source file. Use "SPDX-License-Identifier: UNLICENSED" for non-open-source code. Please see https://spdx.org for more information.
--> contract.sol


=== full compile rc=1 ===
Warning: SPDX license identifier not provided in source file. Before publishing, consider adding a comment containing "SPDX-License-Identifier: <SPDX-License>" to each source file. Use "SPDX-License-Identifier: UNLICENSED" for non-open-source code. Please see https://spdx.org for more information.
--> contract.sol

Error: Contract "ERC20Interface" should be marked as abstract.
  --> contract.sol:93:1:
   |
93 | contract ERC20Interface {
   | ^ (Relevant source part starts here and spans across multiple lines).
Note: Missing implementation: 
  --> contract.sol:99:5:
   |
99 |     function allowance(address tokenOwner, address spender) public view virtual returns (uint remaining);
   |     ^^^^^^^^^^^^^^^^^^^^^^^^^^^^^^^^^^^^^^^^^^^^^^^^^^^^^^^^^^^^^^^^^^^^^^^^^^^^^^^^^^^^^^^^^^^^^^^^^^^^^
Note: Missing implementation: 
   --> contract.sol:103:5:
    |
103 |     function approve(address spender, uint tokens) public virtual returns (bool success);
    |     ^^^^^^^^^^^^^^^^^^^^^^^^^^^^^^^^^^^^^^^^^^^^^^^^^^^^^^^^^^^^^^^^^^^^^^^^^^^^^^^^^^^^^
Note: Missing implementation: 
  --> contract.sol:97:5:
   |
97 |     function balanceOf(address tokenOwner) public view virtual returns (uint balance);
   |     ^^^^^^^^^^^^^^^^^^^^^^^^^^^^^^^^^^^^^^^^^^^^^^^^^^^^^^^^^^^^^^^^^^^^^^^^^^^^^^^^^^
Note: Missing implementation: 
  --> contract.sol:95:5:
   |
95 |     function totalSupply() public view virtual returns (uint);
   |     ^^^^^^^^^^^^^^^^^^^^^^^^^^^^^^^^^^^^^^^^^^^^^^^^^^^^^^^^^^
Note: Missing implementation: 
   --> contract.sol:101:5:
    |
101 |     function transfer(address to, uint tokens) public virtual returns (bool success);
    |     ^^^^^^^^^^^^^^^^^^^^^^^^^^^^^^^^^^^^^^^^^^^^^^^^^^^^^^^^^^^^^^^^^^^^^^^^^^^^^^^^^
Note: Missing implementation: 
   --> contract.sol:105:5:
    |
105 |     function transferFrom(address from, address to, uint tokens) public virtual returns (bool success);
    |     ^^^^^^^^^^^^^^^^^^^^^^^^^^^^^^^^^^^^^^^^^^^^^^^^^^^^^^^^^^^^^^^^^^^^^^^^^^^^^^^^^^^^^^^^^^^^^^^^^^^

Error: Contract "ApproveAndCallFallBack" should be marked as abstract.
   --> contract.sol:126:1:
    |
126 | contract ApproveAndCallFallBack {
    | ^ (Relevant source part starts here and spans across multiple lines).
Note: Missing implementation: 
   --> contract.sol:128:5:
    |
128 |     function receiveApproval(address from, uint256 tokens, address token, bytes memory data) public virtual;
    |     ^^^^^^^^^^^^^^^^^^^^^^^^^^^^^^^^^^^^^^^^^^^^^^^^^^^^^^^^^^^^^^^^^^^^^^^^^^^^^^^^^^^^^^^^^^^^^^^^^^^^^^^^

Error: Invalid type for argument in function call. Invalid implicit conversion from contract Yiha to address requested.
   --> contract.sol:627:77:
    |
627 |         ApproveAndCallFallBack(spender).receiveApproval(msg.sender, tokens, this, data);
    |                                                                             ^^^^


=== applied patch_mark_abstract ===
=== iter 8 rc=0 ===
Warning: SPDX license identifier not provided in source file. Before publishing, consider adding a comment containing "SPDX-License-Identifier: <SPDX-License>" to each source file. Use "SPDX-License-Identifier: UNLICENSED" for non-open-source code. Please see https://spdx.org for more information.
--> contract.sol


=== full compile rc=1 ===
Warning: SPDX license identifier not provided in source file. Before publishing, consider adding a comment containing "SPDX-License-Identifier: <SPDX-License>" to each source file. Use "SPDX-License-Identifier: UNLICENSED" for non-open-source code. Please see https://spdx.org for more information.
--> contract.sol

Error: Invalid type for argument in function call. Invalid implicit conversion from contract Yiha to address requested.
   --> contract.sol:627:77:
    |
627 |         ApproveAndCallFallBack(spender).receiveApproval(msg.sender, tokens, this, data);
    |                                                                             ^^^^


=== no rule matched ===
