=== iter 0 rc=0 ===
Warning: SPDX license identifier not provided in source file. Before publishing, consider adding a comment containing "SPDX-License-Identifier: <SPDX-License>" to each source file. Use "SPDX-License-Identifier: UNLICENSED" for non-open-source code. Please see https://spdx.org for more information.
--> contract.sol


=== full compile rc=1 ===
Warning: SPDX license identifier not provided in source file. Before publishing, consider adding a comment containing "SPDX-License-Identifier: <SPDX-License>" to each source file. Use "SPDX-License-Identifier: UNLICENSED" for non-open-source code. Please see https://spdx.org for more information.
--> contract.sol

Warning: This declaration shadows an existing declaration.
   --> contract.sol:408:18:
    |
408 |     constructor (uint256 cap) public {
    |                  ^^^^^^^^^^^
Note: The shadowed declaration is here:
   --> contract.sol:416:5:
    |
416 |     function cap() public view returns (uint256) {
    |     ^ (Relevant source part starts here and spans across multiple lines).

Warning: This declaration shadows an existing declaration.
   --> contract.sol:442:18:
    |
442 |     constructor (string memory name, string memory symbol, uint8 decimals) public {
    |                  ^^^^^^^^^^^^^^^^^^
Note: The shadowed declaration is here:
   --> contract.sol:451:5:
    |
451 |     function name() public view returns (string memory) {
    |     ^ (Relevant source part starts here and spans across multiple lines).

Warning: This declaration shadows an existing declaration.
   --> contract.sol:442:38:
    |
442 |     constructor (string memory name, string memory symbol, uint8 decimals) public {
    |                                      ^^^^^^^^^^^^^^^^^^^^
Note: The shadowed declaration is here:
   --> contract.sol:458:5:
    |
458 |     function symbol() public view returns (string memory) {
    |     ^ (Relevant source part starts here and spans across multiple lines).

Warning: This declaration shadows an existing declaration.
   --> contract.sol:442:60:
    |
442 |     constructor (string memory name, string memory symbol, uint8 decimals) public {
    |                                                            ^^^^^^^^^^^^^^
Note: The shadowed declaration is here:
   --> contract.sol:465:5:
    |
465 |     function decimals() public view returns (uint8) {
    |     ^ (Relevant source part starts here and spans across multiple lines).

Error: Overriding function is missing "override" specifier.
   --> contract.sol:420:5:
    |
420 |     function _mint(address account, uint256 value) internal {
    |     ^ (Relevant source part starts here and spans across multiple lines).
Note: Overridden function is here:
   --> contract.sol:248:5:
    |
248 |     function _mint(address account, uint256 value) internal {
    |     ^ (Relevant source part starts here and spans across multiple lines).

Error: Trying to override non-virtual function. Did you forget to add "virtual"?
   --> contract.sol:248:5:
    |
248 |     function _mint(address account, uint256 value) internal {
    |     ^ (Relevant source part starts here and spans across multiple lines).
Note: Overriding function is here:
   --> contract.sol:420:5:
    |
420 |     function _mint(address account, uint256 value) internal {
    |     ^ (Relevant source part starts here and spans across multiple lines).

Error: Contract "ERC20Detailed" should be marked as abstract.
   --> contract.sol:437:1:
    |
437 | contract ERC20Detailed is IERC20 {
    | ^ (Relevant source part starts here and spans across multiple lines).
Note: Missing implementation: 
  --> contract.sol:21:5:
   |
21 |     function allowance(address owner, address spender) external view returns (uint256);
   |     ^^^^^^^^^^^^^^^^^^^^^^^^^^^^^^^^^^^^^^^^^^^^^^^^^^^^^^^^^^^^^^^^^^^^^^^^^^^^^^^^^^^
Note: Missing implementation: 
  --> contract.sol:13:5:
   |
13 |     function approve(address spender, uint256 value) external returns (bool);
   |     ^^^^^^^^^^^^^^^^^^^^^^^^^^^^^^^^^^^^^^^^^^^^^^^^^^^^^^^^^^^^^^^^^^^^^^^^^
Note: Missing implementation: 
  --> contract.sol:19:5:
   |
19 |     function balanceOf(address who) external view returns (uint256);
   |     ^^^^^^^^^^^^^^^^^^^^^^^^^^^^^^^^^^^^^^^^^^^^^^^^^^^^^^^^^^^^^^^^
Note: Missing implementation: 
  --> contract.sol:17:5:
   |
17 |     function totalSupply() external view returns (uint256);
   |     ^^^^^^^^^^^^^^^^^^^^^^^^^^^^^^^^^^^^^^^^^^^^^^^^^^^^^^^
Note: Missing implementation: 
  --> contract.sol:11:5:
   |
11 |     function transfer(address to, uint256 value) external returns (bool);
   |     ^^^^^^^^^^^^^^^^^^^^^^^^^^^^^^^^^^^^^^^^^^^^^^^^^^^^^^^^^^^^^^^^^^^^^
Note: Missing implementation: 
  --> contract.sol:15:5:
   |
15 |     function transferFrom(address from, address to, uint256 value) external returns (bool);
   |     ^^^^^^^^^^^^^^^^^^^^^^^^^^^^^^^^^^^^^^^^^^^^^^^^^^^^^^^^^^^^^^^^^^^^^^^^^^^^^^^^^^^^^^^

Error: Overriding function is missing "override" specifier.
   --> contract.sol:496:5:
    |
496 |     function transfer(address to, uint256 value) public returns (bool) {
    |     ^ (Relevant source part starts here and spans across multiple lines).
Note: Overridden function is here:
   --> contract.sol:154:5:
    |
154 |     function transfer(address to, uint256 value) public returns (bool) {
    |     ^ (Relevant source part starts here and spans across multiple lines).

Error: Trying to override non-virtual function. Did you forget to add "virtual"?
   --> contract.sol:154:5:
    |
154 |     function transfer(address to, uint256 value) public returns (bool) {
    |     ^ (Relevant source part starts here and spans across multiple lines).
Note: Overriding function is here:
   --> contract.sol:496:5:
    |
496 |     function transfer(address to, uint256 value) public returns (bool) {
    |     ^ (Relevant source part starts here and spans across multiple lines).

Error: Overriding function is missing "override" specifier.
   --> contract.sol:496:5:
    |
496 |     function transfer(address to, uint256 value) public returns (bool) {
    |     ^ (Relevant source part starts here and spans across multiple lines).
Note: Overridden function is here:
   --> contract.sol:154:5:
    |
154 |     function transfer(address to, uint256 value) public returns (bool) {
    |     ^ (Relevant source part starts here and spans across multiple lines).

Error: Trying to override non-virtual function. Did you forget to add "virtual"?
   --> contract.sol:154:5:
    |
154 |     function transfer(address to, uint256 value) public returns (bool) {
    |     ^ (Relevant source part starts here and spans across multiple lines).
Note: Overriding function is here:
   --> contract.sol:496:5:
    |
496 |     function transfer(address to, uint256 value) public returns (bool) {
    |     ^ (Relevant source part starts here and spans across multiple lines).

Error: Function needs to specify overridden contracts "ERC20" and "IERC20".
   --> contract.sol:496:5:
    |
496 |     function transfer(address to, uint256 value) public returns (bool) {
    |     ^ (Relevant source part starts here and spans across multiple lines).
Note: This contract: 
  --> contract.sol:10:1:
   |
10 | interface IERC20 {
   | ^ (Relevant source part starts here and spans across multiple lines).
Note: This contract: 
   --> contract.sol:114:1:
    |
114 | contract ERC20 is IERC20 {
    | ^ (Relevant source part starts here and spans across multiple lines).

Error: Overriding function is missing "override" specifier.
   --> contract.sol:510:5:
    |
510 |     function transferFrom(address from, address to, uint256 value) public returns (bool) {
    |     ^ (Relevant source part starts here and spans across multiple lines).
Note: Overridden function is here:
   --> contract.sol:184:5:
    |
184 |     function transferFrom(address from, address to, uint256 value) public returns (bool) {
    |     ^ (Relevant source part starts here and spans across multiple lines).

Error: Trying to override non-virtual function. Did you forget to add "virtual"?
   --> contract.sol:184:5:
    |
184 |     function transferFrom(address from, address to, uint256 value) public returns (bool) {
    |     ^ (Relevant source part starts here and spans across multiple lines).
Note: Overriding function is here:
   --> contract.sol:510:5:
    |
510 |     function transferFrom(address from, address to, uint256 value) public returns (bool) {
    |     ^ (Relevant source part starts here and spans across multiple lines).

Error: Overriding function is missing "override" specifier.
   --> contract.sol:510:5:
    |
510 |     function transferFrom(address from, address to, uint256 value) public returns (bool) {
    |     ^ (Relevant source part starts here and spans across multiple lines).
Note: Overridden function is here:
   --> contract.sol:184:5:
    |
184 |     function transferFrom(address from, address to, uint256 value) public returns (bool) {
    |     ^ (Relevant source part starts here and spans across multiple lines).

Error: Trying to override non-virtual function. Did you forget to add "virtual"?
   --> contract.sol:184:5:
    |
184 |     function transferFrom(address from, address to, uint256 value) public returns (bool) {
    |     ^ (Relevant source part starts here and spans across multiple lines).
Note: Overriding function is here:
   --> contract.sol:510:5:
    |
510 |     function transferFrom(address from, address to, uint256 value) public returns (bool) {
    |     ^ (Relevant source part starts here and spans across multiple lines).

Error: Function needs to specify overridden contracts "ERC20" and "IERC20".
   --> contract.sol:510:5:
    |
510 |     function transferFrom(address from, address to, uint256 value) public returns (bool) {
    |     ^ (Relevant source part starts here and spans across multiple lines).
Note: This contract: 
  --> contract.sol:10:1:
   |
10 | interface IERC20 {
   | ^ (Relevant source part starts here and spans across multiple lines).
Note: This contract: 
   --> contract.sol:114:1:
    |
114 | contract ERC20 is IERC20 {
    | ^ (Relevant source part starts here and spans across multiple lines).

Error: Derived contract must override function "_mint". Two or more base classes define function with same name and parameter types.
   --> contract.sol:480:1:
    |
480 | contract Aavio is IERC20, ERC20, ERC20Detailed, ERC20Capped {
    | ^ (Relevant source part starts here and spans across multiple lines).
Note: Definition in "ERC20": 
   --> contract.sol:248:5:
    |
248 |     function _mint(address account, uint256 value) internal {
    |     ^ (Relevant source part starts here and spans across multiple lines).
Note: Definition in "ERC20Capped": 
   --> contract.sol:420:5:
    |
420 |     function _mint(address account, uint256 value) internal {
    |     ^ (Relevant source part starts here and spans across multiple lines).

Error: Non-abstract contracts cannot have internal constructors. Remove the "internal" keyword and make the contract abstract to fix this.
   --> contract.sol:341:5:
    |
341 |     constructor () internal {
    |     ^ (Relevant source part starts here and spans across multiple lines).

Warning: Visibility for constructor is ignored. If you want the contract to be non-deployable, making it "abstract" is sufficient.
   --> contract.sol:408:5:
    |
408 |     constructor (uint256 cap) public {
    |     ^ (Relevant source part starts here and spans across multiple lines).

Error: Member "add" not found or not visible after argument-dependent lookup in uint256.
   --> contract.sol:421:17:
    |
421 |         require(totalSupply().add(value) <= _cap);
    |                 ^^^^^^^^^^^^^^^^^


=== applied patch_using_safemath ===
=== iter 1 rc=0 ===
Warning: SPDX license identifier not provided in source file. Before publishing, consider adding a comment containing "SPDX-License-Identifier: <SPDX-License>" to each source file. Use "SPDX-License-Identifier: UNLICENSED" for non-open-source code. Please see https://spdx.org for more information.
--> contract.sol


=== full compile rc=1 ===
Warning: SPDX license identifier not provided in source file. Before publishing, consider adding a comment containing "SPDX-License-Identifier: <SPDX-License>" to each source file. Use "SPDX-License-Identifier: UNLICENSED" for non-open-source code. Please see https://spdx.org for more information.
--> contract.sol

Warning: This declaration shadows an existing declaration.
   --> contract.sol:408:18:
    |
408 |     constructor (uint256 cap) public {
    |                  ^^^^^^^^^^^
Note: The shadowed declaration is here:
   --> contract.sol:416:5:
    |
416 |     function cap() public view returns (uint256) {
    |     ^ (Relevant source part starts here and spans across multiple lines).

Warning: This declaration shadows an existing declaration.
   --> contract.sol:442:18:
    |
442 |     constructor (string memory name, string memory symbol, uint8 decimals) public {
    |                  ^^^^^^^^^^^^^^^^^^
Note: The shadowed declaration is here:
   --> contract.sol:451:5:
    |
451 |     function name() public view returns (string memory) {
    |     ^ (Relevant source part starts here and spans across multiple lines).

Warning: This declaration shadows an existing declaration.
   --> contract.sol:442:38:
    |
442 |     constructor (string memory name, string memory symbol, uint8 decimals) public {
    |                                      ^^^^^^^^^^^^^^^^^^^^
Note: The shadowed declaration is here:
   --> contract.sol:458:5:
    |
458 |     function symbol() public view returns (string memory) {
    |     ^ (Relevant source part starts here and spans across multiple lines).

Warning: This declaration shadows an existing declaration.
   --> contract.sol:442:60:
    |
442 |     constructor (string memory name, string memory symbol, uint8 decimals) public {
    |                                                            ^^^^^^^^^^^^^^
Note: The shadowed declaration is here:
   --> contract.sol:465:5:
    |
465 |     function decimals() public view returns (uint8) {
    |     ^ (Relevant source part starts here and spans across multiple lines).

Error: Overriding function is missing "override" specifier.
   --> contract.sol:420:5:
    |
420 |     function _mint(address account, uint256 value) internal {
    |     ^ (Relevant source part starts here and spans across multiple lines).
Note: Overridden function is here:
   --> contract.sol:248:5:
    |
248 |     function _mint(address account, uint256 value) internal {
    |     ^ (Relevant source part starts here and spans across multiple lines).

Error: Trying to override non-virtual function. Did you forget to add "virtual"?
   --> contract.sol:248:5:
    |
248 |     function _mint(address account, uint256 value) internal {
    |     ^ (Relevant source part starts here and spans across multiple lines).
Note: Overriding function is here:
   --> contract.sol:420:5:
    |
420 |     function _mint(address account, uint256 value) internal {
    |     ^ (Relevant source part starts here and spans across multiple lines).

Error: Contract "ERC20Detailed" should be marked as abstract.
   --> contract.sol:437:1:
    |
437 | contract ERC20Detailed is IERC20 {
    | ^ (Relevant source part starts here and spans across multiple lines).
Note: Missing implementation: 
  --> contract.sol:21:5:
   |
21 |     function allowance(address owner, address spender) external view returns (uint256);
   |     ^^^^^^^^^^^^^^^^^^^^^^^^^^^^^^^^^^^^^^^^^^^^^^^^^^^^^^^^^^^^^^^^^^^^^^^^^^^^^^^^^^^
Note: Missing implementation: 
  --> contract.sol:13:5:
   |
13 |     function approve(address spender, uint256 value) external returns (bool);
   |     ^^^^^^^^^^^^^^^^^^^^^^^^^^^^^^^^^^^^^^^^^^^^^^^^^^^^^^^^^^^^^^^^^^^^^^^^^
Note: Missing implementation: 
  --> contract.sol:19:5:
   |
19 |     function balanceOf(address who) external view returns (uint256);
   |     ^^^^^^^^^^^^^^^^^^^^^^^^^^^^^^^^^^^^^^^^^^^^^^^^^^^^^^^^^^^^^^^^
Note: Missing implementation: 
  --> contract.sol:17:5:
   |
17 |     function totalSupply() external view returns (uint256);
   |     ^^^^^^^^^^^^^^^^^^^^^^^^^^^^^^^^^^^^^^^^^^^^^^^^^^^^^^^
Note: Missing implementation: 
  --> contract.sol:11:5:
   |
11 |     function transfer(address to, uint256 value) external returns (bool);
   |     ^^^^^^^^^^^^^^^^^^^^^^^^^^^^^^^^^^^^^^^^^^^^^^^^^^^^^^^^^^^^^^^^^^^^^
Note: Missing implementation: 
  --> contract.sol:15:5:
   |
15 |     function transferFrom(address from, address to, uint256 value) external returns (bool);
   |     ^^^^^^^^^^^^^^^^^^^^^^^^^^^^^^^^^^^^^^^^^^^^^^^^^^^^^^^^^^^^^^^^^^^^^^^^^^^^^^^^^^^^^^^

Error: Overriding function is missing "override" specifier.
   --> contract.sol:496:5:
    |
496 |     function transfer(address to, uint256 value) public returns (bool) {
    |     ^ (Relevant source part starts here and spans across multiple lines).
Note: Overridden function is here:
   --> contract.sol:154:5:
    |
154 |     function transfer(address to, uint256 value) public returns (bool) {
    |     ^ (Relevant source part starts here and spans across multiple lines).

Error: Trying to override non-virtual function. Did you forget to add "virtual"?
   --> contract.sol:154:5:
    |
154 |     function transfer(address to, uint256 value) public returns (bool) {
    |     ^ (Relevant source part starts here and spans across multiple lines).
Note: Overriding function is here:
   --> contract.sol:496:5:
    |
496 |     function transfer(address to, uint256 value) public returns (bool) {
    |     ^ (Relevant source part starts here and spans across multiple lines).

Error: Overriding function is missing "override" specifier.
   --> contract.sol:496:5:
    |
496 |     function transfer(address to, uint256 value) public returns (bool) {
    |     ^ (Relevant source part starts here and spans across multiple lines).
Note: Overridden function is here:
   --> contract.sol:154:5:
    |
154 |     function transfer(address to, uint256 value) public returns (bool) {
    |     ^ (Relevant source part starts here and spans across multiple lines).

Error: Trying to override non-virtual function. Did you forget to add "virtual"?
   --> contract.sol:154:5:
    |
154 |     function transfer(address to, uint256 value) public returns (bool) {
    |     ^ (Relevant source part starts here and spans across multiple lines).
Note: Overriding function is here:
   --> contract.sol:496:5:
    |
496 |     function transfer(address to, uint256 value) public returns (bool) {
    |     ^ (Relevant source part starts here and spans across multiple lines).

Error: Function needs to specify overridden contracts "ERC20" and "IERC20".
   --> contract.sol:496:5:
    |
496 |     function transfer(address to, uint256 value) public returns (bool) {
    |     ^ (Relevant source part starts here and spans across multiple lines).
Note: This contract: 
  --> contract.sol:10:1:
   |
10 | interface IERC20 {
   | ^ (Relevant source part starts here and spans across multiple lines).
Note: This contract: 
   --> contract.sol:114:1:
    |
114 | contract ERC20 is IERC20 {
    | ^ (Relevant source part starts here and spans across multiple lines).

Error: Overriding function is missing "override" specifier.
   --> contract.sol:510:5:
    |
510 |     function transferFrom(address from, address to, uint256 value) public returns (bool) {
    |     ^ (Relevant source part starts here and spans across multiple lines).
Note: Overridden function is here:
   --> contract.sol:184:5:
    |
184 |     function transferFrom(address from, address to, uint256 value) public returns (bool) {
    |     ^ (Relevant source part starts here and spans across multiple lines).

Error: Trying to override non-virtual function. Did you forget to add "virtual"?
   --> contract.sol:184:5:
    |
184 |     function transferFrom(address from, address to, uint256 value) public returns (bool) {
    |     ^ (Relevant source part starts here and spans across multiple lines).
Note: Overriding function is here:
   --> contract.sol:510:5:
    |
510 |     function transferFrom(address from, address to, uint256 value) public returns (bool) {
    |     ^ (Relevant source part starts here and spans across multiple lines).

Error: Overriding function is missing "override" specifier.
   --> contract.sol:510:5:
    |
510 |     function transferFrom(address from, address to, uint256 value) public returns (bool) {
    |     ^ (Relevant source part starts here and spans across multiple lines).
Note: Overridden function is here:
   --> contract.sol:184:5:
    |
184 |     function transferFrom(address from, address to, uint256 value) public returns (bool) {
    |     ^ (Relevant source part starts here and spans across multiple lines).

Error: Trying to override non-virtual function. Did you forget to add "virtual"?
   --> contract.sol:184:5:
    |
184 |     function transferFrom(address from, address to, uint256 value) public returns (bool) {
    |     ^ (Relevant source part starts here and spans across multiple lines).
Note: Overriding function is here:
   --> contract.sol:510:5:
    |
510 |     function transferFrom(address from, address to, uint256 value) public returns (bool) {
    |     ^ (Relevant source part starts here and spans across multiple lines).

Error: Function needs to specify overridden contracts "ERC20" and "IERC20".
   --> contract.sol:510:5:
    |
510 |     function transferFrom(address from, address to, uint256 value) public returns (bool) {
    |     ^ (Relevant source part starts here and spans across multiple lines).
Note: This contract: 
  --> contract.sol:10:1:
   |
10 | interface IERC20 {
   | ^ (Relevant source part starts here and spans across multiple lines).
Note: This contract: 
   --> contract.sol:114:1:
    |
114 | contract ERC20 is IERC20 {
    | ^ (Relevant source part starts here and spans across multiple lines).

Error: Derived contract must override function "_mint". Two or more base classes define function with same name and parameter types.
   --> contract.sol:480:1:
    |
480 | contract Aavio is IERC20, ERC20, ERC20Detailed, ERC20Capped {
    | ^ (Relevant source part starts here and spans across multiple lines).
Note: Definition in "ERC20": 
   --> contract.sol:248:5:
    |
248 |     function _mint(address account, uint256 value) internal {
    |     ^ (Relevant source part starts here and spans across multiple lines).
Note: Definition in "ERC20Capped": 
   --> contract.sol:420:5:
    |
420 |     function _mint(address account, uint256 value) internal {
    |     ^ (Relevant source part starts here and spans across multiple lines).

Error: Non-abstract contracts cannot have internal constructors. Remove the "internal" keyword and make the contract abstract to fix this.
   --> contract.sol:341:5:
    |
341 |     constructor () internal {
    |     ^ (Relevant source part starts here and spans across multiple lines).

Error: Built-in binary operator + cannot be applied to types struct Roles.Role storage ref and address. No matching user-defined operator found.
   --> contract.sol:363:9:
    |
363 |         _minters + (account);
    |         ^^^^^^^^^^^^^^^^^^^^

Warning: Visibility for constructor is ignored. If you want the contract to be non-deployable, making it "abstract" is sufficient.
   --> contract.sol:408:5:
    |
408 |     constructor (uint256 cap) public {
    |     ^ (Relevant source part starts here and spans across multiple lines).

Warning: Visibility for constructor is ignored. If you want the contract to be non-deployable, making it "abstract" is sufficient.
   --> contract.sol:442:5:
    |
442 |     constructor (string memory name, string memory symbol, uint8 decimals) public {
    |     ^ (Relevant source part starts here and spans across multiple lines).

Warning: Visibility for constructor is ignored. If you want the contract to be non-deployable, making it "abstract" is sufficient.
   --> contract.sol:483:5:
    |
483 |     constructor()
    |     ^ (Relevant source part starts here and spans across multiple lines).


=== applied patch_internal_ctor ===
=== iter 2 rc=0 ===
Warning: SPDX license identifier not provided in source file. Before publishing, consider adding a comment containing "SPDX-License-Identifier: <SPDX-License>" to each source file. Use "SPDX-License-Identifier: UNLICENSED" for non-open-source code. Please see https://spdx.org for more information.
--> contract.sol


=== full compile rc=1 ===
Warning: SPDX license identifier not provided in source file. Before publishing, consider adding a comment containing "SPDX-License-Identifier: <SPDX-License>" to each source file. Use "SPDX-License-Identifier: UNLICENSED" for non-open-source code. Please see https://spdx.org for more information.
--> contract.sol

Warning: This declaration shadows an existing declaration.
   --> contract.sol:408:18:
    |
408 |     constructor (uint256 cap) public {
    |                  ^^^^^^^^^^^
Note: The shadowed declaration is here:
   --> contract.sol:416:5:
    |
416 |     function cap() public view returns (uint256) {
    |     ^ (Relevant source part starts here and spans across multiple lines).

Warning: This declaration shadows an existing declaration.
   --> contract.sol:442:18:
    |
442 |     constructor (string memory name, string memory symbol, uint8 decimals) public {
    |                  ^^^^^^^^^^^^^^^^^^
Note: The shadowed declaration is here:
   --> contract.sol:451:5:
    |
451 |     function name() public view returns (string memory) {
    |     ^ (Relevant source part starts here and spans across multiple lines).

Warning: This declaration shadows an existing declaration.
   --> contract.sol:442:38:
    |
442 |     constructor (string memory name, string memory symbol, uint8 decimals) public {
    |                                      ^^^^^^^^^^^^^^^^^^^^
Note: The shadowed declaration is here:
   --> contract.sol:458:5:
    |
458 |     function symbol() public view returns (string memory) {
    |     ^ (Relevant source part starts here and spans across multiple lines).

Warning: This declaration shadows an existing declaration.
   --> contract.sol:442:60:
    |
442 |     constructor (string memory name, string memory symbol, uint8 decimals) public {
    |                                                            ^^^^^^^^^^^^^^
Note: The shadowed declaration is here:
   --> contract.sol:465:5:
    |
465 |     function decimals() public view returns (uint8) {
    |     ^ (Relevant source part starts here and spans across multiple lines).

Error: Overriding function is missing "override" specifier.
   --> contract.sol:420:5:
    |
420 |     function _mint(address account, uint256 value) internal {
    |     ^ (Relevant source part starts here and spans across multiple lines).
Note: Overridden function is here:
   --> contract.sol:248:5:
    |
248 |     function _mint(address account, uint256 value) internal {
    |     ^ (Relevant source part starts here and spans across multiple lines).

Error: Trying to override non-virtual function. Did you forget to add "virtual"?
   --> contract.sol:248:5:
    |
248 |     function _mint(address account, uint256 value) internal {
    |     ^ (Relevant source part starts here and spans across multiple lines).
Note: Overriding function is here:
   --> contract.sol:420:5:
    |
420 |     function _mint(address account, uint256 value) internal {
    |     ^ (Relevant source part starts here and spans across multiple lines).

Error: Contract "ERC20Detailed" should be marked as abstract.
   --> contract.sol:437:1:
    |
437 | contract ERC20Detailed is IERC20 {
    | ^ (Relevant source part starts here and spans across multiple lines).
Note: Missing implementation: 
  --> contract.sol:21:5:
   |
21 |     function allowance(address owner, address spender) external view returns (uint256);
   |     ^^^^^^^^^^^^^^^^^^^^^^^^^^^^^^^^^^^^^^^^^^^^^^^^^^^^^^^^^^^^^^^^^^^^^^^^^^^^^^^^^^^
Note: Missing implementation: 
  --> contract.sol:13:5:
   |
13 |     function approve(address spender, uint256 value) external returns (bool);
   |     ^^^^^^^^^^^^^^^^^^^^^^^^^^^^^^^^^^^^^^^^^^^^^^^^^^^^^^^^^^^^^^^^^^^^^^^^^
Note: Missing implementation: 
  --> contract.sol:19:5:
   |
19 |     function balanceOf(address who) external view returns (uint256);
   |     ^^^^^^^^^^^^^^^^^^^^^^^^^^^^^^^^^^^^^^^^^^^^^^^^^^^^^^^^^^^^^^^^
Note: Missing implementation: 
  --> contract.sol:17:5:
   |
17 |     function totalSupply() external view returns (uint256);
   |     ^^^^^^^^^^^^^^^^^^^^^^^^^^^^^^^^^^^^^^^^^^^^^^^^^^^^^^^
Note: Missing implementation: 
  --> contract.sol:11:5:
   |
11 |     function transfer(address to, uint256 value) external returns (bool);
   |     ^^^^^^^^^^^^^^^^^^^^^^^^^^^^^^^^^^^^^^^^^^^^^^^^^^^^^^^^^^^^^^^^^^^^^
Note: Missing implementation: 
  --> contract.sol:15:5:
   |
15 |     function transferFrom(address from, address to, uint256 value) external returns (bool);
   |     ^^^^^^^^^^^^^^^^^^^^^^^^^^^^^^^^^^^^^^^^^^^^^^^^^^^^^^^^^^^^^^^^^^^^^^^^^^^^^^^^^^^^^^^

Error: Overriding function is missing "override" specifier.
   --> contract.sol:496:5:
    |
496 |     function transfer(address to, uint256 value) public returns (bool) {
    |     ^ (Relevant source part starts here and spans across multiple lines).
Note: Overridden function is here:
   --> contract.sol:154:5:
    |
154 |     function transfer(address to, uint256 value) public returns (bool) {
    |     ^ (Relevant source part starts here and spans across multiple lines).

Error: Trying to override non-virtual function. Did you forget to add "virtual"?
   --> contract.sol:154:5:
    |
154 |     function transfer(address to, uint256 value) public returns (bool) {
    |     ^ (Relevant source part starts here and spans across multiple lines).
Note: Overriding function is here:
   --> contract.sol:496:5:
    |
496 |     function transfer(address to, uint256 value) public returns (bool) {
    |     ^ (Relevant source part starts here and spans across multiple lines).

Error: Overriding function is missing "override" specifier.
   --> contract.sol:496:5:
    |
496 |     function transfer(address to, uint256 value) public returns (bool) {
    |     ^ (Relevant source part starts here and spans across multiple lines).
Note: Overridden function is here:
   --> contract.sol:154:5:
    |
154 |     function transfer(address to, uint256 value) public returns (bool) {
    |     ^ (Relevant source part starts here and spans across multiple lines).

Error: Trying to override non-virtual function. Did you forget to add "virtual"?
   --> contract.sol:154:5:
    |
154 |     function transfer(address to, uint256 value) public returns (bool) {
    |     ^ (Relevant source part starts here and spans across multiple lines).
Note: Overriding function is here:
   --> contract.sol:496:5:
    |
496 |     function transfer(address to, uint256 value) public returns (bool) {
    |     ^ (Relevant source part starts here and spans across multiple lines).

Error: Function needs to specify overridden contracts "ERC20" and "IERC20".
   --> contract.sol:496:5:
    |
496 |     function transfer(address to, uint256 value) public returns (bool) {
    |     ^ (Relevant source part starts here and spans across multiple lines).
Note: This contract: 
  --> contract.sol:10:1:
   |
10 | interface IERC20 {
   | ^ (Relevant source part starts here and spans across multiple lines).
Note: This contract: 
   --> contract.sol:114:1:
    |
114 | contract ERC20 is IERC20 {
    | ^ (Relevant source part starts here and spans across multiple lines).

Error: Overriding function is missing "override" specifier.
   --> contract.sol:510:5:
    |
510 |     function transferFrom(address from, address to, uint256 value) public returns (bool) {
    |     ^ (Relevant source part starts here and spans across multiple lines).
Note: Overridden function is here:
   --> contract.sol:184:5:
    |
184 |     function transferFrom(address from, address to, uint256 value) public returns (bool) {
    |     ^ (Relevant source part starts here and spans across multiple lines).

Error: Trying to override non-virtual function. Did you forget to add "virtual"?
   --> contract.sol:184:5:
    |
184 |     function transferFrom(address from, address to, uint256 value) public returns (bool) {
    |     ^ (Relevant source part starts here and spans across multiple lines).
Note: Overriding function is here:
   --> contract.sol:510:5:
    |
510 |     function transferFrom(address from, address to, uint256 value) public returns (bool) {
    |     ^ (Relevant source part starts here and spans across multiple lines).

Error: Overriding function is missing "override" specifier.
   --> contract.sol:510:5:
    |
510 |     function transferFrom(address from, address to, uint256 value) public returns (bool) {
    |     ^ (Relevant source part starts here and spans across multiple lines).
Note: Overridden function is here:
   --> contract.sol:184:5:
    |
184 |     function transferFrom(address from, address to, uint256 value) public returns (bool) {
    |     ^ (Relevant source part starts here and spans across multiple lines).

Error: Trying to override non-virtual function. Did you forget to add "virtual"?
   --> contract.sol:184:5:
    |
184 |     function transferFrom(address from, address to, uint256 value) public returns (bool) {
    |     ^ (Relevant source part starts here and spans across multiple lines).
Note: Overriding function is here:
   --> contract.sol:510:5:
    |
510 |     function transferFrom(address from, address to, uint256 value) public returns (bool) {
    |     ^ (Relevant source part starts here and spans across multiple lines).

Error: Function needs to specify overridden contracts "ERC20" and "IERC20".
   --> contract.sol:510:5:
    |
510 |     function transferFrom(address from, address to, uint256 value) public returns (bool) {
    |     ^ (Relevant source part starts here and spans across multiple lines).
Note: This contract: 
  --> contract.sol:10:1:
   |
10 | interface IERC20 {
   | ^ (Relevant source part starts here and spans across multiple lines).
Note: This contract: 
   --> contract.sol:114:1:
    |
114 | contract ERC20 is IERC20 {
    | ^ (Relevant source part starts here and spans across multiple lines).

Error: Derived contract must override function "_mint". Two or more base classes define function with same name and parameter types.
   --> contract.sol:480:1:
    |
480 | contract Aavio is IERC20, ERC20, ERC20Detailed, ERC20Capped {
    | ^ (Relevant source part starts here and spans across multiple lines).
Note: Definition in "ERC20": 
   --> contract.sol:248:5:
    |
248 |     function _mint(address account, uint256 value) internal {
    |     ^ (Relevant source part starts here and spans across multiple lines).
Note: Definition in "ERC20Capped": 
   --> contract.sol:420:5:
    |
420 |     function _mint(address account, uint256 value) internal {
    |     ^ (Relevant source part starts here and spans across multiple lines).

Error: Built-in binary operator + cannot be applied to types struct Roles.Role storage ref and address. No matching user-defined operator found.
   --> contract.sol:363:9:
    |
363 |         _minters + (account);
    |         ^^^^^^^^^^^^^^^^^^^^

Warning: Visibility for constructor is ignored. If you want the contract to be non-deployable, making it "abstract" is sufficient.
   --> contract.sol:408:5:
    |
408 |     constructor (uint256 cap) public {
    |     ^ (Relevant source part starts here and spans across multiple lines).

Warning: Visibility for constructor is ignored. If you want the contract to be non-deployable, making it "abstract" is sufficient.
   --> contract.sol:442:5:
    |
442 |     constructor (string memory name, string memory symbol, uint8 decimals) public {
    |     ^ (Relevant source part starts here and spans across multiple lines).

Warning: Visibility for constructor is ignored. If you want the contract to be non-deployable, making it "abstract" is sufficient.
   --> contract.sol:483:5:
    |
483 |     constructor()
    |     ^ (Relevant source part starts here and spans across multiple lines).


=== applied patch_drop_ctor_visibility ===
=== iter 3 rc=0 ===
Warning: SPDX license identifier not provided in source file. Before publishing, consider adding a comment containing "SPDX-License-Identifier: <SPDX-License>" to each source file. Use "SPDX-License-Identifier: UNLICENSED" for non-open-source code. Please see https://spdx.org for more information.
--> contract.sol


=== full compile rc=1 ===
Warning: SPDX license identifier not provided in source file. Before publishing, consider adding a comment containing "SPDX-License-Identifier: <SPDX-License>" to each source file. Use "SPDX-License-Identifier: UNLICENSED" for non-open-source code. Please see https://spdx.org for more information.
--> contract.sol

Warning: This declaration shadows an existing declaration.
   --> contract.sol:408:18:
    |
408 |     constructor (uint256 cap) {
    |                  ^^^^^^^^^^^
Note: The shadowed declaration is here:
   --> contract.sol:416:5:
    |
416 |     function cap() public view returns (uint256) {
    |     ^ (Relevant source part starts here and spans across multiple lines).

Warning: This declaration shadows an existing declaration.
   --> contract.sol:442:18:
    |
442 |     constructor (string memory name, string memory symbol, uint8 decimals) {
    |                  ^^^^^^^^^^^^^^^^^^
Note: The shadowed declaration is here:
   --> contract.sol:451:5:
    |
451 |     function name() public view returns (string memory) {
    |     ^ (Relevant source part starts here and spans across multiple lines).

Warning: This declaration shadows an existing declaration.
   --> contract.sol:442:38:
    |
442 |     constructor (string memory name, string memory symbol, uint8 decimals) {
    |                                      ^^^^^^^^^^^^^^^^^^^^
Note: The shadowed declaration is here:
   --> contract.sol:458:5:
    |
458 |     function symbol() public view returns (string memory) {
    |     ^ (Relevant source part starts here and spans across multiple lines).

Warning: This declaration shadows an existing declaration.
   --> contract.sol:442:60:
    |
442 |     constructor (string memory name, string memory symbol, uint8 decimals) {
    |                                                            ^^^^^^^^^^^^^^
Note: The shadowed declaration is here:
   --> contract.sol:465:5:
    |
465 |     function decimals() public view returns (uint8) {
    |     ^ (Relevant source part starts here and spans across multiple lines).

Error: Overriding function is missing "override" specifier.
   --> contract.sol:420:5:
    |
420 |     function _mint(address account, uint256 value) internal {
    |     ^ (Relevant source part starts here and spans across multiple lines).
Note: Overridden function is here:
   --> contract.sol:248:5:
    |
248 |     function _mint(address account, uint256 value) internal {
    |     ^ (Relevant source part starts here and spans across multiple lines).

Error: Trying to override non-virtual function. Did you forget to add "virtual"?
   --> contract.sol:248:5:
    |
248 |     function _mint(address account, uint256 value) internal {
    |     ^ (Relevant source part starts here and spans across multiple lines).
Note: Overriding function is here:
   --> contract.sol:420:5:
    |
420 |     function _mint(address account, uint256 value) internal {
    |     ^ (Relevant source part starts here and spans across multiple lines).

Error: Contract "ERC20Detailed" should be marked as abstract.
   --> contract.sol:437:1:
    |
437 | contract ERC20Detailed is IERC20 {
    | ^ (Relevant source part starts here and spans across multiple lines).
Note: Missing implementation: 
  --> contract.sol:21:5:
   |
21 |     function allowance(address owner, address spender) external view returns (uint256);
   |     ^^^^^^^^^^^^^^^^^^^^^^^^^^^^^^^^^^^^^^^^^^^^^^^^^^^^^^^^^^^^^^^^^^^^^^^^^^^^^^^^^^^
Note: Missing implementation: 
  --> contract.sol:13:5:
   |
13 |     function approve(address spender, uint256 value) external returns (bool);
   |     ^^^^^^^^^^^^^^^^^^^^^^^^^^^^^^^^^^^^^^^^^^^^^^^^^^^^^^^^^^^^^^^^^^^^^^^^^
Note: Missing implementation: 
  --> contract.sol:19:5:
   |
19 |     function balanceOf(address who) external view returns (uint256);
   |     ^^^^^^^^^^^^^^^^^^^^^^^^^^^^^^^^^^^^^^^^^^^^^^^^^^^^^^^^^^^^^^^^
Note: Missing implementation: 
  --> contract.sol:17:5:
   |
17 |     function totalSupply() external view returns (uint256);
   |     ^^^^^^^^^^^^^^^^^^^^^^^^^^^^^^^^^^^^^^^^^^^^^^^^^^^^^^^
Note: Missing implementation: 
  --> contract.sol:11:5:
   |
11 |     function transfer(address to, uint256 value) external returns (bool);
   |     ^^^^^^^^^^^^^^^^^^^^^^^^^^^^^^^^^^^^^^^^^^^^^^^^^^^^^^^^^^^^^^^^^^^^^
Note: Missing implementation: 
  --> contract.sol:15:5:
   |
15 |     function transferFrom(address from, address to, uint256 value) external returns (bool);
   |     ^^^^^^^^^^^^^^^^^^^^^^^^^^^^^^^^^^^^^^^^^^^^^^^^^^^^^^^^^^^^^^^^^^^^^^^^^^^^^^^^^^^^^^^

Error: Overriding function is missing "override" specifier.
   --> contract.sol:496:5:
    |
496 |     function transfer(address to, uint256 value) public returns (bool) {
    |     ^ (Relevant source part starts here and spans across multiple lines).
Note: Overridden function is here:
   --> contract.sol:154:5:
    |
154 |     function transfer(address to, uint256 value) public returns (bool) {
    |     ^ (Relevant source part starts here and spans across multiple lines).

Error: Trying to override non-virtual function. Did you forget to add "virtual"?
   --> contract.sol:154:5:
    |
154 |     function transfer(address to, uint256 value) public returns (bool) {
    |     ^ (Relevant source part starts here and spans across multiple lines).
Note: Overriding function is here:
   --> contract.sol:496:5:
    |
496 |     function transfer(address to, uint256 value) public returns (bool) {
    |     ^ (Relevant source part starts here and spans across multiple lines).

Error: Overriding function is missing "override" specifier.
   --> contract.sol:496:5:
    |
496 |     function transfer(address to, uint256 value) public returns (bool) {
    |     ^ (Relevant source part starts here and spans across multiple lines).
Note: Overridden function is here:
   --> contract.sol:154:5:
    |
154 |     function transfer(address to, uint256 value) public returns (bool) {
    |     ^ (Relevant source part starts here and spans across multiple lines).

Error: Trying to override non-virtual function. Did you forget to add "virtual"?
   --> contract.sol:154:5:
    |
154 |     function transfer(address to, uint256 value) public returns (bool) {
    |     ^ (Relevant source part starts here and spans across multiple lines).
Note: Overriding function is here:
   --> contract.sol:496:5:
    |
496 |     function transfer(address to, uint256 value) public returns (bool) {
    |     ^ (Relevant source part starts here and spans across multiple lines).

Error: Function needs to specify overridden contracts "ERC20" and "IERC20".
   --> contract.sol:496:5:
    |
496 |     function transfer(address to, uint256 value) public returns (bool) {
    |     ^ (Relevant source part starts here and spans across multiple lines).
Note: This contract: 
  --> contract.sol:10:1:
   |
10 | interface IERC20 {
   | ^ (Relevant source part starts here and spans across multiple lines).
Note: This contract: 
   --> contract.sol:114:1:
    |
114 | contract ERC20 is IERC20 {
    | ^ (Relevant source part starts here and spans across multiple lines).

Error: Overriding function is missing "override" specifier.
   --> contract.sol:510:5:
    |
510 |     function transferFrom(address from, address to, uint256 value) public returns (bool) {
    |     ^ (Relevant source part starts here and spans across multiple lines).
Note: Overridden function is here:
   --> contract.sol:184:5:
    |
184 |     function transferFrom(address from, address to, uint256 value) public returns (bool) {
    |     ^ (Relevant source part starts here and spans across multiple lines).

Error: Trying to override non-virtual function. Did you forget to add "virtual"?
   --> contract.sol:184:5:
    |
184 |     function transferFrom(address from, address to, uint256 value) public returns (bool) {
    |     ^ (Relevant source part starts here and spans across multiple lines).
Note: Overriding function is here:
   --> contract.sol:510:5:
    |
510 |     function transferFrom(address from, address to, uint256 value) public returns (bool) {
    |     ^ (Relevant source part starts here and spans across multiple lines).

Error: Overriding function is missing "override" specifier.
   --> contract.sol:510:5:
    |
510 |     function transferFrom(address from, address to, uint256 value) public returns (bool) {
    |     ^ (Relevant source part starts here and spans across multiple lines).
Note: Overridden function is here:
   --> contract.sol:184:5:
    |
184 |     function transferFrom(address from, address to, uint256 value) public returns (bool) {
    |     ^ (Relevant source part starts here and spans across multiple lines).

Error: Trying to override non-virtual function. Did you forget to add "virtual"?
   --> contract.sol:184:5:
    |
184 |     function transferFrom(address from, address to, uint256 value) public returns (bool) {
    |     ^ (Relevant source part starts here and spans across multiple lines).
Note: Overriding function is here:
   --> contract.sol:510:5:
    |
510 |     function transferFrom(address from, address to, uint256 value) public returns (bool) {
    |     ^ (Relevant source part starts here and spans across multiple lines).

Error: Function needs to specify overridden contracts "ERC20" and "IERC20".
   --> contract.sol:510:5:
    |
510 |     function transferFrom(address from, address to, uint256 value) public returns (bool) {
    |     ^ (Relevant source part starts here and spans across multiple lines).
Note: This contract: 
  --> contract.sol:10:1:
   |
10 | interface IERC20 {
   | ^ (Relevant source part starts here and spans across multiple lines).
Note: This contract: 
   --> contract.sol:114:1:
    |
114 | contract ERC20 is IERC20 {
    | ^ (Relevant source part starts here and spans across multiple lines).

Error: Derived contract must override function "_mint". Two or more base classes define function with same name and parameter types.
   --> contract.sol:480:1:
    |
480 | contract Aavio is IERC20, ERC20, ERC20Detailed, ERC20Capped {
    | ^ (Relevant source part starts here and spans across multiple lines).
Note: Definition in "ERC20": 
   --> contract.sol:248:5:
    |
248 |     function _mint(address account, uint256 value) internal {
    |     ^ (Relevant source part starts here and spans across multiple lines).
Note: Definition in "ERC20Capped": 
   --> contract.sol:420:5:
    |
420 |     function _mint(address account, uint256 value) internal {
    |     ^ (Relevant source part starts here and spans across multiple lines).

Error: Built-in binary operator + cannot be applied to types struct Roles.Role storage ref and address. No matching user-defined operator found.
   --> contract.sol:363:9:
    |
363 |         _minters + (account);
    |         ^^^^^^^^^^^^^^^^^^^^

Warning: Visibility for constructor is ignored. If you want the contract to be non-deployable, making it "abstract" is sufficient.
   --> contract.sol:483:5:
    |
483 |     constructor()
    |     ^ (Relevant source part starts here and spans across multiple lines).


=== applied patch_override_needed ===
=== iter 4 rc=0 ===
Warning: SPDX license identifier not provided in source file. Before publishing, consider adding a comment containing "SPDX-License-Identifier: <SPDX-License>" to each source file. Use "SPDX-License-Identifier: UNLICENSED" for non-open-source code. Please see https://spdx.org for more information.
--> contract.sol


=== full compile rc=1 ===
Warning: SPDX license identifier not provided in source file. Before publishing, consider adding a comment containing "SPDX-License-Identifier: <SPDX-License>" to each source file. Use "SPDX-License-Identifier: UNLICENSED" for non-open-source code. Please see https://spdx.org for more information.
--> contract.sol

Warning: This declaration shadows an existing declaration.
   --> contract.sol:408:18:
    |
408 |     constructor (uint256 cap) {
    |                  ^^^^^^^^^^^
Note: The shadowed declaration is here:
   --> contract.sol:416:5:
    |
416 |     function cap() public view returns (uint256) {
    |     ^ (Relevant source part starts here and spans across multiple lines).

Warning: This declaration shadows an existing declaration.
   --> contract.sol:442:18:
    |
442 |     constructor (string memory name, string memory symbol, uint8 decimals) {
    |                  ^^^^^^^^^^^^^^^^^^
Note: The shadowed declaration is here:
   --> contract.sol:451:5:
    |
451 |     function name() public view virtual override returns (string memory) {
    |     ^ (Relevant source part starts here and spans across multiple lines).

Warning: This declaration shadows an existing declaration.
   --> contract.sol:442:38:
    |
442 |     constructor (string memory name, string memory symbol, uint8 decimals) {
    |                                      ^^^^^^^^^^^^^^^^^^^^
Note: The shadowed declaration is here:
   --> contract.sol:458:5:
    |
458 |     function symbol() public view virtual override returns (string memory) {
    |     ^ (Relevant source part starts here and spans across multiple lines).

Warning: This declaration shadows an existing declaration.
   --> contract.sol:442:60:
    |
442 |     constructor (string memory name, string memory symbol, uint8 decimals) {
    |                                                            ^^^^^^^^^^^^^^
Note: The shadowed declaration is here:
   --> contract.sol:465:5:
    |
465 |     function decimals() public view virtual override returns (uint8) {
    |     ^ (Relevant source part starts here and spans across multiple lines).

Error: Function has override specified but does not override anything.
   --> contract.sol:201:84:
    |
201 |     function increaseAllowance(address spender, uint256 addedValue) public virtual override returns (bool) {
    |                                                                                    ^^^^^^^^

Error: Function has override specified but does not override anything.
   --> contract.sol:219:89:
    |
219 |     function decreaseAllowance(address spender, uint256 subtractedValue) public virtual override returns (bool) {
    |                                                                                         ^^^^^^^^

Error: Function has override specified but does not override anything.
   --> contract.sol:233:82:
    |
233 |     function _transfer(address from, address to, uint256 value) internal virtual override {
    |                                                                                  ^^^^^^^^

Error: Function has override specified but does not override anything.
   --> contract.sol:248:69:
    |
248 |     function _mint(address account, uint256 value) internal virtual override {
    |                                                                     ^^^^^^^^

Error: Function has override specified but does not override anything.
   --> contract.sol:262:69:
    |
262 |     function _burn(address account, uint256 value) internal virtual override {
    |                                                                     ^^^^^^^^

Error: Function has override specified but does not override anything.
   --> contract.sol:451:41:
    |
451 |     function name() public view virtual override returns (string memory) {
    |                                         ^^^^^^^^

Error: Function has override specified but does not override anything.
   --> contract.sol:458:43:
    |
458 |     function symbol() public view virtual override returns (string memory) {
    |                                           ^^^^^^^^

Error: Function has override specified but does not override anything.
   --> contract.sol:465:45:
    |
465 |     function decimals() public view virtual override returns (uint8) {
    |                                             ^^^^^^^^

Error: Contract "ERC20Detailed" should be marked as abstract.
   --> contract.sol:437:1:
    |
437 | contract ERC20Detailed is IERC20 {
    | ^ (Relevant source part starts here and spans across multiple lines).
Note: Missing implementation: 
  --> contract.sol:21:5:
   |
21 |     function allowance(address owner, address spender) external view returns (uint256);
   |     ^^^^^^^^^^^^^^^^^^^^^^^^^^^^^^^^^^^^^^^^^^^^^^^^^^^^^^^^^^^^^^^^^^^^^^^^^^^^^^^^^^^
Note: Missing implementation: 
  --> contract.sol:13:5:
   |
13 |     function approve(address spender, uint256 value) external returns (bool);
   |     ^^^^^^^^^^^^^^^^^^^^^^^^^^^^^^^^^^^^^^^^^^^^^^^^^^^^^^^^^^^^^^^^^^^^^^^^^
Note: Missing implementation: 
  --> contract.sol:19:5:
   |
19 |     function balanceOf(address who) external view returns (uint256);
   |     ^^^^^^^^^^^^^^^^^^^^^^^^^^^^^^^^^^^^^^^^^^^^^^^^^^^^^^^^^^^^^^^^
Note: Missing implementation: 
  --> contract.sol:17:5:
   |
17 |     function totalSupply() external view returns (uint256);
   |     ^^^^^^^^^^^^^^^^^^^^^^^^^^^^^^^^^^^^^^^^^^^^^^^^^^^^^^^
Note: Missing implementation: 
  --> contract.sol:11:5:
   |
11 |     function transfer(address to, uint256 value) external returns (bool);
   |     ^^^^^^^^^^^^^^^^^^^^^^^^^^^^^^^^^^^^^^^^^^^^^^^^^^^^^^^^^^^^^^^^^^^^^
Note: Missing implementation: 
  --> contract.sol:15:5:
   |
15 |     function transferFrom(address from, address to, uint256 value) external returns (bool);
   |     ^^^^^^^^^^^^^^^^^^^^^^^^^^^^^^^^^^^^^^^^^^^^^^^^^^^^^^^^^^^^^^^^^^^^^^^^^^^^^^^^^^^^^^^

Error: Function needs to specify overridden contracts "ERC20" and "IERC20".
   --> contract.sol:496:65:
    |
496 |     function transfer(address to, uint256 value) public virtual override returns (bool) {
    |                                                                 ^^^^^^^^
Note: This contract: 
  --> contract.sol:10:1:
   |
10 | interface IERC20 {
   | ^ (Relevant source part starts here and spans across multiple lines).
Note: This contract: 
   --> contract.sol:114:1:
    |
114 | contract ERC20 is IERC20 {
    | ^ (Relevant source part starts here and spans across multiple lines).

Error: Function needs to specify overridden contracts "ERC20" and "IERC20".
   --> contract.sol:510:83:
    |
510 |     function transferFrom(address from, address to, uint256 value) public virtual override returns (bool) {
    |                                                                                   ^^^^^^^^
Note: This contract: 
  --> contract.sol:10:1:
   |
10 | interface IERC20 {
   | ^ (Relevant source part starts here and spans across multiple lines).
Note: This contract: 
   --> contract.sol:114:1:
    |
114 | contract ERC20 is IERC20 {
    | ^ (Relevant source part starts here and spans across multiple lines).

Error: Derived contract must override function "_mint". Two or more base classes define function with same name and parameter types.
   --> contract.sol:480:1:
    |
480 | contract Aavio is IERC20, ERC20, ERC20Detailed, ERC20Capped {
    | ^ (Relevant source part starts here and spans across multiple lines).
Note: Definition in "ERC20": 
   --> contract.sol:248:5:
    |
248 |     function _mint(address account, uint256 value) internal virtual override {
    |     ^ (Relevant source part starts here and spans across multiple lines).
Note: Definition in "ERC20Capped": 
   --> contract.sol:420:5:
    |
420 |     function _mint(address account, uint256 value) internal virtual override {
    |     ^ (Relevant source part starts here and spans across multiple lines).

Error: Built-in binary operator + cannot be applied to types struct Roles.Role storage ref and address. No matching user-defined operator found.
   --> contract.sol:363:9:
    |
363 |         _minters + (account);
    |         ^^^^^^^^^^^^^^^^^^^^

Warning: Visibility for constructor is ignored. If you want the contract to be non-deployable, making it "abstract" is sufficient.
   --> contract.sol:483:5:
    |
483 |     constructor()
    |     ^ (Relevant source part starts here and spans across multiple lines).


=== applied patch_remove_bogus_override ===
=== iter 5 rc=0 ===
Warning: SPDX license identifier not provided in source file. Before publishing, consider adding a comment containing "SPDX-License-Identifier: <SPDX-License>" to each source file. Use "SPDX-License-Identifier: UNLICENSED" for non-open-source code. Please see https://spdx.org for more information.
--> contract.sol


=== full compile rc=1 ===
Warning: SPDX license identifier not provided in source file. Before publishing, consider adding a comment containing "SPDX-License-Identifier: <SPDX-License>" to each source file. Use "SPDX-License-Identifier: UNLICENSED" for non-open-source code. Please see https://spdx.org for more information.
--> contract.sol

Warning: This declaration shadows an existing declaration.
   --> contract.sol:408:18:
    |
408 |     constructor (uint256 cap) {
    |                  ^^^^^^^^^^^
Note: The shadowed declaration is here:
   --> contract.sol:416:5:
    |
416 |     function cap() public view returns (uint256) {
    |     ^ (Relevant source part starts here and spans across multiple lines).

Warning: This declaration shadows an existing declaration.
   --> contract.sol:442:18:
    |
442 |     constructor (string memory name, string memory symbol, uint8 decimals) {
    |                  ^^^^^^^^^^^^^^^^^^
Note: The shadowed declaration is here:
   --> contract.sol:451:5:
    |
451 |     function name() public view virtual returns (string memory) {
    |     ^ (Relevant source part starts here and spans across multiple lines).

Warning: This declaration shadows an existing declaration.
   --> contract.sol:442:38:
    |
442 |     constructor (string memory name, string memory symbol, uint8 decimals) {
    |                                      ^^^^^^^^^^^^^^^^^^^^
Note: The shadowed declaration is here:
   --> contract.sol:458:5:
    |
458 |     function symbol() public view virtual returns (string memory) {
    |     ^ (Relevant source part starts here and spans across multiple lines).

Warning: This declaration shadows an existing declaration.
   --> contract.sol:442:60:
    |
442 |     constructor (string memory name, string memory symbol, uint8 decimals) {
    |                                                            ^^^^^^^^^^^^^^
Note: The shadowed declaration is here:
   --> contract.sol:465:5:
    |
465 |     function decimals() public view virtual returns (uint8) {
    |     ^ (Relevant source part starts here and spans across multiple lines).

Error: Overriding function is missing "override" specifier.
   --> contract.sol:420:5:
    |
420 |     function _mint(address account, uint256 value) internal virtual {
    |     ^ (Relevant source part starts here and spans across multiple lines).
Note: Overridden function is here:
   --> contract.sol:248:5:
    |
248 |     function _mint(address account, uint256 value) internal virtual {
    |     ^ (Relevant source part starts here and spans across multiple lines).

Error: Contract "ERC20Detailed" should be marked as abstract.
   --> contract.sol:437:1:
    |
437 | contract ERC20Detailed is IERC20 {
    | ^ (Relevant source part starts here and spans across multiple lines).
Note: Missing implementation: 
  --> contract.sol:21:5:
   |
21 |     function allowance(address owner, address spender) external view returns (uint256);
   |     ^^^^^^^^^^^^^^^^^^^^^^^^^^^^^^^^^^^^^^^^^^^^^^^^^^^^^^^^^^^^^^^^^^^^^^^^^^^^^^^^^^^
Note: Missing implementation: 
  --> contract.sol:13:5:
   |
13 |     function approve(address spender, uint256 value) external returns (bool);
   |     ^^^^^^^^^^^^^^^^^^^^^^^^^^^^^^^^^^^^^^^^^^^^^^^^^^^^^^^^^^^^^^^^^^^^^^^^^
Note: Missing implementation: 
  --> contract.sol:19:5:
   |
19 |     function balanceOf(address who) external view returns (uint256);
   |     ^^^^^^^^^^^^^^^^^^^^^^^^^^^^^^^^^^^^^^^^^^^^^^^^^^^^^^^^^^^^^^^^
Note: Missing implementation: 
  --> contract.sol:17:5:
   |
17 |     function totalSupply() external view returns (uint256);
   |     ^^^^^^^^^^^^^^^^^^^^^^^^^^^^^^^^^^^^^^^^^^^^^^^^^^^^^^^
Note: Missing implementation: 
  --> contract.sol:11:5:
   |
11 |     function transfer(address to, uint256 value) external returns (bool);
   |     ^^^^^^^^^^^^^^^^^^^^^^^^^^^^^^^^^^^^^^^^^^^^^^^^^^^^^^^^^^^^^^^^^^^^^
Note: Missing implementation: 
  --> contract.sol:15:5:
   |
15 |     function transferFrom(address from, address to, uint256 value) external returns (bool);
   |     ^^^^^^^^^^^^^^^^^^^^^^^^^^^^^^^^^^^^^^^^^^^^^^^^^^^^^^^^^^^^^^^^^^^^^^^^^^^^^^^^^^^^^^^

Error: Overriding function is missing "override" specifier.
   --> contract.sol:496:5:
    |
496 |     function transfer(address to, uint256 value) public virtual returns (bool) {
    |     ^ (Relevant source part starts here and spans across multiple lines).
Note: Overridden function is here:
   --> contract.sol:154:5:
    |
154 |     function transfer(address to, uint256 value) public virtual returns (bool) {
    |     ^ (Relevant source part starts here and spans across multiple lines).

Error: Overriding function is missing "override" specifier.
   --> contract.sol:496:5:
    |
496 |     function transfer(address to, uint256 value) public virtual returns (bool) {
    |     ^ (Relevant source part starts here and spans across multiple lines).
Note: Overridden function is here:
   --> contract.sol:154:5:
    |
154 |     function transfer(address to, uint256 value) public virtual returns (bool) {
    |     ^ (Relevant source part starts here and spans across multiple lines).

Error: Function needs to specify overridden contracts "ERC20" and "IERC20".
   --> contract.sol:496:5:
    |
496 |     function transfer(address to, uint256 value) public virtual returns (bool) {
    |     ^ (Relevant source part starts here and spans across multiple lines).
Note: This contract: 
  --> contract.sol:10:1:
   |
10 | interface IERC20 {
   | ^ (Relevant source part starts here and spans across multiple lines).
Note: This contract: 
   --> contract.sol:114:1:
    |
114 | contract ERC20 is IERC20 {
    | ^ (Relevant source part starts here and spans across multiple lines).

Error: Overriding function is missing "override" specifier.
   --> contract.sol:510:5:
    |
510 |     function transferFrom(address from, address to, uint256 value) public virtual returns (bool) {
    |     ^ (Relevant source part starts here and spans across multiple lines).
Note: Overridden function is here:
   --> contract.sol:184:5:
    |
184 |     function transferFrom(address from, address to, uint256 value) public virtual returns (bool) {
    |     ^ (Relevant source part starts here and spans across multiple lines).

Error: Overriding function is missing "override" specifier.
   --> contract.sol:510:5:
    |
510 |     function transferFrom(address from, address to, uint256 value) public virtual returns (bool) {
    |     ^ (Relevant source part starts here and spans across multiple lines).
Note: Overridden function is here:
   --> contract.sol:184:5:
    |
184 |     function transferFrom(address from, address to, uint256 value) public virtual returns (bool) {
    |     ^ (Relevant source part starts here and spans across multiple lines).

Error: Function needs to specify overridden contracts "ERC20" and "IERC20".
   --> contract.sol:510:5:
    |
510 |     function transferFrom(address from, address to, uint256 value) public virtual returns (bool) {
    |     ^ (Relevant source part starts here and spans across multiple lines).
Note: This contract: 
  --> contract.sol:10:1:
   |
10 | interface IERC20 {
   | ^ (Relevant source part starts here and spans across multiple lines).
Note: This contract: 
   --> contract.sol:114:1:
    |
114 | contract ERC20 is IERC20 {
    | ^ (Relevant source part starts here and spans across multiple lines).

Error: Derived contract must override function "_mint". Two or more base classes define function with same name and parameter types.
   --> contract.sol:480:1:
    |
480 | contract Aavio is IERC20, ERC20, ERC20Detailed, ERC20Capped {
    | ^ (Relevant source part starts here and spans across multiple lines).
Note: Definition in "ERC20": 
   --> contract.sol:248:5:
    |
248 |     function _mint(address account, uint256 value) internal virtual {
    |     ^ (Relevant source part starts here and spans across multiple lines).
Note: Definition in "ERC20Capped": 
   --> contract.sol:420:5:
    |
420 |     function _mint(address account, uint256 value) internal virtual {
    |     ^ (Relevant source part starts here and spans across multiple lines).

Error: Built-in binary operator + cannot be applied to types struct Roles.Role storage ref and address. No matching user-defined operator found.
   --> contract.sol:363:9:
    |
363 |         _minters + (account);
    |         ^^^^^^^^^^^^^^^^^^^^

Warning: Visibility for constructor is ignored. If you want the contract to be non-deployable, making it "abstract" is sufficient.
   --> contract.sol:483:5:
    |
483 |     constructor()
    |     ^ (Relevant source part starts here and spans across multiple lines).


=== no rule matched ===
