=== iter 0 rc=1 ===
Error: Expected '{' but got 'constant'
  --> contract.sol:29:40:
   |
29 |     function balanceOf(address _owner) constant public returns (uint256);
   |                                        ^^^^^^^^


=== applied patch_constant_function ===
=== iter 1 rc=1 ===
Error: Expected a state variable declaration. If you intended this as a fallback function or a function to handle plain ether transactions, use the "fallback" keyword or the "receive" keyword instead.
   --> contract.sol:141:34:
    |
141 |     function () external payable {
    |                                  ^


=== applied patch_anonymous_fallback ===
=== iter 2 rc=0 ===
Warning: SPDX license identifier not provided in source file. Before publishing, consider adding a comment containing "SPDX-License-Identifier: <SPDX-License>" to each source file. Use "SPDX-License-Identifier: UNLICENSED" for non-open-source code. Please see https://spdx.org for more information.
--> contract.sol


=== full compile rc=1 ===
Warning: SPDX license identifier not provided in source file. Before publishing, consider adding a comment containing "SPDX-License-Identifier: <SPDX-License>" to each source file. Use "SPDX-License-Identifier: UNLICENSED" for non-open-source code. Please see https://spdx.org for more information.
--> contract.sol

Error: Functions are not allowed to have the same name as the contract. If you intend this to be a constructor, use "constructor(...) { ... }" to define it.
   --> contract.sol:105:5:
    |
105 |     function grip() public {
    |     ^ (Relevant source part starts here and spans across multiple lines).

Warning: This declaration shadows an existing declaration.
   --> contract.sol:105:5:
    |
105 |     function grip() public {
    |     ^ (Relevant source part starts here and spans across multiple lines).
Note: The shadowed declaration is here:
  --> contract.sol:53:1:
   |
53 | contract grip is ERC20 {
   | ^ (Relevant source part starts here and spans across multiple lines).

Error: Identifier already declared.
  --> contract.sol:68:1:
   |
68 | uint256 public totalSupply = 10000000000e18;
   | ^^^^^^^^^^^^^^^^^^^^^^^^^^^^^^^^^^^^^^^^^^^
Note: The previous declaration is here:
  --> contract.sol:34:5:
   |
34 |     uint256 public totalSupply;
   |     ^^^^^^^^^^^^^^^^^^^^^^^^^^

Error: Contract "ForeignToken" should be marked as abstract.
  --> contract.sol:28:1:
   |
28 | contract ForeignToken {
   | ^ (Relevant source part starts here and spans across multiple lines).
Note: Missing implementation: 
  --> contract.sol:29:5:
   |
29 |     function balanceOf(address _owner) view public returns (uint256);
   |     ^^^^^^^^^^^^^^^^^^^^^^^^^^^^^^^^^^^^^^^^^^^^^^^^^^^^^^^^^^^^^^^^^
Note: Missing implementation: 
  --> contract.sol:30:5:
   |
30 |     function transfer(address _to, uint256 _value) public returns (bool);
   |     ^^^^^^^^^^^^^^^^^^^^^^^^^^^^^^^^^^^^^^^^^^^^^^^^^^^^^^^^^^^^^^^^^^^^^

Error: Contract "ERC20Basic" should be marked as abstract.
  --> contract.sol:33:1:
   |
33 | contract ERC20Basic {
   | ^ (Relevant source part starts here and spans across multiple lines).
Note: Missing implementation: 
  --> contract.sol:35:5:
   |
35 |     function balanceOf(address who) public view returns (uint256);
   |     ^^^^^^^^^^^^^^^^^^^^^^^^^^^^^^^^^^^^^^^^^^^^^^^^^^^^^^^^^^^^^^
Note: Missing implementation: 
  --> contract.sol:36:5:
   |
36 |     function transfer(address to, uint256 value) public returns (bool);
   |     ^^^^^^^^^^^^^^^^^^^^^^^^^^^^^^^^^^^^^^^^^^^^^^^^^^^^^^^^^^^^^^^^^^^

Error: Contract "ERC20" should be marked as abstract.
  --> contract.sol:40:1:
   |
40 | contract ERC20 is ERC20Basic {
   | ^ (Relevant source part starts here and spans across multiple lines).
Note: Missing implementation: 
  --> contract.sol:41:5:
   |
41 |     function allowance(address owner, address spender) public view returns (uint256);
   |     ^^^^^^^^^^^^^^^^^^^^^^^^^^^^^^^^^^^^^^^^^^^^^^^^^^^^^^^^^^^^^^^^^^^^^^^^^^^^^^^^^
Note: Missing implementation: 
  --> contract.sol:43:5:
   |
43 |     function approve(address spender, uint256 value) public returns (bool);
   |     ^^^^^^^^^^^^^^^^^^^^^^^^^^^^^^^^^^^^^^^^^^^^^^^^^^^^^^^^^^^^^^^^^^^^^^^
Note: Missing implementation: 
  --> contract.sol:35:5:
   |
35 |     function balanceOf(address who) public view returns (uint256);
   |     ^^^^^^^^^^^^^^^^^^^^^^^^^^^^^^^^^^^^^^^^^^^^^^^^^^^^^^^^^^^^^^
Note: Missing implementation: 
  --> contract.sol:36:5:
   |
36 |     function transfer(address to, uint256 value) public returns (bool);
   |     ^^^^^^^^^^^^^^^^^^^^^^^^^^^^^^^^^^^^^^^^^^^^^^^^^^^^^^^^^^^^^^^^^^^
Note: Missing implementation: 
  --> contract.sol:42:5:
   |
42 |     function transferFrom(address from, address to, uint256 value) public returns (bool);
   |     ^^^^^^^^^^^^^^^^^^^^^^^^^^^^^^^^^^^^^^^^^^^^^^^^^^^^^^^^^^^^^^^^^^^^^^^^^^^^^^^^^^^^^

Error: Event with same name and parameter types defined twice.
  --> contract.sol:81:5:
   |
81 |     event Approval(address indexed _owner, address indexed _spender, uint256 _value);
   |     ^^^^^^^^^^^^^^^^^^^^^^^^^^^^^^^^^^^^^^^^^^^^^^^^^^^^^^^^^^^^^^^^^^^^^^^^^^^^^^^^^
Note: Other declaration is here:
  --> contract.sol:44:5:
   |
44 |     event Approval(address indexed owner, address indexed spender, uint256 value);
   |     ^^^^^^^^^^^^^^^^^^^^^^^^^^^^^^^^^^^^^^^^^^^^^^^^^^^^^^^^^^^^^^^^^^^^^^^^^^^^^^

Error: Event with same name and parameter types defined twice.
  --> contract.sol:80:5:
   |
80 |     event Transfer(address indexed _from, address indexed _to, uint256 _value);
   |     ^^^^^^^^^^^^^^^^^^^^^^^^^^^^^^^^^^^^^^^^^^^^^^^^^^^^^^^^^^^^^^^^^^^^^^^^^^^
Note: Other declaration is here:
  --> contract.sol:37:5:
   |
37 |     event Transfer(address indexed from, address indexed to, uint256 value);
   |     ^^^^^^^^^^^^^^^^^^^^^^^^^^^^^^^^^^^^^^^^^^^^^^^^^^^^^^^^^^^^^^^^^^^^^^^^

Error: Overriding function is missing "override" specifier.
   --> contract.sol:172:5:
    |
172 |     function balanceOf(address _owner) view public returns (uint256) {
    |     ^ (Relevant source part starts here and spans across multiple lines).
Note: Overridden function is here:
  --> contract.sol:35:5:
   |
35 |     function balanceOf(address who) public view returns (uint256);
   |     ^^^^^^^^^^^^^^^^^^^^^^^^^^^^^^^^^^^^^^^^^^^^^^^^^^^^^^^^^^^^^^

Error: Trying to override non-virtual function. Did you forget to add "virtual"?
  --> contract.sol:35:5:
   |
35 |     function balanceOf(address who) public view returns (uint256);
   |     ^^^^^^^^^^^^^^^^^^^^^^^^^^^^^^^^^^^^^^^^^^^^^^^^^^^^^^^^^^^^^^
Note: Overriding function is here:
   --> contract.sol:172:5:
    |
172 |     function balanceOf(address _owner) view public returns (uint256) {
    |     ^ (Relevant source part starts here and spans across multiple lines).

Error: Overriding function is missing "override" specifier.
   --> contract.sol:181:5:
    |
181 |     function transfer(address _to, uint256 _amount) onlyPayloadSize(2 * 32) public returns (bool success) {
    |     ^ (Relevant source part starts here and spans across multiple lines).
Note: Overridden function is here:
  --> contract.sol:36:5:
   |
36 |     function transfer(address to, uint256 value) public returns (bool);
   |     ^^^^^^^^^^^^^^^^^^^^^^^^^^^^^^^^^^^^^^^^^^^^^^^^^^^^^^^^^^^^^^^^^^^

Error: Trying to override non-virtual function. Did you forget to add "virtual"?
  --> contract.sol:36:5:
   |
36 |     function transfer(address to, uint256 value) public returns (bool);
   |     ^^^^^^^^^^^^^^^^^^^^^^^^^^^^^^^^^^^^^^^^^^^^^^^^^^^^^^^^^^^^^^^^^^^
Note: Overriding function is here:
   --> contract.sol:181:5:
    |
181 |     function transfer(address _to, uint256 _amount) onlyPayloadSize(2 * 32) public returns (bool success) {
    |     ^ (Relevant source part starts here and spans across multiple lines).

Error: Overriding function is missing "override" specifier.
   --> contract.sol:191:5:
    |
191 |     function transferFrom(address _from, address _to, uint256 _amount) onlyPayloadSize(3 * 32) public returns (bool success) {
    |     ^ (Relevant source part starts here and spans across multiple lines).
Note: Overridden function is here:
  --> contract.sol:42:5:
   |
42 |     function transferFrom(address from, address to, uint256 value) public returns (bool);
   |     ^^^^^^^^^^^^^^^^^^^^^^^^^^^^^^^^^^^^^^^^^^^^^^^^^^^^^^^^^^^^^^^^^^^^^^^^^^^^^^^^^^^^^

Error: Trying to override non-virtual function. Did you forget to add "virtual"?
  --> contract.sol:42:5:
   |
42 |     function transferFrom(address from, address to, uint256 value) public returns (bool);
   |     ^^^^^^^^^^^^^^^^^^^^^^^^^^^^^^^^^^^^^^^^^^^^^^^^^^^^^^^^^^^^^^^^^^^^^^^^^^^^^^^^^^^^^
Note: Overriding function is here:
   --> contract.sol:191:5:
    |
191 |     function transferFrom(address _from, address _to, uint256 _amount) onlyPayloadSize(3 * 32) public returns (bool success) {
    |     ^ (Relevant source part starts here and spans across multiple lines).

Error: Overriding function is missing "override" specifier.
   --> contract.sol:203:5:
    |
203 |     function approve(address _spender, uint256 _value) public returns (bool success) {
    |     ^ (Relevant source part starts here and spans across multiple lines).
Note: Overridden function is here:
  --> contract.sol:43:5:
   |
43 |     function approve(address spender, uint256 value) public returns (bool);
   |     ^^^^^^^^^^^^^^^^^^^^^^^^^^^^^^^^^^^^^^^^^^^^^^^^^^^^^^^^^^^^^^^^^^^^^^^

Error: Trying to override non-virtual function. Did you forget to add "virtual"?
  --> contract.sol:43:5:
   |
43 |     function approve(address spender, uint256 value) public returns (bool);
   |     ^^^^^^^^^^^^^^^^^^^^^^^^^^^^^^^^^^^^^^^^^^^^^^^^^^^^^^^^^^^^^^^^^^^^^^^
Note: Overriding function is here:
   --> contract.sol:203:5:
    |
203 |     function approve(address _spender, uint256 _value) public returns (bool success) {
    |     ^ (Relevant source part starts here and spans across multiple lines).

Error: Overriding function is missing "override" specifier.
   --> contract.sol:210:5:
    |
210 |     function allowance(address _owner, address _spender) view public returns (uint256) {
    |     ^ (Relevant source part starts here and spans across multiple lines).
Note: Overridden function is here:
  --> contract.sol:41:5:
   |
41 |     function allowance(address owner, address spender) public view returns (uint256);
   |     ^^^^^^^^^^^^^^^^^^^^^^^^^^^^^^^^^^^^^^^^^^^^^^^^^^^^^^^^^^^^^^^^^^^^^^^^^^^^^^^^^

Error: Trying to override non-virtual function. Did you forget to add "virtual"?
  --> contract.sol:41:5:
   |
41 |     function allowance(address owner, address spender) public view returns (uint256);
   |     ^^^^^^^^^^^^^^^^^^^^^^^^^^^^^^^^^^^^^^^^^^^^^^^^^^^^^^^^^^^^^^^^^^^^^^^^^^^^^^^^^
Note: Overriding function is here:
   --> contract.sol:210:5:
    |
210 |     function allowance(address _owner, address _spender) view public returns (uint256) {
    |     ^ (Relevant source part starts here and spans across multiple lines).

Error: Overriding public state variable is missing "override" specifier.
  --> contract.sol:68:1:
   |
68 | uint256 public totalSupply = 10000000000e18;
   | ^^^^^^^^^^^^^^^^^^^^^^^^^^^^^^^^^^^^^^^^^^^
Note: Overridden public state variable is here:
  --> contract.sol:34:5:
   |
34 |     uint256 public totalSupply;
   |     ^^^^^^^^^^^^^^^^^^^^^^^^^^

Error: Cannot override public state variable.
  --> contract.sol:34:5:
   |
34 |     uint256 public totalSupply;
   |     ^^^^^^^^^^^^^^^^^^^^^^^^^^
Note: Overriding public state variable is here:
  --> contract.sol:68:1:
   |
68 | uint256 public totalSupply = 10000000000e18;
   | ^^^^^^^^^^^^^^^^^^^^^^^^^^^^^^^^^^^^^^^^^^^

Error: Functions without implementation must be marked virtual.
  --> contract.sol:29:5:
   |
29 |     function balanceOf(address _owner) view public returns (uint256);
   |     ^^^^^^^^^^^^^^^^^^^^^^^^^^^^^^^^^^^^^^^^^^^^^^^^^^^^^^^^^^^^^^^^^

Error: Functions without implementation must be marked virtual.
  --> contract.sol:30:5:
   |
30 |     function transfer(address _to, uint256 _value) public returns (bool);
   |     ^^^^^^^^^^^^^^^^^^^^^^^^^^^^^^^^^^^^^^^^^^^^^^^^^^^^^^^^^^^^^^^^^^^^^

Error: Functions without implementation must be marked virtual.
  --> contract.sol:35:5:
   |
35 |     function balanceOf(address who) public view returns (uint256);
   |     ^^^^^^^^^^^^^^^^^^^^^^^^^^^^^^^^^^^^^^^^^^^^^^^^^^^^^^^^^^^^^^

Error: Functions without implementation must be marked virtual.
  --> contract.sol:36:5:
   |
36 |     function transfer(address to, uint256 value) public returns (bool);
   |     ^^^^^^^^^^^^^^^^^^^^^^^^^^^^^^^^^^^^^^^^^^^^^^^^^^^^^^^^^^^^^^^^^^^

Error: Functions without implementation must be marked virtual.
  --> contract.sol:41:5:
   |
41 |     function allowance(address owner, address spender) public view returns (uint256);
   |     ^^^^^^^^^^^^^^^^^^^^^^^^^^^^^^^^^^^^^^^^^^^^^^^^^^^^^^^^^^^^^^^^^^^^^^^^^^^^^^^^^

Error: Functions without implementation must be marked virtual.
  --> contract.sol:42:5:
   |
42 |     function transferFrom(address from, address to, uint256 value) public returns (bool);
   |     ^^^^^^^^^^^^^^^^^^^^^^^^^^^^^^^^^^^^^^^^^^^^^^^^^^^^^^^^^^^^^^^^^^^^^^^^^^^^^^^^^^^^^

Error: Functions without implementation must be marked virtual.
  --> contract.sol:43:5:
   |
43 |     function approve(address spender, uint256 value) public returns (bool);
   |     ^^^^^^^^^^^^^^^^^^^^^^^^^^^^^^^^^^^^^^^^^^^^^^^^^^^^^^^^^^^^^^^^^^^^^^^

Error: "send" and "transfer" are only available for objects of type "address payable", not "address".
   --> contract.sol:222:9:
    |
222 |         owner.transfer(etherBalance);
    |         ^^^^^^^^^^^^^^


=== applied patch_send_transfer_to_payable ===
=== iter 3 rc=0 ===
Warning: SPDX license identifier not provided in source file. Before publishing, consider adding a comment containing "SPDX-License-Identifier: <SPDX-License>" to each source file. Use "SPDX-License-Identifier: UNLICENSED" for non-open-source code. Please see https://spdx.org for more information.
--> contract.sol


=== full compile rc=1 ===
Warning: SPDX license identifier not provided in source file. Before publishing, consider adding a comment containing "SPDX-License-Identifier: <SPDX-License>" to each source file. Use "SPDX-License-Identifier: UNLICENSED" for non-open-source code. Please see https://spdx.org for more information.
--> contract.sol

Error: Functions are not allowed to have the same name as the contract. If you intend this to be a constructor, use "constructor(...) { ... }" to define it.
   --> contract.sol:105:5:
    |
105 |     function grip() public {
    |     ^ (Relevant source part starts here and spans across multiple lines).

Warning: This declaration shadows an existing declaration.
   --> contract.sol:105:5:
    |
105 |     function grip() public {
    |     ^ (Relevant source part starts here and spans across multiple lines).
Note: The shadowed declaration is here:
  --> contract.sol:53:1:
   |
53 | contract grip is ERC20 {
   | ^ (Relevant source part starts here and spans across multiple lines).

Error: Identifier already declared.
  --> contract.sol:68:1:
   |
68 | uint256 public totalSupply = 10000000000e18;
   | ^^^^^^^^^^^^^^^^^^^^^^^^^^^^^^^^^^^^^^^^^^^
Note: The previous declaration is here:
  --> contract.sol:34:5:
   |
34 |     uint256 public totalSupply;
   |     ^^^^^^^^^^^^^^^^^^^^^^^^^^

Error: Contract "ForeignToken" should be marked as abstract.
  --> contract.sol:28:1:
   |
28 | contract ForeignToken {
   | ^ (Relevant source part starts here and spans across multiple lines).
Note: Missing implementation: 
  --> contract.sol:29:5:
   |
29 |     function balanceOf(address _owner) view public returns (uint256);
   |     ^^^^^^^^^^^^^^^^^^^^^^^^^^^^^^^^^^^^^^^^^^^^^^^^^^^^^^^^^^^^^^^^^
Note: Missing implementation: 
  --> contract.sol:30:5:
   |
30 |     function transfer(address _to, uint256 _value) public returns (bool);
   |     ^^^^^^^^^^^^^^^^^^^^^^^^^^^^^^^^^^^^^^^^^^^^^^^^^^^^^^^^^^^^^^^^^^^^^

Error: Contract "ERC20Basic" should be marked as abstract.
  --> contract.sol:33:1:
   |
33 | contract ERC20Basic {
   | ^ (Relevant source part starts here and spans across multiple lines).
Note: Missing implementation: 
  --> contract.sol:35:5:
   |
35 |     function balanceOf(address who) public view returns (uint256);
   |     ^^^^^^^^^^^^^^^^^^^^^^^^^^^^^^^^^^^^^^^^^^^^^^^^^^^^^^^^^^^^^^
Note: Missing implementation: 
  --> contract.sol:36:5:
   |
36 |     function transfer(address to, uint256 value) public returns (bool);
   |     ^^^^^^^^^^^^^^^^^^^^^^^^^^^^^^^^^^^^^^^^^^^^^^^^^^^^^^^^^^^^^^^^^^^

Error: Contract "ERC20" should be marked as abstract.
  --> contract.sol:40:1:
   |
40 | contract ERC20 is ERC20Basic {
   | ^ (Relevant source part starts here and spans across multiple lines).
Note: Missing implementation: 
  --> contract.sol:41:5:
   |
41 |     function allowance(address owner, address spender) public view returns (uint256);
   |     ^^^^^^^^^^^^^^^^^^^^^^^^^^^^^^^^^^^^^^^^^^^^^^^^^^^^^^^^^^^^^^^^^^^^^^^^^^^^^^^^^
Note: Missing implementation: 
  --> contract.sol:43:5:
   |
43 |     function approve(address spender, uint256 value) public returns (bool);
   |     ^^^^^^^^^^^^^^^^^^^^^^^^^^^^^^^^^^^^^^^^^^^^^^^^^^^^^^^^^^^^^^^^^^^^^^^
Note: Missing implementation: 
  --> contract.sol:35:5:
   |
35 |     function balanceOf(address who) public view returns (uint256);
   |     ^^^^^^^^^^^^^^^^^^^^^^^^^^^^^^^^^^^^^^^^^^^^^^^^^^^^^^^^^^^^^^
Note: Missing implementation: 
  --> contract.sol:36:5:
   |
36 |     function transfer(address to, uint256 value) public returns (bool);
   |     ^^^^^^^^^^^^^^^^^^^^^^^^^^^^^^^^^^^^^^^^^^^^^^^^^^^^^^^^^^^^^^^^^^^
Note: Missing implementation: 
  --> contract.sol:42:5:
   |
42 |     function transferFrom(address from, address to, uint256 value) public returns (bool);
   |     ^^^^^^^^^^^^^^^^^^^^^^^^^^^^^^^^^^^^^^^^^^^^^^^^^^^^^^^^^^^^^^^^^^^^^^^^^^^^^^^^^^^^^

Error: Event with same name and parameter types defined twice.
  --> contract.sol:81:5:
   |
81 |     event Approval(address indexed _owner, address indexed _spender, uint256 _value);
   |     ^^^^^^^^^^^^^^^^^^^^^^^^^^^^^^^^^^^^^^^^^^^^^^^^^^^^^^^^^^^^^^^^^^^^^^^^^^^^^^^^^
Note: Other declaration is here:
  --> contract.sol:44:5:
   |
44 |     event Approval(address indexed owner, address indexed spender, uint256 value);
   |     ^^^^^^^^^^^^^^^^^^^^^^^^^^^^^^^^^^^^^^^^^^^^^^^^^^^^^^^^^^^^^^^^^^^^^^^^^^^^^^

Error: Event with same name and parameter types defined twice.
  --> contract.sol:80:5:
   |
80 |     event Transfer(address indexed _from, address indexed _to, uint256 _value);
   |     ^^^^^^^^^^^^^^^^^^^^^^^^^^^^^^^^^^^^^^^^^^^^^^^^^^^^^^^^^^^^^^^^^^^^^^^^^^^
Note: Other declaration is here:
  --> contract.sol:37:5:
   |
37 |     event Transfer(address indexed from, address indexed to, uint256 value);
   |     ^^^^^^^^^^^^^^^^^^^^^^^^^^^^^^^^^^^^^^^^^^^^^^^^^^^^^^^^^^^^^^^^^^^^^^^^

Error: Overriding function is missing "override" specifier.
   --> contract.sol:172:5:
    |
172 |     function balanceOf(address _owner) view public returns (uint256) {
    |     ^ (Relevant source part starts here and spans across multiple lines).
Note: Overridden function is here:
  --> contract.sol:35:5:
   |
35 |     function balanceOf(address who) public view returns (uint256);
   |     ^^^^^^^^^^^^^^^^^^^^^^^^^^^^^^^^^^^^^^^^^^^^^^^^^^^^^^^^^^^^^^

Error: Trying to override non-virtual function. Did you forget to add "virtual"?
  --> contract.sol:35:5:
   |
35 |     function balanceOf(address who) public view returns (uint256);
   |     ^^^^^^^^^^^^^^^^^^^^^^^^^^^^^^^^^^^^^^^^^^^^^^^^^^^^^^^^^^^^^^
Note: Overriding function is here:
   --> contract.sol:172:5:
    |
172 |     function balanceOf(address _owner) view public returns (uint256) {
    |     ^ (Relevant source part starts here and spans across multiple lines).

Error: Overriding function is missing "override" specifier.
   --> contract.sol:181:5:
    |
181 |     function transfer(address _to, uint256 _amount) onlyPayloadSize(2 * 32) public returns (bool success) {
    |     ^ (Relevant source part starts here and spans across multiple lines).
Note: Overridden function is here:
  --> contract.sol:36:5:
   |
36 |     function transfer(address to, uint256 value) public returns (bool);
   |     ^^^^^^^^^^^^^^^^^^^^^^^^^^^^^^^^^^^^^^^^^^^^^^^^^^^^^^^^^^^^^^^^^^^

Error: Trying to override non-virtual function. Did you forget to add "virtual"?
  --> contract.sol:36:5:
   |
36 |     function transfer(address to, uint256 value) public returns (bool);
   |     ^^^^^^^^^^^^^^^^^^^^^^^^^^^^^^^^^^^^^^^^^^^^^^^^^^^^^^^^^^^^^^^^^^^
Note: Overriding function is here:
   --> contract.sol:181:5:
    |
181 |     function transfer(address _to, uint256 _amount) onlyPayloadSize(2 * 32) public returns (bool success) {
    |     ^ (Relevant source part starts here and spans across multiple lines).

Error: Overriding function is missing "override" specifier.
   --> contract.sol:191:5:
    |
191 |     function transferFrom(address _from, address _to, uint256 _amount) onlyPayloadSize(3 * 32) public returns (bool success) {
    |     ^ (Relevant source part starts here and spans across multiple lines).
Note: Overridden function is here:
  --> contract.sol:42:5:
   |
42 |     function transferFrom(address from, address to, uint256 value) public returns (bool);
   |     ^^^^^^^^^^^^^^^^^^^^^^^^^^^^^^^^^^^^^^^^^^^^^^^^^^^^^^^^^^^^^^^^^^^^^^^^^^^^^^^^^^^^^

Error: Trying to override non-virtual function. Did you forget to add "virtual"?
  --> contract.sol:42:5:
   |
42 |     function transferFrom(address from, address to, uint256 value) public returns (bool);
   |     ^^^^^^^^^^^^^^^^^^^^^^^^^^^^^^^^^^^^^^^^^^^^^^^^^^^^^^^^^^^^^^^^^^^^^^^^^^^^^^^^^^^^^
Note: Overriding function is here:
   --> contract.sol:191:5:
    |
191 |     function transferFrom(address _from, address _to, uint256 _amount) onlyPayloadSize(3 * 32) public returns (bool success) {
    |     ^ (Relevant source part starts here and spans across multiple lines).

Error: Overriding function is missing "override" specifier.
   --> contract.sol:203:5:
    |
203 |     function approve(address _spender, uint256 _value) public returns (bool success) {
    |     ^ (Relevant source part starts here and spans across multiple lines).
Note: Overridden function is here:
  --> contract.sol:43:5:
   |
43 |     function approve(address spender, uint256 value) public returns (bool);
   |     ^^^^^^^^^^^^^^^^^^^^^^^^^^^^^^^^^^^^^^^^^^^^^^^^^^^^^^^^^^^^^^^^^^^^^^^

Error: Trying to override non-virtual function. Did you forget to add "virtual"?
  --> contract.sol:43:5:
   |
43 |     function approve(address spender, uint256 value) public returns (bool);
   |     ^^^^^^^^^^^^^^^^^^^^^^^^^^^^^^^^^^^^^^^^^^^^^^^^^^^^^^^^^^^^^^^^^^^^^^^
Note: Overriding function is here:
   --> contract.sol:203:5:
    |
203 |     function approve(address _spender, uint256 _value) public returns (bool success) {
    |     ^ (Relevant source part starts here and spans across multiple lines).

Error: Overriding function is missing "override" specifier.
   --> contract.sol:210:5:
    |
210 |     function allowance(address _owner, address _spender) view public returns (uint256) {
    |     ^ (Relevant source part starts here and spans across multiple lines).
Note: Overridden function is here:
  --> contract.sol:41:5:
   |
41 |     function allowance(address owner, address spender) public view returns (uint256);
   |     ^^^^^^^^^^^^^^^^^^^^^^^^^^^^^^^^^^^^^^^^^^^^^^^^^^^^^^^^^^^^^^^^^^^^^^^^^^^^^^^^^

Error: Trying to override non-virtual function. Did you forget to add "virtual"?
  --> contract.sol:41:5:
   |
41 |     function allowance(address owner, address spender) public view returns (uint256);
   |     ^^^^^^^^^^^^^^^^^^^^^^^^^^^^^^^^^^^^^^^^^^^^^^^^^^^^^^^^^^^^^^^^^^^^^^^^^^^^^^^^^
Note: Overriding function is here:
   --> contract.sol:210:5:
    |
210 |     function allowance(address _owner, address _spender) view public returns (uint256) {
    |     ^ (Relevant source part starts here and spans across multiple lines).

Error: Overriding public state variable is missing "override" specifier.
  --> contract.sol:68:1:
   |
68 | uint256 public totalSupply = 10000000000e18;
   | ^^^^^^^^^^^^^^^^^^^^^^^^^^^^^^^^^^^^^^^^^^^
Note: Overridden public state variable is here:
  --> contract.sol:34:5:
   |
34 |     uint256 public totalSupply;
   |     ^^^^^^^^^^^^^^^^^^^^^^^^^^

Error: Cannot override public state variable.
  --> contract.sol:34:5:
   |
34 |     uint256 public totalSupply;
   |     ^^^^^^^^^^^^^^^^^^^^^^^^^^
Note: Overriding public state variable is here:
  --> contract.sol:68:1:
   |
68 | uint256 public totalSupply = 10000000000e18;
   | ^^^^^^^^^^^^^^^^^^^^^^^^^^^^^^^^^^^^^^^^^^^

Error: Functions without implementation must be marked virtual.
  --> contract.sol:29:5:
   |
29 |     function balanceOf(address _owner) view public returns (uint256);
   |     ^^^^^^^^^^^^^^^^^^^^^^^^^^^^^^^^^^^^^^^^^^^^^^^^^^^^^^^^^^^^^^^^^

Error: Functions without implementation must be marked virtual.
  --> contract.sol:30:5:
   |
30 |     function transfer(address _to, uint256 _value) public returns (bool);
   |     ^^^^^^^^^^^^^^^^^^^^^^^^^^^^^^^^^^^^^^^^^^^^^^^^^^^^^^^^^^^^^^^^^^^^^

Error: Functions without implementation must be marked virtual.
  --> contract.sol:35:5:
   |
35 |     function balanceOf(address who) public view returns (uint256);
   |     ^^^^^^^^^^^^^^^^^^^^^^^^^^^^^^^^^^^^^^^^^^^^^^^^^^^^^^^^^^^^^^

Error: Functions without implementation must be marked virtual.
  --> contract.sol:36:5:
   |
36 |     function transfer(address to, uint256 value) public returns (bool);
   |     ^^^^^^^^^^^^^^^^^^^^^^^^^^^^^^^^^^^^^^^^^^^^^^^^^^^^^^^^^^^^^^^^^^^

Error: Functions without implementation must be marked virtual.
  --> contract.sol:41:5:
   |
41 |     function allowance(address owner, address spender) public view returns (uint256);
   |     ^^^^^^^^^^^^^^^^^^^^^^^^^^^^^^^^^^^^^^^^^^^^^^^^^^^^^^^^^^^^^^^^^^^^^^^^^^^^^^^^^

Error: Functions without implementation must be marked virtual.
  --> contract.sol:42:5:
   |
42 |     function transferFrom(address from, address to, uint256 value) public returns (bool);
   |     ^^^^^^^^^^^^^^^^^^^^^^^^^^^^^^^^^^^^^^^^^^^^^^^^^^^^^^^^^^^^^^^^^^^^^^^^^^^^^^^^^^^^^

Error: Functions without implementation must be marked virtual.
  --> contract.sol:43:5:
   |
43 |     function approve(address spender, uint256 value) public returns (bool);
   |     ^^^^^^^^^^^^^^^^^^^^^^^^^^^^^^^^^^^^^^^^^^^^^^^^^^^^^^^^^^^^^^^^^^^^^^^

Error: Explicit type conversion not allowed from "contract ForeignToken" to "address payable".
   --> contract.sol:238:16:
    |
238 |         return payable(token).transfer(owner, amount);
    |                ^^^^^^^^^^^^^^

Error: Wrong argument count for function call: 2 arguments given but expected 1.
   --> contract.sol:238:16:
    |
238 |         return payable(token).transfer(owner, amount);
    |                ^^^^^^^^^^^^^^^^^^^^^^^^^^^^^^^^^^^^^^

Error: Different number of arguments in return statement than in returns declaration.
   --> contract.sol:238:9:
    |
238 |         return payable(token).transfer(owner, amount);
    |         ^^^^^^^^^^^^^^^^^^^^^^^^^^^^^^^^^^^^^^^^^^^^^


=== applied patch_virtual_unimpl ===
=== iter 4 rc=0 ===
Warning: SPDX license identifier not provided in source file. Before publishing, consider adding a comment containing "SPDX-License-Identifier: <SPDX-License>" to each source file. Use "SPDX-License-Identifier: UNLICENSED" for non-open-source code. Please see https://spdx.org for more information.
--> contract.sol


=== full compile rc=1 ===
Warning: SPDX license identifier not provided in source file. Before publishing, consider adding a comment containing "SPDX-License-Identifier: <SPDX-License>" to each source file. Use "SPDX-License-Identifier: UNLICENSED" for non-open-source code. Please see https://spdx.org for more information.
--> contract.sol

Error: Functions are not allowed to have the same name as the contract. If you intend this to be a constructor, use "constructor(...) { ... }" to define it.
   --> contract.sol:105:5:
    |
105 |     function grip() public {
    |     ^ (Relevant source part starts here and spans across multiple lines).

Warning: This declaration shadows an existing declaration.
   --> contract.sol:105:5:
    |
105 |     function grip() public {
    |     ^ (Relevant source part starts here and spans across multiple lines).
Note: The shadowed declaration is here:
  --> contract.sol:53:1:
   |
53 | contract grip is ERC20 {
   | ^ (Relevant source part starts here and spans across multiple lines).

Error: Identifier already declared.
  --> contract.sol:68:1:
   |
68 | uint256 public totalSupply = 10000000000e18;
   | ^^^^^^^^^^^^^^^^^^^^^^^^^^^^^^^^^^^^^^^^^^^
Note: The previous declaration is here:
  --> contract.sol:34:5:
   |
34 |     uint256 public totalSupply;
   |     ^^^^^^^^^^^^^^^^^^^^^^^^^^

Error: Contract "ForeignToken" should be marked as abstract.
  --> contract.sol:28:1:
   |
28 | contract ForeignToken {
   | ^ (Relevant source part starts here and spans across multiple lines).
Note: Missing implementation: 
  --> contract.sol:29:5:
   |
29 |     function balanceOf(address _owner) view public returns (uint256);
   |     ^^^^^^^^^^^^^^^^^^^^^^^^^^^^^^^^^^^^^^^^^^^^^^^^^^^^^^^^^^^^^^^^^
Note: Missing implementation: 
  --> contract.sol:30:5:
   |
30 |     function transfer(address _to, uint256 _value) public virtual returns (bool);
   |     ^^^^^^^^^^^^^^^^^^^^^^^^^^^^^^^^^^^^^^^^^^^^^^^^^^^^^^^^^^^^^^^^^^^^^^^^^^^^^

Error: Contract "ERC20Basic" should be marked as abstract.
  --> contract.sol:33:1:
   |
33 | contract ERC20Basic {
   | ^ (Relevant source part starts here and spans across multiple lines).
Note: Missing implementation: 
  --> contract.sol:35:5:
   |
35 |     function balanceOf(address who) public view virtual returns (uint256);
   |     ^^^^^^^^^^^^^^^^^^^^^^^^^^^^^^^^^^^^^^^^^^^^^^^^^^^^^^^^^^^^^^^^^^^^^^
Note: Missing implementation: 
  --> contract.sol:36:5:
   |
36 |     function transfer(address to, uint256 value) public virtual returns (bool);
   |     ^^^^^^^^^^^^^^^^^^^^^^^^^^^^^^^^^^^^^^^^^^^^^^^^^^^^^^^^^^^^^^^^^^^^^^^^^^^

Error: Contract "ERC20" should be marked as abstract.
  --> contract.sol:40:1:
   |
40 | contract ERC20 is ERC20Basic {
   | ^ (Relevant source part starts here and spans across multiple lines).
Note: Missing implementation: 
  --> contract.sol:41:5:
   |
41 |     function allowance(address owner, address spender) public view virtual returns (uint256);
   |     ^^^^^^^^^^^^^^^^^^^^^^^^^^^^^^^^^^^^^^^^^^^^^^^^^^^^^^^^^^^^^^^^^^^^^^^^^^^^^^^^^^^^^^^^^
Note: Missing implementation: 
  --> contract.sol:43:5:
   |
43 |     function approve(address spender, uint256 value) public virtual returns (bool);
   |     ^^^^^^^^^^^^^^^^^^^^^^^^^^^^^^^^^^^^^^^^^^^^^^^^^^^^^^^^^^^^^^^^^^^^^^^^^^^^^^^
Note: Missing implementation: 
  --> contract.sol:35:5:
   |
35 |     function balanceOf(address who) public view virtual returns (uint256);
   |     ^^^^^^^^^^^^^^^^^^^^^^^^^^^^^^^^^^^^^^^^^^^^^^^^^^^^^^^^^^^^^^^^^^^^^^
Note: Missing implementation: 
  --> contract.sol:36:5:
   |
36 |     function transfer(address to, uint256 value) public virtual returns (bool);
   |     ^^^^^^^^^^^^^^^^^^^^^^^^^^^^^^^^^^^^^^^^^^^^^^^^^^^^^^^^^^^^^^^^^^^^^^^^^^^
Note: Missing implementation: 
  --> contract.sol:42:5:
   |
42 |     function transferFrom(address from, address to, uint256 value) public virtual returns (bool);
   |     ^^^^^^^^^^^^^^^^^^^^^^^^^^^^^^^^^^^^^^^^^^^^^^^^^^^^^^^^^^^^^^^^^^^^^^^^^^^^^^^^^^^^^^^^^^^^^

Error: Event with same name and parameter types defined twice.
  --> contract.sol:81:5:
   |
81 |     event Approval(address indexed _owner, address indexed _spender, uint256 _value);
   |     ^^^^^^^^^^^^^^^^^^^^^^^^^^^^^^^^^^^^^^^^^^^^^^^^^^^^^^^^^^^^^^^^^^^^^^^^^^^^^^^^^
Note: Other declaration is here:
  --> contract.sol:44:5:
   |
44 |     event Approval(address indexed owner, address indexed spender, uint256 value);
   |     ^^^^^^^^^^^^^^^^^^^^^^^^^^^^^^^^^^^^^^^^^^^^^^^^^^^^^^^^^^^^^^^^^^^^^^^^^^^^^^

Error: Event with same name and parameter types defined twice.
  --> contract.sol:80:5:
   |
80 |     event Transfer(address indexed _from, address indexed _to, uint256 _value);
   |     ^^^^^^^^^^^^^^^^^^^^^^^^^^^^^^^^^^^^^^^^^^^^^^^^^^^^^^^^^^^^^^^^^^^^^^^^^^^
Note: Other declaration is here:
  --> contract.sol:37:5:
   |
37 |     event Transfer(address indexed from, address indexed to, uint256 value);
   |     ^^^^^^^^^^^^^^^^^^^^^^^^^^^^^^^^^^^^^^^^^^^^^^^^^^^^^^^^^^^^^^^^^^^^^^^^

Error: Overriding function is missing "override" specifier.
   --> contract.sol:172:5:
    |
172 |     function balanceOf(address _owner) view public returns (uint256) {
    |     ^ (Relevant source part starts here and spans across multiple lines).
Note: Overridden function is here:
  --> contract.sol:35:5:
   |
35 |     function balanceOf(address who) public view virtual returns (uint256);
   |     ^^^^^^^^^^^^^^^^^^^^^^^^^^^^^^^^^^^^^^^^^^^^^^^^^^^^^^^^^^^^^^^^^^^^^^

Error: Overriding function is missing "override" specifier.
   --> contract.sol:181:5:
    |
181 |     function transfer(address _to, uint256 _amount) onlyPayloadSize(2 * 32) public returns (bool success) {
    |     ^ (Relevant source part starts here and spans across multiple lines).
Note: Overridden function is here:
  --> contract.sol:36:5:
   |
36 |     function transfer(address to, uint256 value) public virtual returns (bool);
   |     ^^^^^^^^^^^^^^^^^^^^^^^^^^^^^^^^^^^^^^^^^^^^^^^^^^^^^^^^^^^^^^^^^^^^^^^^^^^

Error: Overriding function is missing "override" specifier.
   --> contract.sol:191:5:
    |
191 |     function transferFrom(address _from, address _to, uint256 _amount) onlyPayloadSize(3 * 32) public returns (bool success) {
    |     ^ (Relevant source part starts here and spans across multiple lines).
Note: Overridden function is here:
  --> contract.sol:42:5:
   |
42 |     function transferFrom(address from, address to, uint256 value) public virtual returns (bool);
   |     ^^^^^^^^^^^^^^^^^^^^^^^^^^^^^^^^^^^^^^^^^^^^^^^^^^^^^^^^^^^^^^^^^^^^^^^^^^^^^^^^^^^^^^^^^^^^^

Error: Overriding function is missing "override" specifier.
   --> contract.sol:203:5:
    |
203 |     function approve(address _spender, uint256 _value) public returns (bool success) {
    |     ^ (Relevant source part starts here and spans across multiple lines).
Note: Overridden function is here:
  --> contract.sol:43:5:
   |
43 |     function approve(address spender, uint256 value) public virtual returns (bool);
   |     ^^^^^^^^^^^^^^^^^^^^^^^^^^^^^^^^^^^^^^^^^^^^^^^^^^^^^^^^^^^^^^^^^^^^^^^^^^^^^^^

Error: Overriding function is missing "override" specifier.
   --> contract.sol:210:5:
    |
210 |     function allowance(address _owner, address _spender) view public returns (uint256) {
    |     ^ (Relevant source part starts here and spans across multiple lines).
Note: Overridden function is here:
  --> contract.sol:41:5:
   |
41 |     function allowance(address owner, address spender) public view virtual returns (uint256);
   |     ^^^^^^^^^^^^^^^^^^^^^^^^^^^^^^^^^^^^^^^^^^^^^^^^^^^^^^^^^^^^^^^^^^^^^^^^^^^^^^^^^^^^^^^^^

Error: Overriding public state variable is missing "override" specifier.
  --> contract.sol:68:1:
   |
68 | uint256 public totalSupply = 10000000000e18;
   | ^^^^^^^^^^^^^^^^^^^^^^^^^^^^^^^^^^^^^^^^^^^
Note: Overridden public state variable is here:
  --> contract.sol:34:5:
   |
34 |     uint256 public totalSupply;
   |     ^^^^^^^^^^^^^^^^^^^^^^^^^^

Error: Cannot override public state variable.
  --> contract.sol:34:5:
   |
34 |     uint256 public totalSupply;
   |     ^^^^^^^^^^^^^^^^^^^^^^^^^^
Note: Overriding public state variable is here:
  --> contract.sol:68:1:
   |
68 | uint256 public totalSupply = 10000000000e18;
   | ^^^^^^^^^^^^^^^^^^^^^^^^^^^^^^^^^^^^^^^^^^^

Error: Functions without implementation must be marked virtual.
  --> contract.sol:29:5:
   |
29 |     function balanceOf(address _owner) view public returns (uint256);
   |     ^^^^^^^^^^^^^^^^^^^^^^^^^^^^^^^^^^^^^^^^^^^^^^^^^^^^^^^^^^^^^^^^^

Warning: Interface functions are implicitly "virtual"
  --> contract.sol:48:5:
   |
48 |     function distr(address _to, uint256 _value) external virtual returns (bool);
   |     ^^^^^^^^^^^^^^^^^^^^^^^^^^^^^^^^^^^^^^^^^^^^^^^^^^^^^^^^^^^^^^^^^^^^^^^^^^^^

Error: Explicit type conversion not allowed from "contract ForeignToken" to "address payable".
   --> contract.sol:238:16:
    |
238 |         return payable(token).transfer(owner, amount);
    |                ^^^^^^^^^^^^^^

Error: Wrong argument count for function call: 2 arguments given but expected 1.
   --> contract.sol:238:16:
    |
238 |         return payable(token).transfer(owner, amount);
    |                ^^^^^^^^^^^^^^^^^^^^^^^^^^^^^^^^^^^^^^

Error: Different number of arguments in return statement than in returns declaration.
   --> contract.sol:238:9:
    |
238 |         return payable(token).transfer(owner, amount);
    |         ^^^^^^^^^^^^^^^^^^^^^^^^^^^^^^^^^^^^^^^^^^^^^


=== applied patch_override_needed ===
=== iter 5 rc=0 ===
Warning: SPDX license identifier not provided in source file. Before publishing, consider adding a comment containing "SPDX-License-Identifier: <SPDX-License>" to each source file. Use "SPDX-License-Identifier: UNLICENSED" for non-open-source code. Please see https://spdx.org for more information.
--> contract.sol


=== full compile rc=1 ===
Warning: SPDX license identifier not provided in source file. Before publishing, consider adding a comment containing "SPDX-License-Identifier: <SPDX-License>" to each source file. Use "SPDX-License-Identifier: UNLICENSED" for non-open-source code. Please see https://spdx.org for more information.
--> contract.sol

Error: Functions are not allowed to have the same name as the contract. If you intend this to be a constructor, use "constructor(...) { ... }" to define it.
   --> contract.sol:105:5:
    |
105 |     function grip() public {
    |     ^ (Relevant source part starts here and spans across multiple lines).

Warning: This declaration shadows an existing declaration.
   --> contract.sol:105:5:
    |
105 |     function grip() public {
    |     ^ (Relevant source part starts here and spans across multiple lines).
Note: The shadowed declaration is here:
  --> contract.sol:53:1:
   |
53 | contract grip is ERC20 {
   | ^ (Relevant source part starts here and spans across multiple lines).

Error: Identifier already declared.
  --> contract.sol:68:1:
   |
68 | uint256 public totalSupply = 10000000000e18;
   | ^^^^^^^^^^^^^^^^^^^^^^^^^^^^^^^^^^^^^^^^^^^
Note: The previous declaration is here:
  --> contract.sol:34:5:
   |
34 |     uint256 public totalSupply;
   |     ^^^^^^^^^^^^^^^^^^^^^^^^^^

Error: Contract "ForeignToken" should be marked as abstract.
  --> contract.sol:28:1:
   |
28 | contract ForeignToken {
   | ^ (Relevant source part starts here and spans across multiple lines).
Note: Missing implementation: 
  --> contract.sol:29:5:
   |
29 |     function balanceOf(address _owner) view public returns (uint256);
   |     ^^^^^^^^^^^^^^^^^^^^^^^^^^^^^^^^^^^^^^^^^^^^^^^^^^^^^^^^^^^^^^^^^
Note: Missing implementation: 
  --> contract.sol:30:5:
   |
30 |     function transfer(address _to, uint256 _value) public virtual returns (bool);
   |     ^^^^^^^^^^^^^^^^^^^^^^^^^^^^^^^^^^^^^^^^^^^^^^^^^^^^^^^^^^^^^^^^^^^^^^^^^^^^^

Error: Contract "ERC20Basic" should be marked as abstract.
  --> contract.sol:33:1:
   |
33 | contract ERC20Basic {
   | ^ (Relevant source part starts here and spans across multiple lines).
Note: Missing implementation: 
  --> contract.sol:35:5:
   |
35 |     function balanceOf(address who) public view virtual returns (uint256);
   |     ^^^^^^^^^^^^^^^^^^^^^^^^^^^^^^^^^^^^^^^^^^^^^^^^^^^^^^^^^^^^^^^^^^^^^^
Note: Missing implementation: 
  --> contract.sol:36:5:
   |
36 |     function transfer(address to, uint256 value) public virtual returns (bool);
   |     ^^^^^^^^^^^^^^^^^^^^^^^^^^^^^^^^^^^^^^^^^^^^^^^^^^^^^^^^^^^^^^^^^^^^^^^^^^^

Error: Contract "ERC20" should be marked as abstract.
  --> contract.sol:40:1:
   |
40 | contract ERC20 is ERC20Basic {
   | ^ (Relevant source part starts here and spans across multiple lines).
Note: Missing implementation: 
  --> contract.sol:41:5:
   |
41 |     function allowance(address owner, address spender) public view virtual returns (uint256);
   |     ^^^^^^^^^^^^^^^^^^^^^^^^^^^^^^^^^^^^^^^^^^^^^^^^^^^^^^^^^^^^^^^^^^^^^^^^^^^^^^^^^^^^^^^^^
Note: Missing implementation: 
  --> contract.sol:43:5:
   |
43 |     function approve(address spender, uint256 value) public virtual returns (bool);
   |     ^^^^^^^^^^^^^^^^^^^^^^^^^^^^^^^^^^^^^^^^^^^^^^^^^^^^^^^^^^^^^^^^^^^^^^^^^^^^^^^
Note: Missing implementation: 
  --> contract.sol:35:5:
   |
35 |     function balanceOf(address who) public view virtual returns (uint256);
   |     ^^^^^^^^^^^^^^^^^^^^^^^^^^^^^^^^^^^^^^^^^^^^^^^^^^^^^^^^^^^^^^^^^^^^^^
Note: Missing implementation: 
  --> contract.sol:36:5:
   |
36 |     function transfer(address to, uint256 value) public virtual returns (bool);
   |     ^^^^^^^^^^^^^^^^^^^^^^^^^^^^^^^^^^^^^^^^^^^^^^^^^^^^^^^^^^^^^^^^^^^^^^^^^^^
Note: Missing implementation: 
  --> contract.sol:42:5:
   |
42 |     function transferFrom(address from, address to, uint256 value) public virtual returns (bool);
   |     ^^^^^^^^^^^^^^^^^^^^^^^^^^^^^^^^^^^^^^^^^^^^^^^^^^^^^^^^^^^^^^^^^^^^^^^^^^^^^^^^^^^^^^^^^^^^^

Error: Event with same name and parameter types defined twice.
  --> contract.sol:81:5:
   |
81 |     event Approval(address indexed _owner, address indexed _spender, uint256 _value);
   |     ^^^^^^^^^^^^^^^^^^^^^^^^^^^^^^^^^^^^^^^^^^^^^^^^^^^^^^^^^^^^^^^^^^^^^^^^^^^^^^^^^
Note: Other declaration is here:
  --> contract.sol:44:5:
   |
44 |     event Approval(address indexed owner, address indexed spender, uint256 value);
   |     ^^^^^^^^^^^^^^^^^^^^^^^^^^^^^^^^^^^^^^^^^^^^^^^^^^^^^^^^^^^^^^^^^^^^^^^^^^^^^^

Error: Event with same name and parameter types defined twice.
  --> contract.sol:80:5:
   |
80 |     event Transfer(address indexed _from, address indexed _to, uint256 _value);
   |     ^^^^^^^^^^^^^^^^^^^^^^^^^^^^^^^^^^^^^^^^^^^^^^^^^^^^^^^^^^^^^^^^^^^^^^^^^^^
Note: Other declaration is here:
  --> contract.sol:37:5:
   |
37 |     event Transfer(address indexed from, address indexed to, uint256 value);
   |     ^^^^^^^^^^^^^^^^^^^^^^^^^^^^^^^^^^^^^^^^^^^^^^^^^^^^^^^^^^^^^^^^^^^^^^^^

Error: Overriding function is missing "override" specifier.
   --> contract.sol:172:5:
    |
172 |     function balanceOf(address _owner) view public returns (uint256) {
    |     ^ (Relevant source part starts here and spans across multiple lines).
Note: Overridden function is here:
  --> contract.sol:35:5:
   |
35 |     function balanceOf(address who) public view virtual returns (uint256);
   |     ^^^^^^^^^^^^^^^^^^^^^^^^^^^^^^^^^^^^^^^^^^^^^^^^^^^^^^^^^^^^^^^^^^^^^^

Error: Overriding function is missing "override" specifier.
   --> contract.sol:181:5:
    |
181 |     function transfer(address _to, uint256 _amount) onlyPayloadSize(2 * 32) public returns (bool success) {
    |     ^ (Relevant source part starts here and spans across multiple lines).
Note: Overridden function is here:
  --> contract.sol:36:5:
   |
36 |     function transfer(address to, uint256 value) public virtual returns (bool);
   |     ^^^^^^^^^^^^^^^^^^^^^^^^^^^^^^^^^^^^^^^^^^^^^^^^^^^^^^^^^^^^^^^^^^^^^^^^^^^

Error: Overriding function is missing "override" specifier.
   --> contract.sol:191:5:
    |
191 |     function transferFrom(address _from, address _to, uint256 _amount) onlyPayloadSize(3 * 32) public returns (bool success) {
    |     ^ (Relevant source part starts here and spans across multiple lines).
Note: Overridden function is here:
  --> contract.sol:42:5:
   |
42 |     function transferFrom(address from, address to, uint256 value) public virtual returns (bool);
   |     ^^^^^^^^^^^^^^^^^^^^^^^^^^^^^^^^^^^^^^^^^^^^^^^^^^^^^^^^^^^^^^^^^^^^^^^^^^^^^^^^^^^^^^^^^^^^^

Error: Overriding function is missing "override" specifier.
   --> contract.sol:210:5:
    |
210 |     function allowance(address _owner, address _spender) view public returns (uint256) {
    |     ^ (Relevant source part starts here and spans across multiple lines).
Note: Overridden function is here:
  --> contract.sol:41:5:
   |
41 |     function allowance(address owner, address spender) public view virtual returns (uint256);
   |     ^^^^^^^^^^^^^^^^^^^^^^^^^^^^^^^^^^^^^^^^^^^^^^^^^^^^^^^^^^^^^^^^^^^^^^^^^^^^^^^^^^^^^^^^^

Error: Overriding public state variable is missing "override" specifier.
  --> contract.sol:68:1:
   |
68 | uint256 public totalSupply = 10000000000e18;
   | ^^^^^^^^^^^^^^^^^^^^^^^^^^^^^^^^^^^^^^^^^^^
Note: Overridden public state variable is here:
  --> contract.sol:34:5:
   |
34 |     uint256 public totalSupply;
   |     ^^^^^^^^^^^^^^^^^^^^^^^^^^

Error: Cannot override public state variable.
  --> contract.sol:34:5:
   |
34 |     uint256 public totalSupply;
   |     ^^^^^^^^^^^^^^^^^^^^^^^^^^
Note: Overriding public state variable is here:
  --> contract.sol:68:1:
   |
68 | uint256 public totalSupply = 10000000000e18;
   | ^^^^^^^^^^^^^^^^^^^^^^^^^^^^^^^^^^^^^^^^^^^

Error: Functions without implementation must be marked virtual.
  --> contract.sol:29:5:
   |
29 |     function balanceOf(address _owner) view public returns (uint256);
   |     ^^^^^^^^^^^^^^^^^^^^^^^^^^^^^^^^^^^^^^^^^^^^^^^^^^^^^^^^^^^^^^^^^

Warning: Interface functions are implicitly "virtual"
  --> contract.sol:48:5:
   |
48 |     function distr(address _to, uint256 _value) external virtual returns (bool);
   |     ^^^^^^^^^^^^^^^^^^^^^^^^^^^^^^^^^^^^^^^^^^^^^^^^^^^^^^^^^^^^^^^^^^^^^^^^^^^^

Error: Explicit type conversion not allowed from "contract ForeignToken" to "address payable".
   --> contract.sol:238:16:
    |
238 |         return payable(token).transfer(owner, amount);
    |                ^^^^^^^^^^^^^^

Error: Wrong argument count for function call: 2 arguments given but expected 1.
   --> contract.sol:238:16:
    |
238 |         return payable(token).transfer(owner, amount);
    |                ^^^^^^^^^^^^^^^^^^^^^^^^^^^^^^^^^^^^^^

Error: Different number of arguments in return statement than in returns declaration.
   --> contract.sol:238:9:
    |
238 |         return payable(token).transfer(owner, amount);
    |         ^^^^^^^^^^^^^^^^^^^^^^^^^^^^^^^^^^^^^^^^^^^^^


=== applied patch_payable_contract_cast ===
=== iter 6 rc=0 ===
Warning: SPDX license identifier not provided in source file. Before publishing, consider adding a comment containing "SPDX-License-Identifier: <SPDX-License>" to each source file. Use "SPDX-License-Identifier: UNLICENSED" for non-open-source code. Please see https://spdx.org for more information.
--> contract.sol


=== full compile rc=1 ===
Warning: SPDX license identifier not provided in source file. Before publishing, consider adding a comment containing "SPDX-License-Identifier: <SPDX-License>" to each source file. Use "SPDX-License-Identifier: UNLICENSED" for non-open-source code. Please see https://spdx.org for more information.
--> contract.sol

Error: Functions are not allowed to have the same name as the contract. If you intend this to be a constructor, use "constructor(...) { ... }" to define it.
   --> contract.sol:105:5:
    |
105 |     function grip() public {
    |     ^ (Relevant source part starts here and spans across multiple lines).

Warning: This declaration shadows an existing declaration.
   --> contract.sol:105:5:
    |
105 |     function grip() public {
    |     ^ (Relevant source part starts here and spans across multiple lines).
Note: The shadowed declaration is here:
  --> contract.sol:53:1:
   |
53 | contract grip is ERC20 {
   | ^ (Relevant source part starts here and spans across multiple lines).

Error: Identifier already declared.
  --> contract.sol:68:1:
   |
68 | uint256 public totalSupply = 10000000000e18;
   | ^^^^^^^^^^^^^^^^^^^^^^^^^^^^^^^^^^^^^^^^^^^
Note: The previous declaration is here:
  --> contract.sol:34:5:
   |
34 |     uint256 public totalSupply;
   |     ^^^^^^^^^^^^^^^^^^^^^^^^^^

Error: Contract "ForeignToken" should be marked as abstract.
  --> contract.sol:28:1:
   |
28 | contract ForeignToken {
   | ^ (Relevant source part starts here and spans across multiple lines).
Note: Missing implementation: 
  --> contract.sol:29:5:
   |
29 |     function balanceOf(address _owner) view public returns (uint256);
   |     ^^^^^^^^^^^^^^^^^^^^^^^^^^^^^^^^^^^^^^^^^^^^^^^^^^^^^^^^^^^^^^^^^
Note: Missing implementation: 
  --> contract.sol:30:5:
   |
30 |     function transfer(address _to, uint256 _value) public virtual returns (bool);
   |     ^^^^^^^^^^^^^^^^^^^^^^^^^^^^^^^^^^^^^^^^^^^^^^^^^^^^^^^^^^^^^^^^^^^^^^^^^^^^^

Error: Contract "ERC20Basic" should be marked as abstract.
  --> contract.sol:33:1:
   |
33 | contract ERC20Basic {
   | ^ (Relevant source part starts here and spans across multiple lines).
Note: Missing implementation: 
  --> contract.sol:35:5:
   |
35 |     function balanceOf(address who) public view virtual returns (uint256);
   |     ^^^^^^^^^^^^^^^^^^^^^^^^^^^^^^^^^^^^^^^^^^^^^^^^^^^^^^^^^^^^^^^^^^^^^^
Note: Missing implementation: 
  --> contract.sol:36:5:
   |
36 |     function transfer(address to, uint256 value) public virtual returns (bool);
   |     ^^^^^^^^^^^^^^^^^^^^^^^^^^^^^^^^^^^^^^^^^^^^^^^^^^^^^^^^^^^^^^^^^^^^^^^^^^^

Error: Contract "ERC20" should be marked as abstract.
  --> contract.sol:40:1:
   |
40 | contract ERC20 is ERC20Basic {
   | ^ (Relevant source part starts here and spans across multiple lines).
Note: Missing implementation: 
  --> contract.sol:41:5:
   |
41 |     function allowance(address owner, address spender) public view virtual returns (uint256);
   |     ^^^^^^^^^^^^^^^^^^^^^^^^^^^^^^^^^^^^^^^^^^^^^^^^^^^^^^^^^^^^^^^^^^^^^^^^^^^^^^^^^^^^^^^^^
Note: Missing implementation: 
  --> contract.sol:43:5:
   |
43 |     function approve(address spender, uint256 value) public virtual returns (bool);
   |     ^^^^^^^^^^^^^^^^^^^^^^^^^^^^^^^^^^^^^^^^^^^^^^^^^^^^^^^^^^^^^^^^^^^^^^^^^^^^^^^
Note: Missing implementation: 
  --> contract.sol:35:5:
   |
35 |     function balanceOf(address who) public view virtual returns (uint256);
   |     ^^^^^^^^^^^^^^^^^^^^^^^^^^^^^^^^^^^^^^^^^^^^^^^^^^^^^^^^^^^^^^^^^^^^^^
Note: Missing implementation: 
  --> contract.sol:36:5:
   |
36 |     function transfer(address to, uint256 value) public virtual returns (bool);
   |     ^^^^^^^^^^^^^^^^^^^^^^^^^^^^^^^^^^^^^^^^^^^^^^^^^^^^^^^^^^^^^^^^^^^^^^^^^^^
Note: Missing implementation: 
  --> contract.sol:42:5:
   |
42 |     function transferFrom(address from, address to, uint256 value) public virtual returns (bool);
   |     ^^^^^^^^^^^^^^^^^^^^^^^^^^^^^^^^^^^^^^^^^^^^^^^^^^^^^^^^^^^^^^^^^^^^^^^^^^^^^^^^^^^^^^^^^^^^^

Error: Event with same name and parameter types defined twice.
  --> contract.sol:81:5:
   |
81 |     event Approval(address indexed _owner, address indexed _spender, uint256 _value);
   |     ^^^^^^^^^^^^^^^^^^^^^^^^^^^^^^^^^^^^^^^^^^^^^^^^^^^^^^^^^^^^^^^^^^^^^^^^^^^^^^^^^
Note: Other declaration is here:
  --> contract.sol:44:5:
   |
44 |     event Approval(address indexed owner, address indexed spender, uint256 value);
   |     ^^^^^^^^^^^^^^^^^^^^^^^^^^^^^^^^^^^^^^^^^^^^^^^^^^^^^^^^^^^^^^^^^^^^^^^^^^^^^^

Error: Event with same name and parameter types defined twice.
  --> contract.sol:80:5:
   |
80 |     event Transfer(address indexed _from, address indexed _to, uint256 _value);
   |     ^^^^^^^^^^^^^^^^^^^^^^^^^^^^^^^^^^^^^^^^^^^^^^^^^^^^^^^^^^^^^^^^^^^^^^^^^^^
Note: Other declaration is here:
  --> contract.sol:37:5:
   |
37 |     event Transfer(address indexed from, address indexed to, uint256 value);
   |     ^^^^^^^^^^^^^^^^^^^^^^^^^^^^^^^^^^^^^^^^^^^^^^^^^^^^^^^^^^^^^^^^^^^^^^^^

Error: Overriding function is missing "override" specifier.
   --> contract.sol:172:5:
    |
172 |     function balanceOf(address _owner) view public returns (uint256) {
    |     ^ (Relevant source part starts here and spans across multiple lines).
Note: Overridden function is here:
  --> contract.sol:35:5:
   |
35 |     function balanceOf(address who) public view virtual returns (uint256);
   |     ^^^^^^^^^^^^^^^^^^^^^^^^^^^^^^^^^^^^^^^^^^^^^^^^^^^^^^^^^^^^^^^^^^^^^^

Error: Overriding function is missing "override" specifier.
   --> contract.sol:181:5:
    |
181 |     function transfer(address _to, uint256 _amount) onlyPayloadSize(2 * 32) public returns (bool success) {
    |     ^ (Relevant source part starts here and spans across multiple lines).
Note: Overridden function is here:
  --> contract.sol:36:5:
   |
36 |     function transfer(address to, uint256 value) public virtual returns (bool);
   |     ^^^^^^^^^^^^^^^^^^^^^^^^^^^^^^^^^^^^^^^^^^^^^^^^^^^^^^^^^^^^^^^^^^^^^^^^^^^

Error: Overriding function is missing "override" specifier.
   --> contract.sol:191:5:
    |
191 |     function transferFrom(address _from, address _to, uint256 _amount) onlyPayloadSize(3 * 32) public returns (bool success) {
    |     ^ (Relevant source part starts here and spans across multiple lines).
Note: Overridden function is here:
  --> contract.sol:42:5:
   |
42 |     function transferFrom(address from, address to, uint256 value) public virtual returns (bool);
   |     ^^^^^^^^^^^^^^^^^^^^^^^^^^^^^^^^^^^^^^^^^^^^^^^^^^^^^^^^^^^^^^^^^^^^^^^^^^^^^^^^^^^^^^^^^^^^^

Error: Overriding function is missing "override" specifier.
   --> contract.sol:210:5:
    |
210 |     function allowance(address _owner, address _spender) view public returns (uint256) {
    |     ^ (Relevant source part starts here and spans across multiple lines).
Note: Overridden function is here:
  --> contract.sol:41:5:
   |
41 |     function allowance(address owner, address spender) public view virtual returns (uint256);
   |     ^^^^^^^^^^^^^^^^^^^^^^^^^^^^^^^^^^^^^^^^^^^^^^^^^^^^^^^^^^^^^^^^^^^^^^^^^^^^^^^^^^^^^^^^^

Error: Overriding public state variable is missing "override" specifier.
  --> contract.sol:68:1:
   |
68 | uint256 public totalSupply = 10000000000e18;
   | ^^^^^^^^^^^^^^^^^^^^^^^^^^^^^^^^^^^^^^^^^^^
Note: Overridden public state variable is here:
  --> contract.sol:34:5:
   |
34 |     uint256 public totalSupply;
   |     ^^^^^^^^^^^^^^^^^^^^^^^^^^

Error: Cannot override public state variable.
  --> contract.sol:34:5:
   |
34 |     uint256 public totalSupply;
   |     ^^^^^^^^^^^^^^^^^^^^^^^^^^
Note: Overriding public state variable is here:
  --> contract.sol:68:1:
   |
68 | uint256 public totalSupply = 10000000000e18;
   | ^^^^^^^^^^^^^^^^^^^^^^^^^^^^^^^^^^^^^^^^^^^

Error: Functions without implementation must be marked virtual.
  --> contract.sol:29:5:
   |
29 |     function balanceOf(address _owner) view public returns (uint256);
   |     ^^^^^^^^^^^^^^^^^^^^^^^^^^^^^^^^^^^^^^^^^^^^^^^^^^^^^^^^^^^^^^^^^

Warning: Interface functions are implicitly "virtual"
  --> contract.sol:48:5:
   |
48 |     function distr(address _to, uint256 _value) external virtual returns (bool);
   |     ^^^^^^^^^^^^^^^^^^^^^^^^^^^^^^^^^^^^^^^^^^^^^^^^^^^^^^^^^^^^^^^^^^^^^^^^^^^^

Error: Wrong argument count for function call: 2 arguments given but expected 1.
   --> contract.sol:238:16:
    |
238 |         return payable(address(token)).transfer(owner, amount);
    |                ^^^^^^^^^^^^^^^^^^^^^^^^^^^^^^^^^^^^^^^^^^^^^^^

Error: Different number of arguments in return statement than in returns declaration.
   --> contract.sol:238:9:
    |
238 |         return payable(address(token)).transfer(owner, amount);
    |         ^^^^^^^^^^^^^^^^^^^^^^^^^^^^^^^^^^^^^^^^^^^^^^^^^^^^^^


=== applied patch_mark_abstract ===
=== iter 7 rc=0 ===
Warning: SPDX license identifier not provided in source file. Before publishing, consider adding a comment containing "SPDX-License-Identifier: <SPDX-License>" to each source file. Use "SPDX-License-Identifier: UNLICENSED" for non-open-source code. Please see https://spdx.org for more information.
--> contract.sol


=== full compile rc=1 ===
Warning: SPDX license identifier not provided in source file. Before publishing, consider adding a comment containing "SPDX-License-Identifier: <SPDX-License>" to each source file. Use "SPDX-License-Identifier: UNLICENSED" for non-open-source code. Please see https://spdx.org for more information.
--> contract.sol

Error: Functions are not allowed to have the same name as the contract. If you intend this to be a constructor, use "constructor(...) { ... }" to define it.
   --> contract.sol:105:5:
    |
105 |     function grip() public {
    |     ^ (Relevant source part starts here and spans across multiple lines).

Warning: This declaration shadows an existing declaration.
   --> contract.sol:105:5:
    |
105 |     function grip() public {
    |     ^ (Relevant source part starts here and spans across multiple lines).
Note: The shadowed declaration is here:
  --> contract.sol:53:1:
   |
53 | contract grip is ERC20 {
   | ^ (Relevant source part starts here and spans across multiple lines).

Error: Identifier already declared.
  --> contract.sol:68:1:
   |
68 | uint256 public totalSupply = 10000000000e18;
   | ^^^^^^^^^^^^^^^^^^^^^^^^^^^^^^^^^^^^^^^^^^^
Note: The previous declaration is here:
  --> contract.sol:34:5:
   |
34 |     uint256 public totalSupply;
   |     ^^^^^^^^^^^^^^^^^^^^^^^^^^

Error: Event with same name and parameter types defined twice.
  --> contract.sol:81:5:
   |
81 |     event Approval(address indexed _owner, address indexed _spender, uint256 _value);
   |     ^^^^^^^^^^^^^^^^^^^^^^^^^^^^^^^^^^^^^^^^^^^^^^^^^^^^^^^^^^^^^^^^^^^^^^^^^^^^^^^^^
Note: Other declaration is here:
  --> contract.sol:44:5:
   |
44 |     event Approval(address indexed owner, address indexed spender, uint256 value);
   |     ^^^^^^^^^^^^^^^^^^^^^^^^^^^^^^^^^^^^^^^^^^^^^^^^^^^^^^^^^^^^^^^^^^^^^^^^^^^^^^

Error: Event with same name and parameter types defined twice.
  --> contract.sol:80:5:
   |
80 |     event Transfer(address indexed _from, address indexed _to, uint256 _value);
   |     ^^^^^^^^^^^^^^^^^^^^^^^^^^^^^^^^^^^^^^^^^^^^^^^^^^^^^^^^^^^^^^^^^^^^^^^^^^^
Note: Other declaration is here:
  --> contract.sol:37:5:
   |
37 |     event Transfer(address indexed from, address indexed to, uint256 value);
   |     ^^^^^^^^^^^^^^^^^^^^^^^^^^^^^^^^^^^^^^^^^^^^^^^^^^^^^^^^^^^^^^^^^^^^^^^^

Error: Overriding function is missing "override" specifier.
   --> contract.sol:172:5:
    |
172 |     function balanceOf(address _owner) view public returns (uint256) {
    |     ^ (Relevant source part starts here and spans across multiple lines).
Note: Overridden function is here:
  --> contract.sol:35:5:
   |
35 |     function balanceOf(address who) public view virtual returns (uint256);
   |     ^^^^^^^^^^^^^^^^^^^^^^^^^^^^^^^^^^^^^^^^^^^^^^^^^^^^^^^^^^^^^^^^^^^^^^

Error: Overriding function is missing "override" specifier.
   --> contract.sol:181:5:
    |
181 |     function transfer(address _to, uint256 _amount) onlyPayloadSize(2 * 32) public returns (bool success) {
    |     ^ (Relevant source part starts here and spans across multiple lines).
Note: Overridden function is here:
  --> contract.sol:36:5:
   |
36 |     function transfer(address to, uint256 value) public virtual returns (bool);
   |     ^^^^^^^^^^^^^^^^^^^^^^^^^^^^^^^^^^^^^^^^^^^^^^^^^^^^^^^^^^^^^^^^^^^^^^^^^^^

Error: Overriding function is missing "override" specifier.
   --> contract.sol:191:5:
    |
191 |     function transferFrom(address _from, address _to, uint256 _amount) onlyPayloadSize(3 * 32) public returns (bool success) {
    |     ^ (Relevant source part starts here and spans across multiple lines).
Note: Overridden function is here:
  --> contract.sol:42:5:
   |
42 |     function transferFrom(address from, address to, uint256 value) public virtual returns (bool);
   |     ^^^^^^^^^^^^^^^^^^^^^^^^^^^^^^^^^^^^^^^^^^^^^^^^^^^^^^^^^^^^^^^^^^^^^^^^^^^^^^^^^^^^^^^^^^^^^

Error: Overriding function is missing "override" specifier.
   --> contract.sol:210:5:
    |
210 |     function allowance(address _owner, address _spender) view public returns (uint256) {
    |     ^ (Relevant source part starts here and spans across multiple lines).
Note: Overridden function is here:
  --> contract.sol:41:5:
   |
41 |     function allowance(address owner, address spender) public view virtual returns (uint256);
   |     ^^^^^^^^^^^^^^^^^^^^^^^^^^^^^^^^^^^^^^^^^^^^^^^^^^^^^^^^^^^^^^^^^^^^^^^^^^^^^^^^^^^^^^^^^

Error: Overriding public state variable is missing "override" specifier.
  --> contract.sol:68:1:
   |
68 | uint256 public totalSupply = 10000000000e18;
   | ^^^^^^^^^^^^^^^^^^^^^^^^^^^^^^^^^^^^^^^^^^^
Note: Overridden public state variable is here:
  --> contract.sol:34:5:
   |
34 |     uint256 public totalSupply;
   |     ^^^^^^^^^^^^^^^^^^^^^^^^^^

Error: Cannot override public state variable.
  --> contract.sol:34:5:
   |
34 |     uint256 public totalSupply;
   |     ^^^^^^^^^^^^^^^^^^^^^^^^^^
Note: Overriding public state variable is here:
  --> contract.sol:68:1:
   |
68 | uint256 public totalSupply = 10000000000e18;
   | ^^^^^^^^^^^^^^^^^^^^^^^^^^^^^^^^^^^^^^^^^^^

Error: Functions without implementation must be marked virtual.
  --> contract.sol:29:5:
   |
29 |     function balanceOf(address _owner) view public returns (uint256);
   |     ^^^^^^^^^^^^^^^^^^^^^^^^^^^^^^^^^^^^^^^^^^^^^^^^^^^^^^^^^^^^^^^^^

Warning: Interface functions are implicitly "virtual"
  --> contract.sol:48:5:
   |
48 |     function distr(address _to, uint256 _value) external virtual returns (bool);
   |     ^^^^^^^^^^^^^^^^^^^^^^^^^^^^^^^^^^^^^^^^^^^^^^^^^^^^^^^^^^^^^^^^^^^^^^^^^^^^

Error: Wrong argument count for function call: 2 arguments given but expected 1.
   --> contract.sol:238:16:
    |
238 |         return payable(address(token)).transfer(owner, amount);
    |                ^^^^^^^^^^^^^^^^^^^^^^^^^^^^^^^^^^^^^^^^^^^^^^^

Error: Different number of arguments in return statement than in returns declaration.
   --> contract.sol:238:9:
    |
238 |         return payable(address(token)).transfer(owner, amount);
    |         ^^^^^^^^^^^^^^^^^^^^^^^^^^^^^^^^^^^^^^^^^^^^^^^^^^^^^^


=== applied patch_remove_bogus_override ===
=== iter 8 rc=0 ===
Warning: SPDX license identifier not provided in source file. Before publishing, consider adding a comment containing "SPDX-License-Identifier: <SPDX-License>" to each source file. Use "SPDX-License-Identifier: UNLICENSED" for non-open-source code. Please see https://spdx.org for more information.
--> contract.sol


=== full compile rc=1 ===
Warning: SPDX license identifier not provided in source file. Before publishing, consider adding a comment containing "SPDX-License-Identifier: <SPDX-License>" to each source file. Use "SPDX-License-Identifier: UNLICENSED" for non-open-source code. Please see https://spdx.org for more information.
--> contract.sol

Error: Functions are not allowed to have the same name as the contract. If you intend this to be a constructor, use "constructor(...) { ... }" to define it.
   --> contract.sol:105:5:
    |
105 |     function grip() public {
    |     ^ (Relevant source part starts here and spans across multiple lines).

Warning: This declaration shadows an existing declaration.
   --> contract.sol:105:5:
    |
105 |     function grip() public {
    |     ^ (Relevant source part starts here and spans across multiple lines).
Note: The shadowed declaration is here:
  --> contract.sol:53:1:
   |
53 | contract grip is ERC20 {
   | ^ (Relevant source part starts here and spans across multiple lines).

Error: Identifier already declared.
  --> contract.sol:68:1:
   |
68 | uint256 public totalSupply = 10000000000e18;
   | ^^^^^^^^^^^^^^^^^^^^^^^^^^^^^^^^^^^^^^^^^^^
Note: The previous declaration is here:
  --> contract.sol:34:5:
   |
34 |     uint256 public totalSupply;
   |     ^^^^^^^^^^^^^^^^^^^^^^^^^^

Error: Event with same name and parameter types defined twice.
  --> contract.sol:81:5:
   |
81 |     event Approval(address indexed _owner, address indexed _spender, uint256 _value);
   |     ^^^^^^^^^^^^^^^^^^^^^^^^^^^^^^^^^^^^^^^^^^^^^^^^^^^^^^^^^^^^^^^^^^^^^^^^^^^^^^^^^
Note: Other declaration is here:
  --> contract.sol:44:5:
   |
44 |     event Approval(address indexed owner, address indexed spender, uint256 value);
   |     ^^^^^^^^^^^^^^^^^^^^^^^^^^^^^^^^^^^^^^^^^^^^^^^^^^^^^^^^^^^^^^^^^^^^^^^^^^^^^^

Error: Event with same name and parameter types defined twice.
  --> contract.sol:80:5:
   |
80 |     event Transfer(address indexed _from, address indexed _to, uint256 _value);
   |     ^^^^^^^^^^^^^^^^^^^^^^^^^^^^^^^^^^^^^^^^^^^^^^^^^^^^^^^^^^^^^^^^^^^^^^^^^^^
Note: Other declaration is here:
  --> contract.sol:37:5:
   |
37 |     event Transfer(address indexed from, address indexed to, uint256 value);
   |     ^^^^^^^^^^^^^^^^^^^^^^^^^^^^^^^^^^^^^^^^^^^^^^^^^^^^^^^^^^^^^^^^^^^^^^^^

Error: Overriding function is missing "override" specifier.
   --> contract.sol:172:5:
    |
172 |     function balanceOf(address _owner) view public returns (uint256) {
    |     ^ (Relevant source part starts here and spans across multiple lines).
Note: Overridden function is here:
  --> contract.sol:35:5:
   |
35 |     function balanceOf(address who) public view virtual returns (uint256);
   |     ^^^^^^^^^^^^^^^^^^^^^^^^^^^^^^^^^^^^^^^^^^^^^^^^^^^^^^^^^^^^^^^^^^^^^^

Error: Overriding function is missing "override" specifier.
   --> contract.sol:181:5:
    |
181 |     function transfer(address _to, uint256 _amount) onlyPayloadSize(2 * 32) public returns (bool success) {
    |     ^ (Relevant source part starts here and spans across multiple lines).
Note: Overridden function is here:
  --> contract.sol:36:5:
   |
36 |     function transfer(address to, uint256 value) public virtual returns (bool);
   |     ^^^^^^^^^^^^^^^^^^^^^^^^^^^^^^^^^^^^^^^^^^^^^^^^^^^^^^^^^^^^^^^^^^^^^^^^^^^

Error: Overriding function is missing "override" specifier.
   --> contract.sol:191:5:
    |
191 |     function transferFrom(address _from, address _to, uint256 _amount) onlyPayloadSize(3 * 32) public returns (bool success) {
    |     ^ (Relevant source part starts here and spans across multiple lines).
Note: Overridden function is here:
  --> contract.sol:42:5:
   |
42 |     function transferFrom(address from, address to, uint256 value) public virtual returns (bool);
   |     ^^^^^^^^^^^^^^^^^^^^^^^^^^^^^^^^^^^^^^^^^^^^^^^^^^^^^^^^^^^^^^^^^^^^^^^^^^^^^^^^^^^^^^^^^^^^^

Error: Overriding function is missing "override" specifier.
   --> contract.sol:203:5:
    |
203 |     function approve(address _spender, uint256 _value) public virtual returns (bool success) {
    |     ^ (Relevant source part starts here and spans across multiple lines).
Note: Overridden function is here:
  --> contract.sol:43:5:
   |
43 |     function approve(address spender, uint256 value) public virtual returns (bool);
   |     ^^^^^^^^^^^^^^^^^^^^^^^^^^^^^^^^^^^^^^^^^^^^^^^^^^^^^^^^^^^^^^^^^^^^^^^^^^^^^^^

Error: Overriding function is missing "override" specifier.
   --> contract.sol:210:5:
    |
210 |     function allowance(address _owner, address _spender) view public returns (uint256) {
    |     ^ (Relevant source part starts here and spans across multiple lines).
Note: Overridden function is here:
  --> contract.sol:41:5:
   |
41 |     function allowance(address owner, address spender) public view virtual returns (uint256);
   |     ^^^^^^^^^^^^^^^^^^^^^^^^^^^^^^^^^^^^^^^^^^^^^^^^^^^^^^^^^^^^^^^^^^^^^^^^^^^^^^^^^^^^^^^^^

Error: Overriding public state variable is missing "override" specifier.
  --> contract.sol:68:1:
   |
68 | uint256 public totalSupply = 10000000000e18;
   | ^^^^^^^^^^^^^^^^^^^^^^^^^^^^^^^^^^^^^^^^^^^
Note: Overridden public state variable is here:
  --> contract.sol:34:5:
   |
34 |     uint256 public totalSupply;
   |     ^^^^^^^^^^^^^^^^^^^^^^^^^^

Error: Cannot override public state variable.
  --> contract.sol:34:5:
   |
34 |     uint256 public totalSupply;
   |     ^^^^^^^^^^^^^^^^^^^^^^^^^^
Note: Overriding public state variable is here:
  --> contract.sol:68:1:
   |
68 | uint256 public totalSupply = 10000000000e18;
   | ^^^^^^^^^^^^^^^^^^^^^^^^^^^^^^^^^^^^^^^^^^^

Error: Functions without implementation must be marked virtual.
  --> contract.sol:29:5:
   |
29 |     function balanceOf(address _owner) view public returns (uint256);
   |     ^^^^^^^^^^^^^^^^^^^^^^^^^^^^^^^^^^^^^^^^^^^^^^^^^^^^^^^^^^^^^^^^^

Warning: Interface functions are implicitly "virtual"
  --> contract.sol:48:5:
   |
48 |     function distr(address _to, uint256 _value) external virtual returns (bool);
   |     ^^^^^^^^^^^^^^^^^^^^^^^^^^^^^^^^^^^^^^^^^^^^^^^^^^^^^^^^^^^^^^^^^^^^^^^^^^^^

Error: Wrong argument count for function call: 2 arguments given but expected 1.
   --> contract.sol:238:16:
    |
238 |         return payable(address(token)).transfer(owner, amount);
    |                ^^^^^^^^^^^^^^^^^^^^^^^^^^^^^^^^^^^^^^^^^^^^^^^

Error: Different number of arguments in return statement than in returns declaration.
   --> contract.sol:238:9:
    |
238 |         return payable(address(token)).transfer(owner, amount);
    |         ^^^^^^^^^^^^^^^^^^^^^^^^^^^^^^^^^^^^^^^^^^^^^^^^^^^^^^


=== no rule matched ===
