=== iter 0 rc=1 ===
Error: Expected a state variable declaration. If you intended this as a fallback function or a function to handle plain ether transactions, use the "fallback" keyword or the "receive" keyword instead.
   --> contract.sol:118:34:
    |
118 |     function () payable internal {
    |                                  ^


=== applied patch_anonymous_fallback ===
=== iter 1 rc=1 ===
Error: Visibility already specified as "external".
   --> contract.sol:118:32:
    |
118 |     receive() external payable internal {
    |                                ^^^^^^^^

Error: Expected '{' but got 'constant'
   --> contract.sol:231:34:
    |
231 | 	function getBonus(uint _amount) constant private returns (uint256) {
    | 	                                ^^^^^^^^


=== applied patch_constant_function ===
=== iter 2 rc=1 ===
Error: Visibility already specified as "external".
   --> contract.sol:118:32:
    |
118 |     receive() external payable internal {
    |                                ^^^^^^^^

Warning: SPDX license identifier not provided in source file. Before publishing, consider adding a comment containing "SPDX-License-Identifier: <SPDX-License>" to each source file. Use "SPDX-License-Identifier: UNLICENSED" for non-open-source code. Please see https://spdx.org for more information.
--> contract.sol


=== no rule matched ===
