=== iter 0 rc=1 ===
Error: Expected '{' but got 'constant'
  --> contract.sol:15:28:
   |
15 |     function totalSupply() constant returns(uint _totalSupply);
   |                            ^^^^^^^^


=== applied patch_constant_function ===
=== iter 1 rc=0 ===
Warning: SPDX license identifier not provided in source file. Before publishing, consider adding a comment containing "SPDX-License-Identifier: <SPDX-License>" to each source file. Use "SPDX-License-Identifier: UNLICENSED" for non-open-source code. Please see https://spdx.org for more information.
--> contract.sol


=== full compile rc=1 ===
Warning: SPDX license identifier not provided in source file. Before publishing, consider adding a comment containing "SPDX-License-Identifier: <SPDX-License>" to each source file. Use "SPDX-License-Identifier: UNLICENSED" for non-open-source code. Please see https://spdx.org for more information.
--> contract.sol

Error: No visibility specified. Did you intend to add "public"?
 --> contract.sol:9:5:
  |
9 |     function receiveApproval(address _from, uint256 _value, address _token, bytes _extraData);
  |     ^^^^^^^^^^^^^^^^^^^^^^^^^^^^^^^^^^^^^^^^^^^^^^^^^^^^^^^^^^^^^^^^^^^^^^^^^^^^^^^^^^^^^^^^^^

Error: No visibility specified. Did you intend to add "public"?
  --> contract.sol:15:5:
   |
15 |     function totalSupply() view returns(uint _totalSupply);
   |     ^^^^^^^^^^^^^^^^^^^^^^^^^^^^^^^^^^^^^^^^^^^^^^^^^^^^^^^

Error: No visibility specified. Did you intend to add "public"?
  --> contract.sol:17:5:
   |
17 |     function balanceOf(address who) view returns(uint256);
   |     ^^^^^^^^^^^^^^^^^^^^^^^^^^^^^^^^^^^^^^^^^^^^^^^^^^^^^^

Error: No visibility specified. Did you intend to add "public"?
  --> contract.sol:19:5:
   |
19 |     function transfer(address to, uint256 value) returns(bool ok);
   |     ^^^^^^^^^^^^^^^^^^^^^^^^^^^^^^^^^^^^^^^^^^^^^^^^^^^^^^^^^^^^^^

Error: No visibility specified. Did you intend to add "public"?
  --> contract.sol:21:5:
   |
21 |     function transferFrom(address from, address to, uint256 value) returns(bool ok);
   |     ^^^^^^^^^^^^^^^^^^^^^^^^^^^^^^^^^^^^^^^^^^^^^^^^^^^^^^^^^^^^^^^^^^^^^^^^^^^^^^^^

Error: No visibility specified. Did you intend to add "public"?
  --> contract.sol:23:5:
   |
23 |     function approve(address spender, uint256 value) returns(bool ok);
   |     ^^^^^^^^^^^^^^^^^^^^^^^^^^^^^^^^^^^^^^^^^^^^^^^^^^^^^^^^^^^^^^^^^^

Error: No visibility specified. Did you intend to add "public"?
  --> contract.sol:25:5:
   |
25 |     function allowance(address owner, address spender) view returns(uint256);
   |     ^^^^^^^^^^^^^^^^^^^^^^^^^^^^^^^^^^^^^^^^^^^^^^^^^^^^^^^^^^^^^^^^^^^^^^^^^

Error: No visibility specified. Did you intend to add "public"?
  --> contract.sol:31:19:
   |
31 | contract Burner { function dragonHandler( uint256 _amount){} }
   |                   ^^^^^^^^^^^^^^^^^^^^^^^^^^^^^^^^^^^^^^^^^^

Error: Functions are not allowed to have the same name as the contract. If you intend this to be a constructor, use "constructor(...) { ... }" to define it.
  --> contract.sol:58:5:
   |
58 |     function Dragon() {
   |     ^ (Relevant source part starts here and spans across multiple lines).

Error: No visibility specified. Did you intend to add "public"?
  --> contract.sol:58:5:
   |
58 |     function Dragon() {
   |     ^ (Relevant source part starts here and spans across multiple lines).

Error: No visibility specified. Did you intend to add "public"?
  --> contract.sol:87:5:
   |
87 |     function changeOwnership( address _owner ) onlyOwner {
   |     ^ (Relevant source part starts here and spans across multiple lines).

Error: No visibility specified. Did you intend to add "public"?
  --> contract.sol:93:5:
   |
93 |     function setBurner( address _burner ) onlyOwner {
   |     ^ (Relevant source part starts here and spans across multiple lines).

Error: No visibility specified. Did you intend to add "public"?
   --> contract.sol:110:5:
    |
110 |     function burnDragons ( uint256 _amount ) onlyBurner{
    |     ^ (Relevant source part starts here and spans across multiple lines).

Error: No visibility specified. Did you intend to add "public"?
   --> contract.sol:118:5:
    |
118 |     function balanceOf(address tokenHolder) view returns(uint256) {
    |     ^ (Relevant source part starts here and spans across multiple lines).

Error: No visibility specified. Did you intend to add "public"?
   --> contract.sol:123:5:
    |
123 |     function totalSupply() view returns(uint256) {
    |     ^ (Relevant source part starts here and spans across multiple lines).

Error: No visibility specified. Did you intend to add "public"?
   --> contract.sol:128:5:
    |
128 |     function getAccountCount() view returns(uint256) {
    |     ^ (Relevant source part starts here and spans across multiple lines).

Error: No visibility specified. Did you intend to add "public"?
   --> contract.sol:133:5:
    |
133 |     function getAddress(uint256 slot) view returns(address) {
    |     ^ (Relevant source part starts here and spans across multiple lines).

Error: No visibility specified. Did you intend to add "public"?
   --> contract.sol:151:5:
    |
151 |     function transfer(address _to, uint256 _value) returns(bool ok) {
    |     ^ (Relevant source part starts here and spans across multiple lines).

Error: No visibility specified. Did you intend to add "public"?
   --> contract.sol:165:5:
    |
165 |     function approve(address _spender, uint256 _value)
    |     ^ (Relevant source part starts here and spans across multiple lines).

Error: No visibility specified. Did you intend to add "public"?
   --> contract.sol:173:5:
    |
173 |     function approveAndCall(address _spender, uint256 _value, bytes _extraData)
    |     ^ (Relevant source part starts here and spans across multiple lines).

Error: No visibility specified. Did you intend to add "public"?
   --> contract.sol:182:5:
    |
182 |     function allowance(address _owner, address _spender) view returns(uint256 remaining) {
    |     ^ (Relevant source part starts here and spans across multiple lines).

Error: No visibility specified. Did you intend to add "public"?
   --> contract.sol:187:5:
    |
187 |     function transferFrom(address _from, address _to, uint256 _value) returns(bool success) {
    |     ^ (Relevant source part starts here and spans across multiple lines).

Error: No visibility specified. Did you intend to add "public"?
   --> contract.sol:201:5:
    |
201 |     function burn(uint256 _value) returns(bool success) {
    |     ^ (Relevant source part starts here and spans across multiple lines).

Error: No visibility specified. Did you intend to add "public"?
   --> contract.sol:210:5:
    |
210 |     function burnFrom(address _from, uint256 _value) returns(bool success) {
    |     ^ (Relevant source part starts here and spans across multiple lines).

Error: Identifier already declared.
   --> contract.sol:118:5:
    |
118 |     function balanceOf(address tokenHolder) view returns(uint256) {
    |     ^ (Relevant source part starts here and spans across multiple lines).
Note: The previous declaration is here:
  --> contract.sol:44:5:
   |
44 |     mapping( address => uint256) public balanceOf;
   |     ^^^^^^^^^^^^^^^^^^^^^^^^^^^^^^^^^^^^^^^^^^^^^

Error: Identifier already declared.
   --> contract.sol:123:5:
    |
123 |     function totalSupply() view returns(uint256) {
    |     ^ (Relevant source part starts here and spans across multiple lines).
Note: The previous declaration is here:
  --> contract.sol:40:5:
   |
40 |     uint256 public totalSupply;
   |     ^^^^^^^^^^^^^^^^^^^^^^^^^^

Error: Identifier already declared.
   --> contract.sol:182:5:
    |
182 |     function allowance(address _owner, address _spender) view returns(uint256 remaining) {
    |     ^ (Relevant source part starts here and spans across multiple lines).
Note: The previous declaration is here:
  --> contract.sol:48:5:
   |
48 |     mapping(address => mapping(address => uint256)) public allowance;
   |     ^^^^^^^^^^^^^^^^^^^^^^^^^^^^^^^^^^^^^^^^^^^^^^^^^^^^^^^^^^^^^^^^

Warning: This declaration shadows an existing declaration.
   --> contract.sol:104:9:
    |
104 |         Burner burn = Burner ( burner );
    |         ^^^^^^^^^^^
Note: The shadowed declaration is here:
   --> contract.sol:201:5:
    |
201 |     function burn(uint256 _value) returns(bool success) {
    |     ^ (Relevant source part starts here and spans across multiple lines).

Warning: This declaration shadows an existing declaration.
  --> contract.sol:58:5:
   |
58 |     function Dragon() {
   |     ^ (Relevant source part starts here and spans across multiple lines).
Note: The shadowed declaration is here:
  --> contract.sol:33:1:
   |
33 | contract Dragon is ERC20 {
   | ^ (Relevant source part starts here and spans across multiple lines).

Error: Data location must be "memory" or "calldata" for parameter in function, but none was given.
 --> contract.sol:9:77:
  |
9 |     function receiveApproval(address _from, uint256 _value, address _token, bytes _extraData);
  |                                                                             ^^^^^^^^^^^^^^^^

Error: Data location must be "memory" or "calldata" for parameter in function, but none was given.
   --> contract.sol:173:63:
    |
173 |     function approveAndCall(address _spender, uint256 _value, bytes _extraData)
    |                                                               ^^^^^^^^^^^^^^^^


=== applied patch_contract_named_ctor ===
=== iter 2 rc=0 ===
Warning: SPDX license identifier not provided in source file. Before publishing, consider adding a comment containing "SPDX-License-Identifier: <SPDX-License>" to each source file. Use "SPDX-License-Identifier: UNLICENSED" for non-open-source code. Please see https://spdx.org for more information.
--> contract.sol


=== full compile rc=1 ===
Warning: SPDX license identifier not provided in source file. Before publishing, consider adding a comment containing "SPDX-License-Identifier: <SPDX-License>" to each source file. Use "SPDX-License-Identifier: UNLICENSED" for non-open-source code. Please see https://spdx.org for more information.
--> contract.sol

Error: No visibility specified. Did you intend to add "public"?
 --> contract.sol:9:5:
  |
9 |     function receiveApproval(address _from, uint256 _value, address _token, bytes _extraData);
  |     ^^^^^^^^^^^^^^^^^^^^^^^^^^^^^^^^^^^^^^^^^^^^^^^^^^^^^^^^^^^^^^^^^^^^^^^^^^^^^^^^^^^^^^^^^^

Error: No visibility specified. Did you intend to add "public"?
  --> contract.sol:15:5:
   |
15 |     function totalSupply() view returns(uint _totalSupply);
   |     ^^^^^^^^^^^^^^^^^^^^^^^^^^^^^^^^^^^^^^^^^^^^^^^^^^^^^^^

Error: No visibility specified. Did you intend to add "public"?
  --> contract.sol:17:5:
   |
17 |     function balanceOf(address who) view returns(uint256);
   |     ^^^^^^^^^^^^^^^^^^^^^^^^^^^^^^^^^^^^^^^^^^^^^^^^^^^^^^

Error: No visibility specified. Did you intend to add "public"?
  --> contract.sol:19:5:
   |
19 |     function transfer(address to, uint256 value) returns(bool ok);
   |     ^^^^^^^^^^^^^^^^^^^^^^^^^^^^^^^^^^^^^^^^^^^^^^^^^^^^^^^^^^^^^^

Error: No visibility specified. Did you intend to add "public"?
  --> contract.sol:21:5:
   |
21 |     function transferFrom(address from, address to, uint256 value) returns(bool ok);
   |     ^^^^^^^^^^^^^^^^^^^^^^^^^^^^^^^^^^^^^^^^^^^^^^^^^^^^^^^^^^^^^^^^^^^^^^^^^^^^^^^^

Error: No visibility specified. Did you intend to add "public"?
  --> contract.sol:23:5:
   |
23 |     function approve(address spender, uint256 value) returns(bool ok);
   |     ^^^^^^^^^^^^^^^^^^^^^^^^^^^^^^^^^^^^^^^^^^^^^^^^^^^^^^^^^^^^^^^^^^

Error: No visibility specified. Did you intend to add "public"?
  --> contract.sol:25:5:
   |
25 |     function allowance(address owner, address spender) view returns(uint256);
   |     ^^^^^^^^^^^^^^^^^^^^^^^^^^^^^^^^^^^^^^^^^^^^^^^^^^^^^^^^^^^^^^^^^^^^^^^^^

Error: No visibility specified. Did you intend to add "public"?
  --> contract.sol:31:19:
   |
31 | contract Burner { function dragonHandler( uint256 _amount){} }
   |                   ^^^^^^^^^^^^^^^^^^^^^^^^^^^^^^^^^^^^^^^^^^

Error: No visibility specified. Did you intend to add "public"?
  --> contract.sol:87:5:
   |
87 |     function changeOwnership( address _owner ) onlyOwner {
   |     ^ (Relevant source part starts here and spans across multiple lines).

Error: No visibility specified. Did you intend to add "public"?
  --> contract.sol:93:5:
   |
93 |     function setBurner( address _burner ) onlyOwner {
   |     ^ (Relevant source part starts here and spans across multiple lines).

Error: No visibility specified. Did you intend to add "public"?
   --> contract.sol:110:5:
    |
110 |     function burnDragons ( uint256 _amount ) onlyBurner{
    |     ^ (Relevant source part starts here and spans across multiple lines).

Error: No visibility specified. Did you intend to add "public"?
   --> contract.sol:118:5:
    |
118 |     function balanceOf(address tokenHolder) view returns(uint256) {
    |     ^ (Relevant source part starts here and spans across multiple lines).

Error: No visibility specified. Did you intend to add "public"?
   --> contract.sol:123:5:
    |
123 |     function totalSupply() view returns(uint256) {
    |     ^ (Relevant source part starts here and spans across multiple lines).

Error: No visibility specified. Did you intend to add "public"?
   --> contract.sol:128:5:
    |
128 |     function getAccountCount() view returns(uint256) {
    |     ^ (Relevant source part starts here and spans across multiple lines).

Error: No visibility specified. Did you intend to add "public"?
   --> contract.sol:133:5:
    |
133 |     function getAddress(uint256 slot) view returns(address) {
    |     ^ (Relevant source part starts here and spans across multiple lines).

Error: No visibility specified. Did you intend to add "public"?
   --> contract.sol:151:5:
    |
151 |     function transfer(address _to, uint256 _value) returns(bool ok) {
    |     ^ (Relevant source part starts here and spans across multiple lines).

Error: No visibility specified. Did you intend to add "public"?
   --> contract.sol:165:5:
    |
165 |     function approve(address _spender, uint256 _value)
    |     ^ (Relevant source part starts here and spans across multiple lines).

Error: No visibility specified. Did you intend to add "public"?
   --> contract.sol:173:5:
    |
173 |     function approveAndCall(address _spender, uint256 _value, bytes _extraData)
    |     ^ (Relevant source part starts here and spans across multiple lines).

Error: No visibility specified. Did you intend to add "public"?
   --> contract.sol:182:5:
    |
182 |     function allowance(address _owner, address _spender) view returns(uint256 remaining) {
    |     ^ (Relevant source part starts here and spans across multiple lines).

Error: No visibility specified. Did you intend to add "public"?
   --> contract.sol:187:5:
    |
187 |     function transferFrom(address _from, address _to, uint256 _value) returns(bool success) {
    |     ^ (Relevant source part starts here and spans across multiple lines).

Error: No visibility specified. Did you intend to add "public"?
   --> contract.sol:201:5:
    |
201 |     function burn(uint256 _value) returns(bool success) {
    |     ^ (Relevant source part starts here and spans across multiple lines).

Error: No visibility specified. Did you intend to add "public"?
   --> contract.sol:210:5:
    |
210 |     function burnFrom(address _from, uint256 _value) returns(bool success) {
    |     ^ (Relevant source part starts here and spans across multiple lines).

Error: Identifier already declared.
   --> contract.sol:118:5:
    |
118 |     function balanceOf(address tokenHolder) view returns(uint256) {
    |     ^ (Relevant source part starts here and spans across multiple lines).
Note: The previous declaration is here:
  --> contract.sol:44:5:
   |
44 |     mapping( address => uint256) public balanceOf;
   |     ^^^^^^^^^^^^^^^^^^^^^^^^^^^^^^^^^^^^^^^^^^^^^

Error: Identifier already declared.
   --> contract.sol:123:5:
    |
123 |     function totalSupply() view returns(uint256) {
    |     ^ (Relevant source part starts here and spans across multiple lines).
Note: The previous declaration is here:
  --> contract.sol:40:5:
   |
40 |     uint256 public totalSupply;
   |     ^^^^^^^^^^^^^^^^^^^^^^^^^^

Error: Identifier already declared.
   --> contract.sol:182:5:
    |
182 |     function allowance(address _owner, address _spender) view returns(uint256 remaining) {
    |     ^ (Relevant source part starts here and spans across multiple lines).
Note: The previous declaration is here:
  --> contract.sol:48:5:
   |
48 |     mapping(address => mapping(address => uint256)) public allowance;
   |     ^^^^^^^^^^^^^^^^^^^^^^^^^^^^^^^^^^^^^^^^^^^^^^^^^^^^^^^^^^^^^^^^

Warning: This declaration shadows an existing declaration.
   --> contract.sol:104:9:
    |
104 |         Burner burn = Burner ( burner );
    |         ^^^^^^^^^^^
Note: The shadowed declaration is here:
   --> contract.sol:201:5:
    |
201 |     function burn(uint256 _value) returns(bool success) {
    |     ^ (Relevant source part starts here and spans across multiple lines).

Error: Data location must be "memory" or "calldata" for parameter in function, but none was given.
 --> contract.sol:9:77:
  |
9 |     function receiveApproval(address _from, uint256 _value, address _token, bytes _extraData);
  |                                                                             ^^^^^^^^^^^^^^^^

Error: Data location must be "memory" or "calldata" for parameter in function, but none was given.
   --> contract.sol:173:63:
    |
173 |     function approveAndCall(address _spender, uint256 _value, bytes _extraData)
    |                                                               ^^^^^^^^^^^^^^^^


=== applied patch_returns_visibility ===
=== iter 3 rc=0 ===
Warning: SPDX license identifier not provided in source file. Before publishing, consider adding a comment containing "SPDX-License-Identifier: <SPDX-License>" to each source file. Use "SPDX-License-Identifier: UNLICENSED" for non-open-source code. Please see https://spdx.org for more information.
--> contract.sol


=== full compile rc=1 ===
Warning: SPDX license identifier not provided in source file. Before publishing, consider adding a comment containing "SPDX-License-Identifier: <SPDX-License>" to each source file. Use "SPDX-License-Identifier: UNLICENSED" for non-open-source code. Please see https://spdx.org for more information.
--> contract.sol

Error: No visibility specified. Did you intend to add "public"?
 --> contract.sol:9:5:
  |
9 |     function receiveApproval(address _from, uint256 _value, address _token, bytes _extraData);
  |     ^^^^^^^^^^^^^^^^^^^^^^^^^^^^^^^^^^^^^^^^^^^^^^^^^^^^^^^^^^^^^^^^^^^^^^^^^^^^^^^^^^^^^^^^^^

Error: No visibility specified. Did you intend to add "public"?
  --> contract.sol:15:5:
   |
15 |     function totalSupply() view returns(uint _totalSupply);
   |     ^^^^^^^^^^^^^^^^^^^^^^^^^^^^^^^^^^^^^^^^^^^^^^^^^^^^^^^

Error: No visibility specified. Did you intend to add "public"?
  --> contract.sol:17:5:
   |
17 |     function balanceOf(address who) view returns(uint256);
   |     ^^^^^^^^^^^^^^^^^^^^^^^^^^^^^^^^^^^^^^^^^^^^^^^^^^^^^^

Error: No visibility specified. Did you intend to add "public"?
  --> contract.sol:25:5:
   |
25 |     function allowance(address owner, address spender) view returns(uint256);
   |     ^^^^^^^^^^^^^^^^^^^^^^^^^^^^^^^^^^^^^^^^^^^^^^^^^^^^^^^^^^^^^^^^^^^^^^^^^

Error: No visibility specified. Did you intend to add "public"?
  --> contract.sol:31:19:
   |
31 | contract Burner { function dragonHandler( uint256 _amount){} }
   |                   ^^^^^^^^^^^^^^^^^^^^^^^^^^^^^^^^^^^^^^^^^^

Error: No visibility specified. Did you intend to add "public"?
  --> contract.sol:87:5:
   |
87 |     function changeOwnership( address _owner ) onlyOwner {
   |     ^ (Relevant source part starts here and spans across multiple lines).

Error: No visibility specified. Did you intend to add "public"?
  --> contract.sol:93:5:
   |
93 |     function setBurner( address _burner ) onlyOwner {
   |     ^ (Relevant source part starts here and spans across multiple lines).

Error: No visibility specified. Did you intend to add "public"?
   --> contract.sol:110:5:
    |
110 |     function burnDragons ( uint256 _amount ) onlyBurner{
    |     ^ (Relevant source part starts here and spans across multiple lines).

Error: No visibility specified. Did you intend to add "public"?
   --> contract.sol:118:5:
    |
118 |     function balanceOf(address tokenHolder) view returns(uint256) {
    |     ^ (Relevant source part starts here and spans across multiple lines).

Error: No visibility specified. Did you intend to add "public"?
   --> contract.sol:123:5:
    |
123 |     function totalSupply() view returns(uint256) {
    |     ^ (Relevant source part starts here and spans across multiple lines).

Error: No visibility specified. Did you intend to add "public"?
   --> contract.sol:128:5:
    |
128 |     function getAccountCount() view returns(uint256) {
    |     ^ (Relevant source part starts here and spans across multiple lines).

Error: No visibility specified. Did you intend to add "public"?
   --> contract.sol:133:5:
    |
133 |     function getAddress(uint256 slot) view returns(address) {
    |     ^ (Relevant source part starts here and spans across multiple lines).

Error: No visibility specified. Did you intend to add "public"?
   --> contract.sol:180:5:
    |
180 |     function allowance(address _owner, address _spender) view returns(uint256 remaining) {
    |     ^ (Relevant source part starts here and spans across multiple lines).

Error: Identifier already declared.
   --> contract.sol:118:5:
    |
118 |     function balanceOf(address tokenHolder) view returns(uint256) {
    |     ^ (Relevant source part starts here and spans across multiple lines).
Note: The previous declaration is here:
  --> contract.sol:44:5:
   |
44 |     mapping( address => uint256) public balanceOf;
   |     ^^^^^^^^^^^^^^^^^^^^^^^^^^^^^^^^^^^^^^^^^^^^^

Error: Identifier already declared.
   --> contract.sol:123:5:
    |
123 |     function totalSupply() view returns(uint256) {
    |     ^ (Relevant source part starts here and spans across multiple lines).
Note: The previous declaration is here:
  --> contract.sol:40:5:
   |
40 |     uint256 public totalSupply;
   |     ^^^^^^^^^^^^^^^^^^^^^^^^^^

Error: Identifier already declared.
   --> contract.sol:180:5:
    |
180 |     function allowance(address _owner, address _spender) view returns(uint256 remaining) {
    |     ^ (Relevant source part starts here and spans across multiple lines).
Note: The previous declaration is here:
  --> contract.sol:48:5:
   |
48 |     mapping(address => mapping(address => uint256)) public allowance;
   |     ^^^^^^^^^^^^^^^^^^^^^^^^^^^^^^^^^^^^^^^^^^^^^^^^^^^^^^^^^^^^^^^^

Warning: This declaration shadows an existing declaration.
   --> contract.sol:104:9:
    |
104 |         Burner burn = Burner ( burner );
    |         ^^^^^^^^^^^
Note: The shadowed declaration is here:
   --> contract.sol:199:5:
    |
199 |     function burn(uint256 _value) public returns(bool success) {
    |     ^ (Relevant source part starts here and spans across multiple lines).

Error: Data location must be "memory" or "calldata" for parameter in function, but none was given.
 --> contract.sol:9:77:
  |
9 |     function receiveApproval(address _from, uint256 _value, address _token, bytes _extraData);
  |                                                                             ^^^^^^^^^^^^^^^^

Error: Data location must be "memory" or "calldata" for parameter in function, but none was given.
   --> contract.sol:172:63:
    |
172 |     function approveAndCall(address _spender, uint256 _value, bytes _extraData) public returns(bool success) {
    |                                                               ^^^^^^^^^^^^^^^^


=== applied patch_memory_location ===
=== iter 4 rc=0 ===
Warning: SPDX license identifier not provided in source file. Before publishing, consider adding a comment containing "SPDX-License-Identifier: <SPDX-License>" to each source file. Use "SPDX-License-Identifier: UNLICENSED" for non-open-source code. Please see https://spdx.org for more information.
--> contract.sol


=== full compile rc=1 ===
Warning: SPDX license identifier not provided in source file. Before publishing, consider adding a comment containing "SPDX-License-Identifier: <SPDX-License>" to each source file. Use "SPDX-License-Identifier: UNLICENSED" for non-open-source code. Please see https://spdx.org for more information.
--> contract.sol

Error: No visibility specified. Did you intend to add "public"?
 --> contract.sol:9:5:
  |
9 |     function receiveApproval(address _from, uint256 _value, address _token, bytes _extraData);
  |     ^^^^^^^^^^^^^^^^^^^^^^^^^^^^^^^^^^^^^^^^^^^^^^^^^^^^^^^^^^^^^^^^^^^^^^^^^^^^^^^^^^^^^^^^^^

Error: No visibility specified. Did you intend to add "public"?
  --> contract.sol:15:5:
   |
15 |     function totalSupply() view returns(uint _totalSupply);
   |     ^^^^^^^^^^^^^^^^^^^^^^^^^^^^^^^^^^^^^^^^^^^^^^^^^^^^^^^

Error: No visibility specified. Did you intend to add "public"?
  --> contract.sol:17:5:
   |
17 |     function balanceOf(address who) view returns(uint256);
   |     ^^^^^^^^^^^^^^^^^^^^^^^^^^^^^^^^^^^^^^^^^^^^^^^^^^^^^^

Error: No visibility specified. Did you intend to add "public"?
  --> contract.sol:25:5:
   |
25 |     function allowance(address owner, address spender) view returns(uint256);
   |     ^^^^^^^^^^^^^^^^^^^^^^^^^^^^^^^^^^^^^^^^^^^^^^^^^^^^^^^^^^^^^^^^^^^^^^^^^

Error: No visibility specified. Did you intend to add "public"?
  --> contract.sol:31:19:
   |
31 | contract Burner { function dragonHandler( uint256 _amount){} }
   |                   ^^^^^^^^^^^^^^^^^^^^^^^^^^^^^^^^^^^^^^^^^^

Error: No visibility specified. Did you intend to add "public"?
  --> contract.sol:87:5:
   |
87 |     function changeOwnership( address _owner ) onlyOwner {
   |     ^ (Relevant source part starts here and spans across multiple lines).

Error: No visibility specified. Did you intend to add "public"?
  --> contract.sol:93:5:
   |
93 |     function setBurner( address _burner ) onlyOwner {
   |     ^ (Relevant source part starts here and spans across multiple lines).

Error: No visibility specified. Did you intend to add "public"?
   --> contract.sol:110:5:
    |
110 |     function burnDragons ( uint256 _amount ) onlyBurner{
    |     ^ (Relevant source part starts here and spans across multiple lines).

Error: No visibility specified. Did you intend to add "public"?
   --> contract.sol:118:5:
    |
118 |     function balanceOf(address tokenHolder) view returns(uint256) {
    |     ^ (Relevant source part starts here and spans across multiple lines).

Error: No visibility specified. Did you intend to add "public"?
   --> contract.sol:123:5:
    |
123 |     function totalSupply() view returns(uint256) {
    |     ^ (Relevant source part starts here and spans across multiple lines).

Error: No visibility specified. Did you intend to add "public"?
   --> contract.sol:128:5:
    |
128 |     function getAccountCount() view returns(uint256) {
    |     ^ (Relevant source part starts here and spans across multiple lines).

Error: No visibility specified. Did you intend to add "public"?
   --> contract.sol:133:5:
    |
133 |     function getAddress(uint256 slot) view returns(address) {
    |     ^ (Relevant source part starts here and spans across multiple lines).

Error: No visibility specified. Did you intend to add "public"?
   --> contract.sol:180:5:
    |
180 |     function allowance(address _owner, address _spender) view returns(uint256 remaining) {
    |     ^ (Relevant source part starts here and spans across multiple lines).

Error: Identifier already declared.
   --> contract.sol:118:5:
    |
118 |     function balanceOf(address tokenHolder) view returns(uint256) {
    |     ^ (Relevant source part starts here and spans across multiple lines).
Note: The previous declaration is here:
  --> contract.sol:44:5:
   |
44 |     mapping( address => uint256) public balanceOf;
   |     ^^^^^^^^^^^^^^^^^^^^^^^^^^^^^^^^^^^^^^^^^^^^^

Error: Identifier already declared.
   --> contract.sol:123:5:
    |
123 |     function totalSupply() view returns(uint256) {
    |     ^ (Relevant source part starts here and spans across multiple lines).
Note: The previous declaration is here:
  --> contract.sol:40:5:
   |
40 |     uint256 public totalSupply;
   |     ^^^^^^^^^^^^^^^^^^^^^^^^^^

Error: Identifier already declared.
   --> contract.sol:180:5:
    |
180 |     function allowance(address _owner, address _spender) view returns(uint256 remaining) {
    |     ^ (Relevant source part starts here and spans across multiple lines).
Note: The previous declaration is here:
  --> contract.sol:48:5:
   |
48 |     mapping(address => mapping(address => uint256)) public allowance;
   |     ^^^^^^^^^^^^^^^^^^^^^^^^^^^^^^^^^^^^^^^^^^^^^^^^^^^^^^^^^^^^^^^^

Warning: This declaration shadows an existing declaration.
   --> contract.sol:104:9:
    |
104 |         Burner burn = Burner ( burner );
    |         ^^^^^^^^^^^
Note: The shadowed declaration is here:
   --> contract.sol:199:5:
    |
199 |     function burn(uint256 _value) public returns(bool success) {
    |     ^ (Relevant source part starts here and spans across multiple lines).

Error: Data location must be "memory" or "calldata" for parameter in function, but none was given.
 --> contract.sol:9:77:
  |
9 |     function receiveApproval(address _from, uint256 _value, address _token, bytes _extraData);
  |                                                                             ^^^^^^^^^^^^^^^^


=== applied patch_fix_no_visibility ===
=== iter 5 rc=0 ===
Warning: SPDX license identifier not provided in source file. Before publishing, consider adding a comment containing "SPDX-License-Identifier: <SPDX-License>" to each source file. Use "SPDX-License-Identifier: UNLICENSED" for non-open-source code. Please see https://spdx.org for more information.
--> contract.sol


=== full compile rc=1 ===
Warning: SPDX license identifier not provided in source file. Before publishing, consider adding a comment containing "SPDX-License-Identifier: <SPDX-License>" to each source file. Use "SPDX-License-Identifier: UNLICENSED" for non-open-source code. Please see https://spdx.org for more information.
--> contract.sol

Error: No visibility specified. Did you intend to add "public"?
 --> contract.sol:9:5:
  |
9 |     function receiveApproval(address _from, uint256 _value, address _token, bytes _extraData);
  |     ^^^^^^^^^^^^^^^^^^^^^^^^^^^^^^^^^^^^^^^^^^^^^^^^^^^^^^^^^^^^^^^^^^^^^^^^^^^^^^^^^^^^^^^^^^

Error: No visibility specified. Did you intend to add "public"?
  --> contract.sol:15:5:
   |
15 |     function totalSupply() view returns(uint _totalSupply);
   |     ^^^^^^^^^^^^^^^^^^^^^^^^^^^^^^^^^^^^^^^^^^^^^^^^^^^^^^^

Error: No visibility specified. Did you intend to add "public"?
  --> contract.sol:17:5:
   |
17 |     function balanceOf(address who) view returns(uint256);
   |     ^^^^^^^^^^^^^^^^^^^^^^^^^^^^^^^^^^^^^^^^^^^^^^^^^^^^^^

Error: No visibility specified. Did you intend to add "public"?
  --> contract.sol:25:5:
   |
25 |     function allowance(address owner, address spender) view returns(uint256);
   |     ^^^^^^^^^^^^^^^^^^^^^^^^^^^^^^^^^^^^^^^^^^^^^^^^^^^^^^^^^^^^^^^^^^^^^^^^^

Error: No visibility specified. Did you intend to add "public"?
  --> contract.sol:87:5:
   |
87 |     function changeOwnership( address _owner ) onlyOwner {
   |     ^ (Relevant source part starts here and spans across multiple lines).

Error: No visibility specified. Did you intend to add "public"?
  --> contract.sol:93:5:
   |
93 |     function setBurner( address _burner ) onlyOwner {
   |     ^ (Relevant source part starts here and spans across multiple lines).

Error: No visibility specified. Did you intend to add "public"?
   --> contract.sol:110:5:
    |
110 |     function burnDragons ( uint256 _amount ) onlyBurner{
    |     ^ (Relevant source part starts here and spans across multiple lines).

Error: No visibility specified. Did you intend to add "public"?
   --> contract.sol:118:5:
    |
118 |     function balanceOf(address tokenHolder) view returns(uint256) {
    |     ^ (Relevant source part starts here and spans across multiple lines).

Error: No visibility specified. Did you intend to add "public"?
   --> contract.sol:123:5:
    |
123 |     function totalSupply() view returns(uint256) {
    |     ^ (Relevant source part starts here and spans across multiple lines).

Error: No visibility specified. Did you intend to add "public"?
   --> contract.sol:128:5:
    |
128 |     function getAccountCount() view returns(uint256) {
    |     ^ (Relevant source part starts here and spans across multiple lines).

Error: No visibility specified. Did you intend to add "public"?
   --> contract.sol:133:5:
    |
133 |     function getAddress(uint256 slot) view returns(address) {
    |     ^ (Relevant source part starts here and spans across multiple lines).

Error: No visibility specified. Did you intend to add "public"?
   --> contract.sol:180:5:
    |
180 |     function allowance(address _owner, address _spender) view returns(uint256 remaining) {
    |     ^ (Relevant source part starts here and spans across multiple lines).

Error: Identifier already declared.
   --> contract.sol:118:5:
    |
118 |     function balanceOf(address tokenHolder) view returns(uint256) {
    |     ^ (Relevant source part starts here and spans across multiple lines).
Note: The previous declaration is here:
  --> contract.sol:44:5:
   |
44 |     mapping( address => uint256) public balanceOf;
   |     ^^^^^^^^^^^^^^^^^^^^^^^^^^^^^^^^^^^^^^^^^^^^^

Error: Identifier already declared.
   --> contract.sol:123:5:
    |
123 |     function totalSupply() view returns(uint256) {
    |     ^ (Relevant source part starts here and spans across multiple lines).
Note: The previous declaration is here:
  --> contract.sol:40:5:
   |
40 |     uint256 public totalSupply;
   |     ^^^^^^^^^^^^^^^^^^^^^^^^^^

Error: Identifier already declared.
   --> contract.sol:180:5:
    |
180 |     function allowance(address _owner, address _spender) view returns(uint256 remaining) {
    |     ^ (Relevant source part starts here and spans across multiple lines).
Note: The previous declaration is here:
  --> contract.sol:48:5:
   |
48 |     mapping(address => mapping(address => uint256)) public allowance;
   |     ^^^^^^^^^^^^^^^^^^^^^^^^^^^^^^^^^^^^^^^^^^^^^^^^^^^^^^^^^^^^^^^^

Warning: This declaration shadows an existing declaration.
   --> contract.sol:104:9:
    |
104 |         Burner burn = Burner ( burner );
    |         ^^^^^^^^^^^
Note: The shadowed declaration is here:
   --> contract.sol:199:5:
    |
199 |     function burn(uint256 _value) public returns(bool success) {
    |     ^ (Relevant source part starts here and spans across multiple lines).

Error: Data location must be "memory" or "calldata" for parameter in function, but none was given.
 --> contract.sol:9:77:
  |
9 |     function receiveApproval(address _from, uint256 _value, address _token, bytes _extraData);
  |                                                                             ^^^^^^^^^^^^^^^^


=== no rule matched ===
