=== iter 0 rc=0 ===
Warning: SPDX license identifier not provided in source file. Before publishing, consider adding a comment containing "SPDX-License-Identifier: <SPDX-License>" to each source file. Use "SPDX-License-Identifier: UNLICENSED" for non-open-source code. Please see https://spdx.org for more information.
--> contract.sol


=== full compile rc=1 ===
Warning: SPDX license identifier not provided in source file. Before publishing, consider adding a comment containing "SPDX-License-Identifier: <SPDX-License>" to each source file. Use "SPDX-License-Identifier: UNLICENSED" for non-open-source code. Please see https://spdx.org for more information.
--> contract.sol

Error: No visibility specified. Did you intend to add "public"?
 --> contract.sol:4:27:
  |
4 | contract tokenRecipient { function receiveApproval(address _from, uint256 _value, address _token, bytes _extraData); }
  |                           ^^^^^^^^^^^^^^^^^^^^^^^^^^^^^^^^^^^^^^^^^^^^^^^^^^^^^^^^^^^^^^^^^^^^^^^^^^^^^^^^^^^^^^^^^^

Error: Functions are not allowed to have the same name as the contract. If you intend this to be a constructor, use "constructor(...) { ... }" to define it.
  --> contract.sol:24:5:
   |
24 |     function PlayCash(){
   |     ^ (Relevant source part starts here and spans across multiple lines).

Error: No visibility specified. Did you intend to add "public"?
  --> contract.sol:24:5:
   |
24 |     function PlayCash(){
   |     ^ (Relevant source part starts here and spans across multiple lines).

Error: No visibility specified. Did you intend to add "public"?
  --> contract.sol:45:5:
   |
45 |     function transfer(address _to, uint256 _value) {
   |     ^ (Relevant source part starts here and spans across multiple lines).

Error: No visibility specified. Did you intend to add "public"?
  --> contract.sol:53:5:
   |
53 |     function transferFrom(address _from, address _to, uint256 _value) returns (bool success) {
   |     ^ (Relevant source part starts here and spans across multiple lines).

Error: No visibility specified. Did you intend to add "public"?
  --> contract.sol:63:5:
   |
63 |     function approve(address _spender, uint256 _value)
   |     ^ (Relevant source part starts here and spans across multiple lines).

Error: No visibility specified. Did you intend to add "public"?
  --> contract.sol:73:5:
   |
73 |     function approveAndCall(address _spender, uint256 _value, bytes _extraData)
   |     ^ (Relevant source part starts here and spans across multiple lines).

Error: No visibility specified. Did you intend to add "public"?
  --> contract.sol:84:5:
   |
84 |     function burn(uint256 _value) returns (bool success) {
   |     ^ (Relevant source part starts here and spans across multiple lines).

Error: No visibility specified. Did you intend to add "public"?
  --> contract.sol:92:5:
   |
92 |     function burnFrom(address _from, uint256 _value) returns (bool success) {
   |     ^ (Relevant source part starts here and spans across multiple lines).

Warning: This declaration shadows an existing declaration.
  --> contract.sol:24:5:
   |
24 |     function PlayCash(){
   |     ^ (Relevant source part starts here and spans across multiple lines).
Note: The shadowed declaration is here:
 --> contract.sol:6:1:
  |
6 | contract PlayCash{
  | ^ (Relevant source part starts here and spans across multiple lines).

Error: Data location must be "memory" or "calldata" for parameter in function, but none was given.
 --> contract.sol:4:99:
  |
4 | contract tokenRecipient { function receiveApproval(address _from, uint256 _value, address _token, bytes _extraData); }
  |                                                                                                   ^^^^^^^^^^^^^^^^

Error: Data location must be "memory" or "calldata" for parameter in function, but none was given.
  --> contract.sol:73:63:
   |
73 |     function approveAndCall(address _spender, uint256 _value, bytes _extraData)
   |                                                               ^^^^^^^^^^^^^^^^


=== applied patch_contract_named_ctor ===
=== iter 1 rc=0 ===
Warning: SPDX license identifier not provided in source file. Before publishing, consider adding a comment containing "SPDX-License-Identifier: <SPDX-License>" to each source file. Use "SPDX-License-Identifier: UNLICENSED" for non-open-source code. Please see https://spdx.org for more information.
--> contract.sol


=== full compile rc=1 ===
Warning: SPDX license identifier not provided in source file. Before publishing, consider adding a comment containing "SPDX-License-Identifier: <SPDX-License>" to each source file. Use "SPDX-License-Identifier: UNLICENSED" for non-open-source code. Please see https://spdx.org for more information.
--> contract.sol

Error: No visibility specified. Did you intend to add "public"?
 --> contract.sol:4:27:
  |
4 | contract tokenRecipient { function receiveApproval(address _from, uint256 _value, address _token, bytes _extraData); }
  |                           ^^^^^^^^^^^^^^^^^^^^^^^^^^^^^^^^^^^^^^^^^^^^^^^^^^^^^^^^^^^^^^^^^^^^^^^^^^^^^^^^^^^^^^^^^^

Error: No visibility specified. Did you intend to add "public"?
  --> contract.sol:45:5:
   |
45 |     function transfer(address _to, uint256 _value) {
   |     ^ (Relevant source part starts here and spans across multiple lines).

Error: No visibility specified. Did you intend to add "public"?
  --> contract.sol:53:5:
   |
53 |     function transferFrom(address _from, address _to, uint256 _value) returns (bool success) {
   |     ^ (Relevant source part starts here and spans across multiple lines).

Error: No visibility specified. Did you intend to add "public"?
  --> contract.sol:63:5:
   |
63 |     function approve(address _spender, uint256 _value)
   |     ^ (Relevant source part starts here and spans across multiple lines).

Error: No visibility specified. Did you intend to add "public"?
  --> contract.sol:73:5:
   |
73 |     function approveAndCall(address _spender, uint256 _value, bytes _extraData)
   |     ^ (Relevant source part starts here and spans across multiple lines).

Error: No visibility specified. Did you intend to add "public"?
  --> contract.sol:84:5:
   |
84 |     function burn(uint256 _value) returns (bool success) {
   |     ^ (Relevant source part starts here and spans across multiple lines).

Error: No visibility specified. Did you intend to add "public"?
  --> contract.sol:92:5:
   |
92 |     function burnFrom(address _from, uint256 _value) returns (bool success) {
   |     ^ (Relevant source part starts here and spans across multiple lines).

Error: Data location must be "memory" or "calldata" for parameter in function, but none was given.
 --> contract.sol:4:99:
  |
4 | contract tokenRecipient { function receiveApproval(address _from, uint256 _value, address _token, bytes _extraData); }
  |                                                                                                   ^^^^^^^^^^^^^^^^

Error: Data location must be "memory" or "calldata" for parameter in function, but none was given.
  --> contract.sol:73:63:
   |
73 |     function approveAndCall(address _spender, uint256 _value, bytes _extraData)
   |                                                               ^^^^^^^^^^^^^^^^


=== applied patch_returns_visibility ===
=== iter 2 rc=0 ===
Warning: SPDX license identifier not provided in source file. Before publishing, consider adding a comment containing "SPDX-License-Identifier: <SPDX-License>" to each source file. Use "SPDX-License-Identifier: UNLICENSED" for non-open-source code. Please see https://spdx.org for more information.
--> contract.sol


=== full compile rc=1 ===
Warning: SPDX license identifier not provided in source file. Before publishing, consider adding a comment containing "SPDX-License-Identifier: <SPDX-License>" to each source file. Use "SPDX-License-Identifier: UNLICENSED" for non-open-source code. Please see https://spdx.org for more information.
--> contract.sol

Error: No visibility specified. Did you intend to add "public"?
 --> contract.sol:4:27:
  |
4 | contract tokenRecipient { function receiveApproval(address _from, uint256 _value, address _token, bytes _extraData); }
  |                           ^^^^^^^^^^^^^^^^^^^^^^^^^^^^^^^^^^^^^^^^^^^^^^^^^^^^^^^^^^^^^^^^^^^^^^^^^^^^^^^^^^^^^^^^^^

Error: No visibility specified. Did you intend to add "public"?
  --> contract.sol:45:5:
   |
45 |     function transfer(address _to, uint256 _value) {
   |     ^ (Relevant source part starts here and spans across multiple lines).

Error: Data location must be "memory" or "calldata" for parameter in function, but none was given.
 --> contract.sol:4:99:
  |
4 | contract tokenRecipient { function receiveApproval(address _from, uint256 _value, address _token, bytes _extraData); }
  |                                                                                                   ^^^^^^^^^^^^^^^^

Error: Data location must be "memory" or "calldata" for parameter in function, but none was given.
  --> contract.sol:72:63:
   |
72 |     function approveAndCall(address _spender, uint256 _value, bytes _extraData) public returns (bool success) {
   |                                                               ^^^^^^^^^^^^^^^^


=== applied patch_memory_location ===
=== iter 3 rc=0 ===
Warning: SPDX license identifier not provided in source file. Before publishing, consider adding a comment containing "SPDX-License-Identifier: <SPDX-License>" to each source file. Use "SPDX-License-Identifier: UNLICENSED" for non-open-source code. Please see https://spdx.org for more information.
--> contract.sol


=== full compile rc=1 ===
Warning: SPDX license identifier not provided in source file. Before publishing, consider adding a comment containing "SPDX-License-Identifier: <SPDX-License>" to each source file. Use "SPDX-License-Identifier: UNLICENSED" for non-open-source code. Please see https://spdx.org for more information.
--> contract.sol

Error: No visibility specified. Did you intend to add "public"?
 --> contract.sol:4:27:
  |
4 | contract tokenRecipient { function receiveApproval(address _from, uint256 _value, address _token, bytes _extraData); }
  |                           ^^^^^^^^^^^^^^^^^^^^^^^^^^^^^^^^^^^^^^^^^^^^^^^^^^^^^^^^^^^^^^^^^^^^^^^^^^^^^^^^^^^^^^^^^^

Error: No visibility specified. Did you intend to add "public"?
  --> contract.sol:45:5:
   |
45 |     function transfer(address _to, uint256 _value) {
   |     ^ (Relevant source part starts here and spans across multiple lines).

Error: Data location must be "memory" or "calldata" for parameter in function, but none was given.
 --> contract.sol:4:99:
  |
4 | contract tokenRecipient { function receiveApproval(address _from, uint256 _value, address _token, bytes _extraData); }
  |                                                                                                   ^^^^^^^^^^^^^^^^


=== applied patch_fix_no_visibility ===
=== iter 4 rc=0 ===
Warning: SPDX license identifier not provided in source file. Before publishing, consider adding a comment containing "SPDX-License-Identifier: <SPDX-License>" to each source file. Use "SPDX-License-Identifier: UNLICENSED" for non-open-source code. Please see https://spdx.org for more information.
--> contract.sol


=== full compile rc=1 ===
Warning: SPDX license identifier not provided in source file. Before publishing, consider adding a comment containing "SPDX-License-Identifier: <SPDX-License>" to each source file. Use "SPDX-License-Identifier: UNLICENSED" for non-open-source code. Please see https://spdx.org for more information.
--> contract.sol

Error: No visibility specified. Did you intend to add "public"?
 --> contract.sol:4:27:
  |
4 | contract tokenRecipient { function receiveApproval(address _from, uint256 _value, address _token, bytes _extraData); }
  |                           ^^^^^^^^^^^^^^^^^^^^^^^^^^^^^^^^^^^^^^^^^^^^^^^^^^^^^^^^^^^^^^^^^^^^^^^^^^^^^^^^^^^^^^^^^^

Error: Data location must be "memory" or "calldata" for parameter in function, but none was given.
 --> contract.sol:4:99:
  |
4 | contract tokenRecipient { function receiveApproval(address _from, uint256 _value, address _token, bytes _extraData); }
  |                                                                                                   ^^^^^^^^^^^^^^^^


=== no rule matched ===
