=== iter 0 rc=1 ===
Error: Expected a state variable declaration. If you intended this as a fallback function or a function to handle plain ether transactions, use the "fallback" keyword or the "receive" keyword instead.
   --> contract.sol:401:34:
    |
401 |     function () external payable {
    |                                  ^


=== applied patch_anonymous_fallback ===
=== iter 1 rc=0 ===
Warning: SPDX license identifier not provided in source file. Before publishing, consider adding a comment containing "SPDX-License-Identifier: <SPDX-License>" to each source file. Use "SPDX-License-Identifier: UNLICENSED" for non-open-source code. Please see https://spdx.org for more information.
--> contract.sol


=== full compile rc=1 ===
Warning: SPDX license identifier not provided in source file. Before publishing, consider adding a comment containing "SPDX-License-Identifier: <SPDX-License>" to each source file. Use "SPDX-License-Identifier: UNLICENSED" for non-open-source code. Please see https://spdx.org for more information.
--> contract.sol

Error: Documentation tag "@return A boolean that indicates if the operation was successful." exceeds the number of return parameters.
   --> contract.sol:348:5:
    |
348 |     /**
    |     ^ (Relevant source part starts here and spans across multiple lines).

Error: Documentation tag "@return True if the operation was successful." exceeds the number of return parameters.
   --> contract.sol:371:5:
    |
371 |     /**
    |     ^ (Relevant source part starts here and spans across multiple lines).

Warning: Visibility for constructor is ignored. If you want the contract to be non-deployable, making it "abstract" is sufficient.
  --> contract.sol:62:5:
   |
62 |     constructor() public {
   |     ^ (Relevant source part starts here and spans across multiple lines).

Warning: Visibility for constructor is ignored. If you want the contract to be non-deployable, making it "abstract" is sufficient.
   --> contract.sol:169:4:
    |
169 |    constructor(uint256 _rate, uint256 _minPurchase,uint256 _cap) public
    |    ^ (Relevant source part starts here and spans across multiple lines).

Error: "send" and "transfer" are only available for objects of type "address payable", not "address".
   --> contract.sol:452:9:
    |
452 |         getOwner().transfer(amount * 1 wei);
    |         ^^^^^^^^^^^^^^^^^^^


=== applied patch_send_transfer_to_payable ===
=== iter 2 rc=0 ===
Warning: SPDX license identifier not provided in source file. Before publishing, consider adding a comment containing "SPDX-License-Identifier: <SPDX-License>" to each source file. Use "SPDX-License-Identifier: UNLICENSED" for non-open-source code. Please see https://spdx.org for more information.
--> contract.sol


=== full compile rc=1 ===
Warning: SPDX license identifier not provided in source file. Before publishing, consider adding a comment containing "SPDX-License-Identifier: <SPDX-License>" to each source file. Use "SPDX-License-Identifier: UNLICENSED" for non-open-source code. Please see https://spdx.org for more information.
--> contract.sol

Error: Documentation tag "@return A boolean that indicates if the operation was successful." exceeds the number of return parameters.
   --> contract.sol:348:5:
    |
348 |     /**
    |     ^ (Relevant source part starts here and spans across multiple lines).

Error: Documentation tag "@return True if the operation was successful." exceeds the number of return parameters.
   --> contract.sol:371:5:
    |
371 |     /**
    |     ^ (Relevant source part starts here and spans across multiple lines).

Warning: Visibility for constructor is ignored. If you want the contract to be non-deployable, making it "abstract" is sufficient.
  --> contract.sol:62:5:
   |
62 |     constructor() public {
   |     ^ (Relevant source part starts here and spans across multiple lines).

Warning: Visibility for constructor is ignored. If you want the contract to be non-deployable, making it "abstract" is sufficient.
   --> contract.sol:169:4:
    |
169 |    constructor(uint256 _rate, uint256 _minPurchase,uint256 _cap) public
    |    ^ (Relevant source part starts here and spans across multiple lines).

Error: "send" and "transfer" are only available for objects of type "address payable", not "address".
   --> contract.sol:452:9:
    |
452 |         getOwner().transfer(amount * 1 wei);
    |         ^^^^^^^^^^^^^^^^^^^


=== stuck: same error twice ===
