=== iter 0 rc=1 ===
Error: Expected a state variable declaration. If you intended this as a fallback function or a function to handle plain ether transactions, use the "fallback" keyword or the "receive" keyword instead.
   --> contract.sol:301:23:
    |
301 |   function() external {
    |                       ^


=== applied patch_anonymous_fallback ===
=== iter 1 rc=0 ===
Warning: SPDX license identifier not provided in source file. Before publishing, consider adding a comment containing "SPDX-License-Identifier: <SPDX-License>" to each source file. Use "SPDX-License-Identifier: UNLICENSED" for non-open-source code. Please see https://spdx.org for more information.
--> contract.sol


=== full compile rc=1 ===
Warning: SPDX license identifier not provided in source file. Before publishing, consider adding a comment containing "SPDX-License-Identifier: <SPDX-License>" to each source file. Use "SPDX-License-Identifier: UNLICENSED" for non-open-source code. Please see https://spdx.org for more information.
--> contract.sol

Error: Documentation tag "@return An uint256 representing the amount owned by the passed address." does not contain the name of its return parameter.
   --> contract.sol:132:3:
    |
132 |   /**
    |   ^ (Relevant source part starts here and spans across multiple lines).

Error: Documentation tag "@return uint for total coins to be minted" does not contain the name of its return parameter.
   --> contract.sol:659:5:
    |
659 |     /// @dev Calculates staking gains 
    |     ^ (Relevant source part starts here and spans across multiple lines).

Error: Documentation tag "@return uint with the calculated number of new tokens to mint" does not contain the name of its return parameter.
   --> contract.sol:835:5:
    |
835 |     /// @dev Determines the amount of Scale to create based on the number of seconds that have passed
    |     ^ (Relevant source part starts here and spans across multiple lines).

Error: Contract "ERC20Basic" should be marked as abstract.
 --> contract.sol:9:1:
  |
9 | contract ERC20Basic {
  | ^ (Relevant source part starts here and spans across multiple lines).
Note: Missing implementation: 
  --> contract.sol:11:3:
   |
11 |   function balanceOf(address who) public view returns (uint256);
   |   ^^^^^^^^^^^^^^^^^^^^^^^^^^^^^^^^^^^^^^^^^^^^^^^^^^^^^^^^^^^^^^
Note: Missing implementation: 
  --> contract.sol:12:3:
   |
12 |   function transfer(address to, uint256 value) public returns (bool);
   |   ^^^^^^^^^^^^^^^^^^^^^^^^^^^^^^^^^^^^^^^^^^^^^^^^^^^^^^^^^^^^^^^^^^^

Error: Overriding function is missing "override" specifier.
   --> contract.sol:121:3:
    |
121 |   function transfer(address _to, uint256 _value) public returns (bool) {
    |   ^ (Relevant source part starts here and spans across multiple lines).
Note: Overridden function is here:
  --> contract.sol:12:3:
   |
12 |   function transfer(address to, uint256 value) public returns (bool);
   |   ^^^^^^^^^^^^^^^^^^^^^^^^^^^^^^^^^^^^^^^^^^^^^^^^^^^^^^^^^^^^^^^^^^^

Error: Trying to override non-virtual function. Did you forget to add "virtual"?
  --> contract.sol:12:3:
   |
12 |   function transfer(address to, uint256 value) public returns (bool);
   |   ^^^^^^^^^^^^^^^^^^^^^^^^^^^^^^^^^^^^^^^^^^^^^^^^^^^^^^^^^^^^^^^^^^^
Note: Overriding function is here:
   --> contract.sol:121:3:
    |
121 |   function transfer(address _to, uint256 _value) public returns (bool) {
    |   ^ (Relevant source part starts here and spans across multiple lines).

Error: Overriding function is missing "override" specifier.
   --> contract.sol:137:3:
    |
137 |   function balanceOf(address _owner) public view returns (uint256 balance) {
    |   ^ (Relevant source part starts here and spans across multiple lines).
Note: Overridden function is here:
  --> contract.sol:11:3:
   |
11 |   function balanceOf(address who) public view returns (uint256);
   |   ^^^^^^^^^^^^^^^^^^^^^^^^^^^^^^^^^^^^^^^^^^^^^^^^^^^^^^^^^^^^^^

Error: Trying to override non-virtual function. Did you forget to add "virtual"?
  --> contract.sol:11:3:
   |
11 |   function balanceOf(address who) public view returns (uint256);
   |   ^^^^^^^^^^^^^^^^^^^^^^^^^^^^^^^^^^^^^^^^^^^^^^^^^^^^^^^^^^^^^^
Note: Overriding function is here:
   --> contract.sol:137:3:
    |
137 |   function balanceOf(address _owner) public view returns (uint256 balance) {
    |   ^ (Relevant source part starts here and spans across multiple lines).

Error: Contract "ERC20" should be marked as abstract.
   --> contract.sol:147:1:
    |
147 | contract ERC20 is ERC20Basic {
    | ^ (Relevant source part starts here and spans across multiple lines).
Note: Missing implementation: 
   --> contract.sol:148:3:
    |
148 |   function allowance(address owner, address spender) public view returns (uint256);
    |   ^^^^^^^^^^^^^^^^^^^^^^^^^^^^^^^^^^^^^^^^^^^^^^^^^^^^^^^^^^^^^^^^^^^^^^^^^^^^^^^^^
Note: Missing implementation: 
   --> contract.sol:150:3:
    |
150 |   function approve(address spender, uint256 value) public returns (bool);
    |   ^^^^^^^^^^^^^^^^^^^^^^^^^^^^^^^^^^^^^^^^^^^^^^^^^^^^^^^^^^^^^^^^^^^^^^^
Note: Missing implementation: 
  --> contract.sol:11:3:
   |
11 |   function balanceOf(address who) public view returns (uint256);
   |   ^^^^^^^^^^^^^^^^^^^^^^^^^^^^^^^^^^^^^^^^^^^^^^^^^^^^^^^^^^^^^^
Note: Missing implementation: 
  --> contract.sol:12:3:
   |
12 |   function transfer(address to, uint256 value) public returns (bool);
   |   ^^^^^^^^^^^^^^^^^^^^^^^^^^^^^^^^^^^^^^^^^^^^^^^^^^^^^^^^^^^^^^^^^^^
Note: Missing implementation: 
   --> contract.sol:149:3:
    |
149 |   function transferFrom(address from, address to, uint256 value) public returns (bool);
    |   ^^^^^^^^^^^^^^^^^^^^^^^^^^^^^^^^^^^^^^^^^^^^^^^^^^^^^^^^^^^^^^^^^^^^^^^^^^^^^^^^^^^^^

Error: Overriding function is missing "override" specifier.
   --> contract.sol:171:3:
    |
171 |   function transferFrom(address _from, address _to, uint256 _value) public returns (bool) {
    |   ^ (Relevant source part starts here and spans across multiple lines).
Note: Overridden function is here:
   --> contract.sol:149:3:
    |
149 |   function transferFrom(address from, address to, uint256 value) public returns (bool);
    |   ^^^^^^^^^^^^^^^^^^^^^^^^^^^^^^^^^^^^^^^^^^^^^^^^^^^^^^^^^^^^^^^^^^^^^^^^^^^^^^^^^^^^^

Error: Trying to override non-virtual function. Did you forget to add "virtual"?
   --> contract.sol:149:3:
    |
149 |   function transferFrom(address from, address to, uint256 value) public returns (bool);
    |   ^^^^^^^^^^^^^^^^^^^^^^^^^^^^^^^^^^^^^^^^^^^^^^^^^^^^^^^^^^^^^^^^^^^^^^^^^^^^^^^^^^^^^
Note: Overriding function is here:
   --> contract.sol:171:3:
    |
171 |   function transferFrom(address _from, address _to, uint256 _value) public returns (bool) {
    |   ^ (Relevant source part starts here and spans across multiple lines).

Error: Overriding function is missing "override" specifier.
   --> contract.sol:193:3:
    |
193 |   function approve(address _spender, uint256 _value) public returns (bool) {
    |   ^ (Relevant source part starts here and spans across multiple lines).
Note: Overridden function is here:
   --> contract.sol:150:3:
    |
150 |   function approve(address spender, uint256 value) public returns (bool);
    |   ^^^^^^^^^^^^^^^^^^^^^^^^^^^^^^^^^^^^^^^^^^^^^^^^^^^^^^^^^^^^^^^^^^^^^^^

Error: Trying to override non-virtual function. Did you forget to add "virtual"?
   --> contract.sol:150:3:
    |
150 |   function approve(address spender, uint256 value) public returns (bool);
    |   ^^^^^^^^^^^^^^^^^^^^^^^^^^^^^^^^^^^^^^^^^^^^^^^^^^^^^^^^^^^^^^^^^^^^^^^
Note: Overriding function is here:
   --> contract.sol:193:3:
    |
193 |   function approve(address _spender, uint256 _value) public returns (bool) {
    |   ^ (Relevant source part starts here and spans across multiple lines).

Error: Overriding function is missing "override" specifier.
   --> contract.sol:205:3:
    |
205 |   function allowance(address _owner, address _spender) public view returns (uint256) {
    |   ^ (Relevant source part starts here and spans across multiple lines).
Note: Overridden function is here:
   --> contract.sol:148:3:
    |
148 |   function allowance(address owner, address spender) public view returns (uint256);
    |   ^^^^^^^^^^^^^^^^^^^^^^^^^^^^^^^^^^^^^^^^^^^^^^^^^^^^^^^^^^^^^^^^^^^^^^^^^^^^^^^^^

Error: Trying to override non-virtual function. Did you forget to add "virtual"?
   --> contract.sol:148:3:
    |
148 |   function allowance(address owner, address spender) public view returns (uint256);
    |   ^^^^^^^^^^^^^^^^^^^^^^^^^^^^^^^^^^^^^^^^^^^^^^^^^^^^^^^^^^^^^^^^^^^^^^^^^^^^^^^^^
Note: Overriding function is here:
   --> contract.sol:205:3:
    |
205 |   function allowance(address _owner, address _spender) public view returns (uint256) {
    |   ^ (Relevant source part starts here and spans across multiple lines).

Error: Functions without implementation must be marked virtual.
  --> contract.sol:11:3:
   |
11 |   function balanceOf(address who) public view returns (uint256);
   |   ^^^^^^^^^^^^^^^^^^^^^^^^^^^^^^^^^^^^^^^^^^^^^^^^^^^^^^^^^^^^^^

Error: Functions without implementation must be marked virtual.
  --> contract.sol:12:3:
   |
12 |   function transfer(address to, uint256 value) public returns (bool);
   |   ^^^^^^^^^^^^^^^^^^^^^^^^^^^^^^^^^^^^^^^^^^^^^^^^^^^^^^^^^^^^^^^^^^^

Warning: Visibility for constructor is ignored. If you want the contract to be non-deployable, making it "abstract" is sufficient.
  --> contract.sol:32:3:
   |
32 |   constructor() public {
   |   ^ (Relevant source part starts here and spans across multiple lines).

Error: Functions without implementation must be marked virtual.
   --> contract.sol:148:3:
    |
148 |   function allowance(address owner, address spender) public view returns (uint256);
    |   ^^^^^^^^^^^^^^^^^^^^^^^^^^^^^^^^^^^^^^^^^^^^^^^^^^^^^^^^^^^^^^^^^^^^^^^^^^^^^^^^^

Error: Functions without implementation must be marked virtual.
   --> contract.sol:149:3:
    |
149 |   function transferFrom(address from, address to, uint256 value) public returns (bool);
    |   ^^^^^^^^^^^^^^^^^^^^^^^^^^^^^^^^^^^^^^^^^^^^^^^^^^^^^^^^^^^^^^^^^^^^^^^^^^^^^^^^^^^^^

Error: Functions without implementation must be marked virtual.
   --> contract.sol:150:3:
    |
150 |   function approve(address spender, uint256 value) public returns (bool);
    |   ^^^^^^^^^^^^^^^^^^^^^^^^^^^^^^^^^^^^^^^^^^^^^^^^^^^^^^^^^^^^^^^^^^^^^^^

Error: Member "sub" not found or not visible after argument-dependent lookup in uint256.
   --> contract.sol:176:23:
    |
176 |     balances[_from] = balances[_from].sub(_value);
    |                       ^^^^^^^^^^^^^^^^^^^


=== applied patch_using_safemath ===
=== iter 2 rc=0 ===
Warning: SPDX license identifier not provided in source file. Before publishing, consider adding a comment containing "SPDX-License-Identifier: <SPDX-License>" to each source file. Use "SPDX-License-Identifier: UNLICENSED" for non-open-source code. Please see https://spdx.org for more information.
--> contract.sol


=== full compile rc=1 ===
Warning: SPDX license identifier not provided in source file. Before publishing, consider adding a comment containing "SPDX-License-Identifier: <SPDX-License>" to each source file. Use "SPDX-License-Identifier: UNLICENSED" for non-open-source code. Please see https://spdx.org for more information.
--> contract.sol

Error: Documentation tag "@return An uint256 representing the amount owned by the passed address." does not contain the name of its return parameter.
   --> contract.sol:132:3:
    |
132 |   /**
    |   ^ (Relevant source part starts here and spans across multiple lines).

Error: Documentation tag "@return uint for total coins to be minted" does not contain the name of its return parameter.
   --> contract.sol:659:5:
    |
659 |     /// @dev Calculates staking gains 
    |     ^ (Relevant source part starts here and spans across multiple lines).

Error: Documentation tag "@return uint with the calculated number of new tokens to mint" does not contain the name of its return parameter.
   --> contract.sol:835:5:
    |
835 |     /// @dev Determines the amount of Scale to create based on the number of seconds that have passed
    |     ^ (Relevant source part starts here and spans across multiple lines).

Error: Contract "ERC20Basic" should be marked as abstract.
 --> contract.sol:9:1:
  |
9 | contract ERC20Basic {
  | ^ (Relevant source part starts here and spans across multiple lines).
Note: Missing implementation: 
  --> contract.sol:11:3:
   |
11 |   function balanceOf(address who) public view returns (uint256);
   |   ^^^^^^^^^^^^^^^^^^^^^^^^^^^^^^^^^^^^^^^^^^^^^^^^^^^^^^^^^^^^^^
Note: Missing implementation: 
  --> contract.sol:12:3:
   |
12 |   function transfer(address to, uint256 value) public returns (bool);
   |   ^^^^^^^^^^^^^^^^^^^^^^^^^^^^^^^^^^^^^^^^^^^^^^^^^^^^^^^^^^^^^^^^^^^

Error: Overriding function is missing "override" specifier.
   --> contract.sol:121:3:
    |
121 |   function transfer(address _to, uint256 _value) public returns (bool) {
    |   ^ (Relevant source part starts here and spans across multiple lines).
Note: Overridden function is here:
  --> contract.sol:12:3:
   |
12 |   function transfer(address to, uint256 value) public returns (bool);
   |   ^^^^^^^^^^^^^^^^^^^^^^^^^^^^^^^^^^^^^^^^^^^^^^^^^^^^^^^^^^^^^^^^^^^

Error: Trying to override non-virtual function. Did you forget to add "virtual"?
  --> contract.sol:12:3:
   |
12 |   function transfer(address to, uint256 value) public returns (bool);
   |   ^^^^^^^^^^^^^^^^^^^^^^^^^^^^^^^^^^^^^^^^^^^^^^^^^^^^^^^^^^^^^^^^^^^
Note: Overriding function is here:
   --> contract.sol:121:3:
    |
121 |   function transfer(address _to, uint256 _value) public returns (bool) {
    |   ^ (Relevant source part starts here and spans across multiple lines).

Error: Overriding function is missing "override" specifier.
   --> contract.sol:137:3:
    |
137 |   function balanceOf(address _owner) public view returns (uint256 balance) {
    |   ^ (Relevant source part starts here and spans across multiple lines).
Note: Overridden function is here:
  --> contract.sol:11:3:
   |
11 |   function balanceOf(address who) public view returns (uint256);
   |   ^^^^^^^^^^^^^^^^^^^^^^^^^^^^^^^^^^^^^^^^^^^^^^^^^^^^^^^^^^^^^^

Error: Trying to override non-virtual function. Did you forget to add "virtual"?
  --> contract.sol:11:3:
   |
11 |   function balanceOf(address who) public view returns (uint256);
   |   ^^^^^^^^^^^^^^^^^^^^^^^^^^^^^^^^^^^^^^^^^^^^^^^^^^^^^^^^^^^^^^
Note: Overriding function is here:
   --> contract.sol:137:3:
    |
137 |   function balanceOf(address _owner) public view returns (uint256 balance) {
    |   ^ (Relevant source part starts here and spans across multiple lines).

Error: Contract "ERC20" should be marked as abstract.
   --> contract.sol:147:1:
    |
147 | contract ERC20 is ERC20Basic {
    | ^ (Relevant source part starts here and spans across multiple lines).
Note: Missing implementation: 
   --> contract.sol:148:3:
    |
148 |   function allowance(address owner, address spender) public view returns (uint256);
    |   ^^^^^^^^^^^^^^^^^^^^^^^^^^^^^^^^^^^^^^^^^^^^^^^^^^^^^^^^^^^^^^^^^^^^^^^^^^^^^^^^^
Note: Missing implementation: 
   --> contract.sol:150:3:
    |
150 |   function approve(address spender, uint256 value) public returns (bool);
    |   ^^^^^^^^^^^^^^^^^^^^^^^^^^^^^^^^^^^^^^^^^^^^^^^^^^^^^^^^^^^^^^^^^^^^^^^
Note: Missing implementation: 
  --> contract.sol:11:3:
   |
11 |   function balanceOf(address who) public view returns (uint256);
   |   ^^^^^^^^^^^^^^^^^^^^^^^^^^^^^^^^^^^^^^^^^^^^^^^^^^^^^^^^^^^^^^
Note: Missing implementation: 
  --> contract.sol:12:3:
   |
12 |   function transfer(address to, uint256 value) public returns (bool);
   |   ^^^^^^^^^^^^^^^^^^^^^^^^^^^^^^^^^^^^^^^^^^^^^^^^^^^^^^^^^^^^^^^^^^^
Note: Missing implementation: 
   --> contract.sol:149:3:
    |
149 |   function transferFrom(address from, address to, uint256 value) public returns (bool);
    |   ^^^^^^^^^^^^^^^^^^^^^^^^^^^^^^^^^^^^^^^^^^^^^^^^^^^^^^^^^^^^^^^^^^^^^^^^^^^^^^^^^^^^^

Error: Overriding function is missing "override" specifier.
   --> contract.sol:171:3:
    |
171 |   function transferFrom(address _from, address _to, uint256 _value) public returns (bool) {
    |   ^ (Relevant source part starts here and spans across multiple lines).
Note: Overridden function is here:
   --> contract.sol:149:3:
    |
149 |   function transferFrom(address from, address to, uint256 value) public returns (bool);
    |   ^^^^^^^^^^^^^^^^^^^^^^^^^^^^^^^^^^^^^^^^^^^^^^^^^^^^^^^^^^^^^^^^^^^^^^^^^^^^^^^^^^^^^

Error: Trying to override non-virtual function. Did you forget to add "virtual"?
   --> contract.sol:149:3:
    |
149 |   function transferFrom(address from, address to, uint256 value) public returns (bool);
    |   ^^^^^^^^^^^^^^^^^^^^^^^^^^^^^^^^^^^^^^^^^^^^^^^^^^^^^^^^^^^^^^^^^^^^^^^^^^^^^^^^^^^^^
Note: Overriding function is here:
   --> contract.sol:171:3:
    |
171 |   function transferFrom(address _from, address _to, uint256 _value) public returns (bool) {
    |   ^ (Relevant source part starts here and spans across multiple lines).

Error: Overriding function is missing "override" specifier.
   --> contract.sol:193:3:
    |
193 |   function approve(address _spender, uint256 _value) public returns (bool) {
    |   ^ (Relevant source part starts here and spans across multiple lines).
Note: Overridden function is here:
   --> contract.sol:150:3:
    |
150 |   function approve(address spender, uint256 value) public returns (bool);
    |   ^^^^^^^^^^^^^^^^^^^^^^^^^^^^^^^^^^^^^^^^^^^^^^^^^^^^^^^^^^^^^^^^^^^^^^^

Error: Trying to override non-virtual function. Did you forget to add "virtual"?
   --> contract.sol:150:3:
    |
150 |   function approve(address spender, uint256 value) public returns (bool);
    |   ^^^^^^^^^^^^^^^^^^^^^^^^^^^^^^^^^^^^^^^^^^^^^^^^^^^^^^^^^^^^^^^^^^^^^^^
Note: Overriding function is here:
   --> contract.sol:193:3:
    |
193 |   function approve(address _spender, uint256 _value) public returns (bool) {
    |   ^ (Relevant source part starts here and spans across multiple lines).

Error: Overriding function is missing "override" specifier.
   --> contract.sol:205:3:
    |
205 |   function allowance(address _owner, address _spender) public view returns (uint256) {
    |   ^ (Relevant source part starts here and spans across multiple lines).
Note: Overridden function is here:
   --> contract.sol:148:3:
    |
148 |   function allowance(address owner, address spender) public view returns (uint256);
    |   ^^^^^^^^^^^^^^^^^^^^^^^^^^^^^^^^^^^^^^^^^^^^^^^^^^^^^^^^^^^^^^^^^^^^^^^^^^^^^^^^^

Error: Trying to override non-virtual function. Did you forget to add "virtual"?
   --> contract.sol:148:3:
    |
148 |   function allowance(address owner, address spender) public view returns (uint256);
    |   ^^^^^^^^^^^^^^^^^^^^^^^^^^^^^^^^^^^^^^^^^^^^^^^^^^^^^^^^^^^^^^^^^^^^^^^^^^^^^^^^^
Note: Overriding function is here:
   --> contract.sol:205:3:
    |
205 |   function allowance(address _owner, address _spender) public view returns (uint256) {
    |   ^ (Relevant source part starts here and spans across multiple lines).

Error: Functions without implementation must be marked virtual.
  --> contract.sol:11:3:
   |
11 |   function balanceOf(address who) public view returns (uint256);
   |   ^^^^^^^^^^^^^^^^^^^^^^^^^^^^^^^^^^^^^^^^^^^^^^^^^^^^^^^^^^^^^^

Error: Functions without implementation must be marked virtual.
  --> contract.sol:12:3:
   |
12 |   function transfer(address to, uint256 value) public returns (bool);
   |   ^^^^^^^^^^^^^^^^^^^^^^^^^^^^^^^^^^^^^^^^^^^^^^^^^^^^^^^^^^^^^^^^^^^

Warning: Visibility for constructor is ignored. If you want the contract to be non-deployable, making it "abstract" is sufficient.
  --> contract.sol:32:3:
   |
32 |   constructor() public {
   |   ^ (Relevant source part starts here and spans across multiple lines).

Error: Functions without implementation must be marked virtual.
   --> contract.sol:148:3:
    |
148 |   function allowance(address owner, address spender) public view returns (uint256);
    |   ^^^^^^^^^^^^^^^^^^^^^^^^^^^^^^^^^^^^^^^^^^^^^^^^^^^^^^^^^^^^^^^^^^^^^^^^^^^^^^^^^

Error: Functions without implementation must be marked virtual.
   --> contract.sol:149:3:
    |
149 |   function transferFrom(address from, address to, uint256 value) public returns (bool);
    |   ^^^^^^^^^^^^^^^^^^^^^^^^^^^^^^^^^^^^^^^^^^^^^^^^^^^^^^^^^^^^^^^^^^^^^^^^^^^^^^^^^^^^^

Error: Functions without implementation must be marked virtual.
   --> contract.sol:150:3:
    |
150 |   function approve(address spender, uint256 value) public returns (bool);
    |   ^^^^^^^^^^^^^^^^^^^^^^^^^^^^^^^^^^^^^^^^^^^^^^^^^^^^^^^^^^^^^^^^^^^^^^^

Warning: Visibility for constructor is ignored. If you want the contract to be non-deployable, making it "abstract" is sufficient.
   --> contract.sol:294:3:
    |
294 |   constructor() public payable {
    |   ^ (Relevant source part starts here and spans across multiple lines).

Error: "send" and "transfer" are only available for objects of type "address payable", not "address".
   --> contract.sol:308:12:
    |
308 |     assert(owner.send(address(this).balance));
    |            ^^^^^^^^^^


=== applied patch_send_transfer_to_payable ===
=== iter 3 rc=0 ===
Warning: SPDX license identifier not provided in source file. Before publishing, consider adding a comment containing "SPDX-License-Identifier: <SPDX-License>" to each source file. Use "SPDX-License-Identifier: UNLICENSED" for non-open-source code. Please see https://spdx.org for more information.
--> contract.sol


=== full compile rc=1 ===
Warning: SPDX license identifier not provided in source file. Before publishing, consider adding a comment containing "SPDX-License-Identifier: <SPDX-License>" to each source file. Use "SPDX-License-Identifier: UNLICENSED" for non-open-source code. Please see https://spdx.org for more information.
--> contract.sol

Error: Documentation tag "@return An uint256 representing the amount owned by the passed address." does not contain the name of its return parameter.
   --> contract.sol:132:3:
    |
132 |   /**
    |   ^ (Relevant source part starts here and spans across multiple lines).

Error: Documentation tag "@return uint for total coins to be minted" does not contain the name of its return parameter.
   --> contract.sol:659:5:
    |
659 |     /// @dev Calculates staking gains 
    |     ^ (Relevant source part starts here and spans across multiple lines).

Error: Documentation tag "@return uint with the calculated number of new tokens to mint" does not contain the name of its return parameter.
   --> contract.sol:835:5:
    |
835 |     /// @dev Determines the amount of Scale to create based on the number of seconds that have passed
    |     ^ (Relevant source part starts here and spans across multiple lines).

Error: Contract "ERC20Basic" should be marked as abstract.
 --> contract.sol:9:1:
  |
9 | contract ERC20Basic {
  | ^ (Relevant source part starts here and spans across multiple lines).
Note: Missing implementation: 
  --> contract.sol:11:3:
   |
11 |   function balanceOf(address who) public view returns (uint256);
   |   ^^^^^^^^^^^^^^^^^^^^^^^^^^^^^^^^^^^^^^^^^^^^^^^^^^^^^^^^^^^^^^
Note: Missing implementation: 
  --> contract.sol:12:3:
   |
12 |   function transfer(address to, uint256 value) public returns (bool);
   |   ^^^^^^^^^^^^^^^^^^^^^^^^^^^^^^^^^^^^^^^^^^^^^^^^^^^^^^^^^^^^^^^^^^^

Error: Overriding function is missing "override" specifier.
   --> contract.sol:121:3:
    |
121 |   function transfer(address _to, uint256 _value) public returns (bool) {
    |   ^ (Relevant source part starts here and spans across multiple lines).
Note: Overridden function is here:
  --> contract.sol:12:3:
   |
12 |   function transfer(address to, uint256 value) public returns (bool);
   |   ^^^^^^^^^^^^^^^^^^^^^^^^^^^^^^^^^^^^^^^^^^^^^^^^^^^^^^^^^^^^^^^^^^^

Error: Trying to override non-virtual function. Did you forget to add "virtual"?
  --> contract.sol:12:3:
   |
12 |   function transfer(address to, uint256 value) public returns (bool);
   |   ^^^^^^^^^^^^^^^^^^^^^^^^^^^^^^^^^^^^^^^^^^^^^^^^^^^^^^^^^^^^^^^^^^^
Note: Overriding function is here:
   --> contract.sol:121:3:
    |
121 |   function transfer(address _to, uint256 _value) public returns (bool) {
    |   ^ (Relevant source part starts here and spans across multiple lines).

Error: Overriding function is missing "override" specifier.
   --> contract.sol:137:3:
    |
137 |   function balanceOf(address _owner) public view returns (uint256 balance) {
    |   ^ (Relevant source part starts here and spans across multiple lines).
Note: Overridden function is here:
  --> contract.sol:11:3:
   |
11 |   function balanceOf(address who) public view returns (uint256);
   |   ^^^^^^^^^^^^^^^^^^^^^^^^^^^^^^^^^^^^^^^^^^^^^^^^^^^^^^^^^^^^^^

Error: Trying to override non-virtual function. Did you forget to add "virtual"?
  --> contract.sol:11:3:
   |
11 |   function balanceOf(address who) public view returns (uint256);
   |   ^^^^^^^^^^^^^^^^^^^^^^^^^^^^^^^^^^^^^^^^^^^^^^^^^^^^^^^^^^^^^^
Note: Overriding function is here:
   --> contract.sol:137:3:
    |
137 |   function balanceOf(address _owner) public view returns (uint256 balance) {
    |   ^ (Relevant source part starts here and spans across multiple lines).

Error: Contract "ERC20" should be marked as abstract.
   --> contract.sol:147:1:
    |
147 | contract ERC20 is ERC20Basic {
    | ^ (Relevant source part starts here and spans across multiple lines).
Note: Missing implementation: 
   --> contract.sol:148:3:
    |
148 |   function allowance(address owner, address spender) public view returns (uint256);
    |   ^^^^^^^^^^^^^^^^^^^^^^^^^^^^^^^^^^^^^^^^^^^^^^^^^^^^^^^^^^^^^^^^^^^^^^^^^^^^^^^^^
Note: Missing implementation: 
   --> contract.sol:150:3:
    |
150 |   function approve(address spender, uint256 value) public returns (bool);
    |   ^^^^^^^^^^^^^^^^^^^^^^^^^^^^^^^^^^^^^^^^^^^^^^^^^^^^^^^^^^^^^^^^^^^^^^^
Note: Missing implementation: 
  --> contract.sol:11:3:
   |
11 |   function balanceOf(address who) public view returns (uint256);
   |   ^^^^^^^^^^^^^^^^^^^^^^^^^^^^^^^^^^^^^^^^^^^^^^^^^^^^^^^^^^^^^^
Note: Missing implementation: 
  --> contract.sol:12:3:
   |
12 |   function transfer(address to, uint256 value) public returns (bool);
   |   ^^^^^^^^^^^^^^^^^^^^^^^^^^^^^^^^^^^^^^^^^^^^^^^^^^^^^^^^^^^^^^^^^^^
Note: Missing implementation: 
   --> contract.sol:149:3:
    |
149 |   function transferFrom(address from, address to, uint256 value) public returns (bool);
    |   ^^^^^^^^^^^^^^^^^^^^^^^^^^^^^^^^^^^^^^^^^^^^^^^^^^^^^^^^^^^^^^^^^^^^^^^^^^^^^^^^^^^^^

Error: Overriding function is missing "override" specifier.
   --> contract.sol:171:3:
    |
171 |   function transferFrom(address _from, address _to, uint256 _value) public returns (bool) {
    |   ^ (Relevant source part starts here and spans across multiple lines).
Note: Overridden function is here:
   --> contract.sol:149:3:
    |
149 |   function transferFrom(address from, address to, uint256 value) public returns (bool);
    |   ^^^^^^^^^^^^^^^^^^^^^^^^^^^^^^^^^^^^^^^^^^^^^^^^^^^^^^^^^^^^^^^^^^^^^^^^^^^^^^^^^^^^^

Error: Trying to override non-virtual function. Did you forget to add "virtual"?
   --> contract.sol:149:3:
    |
149 |   function transferFrom(address from, address to, uint256 value) public returns (bool);
    |   ^^^^^^^^^^^^^^^^^^^^^^^^^^^^^^^^^^^^^^^^^^^^^^^^^^^^^^^^^^^^^^^^^^^^^^^^^^^^^^^^^^^^^
Note: Overriding function is here:
   --> contract.sol:171:3:
    |
171 |   function transferFrom(address _from, address _to, uint256 _value) public returns (bool) {
    |   ^ (Relevant source part starts here and spans across multiple lines).

Error: Overriding function is missing "override" specifier.
   --> contract.sol:193:3:
    |
193 |   function approve(address _spender, uint256 _value) public returns (bool) {
    |   ^ (Relevant source part starts here and spans across multiple lines).
Note: Overridden function is here:
   --> contract.sol:150:3:
    |
150 |   function approve(address spender, uint256 value) public returns (bool);
    |   ^^^^^^^^^^^^^^^^^^^^^^^^^^^^^^^^^^^^^^^^^^^^^^^^^^^^^^^^^^^^^^^^^^^^^^^

Error: Trying to override non-virtual function. Did you forget to add "virtual"?
   --> contract.sol:150:3:
    |
150 |   function approve(address spender, uint256 value) public returns (bool);
    |   ^^^^^^^^^^^^^^^^^^^^^^^^^^^^^^^^^^^^^^^^^^^^^^^^^^^^^^^^^^^^^^^^^^^^^^^
Note: Overriding function is here:
   --> contract.sol:193:3:
    |
193 |   function approve(address _spender, uint256 _value) public returns (bool) {
    |   ^ (Relevant source part starts here and spans across multiple lines).

Error: Overriding function is missing "override" specifier.
   --> contract.sol:205:3:
    |
205 |   function allowance(address _owner, address _spender) public view returns (uint256) {
    |   ^ (Relevant source part starts here and spans across multiple lines).
Note: Overridden function is here:
   --> contract.sol:148:3:
    |
148 |   function allowance(address owner, address spender) public view returns (uint256);
    |   ^^^^^^^^^^^^^^^^^^^^^^^^^^^^^^^^^^^^^^^^^^^^^^^^^^^^^^^^^^^^^^^^^^^^^^^^^^^^^^^^^

Error: Trying to override non-virtual function. Did you forget to add "virtual"?
   --> contract.sol:148:3:
    |
148 |   function allowance(address owner, address spender) public view returns (uint256);
    |   ^^^^^^^^^^^^^^^^^^^^^^^^^^^^^^^^^^^^^^^^^^^^^^^^^^^^^^^^^^^^^^^^^^^^^^^^^^^^^^^^^
Note: Overriding function is here:
   --> contract.sol:205:3:
    |
205 |   function allowance(address _owner, address _spender) public view returns (uint256) {
    |   ^ (Relevant source part starts here and spans across multiple lines).

Error: Functions without implementation must be marked virtual.
  --> contract.sol:11:3:
   |
11 |   function balanceOf(address who) public view returns (uint256);
   |   ^^^^^^^^^^^^^^^^^^^^^^^^^^^^^^^^^^^^^^^^^^^^^^^^^^^^^^^^^^^^^^

Error: Functions without implementation must be marked virtual.
  --> contract.sol:12:3:
   |
12 |   function transfer(address to, uint256 value) public returns (bool);
   |   ^^^^^^^^^^^^^^^^^^^^^^^^^^^^^^^^^^^^^^^^^^^^^^^^^^^^^^^^^^^^^^^^^^^

Warning: Visibility for constructor is ignored. If you want the contract to be non-deployable, making it "abstract" is sufficient.
  --> contract.sol:32:3:
   |
32 |   constructor() public {
   |   ^ (Relevant source part starts here and spans across multiple lines).

Error: Functions without implementation must be marked virtual.
   --> contract.sol:148:3:
    |
148 |   function allowance(address owner, address spender) public view returns (uint256);
    |   ^^^^^^^^^^^^^^^^^^^^^^^^^^^^^^^^^^^^^^^^^^^^^^^^^^^^^^^^^^^^^^^^^^^^^^^^^^^^^^^^^

Error: Functions without implementation must be marked virtual.
   --> contract.sol:149:3:
    |
149 |   function transferFrom(address from, address to, uint256 value) public returns (bool);
    |   ^^^^^^^^^^^^^^^^^^^^^^^^^^^^^^^^^^^^^^^^^^^^^^^^^^^^^^^^^^^^^^^^^^^^^^^^^^^^^^^^^^^^^

Error: Functions without implementation must be marked virtual.
   --> contract.sol:150:3:
    |
150 |   function approve(address spender, uint256 value) public returns (bool);
    |   ^^^^^^^^^^^^^^^^^^^^^^^^^^^^^^^^^^^^^^^^^^^^^^^^^^^^^^^^^^^^^^^^^^^^^^^

Warning: Visibility for constructor is ignored. If you want the contract to be non-deployable, making it "abstract" is sufficient.
   --> contract.sol:294:3:
    |
294 |   constructor() public payable {
    |   ^ (Relevant source part starts here and spans across multiple lines).

Warning: Visibility for constructor is ignored. If you want the contract to be non-deployable, making it "abstract" is sufficient.
   --> contract.sol:428:5:
    |
428 |     constructor() public {
    |     ^ (Relevant source part starts here and spans across multiple lines).


=== applied patch_virtual_unimpl ===
=== iter 4 rc=0 ===
Warning: SPDX license identifier not provided in source file. Before publishing, consider adding a comment containing "SPDX-License-Identifier: <SPDX-License>" to each source file. Use "SPDX-License-Identifier: UNLICENSED" for non-open-source code. Please see https://spdx.org for more information.
--> contract.sol


=== full compile rc=1 ===
Warning: SPDX license identifier not provided in source file. Before publishing, consider adding a comment containing "SPDX-License-Identifier: <SPDX-License>" to each source file. Use "SPDX-License-Identifier: UNLICENSED" for non-open-source code. Please see https://spdx.org for more information.
--> contract.sol

Error: Documentation tag "@return An uint256 representing the amount owned by the passed address." does not contain the name of its return parameter.
   --> contract.sol:132:3:
    |
132 |   /**
    |   ^ (Relevant source part starts here and spans across multiple lines).

Error: Documentation tag "@return uint for total coins to be minted" does not contain the name of its return parameter.
   --> contract.sol:659:5:
    |
659 |     /// @dev Calculates staking gains 
    |     ^ (Relevant source part starts here and spans across multiple lines).

Error: Documentation tag "@return uint with the calculated number of new tokens to mint" does not contain the name of its return parameter.
   --> contract.sol:835:5:
    |
835 |     /// @dev Determines the amount of Scale to create based on the number of seconds that have passed
    |     ^ (Relevant source part starts here and spans across multiple lines).

Error: Contract "ERC20Basic" should be marked as abstract.
 --> contract.sol:9:1:
  |
9 | contract ERC20Basic {
  | ^ (Relevant source part starts here and spans across multiple lines).
Note: Missing implementation: 
  --> contract.sol:11:3:
   |
11 |   function balanceOf(address who) public view virtual returns (uint256);
   |   ^^^^^^^^^^^^^^^^^^^^^^^^^^^^^^^^^^^^^^^^^^^^^^^^^^^^^^^^^^^^^^^^^^^^^^
Note: Missing implementation: 
  --> contract.sol:12:3:
   |
12 |   function transfer(address to, uint256 value) public virtual returns (bool);
   |   ^^^^^^^^^^^^^^^^^^^^^^^^^^^^^^^^^^^^^^^^^^^^^^^^^^^^^^^^^^^^^^^^^^^^^^^^^^^

Error: Overriding function is missing "override" specifier.
   --> contract.sol:121:3:
    |
121 |   function transfer(address _to, uint256 _value) public returns (bool) {
    |   ^ (Relevant source part starts here and spans across multiple lines).
Note: Overridden function is here:
  --> contract.sol:12:3:
   |
12 |   function transfer(address to, uint256 value) public virtual returns (bool);
   |   ^^^^^^^^^^^^^^^^^^^^^^^^^^^^^^^^^^^^^^^^^^^^^^^^^^^^^^^^^^^^^^^^^^^^^^^^^^^

Error: Overriding function is missing "override" specifier.
   --> contract.sol:137:3:
    |
137 |   function balanceOf(address _owner) public view returns (uint256 balance) {
    |   ^ (Relevant source part starts here and spans across multiple lines).
Note: Overridden function is here:
  --> contract.sol:11:3:
   |
11 |   function balanceOf(address who) public view virtual returns (uint256);
   |   ^^^^^^^^^^^^^^^^^^^^^^^^^^^^^^^^^^^^^^^^^^^^^^^^^^^^^^^^^^^^^^^^^^^^^^

Error: Contract "ERC20" should be marked as abstract.
   --> contract.sol:147:1:
    |
147 | contract ERC20 is ERC20Basic {
    | ^ (Relevant source part starts here and spans across multiple lines).
Note: Missing implementation: 
   --> contract.sol:148:3:
    |
148 |   function allowance(address owner, address spender) public view virtual returns (uint256);
    |   ^^^^^^^^^^^^^^^^^^^^^^^^^^^^^^^^^^^^^^^^^^^^^^^^^^^^^^^^^^^^^^^^^^^^^^^^^^^^^^^^^^^^^^^^^
Note: Missing implementation: 
   --> contract.sol:150:3:
    |
150 |   function approve(address spender, uint256 value) public virtual returns (bool);
    |   ^^^^^^^^^^^^^^^^^^^^^^^^^^^^^^^^^^^^^^^^^^^^^^^^^^^^^^^^^^^^^^^^^^^^^^^^^^^^^^^
Note: Missing implementation: 
  --> contract.sol:11:3:
   |
11 |   function balanceOf(address who) public view virtual returns (uint256);
   |   ^^^^^^^^^^^^^^^^^^^^^^^^^^^^^^^^^^^^^^^^^^^^^^^^^^^^^^^^^^^^^^^^^^^^^^
Note: Missing implementation: 
  --> contract.sol:12:3:
   |
12 |   function transfer(address to, uint256 value) public virtual returns (bool);
   |   ^^^^^^^^^^^^^^^^^^^^^^^^^^^^^^^^^^^^^^^^^^^^^^^^^^^^^^^^^^^^^^^^^^^^^^^^^^^
Note: Missing implementation: 
   --> contract.sol:149:3:
    |
149 |   function transferFrom(address from, address to, uint256 value) public virtual returns (bool);
    |   ^^^^^^^^^^^^^^^^^^^^^^^^^^^^^^^^^^^^^^^^^^^^^^^^^^^^^^^^^^^^^^^^^^^^^^^^^^^^^^^^^^^^^^^^^^^^^

Error: Overriding function is missing "override" specifier.
   --> contract.sol:171:3:
    |
171 |   function transferFrom(address _from, address _to, uint256 _value) public returns (bool) {
    |   ^ (Relevant source part starts here and spans across multiple lines).
Note: Overridden function is here:
   --> contract.sol:149:3:
    |
149 |   function transferFrom(address from, address to, uint256 value) public virtual returns (bool);
    |   ^^^^^^^^^^^^^^^^^^^^^^^^^^^^^^^^^^^^^^^^^^^^^^^^^^^^^^^^^^^^^^^^^^^^^^^^^^^^^^^^^^^^^^^^^^^^^

Error: Overriding function is missing "override" specifier.
   --> contract.sol:193:3:
    |
193 |   function approve(address _spender, uint256 _value) public returns (bool) {
    |   ^ (Relevant source part starts here and spans across multiple lines).
Note: Overridden function is here:
   --> contract.sol:150:3:
    |
150 |   function approve(address spender, uint256 value) public virtual returns (bool);
    |   ^^^^^^^^^^^^^^^^^^^^^^^^^^^^^^^^^^^^^^^^^^^^^^^^^^^^^^^^^^^^^^^^^^^^^^^^^^^^^^^

Error: Overriding function is missing "override" specifier.
   --> contract.sol:205:3:
    |
205 |   function allowance(address _owner, address _spender) public view returns (uint256) {
    |   ^ (Relevant source part starts here and spans across multiple lines).
Note: Overridden function is here:
   --> contract.sol:148:3:
    |
148 |   function allowance(address owner, address spender) public view virtual returns (uint256);
    |   ^^^^^^^^^^^^^^^^^^^^^^^^^^^^^^^^^^^^^^^^^^^^^^^^^^^^^^^^^^^^^^^^^^^^^^^^^^^^^^^^^^^^^^^^^

Warning: Visibility for constructor is ignored. If you want the contract to be non-deployable, making it "abstract" is sufficient.
  --> contract.sol:32:3:
   |
32 |   constructor() public {
   |   ^ (Relevant source part starts here and spans across multiple lines).

Warning: Visibility for constructor is ignored. If you want the contract to be non-deployable, making it "abstract" is sufficient.
   --> contract.sol:294:3:
    |
294 |   constructor() public payable {
    |   ^ (Relevant source part starts here and spans across multiple lines).

Warning: Visibility for constructor is ignored. If you want the contract to be non-deployable, making it "abstract" is sufficient.
   --> contract.sol:428:5:
    |
428 |     constructor() public {
    |     ^ (Relevant source part starts here and spans across multiple lines).


=== applied patch_drop_ctor_visibility ===
=== iter 5 rc=0 ===
Warning: SPDX license identifier not provided in source file. Before publishing, consider adding a comment containing "SPDX-License-Identifier: <SPDX-License>" to each source file. Use "SPDX-License-Identifier: UNLICENSED" for non-open-source code. Please see https://spdx.org for more information.
--> contract.sol


=== full compile rc=1 ===
Warning: SPDX license identifier not provided in source file. Before publishing, consider adding a comment containing "SPDX-License-Identifier: <SPDX-License>" to each source file. Use "SPDX-License-Identifier: UNLICENSED" for non-open-source code. Please see https://spdx.org for more information.
--> contract.sol

Error: Documentation tag "@return An uint256 representing the amount owned by the passed address." does not contain the name of its return parameter.
   --> contract.sol:132:3:
    |
132 |   /**
    |   ^ (Relevant source part starts here and spans across multiple lines).

Error: Documentation tag "@return uint for total coins to be minted" does not contain the name of its return parameter.
   --> contract.sol:659:5:
    |
659 |     /// @dev Calculates staking gains 
    |     ^ (Relevant source part starts here and spans across multiple lines).

Error: Documentation tag "@return uint with the calculated number of new tokens to mint" does not contain the name of its return parameter.
   --> contract.sol:835:5:
    |
835 |     /// @dev Determines the amount of Scale to create based on the number of seconds that have passed
    |     ^ (Relevant source part starts here and spans across multiple lines).

Error: Contract "ERC20Basic" should be marked as abstract.
 --> contract.sol:9:1:
  |
9 | contract ERC20Basic {
  | ^ (Relevant source part starts here and spans across multiple lines).
Note: Missing implementation: 
  --> contract.sol:11:3:
   |
11 |   function balanceOf(address who) public view virtual returns (uint256);
   |   ^^^^^^^^^^^^^^^^^^^^^^^^^^^^^^^^^^^^^^^^^^^^^^^^^^^^^^^^^^^^^^^^^^^^^^
Note: Missing implementation: 
  --> contract.sol:12:3:
   |
12 |   function transfer(address to, uint256 value) public virtual returns (bool);
   |   ^^^^^^^^^^^^^^^^^^^^^^^^^^^^^^^^^^^^^^^^^^^^^^^^^^^^^^^^^^^^^^^^^^^^^^^^^^^

Error: Overriding function is missing "override" specifier.
   --> contract.sol:121:3:
    |
121 |   function transfer(address _to, uint256 _value) public returns (bool) {
    |   ^ (Relevant source part starts here and spans across multiple lines).
Note: Overridden function is here:
  --> contract.sol:12:3:
   |
12 |   function transfer(address to, uint256 value) public virtual returns (bool);
   |   ^^^^^^^^^^^^^^^^^^^^^^^^^^^^^^^^^^^^^^^^^^^^^^^^^^^^^^^^^^^^^^^^^^^^^^^^^^^

Error: Overriding function is missing "override" specifier.
   --> contract.sol:137:3:
    |
137 |   function balanceOf(address _owner) public view returns (uint256 balance) {
    |   ^ (Relevant source part starts here and spans across multiple lines).
Note: Overridden function is here:
  --> contract.sol:11:3:
   |
11 |   function balanceOf(address who) public view virtual returns (uint256);
   |   ^^^^^^^^^^^^^^^^^^^^^^^^^^^^^^^^^^^^^^^^^^^^^^^^^^^^^^^^^^^^^^^^^^^^^^

Error: Contract "ERC20" should be marked as abstract.
   --> contract.sol:147:1:
    |
147 | contract ERC20 is ERC20Basic {
    | ^ (Relevant source part starts here and spans across multiple lines).
Note: Missing implementation: 
   --> contract.sol:148:3:
    |
148 |   function allowance(address owner, address spender) public view virtual returns (uint256);
    |   ^^^^^^^^^^^^^^^^^^^^^^^^^^^^^^^^^^^^^^^^^^^^^^^^^^^^^^^^^^^^^^^^^^^^^^^^^^^^^^^^^^^^^^^^^
Note: Missing implementation: 
   --> contract.sol:150:3:
    |
150 |   function approve(address spender, uint256 value) public virtual returns (bool);
    |   ^^^^^^^^^^^^^^^^^^^^^^^^^^^^^^^^^^^^^^^^^^^^^^^^^^^^^^^^^^^^^^^^^^^^^^^^^^^^^^^
Note: Missing implementation: 
  --> contract.sol:11:3:
   |
11 |   function balanceOf(address who) public view virtual returns (uint256);
   |   ^^^^^^^^^^^^^^^^^^^^^^^^^^^^^^^^^^^^^^^^^^^^^^^^^^^^^^^^^^^^^^^^^^^^^^
Note: Missing implementation: 
  --> contract.sol:12:3:
   |
12 |   function transfer(address to, uint256 value) public virtual returns (bool);
   |   ^^^^^^^^^^^^^^^^^^^^^^^^^^^^^^^^^^^^^^^^^^^^^^^^^^^^^^^^^^^^^^^^^^^^^^^^^^^
Note: Missing implementation: 
   --> contract.sol:149:3:
    |
149 |   function transferFrom(address from, address to, uint256 value) public virtual returns (bool);
    |   ^^^^^^^^^^^^^^^^^^^^^^^^^^^^^^^^^^^^^^^^^^^^^^^^^^^^^^^^^^^^^^^^^^^^^^^^^^^^^^^^^^^^^^^^^^^^^

Error: Overriding function is missing "override" specifier.
   --> contract.sol:171:3:
    |
171 |   function transferFrom(address _from, address _to, uint256 _value) public returns (bool) {
    |   ^ (Relevant source part starts here and spans across multiple lines).
Note: Overridden function is here:
   --> contract.sol:149:3:
    |
149 |   function transferFrom(address from, address to, uint256 value) public virtual returns (bool);
    |   ^^^^^^^^^^^^^^^^^^^^^^^^^^^^^^^^^^^^^^^^^^^^^^^^^^^^^^^^^^^^^^^^^^^^^^^^^^^^^^^^^^^^^^^^^^^^^

Error: Overriding function is missing "override" specifier.
   --> contract.sol:193:3:
    |
193 |   function approve(address _spender, uint256 _value) public returns (bool) {
    |   ^ (Relevant source part starts here and spans across multiple lines).
Note: Overridden function is here:
   --> contract.sol:150:3:
    |
150 |   function approve(address spender, uint256 value) public virtual returns (bool);
    |   ^^^^^^^^^^^^^^^^^^^^^^^^^^^^^^^^^^^^^^^^^^^^^^^^^^^^^^^^^^^^^^^^^^^^^^^^^^^^^^^

Error: Overriding function is missing "override" specifier.
   --> contract.sol:205:3:
    |
205 |   function allowance(address _owner, address _spender) public view returns (uint256) {
    |   ^ (Relevant source part starts here and spans across multiple lines).
Note: Overridden function is here:
   --> contract.sol:148:3:
    |
148 |   function allowance(address owner, address spender) public view virtual returns (uint256);
    |   ^^^^^^^^^^^^^^^^^^^^^^^^^^^^^^^^^^^^^^^^^^^^^^^^^^^^^^^^^^^^^^^^^^^^^^^^^^^^^^^^^^^^^^^^^

Warning: Visibility for constructor is ignored. If you want the contract to be non-deployable, making it "abstract" is sufficient.
   --> contract.sol:294:3:
    |
294 |   constructor() public payable {
    |   ^ (Relevant source part starts here and spans across multiple lines).


=== applied patch_override_needed ===
=== iter 6 rc=0 ===
Warning: SPDX license identifier not provided in source file. Before publishing, consider adding a comment containing "SPDX-License-Identifier: <SPDX-License>" to each source file. Use "SPDX-License-Identifier: UNLICENSED" for non-open-source code. Please see https://spdx.org for more information.
--> contract.sol


=== full compile rc=1 ===
Warning: SPDX license identifier not provided in source file. Before publishing, consider adding a comment containing "SPDX-License-Identifier: <SPDX-License>" to each source file. Use "SPDX-License-Identifier: UNLICENSED" for non-open-source code. Please see https://spdx.org for more information.
--> contract.sol

Error: Documentation tag "@return An uint256 representing the amount owned by the passed address." does not contain the name of its return parameter.
   --> contract.sol:132:3:
    |
132 |   /**
    |   ^ (Relevant source part starts here and spans across multiple lines).

Error: Documentation tag "@return uint for total coins to be minted" does not contain the name of its return parameter.
   --> contract.sol:659:5:
    |
659 |     /// @dev Calculates staking gains 
    |     ^ (Relevant source part starts here and spans across multiple lines).

Error: Documentation tag "@return uint with the calculated number of new tokens to mint" does not contain the name of its return parameter.
   --> contract.sol:835:5:
    |
835 |     /// @dev Determines the amount of Scale to create based on the number of seconds that have passed
    |     ^ (Relevant source part starts here and spans across multiple lines).

Error: Contract "ERC20Basic" should be marked as abstract.
 --> contract.sol:9:1:
  |
9 | contract ERC20Basic {
  | ^ (Relevant source part starts here and spans across multiple lines).
Note: Missing implementation: 
  --> contract.sol:11:3:
   |
11 |   function balanceOf(address who) public view virtual returns (uint256);
   |   ^^^^^^^^^^^^^^^^^^^^^^^^^^^^^^^^^^^^^^^^^^^^^^^^^^^^^^^^^^^^^^^^^^^^^^
Note: Missing implementation: 
  --> contract.sol:12:3:
   |
12 |   function transfer(address to, uint256 value) public virtual returns (bool);
   |   ^^^^^^^^^^^^^^^^^^^^^^^^^^^^^^^^^^^^^^^^^^^^^^^^^^^^^^^^^^^^^^^^^^^^^^^^^^^

Error: Contract "ERC20" should be marked as abstract.
   --> contract.sol:147:1:
    |
147 | contract ERC20 is ERC20Basic {
    | ^ (Relevant source part starts here and spans across multiple lines).
Note: Missing implementation: 
   --> contract.sol:148:3:
    |
148 |   function allowance(address owner, address spender) public view virtual returns (uint256);
    |   ^^^^^^^^^^^^^^^^^^^^^^^^^^^^^^^^^^^^^^^^^^^^^^^^^^^^^^^^^^^^^^^^^^^^^^^^^^^^^^^^^^^^^^^^^
Note: Missing implementation: 
   --> contract.sol:150:3:
    |
150 |   function approve(address spender, uint256 value) public virtual returns (bool);
    |   ^^^^^^^^^^^^^^^^^^^^^^^^^^^^^^^^^^^^^^^^^^^^^^^^^^^^^^^^^^^^^^^^^^^^^^^^^^^^^^^
Note: Missing implementation: 
  --> contract.sol:11:3:
   |
11 |   function balanceOf(address who) public view virtual returns (uint256);
   |   ^^^^^^^^^^^^^^^^^^^^^^^^^^^^^^^^^^^^^^^^^^^^^^^^^^^^^^^^^^^^^^^^^^^^^^
Note: Missing implementation: 
  --> contract.sol:12:3:
   |
12 |   function transfer(address to, uint256 value) public virtual returns (bool);
   |   ^^^^^^^^^^^^^^^^^^^^^^^^^^^^^^^^^^^^^^^^^^^^^^^^^^^^^^^^^^^^^^^^^^^^^^^^^^^
Note: Missing implementation: 
   --> contract.sol:149:3:
    |
149 |   function transferFrom(address from, address to, uint256 value) public virtual returns (bool);
    |   ^^^^^^^^^^^^^^^^^^^^^^^^^^^^^^^^^^^^^^^^^^^^^^^^^^^^^^^^^^^^^^^^^^^^^^^^^^^^^^^^^^^^^^^^^^^^^

Error: Function has override specified but does not override anything.
   --> contract.sol:329:65:
    |
329 |   function _burn(address _who, uint256 _value) internal virtual override {
    |                                                                 ^^^^^^^^

Warning: Visibility for constructor is ignored. If you want the contract to be non-deployable, making it "abstract" is sufficient.
   --> contract.sol:294:3:
    |
294 |   constructor() public payable {
    |   ^ (Relevant source part starts here and spans across multiple lines).


=== applied patch_strip_all_natspec ===
=== iter 7 rc=0 ===
Warning: SPDX license identifier not provided in source file. Before publishing, consider adding a comment containing "SPDX-License-Identifier: <SPDX-License>" to each source file. Use "SPDX-License-Identifier: UNLICENSED" for non-open-source code. Please see https://spdx.org for more information.
--> contract.sol


=== full compile rc=1 ===
Warning: SPDX license identifier not provided in source file. Before publishing, consider adding a comment containing "SPDX-License-Identifier: <SPDX-License>" to each source file. Use "SPDX-License-Identifier: UNLICENSED" for non-open-source code. Please see https://spdx.org for more information.
--> contract.sol

Error: Contract "ERC20Basic" should be marked as abstract.
 --> contract.sol:5:1:
  |
5 | contract ERC20Basic {
  | ^ (Relevant source part starts here and spans across multiple lines).
Note: Missing implementation: 
 --> contract.sol:7:3:
  |
7 |   function balanceOf(address who) public view virtual returns (uint256);
  |   ^^^^^^^^^^^^^^^^^^^^^^^^^^^^^^^^^^^^^^^^^^^^^^^^^^^^^^^^^^^^^^^^^^^^^^
Note: Missing implementation: 
 --> contract.sol:8:3:
  |
8 |   function transfer(address to, uint256 value) public virtual returns (bool);
  |   ^^^^^^^^^^^^^^^^^^^^^^^^^^^^^^^^^^^^^^^^^^^^^^^^^^^^^^^^^^^^^^^^^^^^^^^^^^^

Error: Contract "ERC20" should be marked as abstract.
   --> contract.sol:103:1:
    |
103 | contract ERC20 is ERC20Basic {
    | ^ (Relevant source part starts here and spans across multiple lines).
Note: Missing implementation: 
   --> contract.sol:104:3:
    |
104 |   function allowance(address owner, address spender) public view virtual returns (uint256);
    |   ^^^^^^^^^^^^^^^^^^^^^^^^^^^^^^^^^^^^^^^^^^^^^^^^^^^^^^^^^^^^^^^^^^^^^^^^^^^^^^^^^^^^^^^^^
Note: Missing implementation: 
   --> contract.sol:106:3:
    |
106 |   function approve(address spender, uint256 value) public virtual returns (bool);
    |   ^^^^^^^^^^^^^^^^^^^^^^^^^^^^^^^^^^^^^^^^^^^^^^^^^^^^^^^^^^^^^^^^^^^^^^^^^^^^^^^
Note: Missing implementation: 
 --> contract.sol:7:3:
  |
7 |   function balanceOf(address who) public view virtual returns (uint256);
  |   ^^^^^^^^^^^^^^^^^^^^^^^^^^^^^^^^^^^^^^^^^^^^^^^^^^^^^^^^^^^^^^^^^^^^^^
Note: Missing implementation: 
 --> contract.sol:8:3:
  |
8 |   function transfer(address to, uint256 value) public virtual returns (bool);
  |   ^^^^^^^^^^^^^^^^^^^^^^^^^^^^^^^^^^^^^^^^^^^^^^^^^^^^^^^^^^^^^^^^^^^^^^^^^^^
Note: Missing implementation: 
   --> contract.sol:105:3:
    |
105 |   function transferFrom(address from, address to, uint256 value) public virtual returns (bool);
    |   ^^^^^^^^^^^^^^^^^^^^^^^^^^^^^^^^^^^^^^^^^^^^^^^^^^^^^^^^^^^^^^^^^^^^^^^^^^^^^^^^^^^^^^^^^^^^^

Error: Function has override specified but does not override anything.
   --> contract.sol:206:65:
    |
206 |   function _burn(address _who, uint256 _value) internal virtual override {
    |                                                                 ^^^^^^^^

Warning: Visibility for constructor is ignored. If you want the contract to be non-deployable, making it "abstract" is sufficient.
   --> contract.sol:181:3:
    |
181 |   constructor() public payable {
    |   ^ (Relevant source part starts here and spans across multiple lines).


=== applied patch_mark_abstract ===
=== iter 8 rc=0 ===
Warning: SPDX license identifier not provided in source file. Before publishing, consider adding a comment containing "SPDX-License-Identifier: <SPDX-License>" to each source file. Use "SPDX-License-Identifier: UNLICENSED" for non-open-source code. Please see https://spdx.org for more information.
--> contract.sol


=== full compile rc=1 ===
Warning: SPDX license identifier not provided in source file. Before publishing, consider adding a comment containing "SPDX-License-Identifier: <SPDX-License>" to each source file. Use "SPDX-License-Identifier: UNLICENSED" for non-open-source code. Please see https://spdx.org for more information.
--> contract.sol

Error: Function has override specified but does not override anything.
   --> contract.sol:206:65:
    |
206 |   function _burn(address _who, uint256 _value) internal virtual override {
    |                                                                 ^^^^^^^^

Warning: Visibility for constructor is ignored. If you want the contract to be non-deployable, making it "abstract" is sufficient.
   --> contract.sol:181:3:
    |
181 |   constructor() public payable {
    |   ^ (Relevant source part starts here and spans across multiple lines).


=== applied patch_remove_bogus_override ===
=== iter 9 rc=0 ===
Warning: SPDX license identifier not provided in source file. Before publishing, consider adding a comment containing "SPDX-License-Identifier: <SPDX-License>" to each source file. Use "SPDX-License-Identifier: UNLICENSED" for non-open-source code. Please see https://spdx.org for more information.
--> contract.sol


=== full compile rc=1 ===
Warning: SPDX license identifier not provided in source file. Before publishing, consider adding a comment containing "SPDX-License-Identifier: <SPDX-License>" to each source file. Use "SPDX-License-Identifier: UNLICENSED" for non-open-source code. Please see https://spdx.org for more information.
--> contract.sol

Error: Overriding function is missing "override" specifier.
  --> contract.sol:84:3:
   |
84 |   function transfer(address _to, uint256 _value) public virtual returns (bool) {
   |   ^ (Relevant source part starts here and spans across multiple lines).
Note: Overridden function is here:
 --> contract.sol:8:3:
  |
8 |   function transfer(address to, uint256 value) public virtual returns (bool);
  |   ^^^^^^^^^^^^^^^^^^^^^^^^^^^^^^^^^^^^^^^^^^^^^^^^^^^^^^^^^^^^^^^^^^^^^^^^^^^

Error: Overriding function is missing "override" specifier.
  --> contract.sol:96:3:
   |
96 |   function balanceOf(address _owner) public view virtual returns (uint256 balance) {
   |   ^ (Relevant source part starts here and spans across multiple lines).
Note: Overridden function is here:
 --> contract.sol:7:3:
  |
7 |   function balanceOf(address who) public view virtual returns (uint256);
  |   ^^^^^^^^^^^^^^^^^^^^^^^^^^^^^^^^^^^^^^^^^^^^^^^^^^^^^^^^^^^^^^^^^^^^^^

Error: Overriding function is missing "override" specifier.
   --> contract.sol:116:3:
    |
116 |   function transferFrom(address _from, address _to, uint256 _value) public virtual returns (bool) {
    |   ^ (Relevant source part starts here and spans across multiple lines).
Note: Overridden function is here:
   --> contract.sol:105:3:
    |
105 |   function transferFrom(address from, address to, uint256 value) public virtual returns (bool);
    |   ^^^^^^^^^^^^^^^^^^^^^^^^^^^^^^^^^^^^^^^^^^^^^^^^^^^^^^^^^^^^^^^^^^^^^^^^^^^^^^^^^^^^^^^^^^^^^

Error: Overriding function is missing "override" specifier.
   --> contract.sol:129:3:
    |
129 |   function approve(address _spender, uint256 _value) public virtual returns (bool) {
    |   ^ (Relevant source part starts here and spans across multiple lines).
Note: Overridden function is here:
   --> contract.sol:106:3:
    |
106 |   function approve(address spender, uint256 value) public virtual returns (bool);
    |   ^^^^^^^^^^^^^^^^^^^^^^^^^^^^^^^^^^^^^^^^^^^^^^^^^^^^^^^^^^^^^^^^^^^^^^^^^^^^^^^

Error: Overriding function is missing "override" specifier.
   --> contract.sol:136:3:
    |
136 |   function allowance(address _owner, address _spender) public view virtual returns (uint256) {
    |   ^ (Relevant source part starts here and spans across multiple lines).
Note: Overridden function is here:
   --> contract.sol:104:3:
    |
104 |   function allowance(address owner, address spender) public view virtual returns (uint256);
    |   ^^^^^^^^^^^^^^^^^^^^^^^^^^^^^^^^^^^^^^^^^^^^^^^^^^^^^^^^^^^^^^^^^^^^^^^^^^^^^^^^^^^^^^^^^

Warning: Visibility for constructor is ignored. If you want the contract to be non-deployable, making it "abstract" is sufficient.
   --> contract.sol:181:3:
    |
181 |   constructor() public payable {
    |   ^ (Relevant source part starts here and spans across multiple lines).


=== no rule matched ===
