=== iter 0 rc=1 ===
Error: Expected a state variable declaration. If you intended this as a fallback function or a function to handle plain ether transactions, use the "fallback" keyword or the "receive" keyword instead.
   --> contract.sol:381:35:
    |
381 |      function () external payable {
    |                                   ^


=== applied patch_anonymous_fallback ===
=== iter 1 rc=0 ===
Warning: SPDX license identifier not provided in source file. Before publishing, consider adding a comment containing "SPDX-License-Identifier: <SPDX-License>" to each source file. Use "SPDX-License-Identifier: UNLICENSED" for non-open-source code. Please see https://spdx.org for more information.
--> contract.sol


=== full compile rc=1 ===
Warning: SPDX license identifier not provided in source file. Before publishing, consider adding a comment containing "SPDX-License-Identifier: <SPDX-License>" to each source file. Use "SPDX-License-Identifier: UNLICENSED" for non-open-source code. Please see https://spdx.org for more information.
--> contract.sol

Error: Contract "ERC20Interface" should be marked as abstract.
   --> contract.sol:219:1:
    |
219 | contract ERC20Interface {
    | ^ (Relevant source part starts here and spans across multiple lines).
Note: Missing implementation: 
   --> contract.sol:222:6:
    |
222 |      function allowance(address tokenOwner, address spender) public view returns (uint256 remaining);
    |      ^^^^^^^^^^^^^^^^^^^^^^^^^^^^^^^^^^^^^^^^^^^^^^^^^^^^^^^^^^^^^^^^^^^^^^^^^^^^^^^^^^^^^^^^^^^^^^^^
Note: Missing implementation: 
   --> contract.sol:224:6:
    |
224 |      function approve(address spender, uint256 tokens) public returns (bool success);
    |      ^^^^^^^^^^^^^^^^^^^^^^^^^^^^^^^^^^^^^^^^^^^^^^^^^^^^^^^^^^^^^^^^^^^^^^^^^^^^^^^^
Note: Missing implementation: 
   --> contract.sol:221:6:
    |
221 |      function balanceOf(address tokenOwner) public view returns (uint256 balance);
    |      ^^^^^^^^^^^^^^^^^^^^^^^^^^^^^^^^^^^^^^^^^^^^^^^^^^^^^^^^^^^^^^^^^^^^^^^^^^^^^
Note: Missing implementation: 
   --> contract.sol:220:6:
    |
220 |      function totalSupply() public view returns (uint256);
    |      ^^^^^^^^^^^^^^^^^^^^^^^^^^^^^^^^^^^^^^^^^^^^^^^^^^^^^
Note: Missing implementation: 
   --> contract.sol:223:6:
    |
223 |      function transfer(address to, uint256 tokens) public returns (bool success);
    |      ^^^^^^^^^^^^^^^^^^^^^^^^^^^^^^^^^^^^^^^^^^^^^^^^^^^^^^^^^^^^^^^^^^^^^^^^^^^^
Note: Missing implementation: 
   --> contract.sol:225:6:
    |
225 |      function transferFrom(address from, address to, uint256 tokens) public returns (bool success);
    |      ^^^^^^^^^^^^^^^^^^^^^^^^^^^^^^^^^^^^^^^^^^^^^^^^^^^^^^^^^^^^^^^^^^^^^^^^^^^^^^^^^^^^^^^^^^^^^^

Error: Overriding function is missing "override" specifier.
   --> contract.sol:252:6:
    |
252 |      function totalSupply() public view returns (uint256) {
    |      ^ (Relevant source part starts here and spans across multiple lines).
Note: Overridden function is here:
   --> contract.sol:220:6:
    |
220 |      function totalSupply() public view returns (uint256);
    |      ^^^^^^^^^^^^^^^^^^^^^^^^^^^^^^^^^^^^^^^^^^^^^^^^^^^^^

Error: Trying to override non-virtual function. Did you forget to add "virtual"?
   --> contract.sol:220:6:
    |
220 |      function totalSupply() public view returns (uint256);
    |      ^^^^^^^^^^^^^^^^^^^^^^^^^^^^^^^^^^^^^^^^^^^^^^^^^^^^^
Note: Overriding function is here:
   --> contract.sol:252:6:
    |
252 |      function totalSupply() public view returns (uint256) {
    |      ^ (Relevant source part starts here and spans across multiple lines).

Error: Overriding function is missing "override" specifier.
   --> contract.sol:261:6:
    |
261 |      function balanceOf(address owner) public view returns (uint256) {
    |      ^ (Relevant source part starts here and spans across multiple lines).
Note: Overridden function is here:
   --> contract.sol:221:6:
    |
221 |      function balanceOf(address tokenOwner) public view returns (uint256 balance);
    |      ^^^^^^^^^^^^^^^^^^^^^^^^^^^^^^^^^^^^^^^^^^^^^^^^^^^^^^^^^^^^^^^^^^^^^^^^^^^^^

Error: Trying to override non-virtual function. Did you forget to add "virtual"?
   --> contract.sol:221:6:
    |
221 |      function balanceOf(address tokenOwner) public view returns (uint256 balance);
    |      ^^^^^^^^^^^^^^^^^^^^^^^^^^^^^^^^^^^^^^^^^^^^^^^^^^^^^^^^^^^^^^^^^^^^^^^^^^^^^
Note: Overriding function is here:
   --> contract.sol:261:6:
    |
261 |      function balanceOf(address owner) public view returns (uint256) {
    |      ^ (Relevant source part starts here and spans across multiple lines).

Error: Overriding function is missing "override" specifier.
   --> contract.sol:270:6:
    |
270 |      function transfer(address to, uint256 value) public returns (bool) {
    |      ^ (Relevant source part starts here and spans across multiple lines).
Note: Overridden function is here:
   --> contract.sol:223:6:
    |
223 |      function transfer(address to, uint256 tokens) public returns (bool success);
    |      ^^^^^^^^^^^^^^^^^^^^^^^^^^^^^^^^^^^^^^^^^^^^^^^^^^^^^^^^^^^^^^^^^^^^^^^^^^^^

Error: Trying to override non-virtual function. Did you forget to add "virtual"?
   --> contract.sol:223:6:
    |
223 |      function transfer(address to, uint256 tokens) public returns (bool success);
    |      ^^^^^^^^^^^^^^^^^^^^^^^^^^^^^^^^^^^^^^^^^^^^^^^^^^^^^^^^^^^^^^^^^^^^^^^^^^^^
Note: Overriding function is here:
   --> contract.sol:270:6:
    |
270 |      function transfer(address to, uint256 value) public returns (bool) {
    |      ^ (Relevant source part starts here and spans across multiple lines).

Error: Overriding function is missing "override" specifier.
   --> contract.sol:291:6:
    |
291 |      function approve(address spender, uint256 value) public returns (bool) {
    |      ^ (Relevant source part starts here and spans across multiple lines).
Note: Overridden function is here:
   --> contract.sol:224:6:
    |
224 |      function approve(address spender, uint256 tokens) public returns (bool success);
    |      ^^^^^^^^^^^^^^^^^^^^^^^^^^^^^^^^^^^^^^^^^^^^^^^^^^^^^^^^^^^^^^^^^^^^^^^^^^^^^^^^

Error: Trying to override non-virtual function. Did you forget to add "virtual"?
   --> contract.sol:224:6:
    |
224 |      function approve(address spender, uint256 tokens) public returns (bool success);
    |      ^^^^^^^^^^^^^^^^^^^^^^^^^^^^^^^^^^^^^^^^^^^^^^^^^^^^^^^^^^^^^^^^^^^^^^^^^^^^^^^^
Note: Overriding function is here:
   --> contract.sol:291:6:
    |
291 |      function approve(address spender, uint256 value) public returns (bool) {
    |      ^ (Relevant source part starts here and spans across multiple lines).

Error: Overriding function is missing "override" specifier.
   --> contract.sol:302:6:
    |
302 |      function transferFrom(address from, address to, uint256 value) public returns (bool) {
    |      ^ (Relevant source part starts here and spans across multiple lines).
Note: Overridden function is here:
   --> contract.sol:225:6:
    |
225 |      function transferFrom(address from, address to, uint256 tokens) public returns (bool success);
    |      ^^^^^^^^^^^^^^^^^^^^^^^^^^^^^^^^^^^^^^^^^^^^^^^^^^^^^^^^^^^^^^^^^^^^^^^^^^^^^^^^^^^^^^^^^^^^^^

Error: Trying to override non-virtual function. Did you forget to add "virtual"?
   --> contract.sol:225:6:
    |
225 |      function transferFrom(address from, address to, uint256 tokens) public returns (bool success);
    |      ^^^^^^^^^^^^^^^^^^^^^^^^^^^^^^^^^^^^^^^^^^^^^^^^^^^^^^^^^^^^^^^^^^^^^^^^^^^^^^^^^^^^^^^^^^^^^^
Note: Overriding function is here:
   --> contract.sol:302:6:
    |
302 |      function transferFrom(address from, address to, uint256 value) public returns (bool) {
    |      ^ (Relevant source part starts here and spans across multiple lines).

Error: Overriding function is missing "override" specifier.
   --> contract.sol:314:6:
    |
314 |      function allowance(address owner, address spender) public view returns (uint256) {
    |      ^ (Relevant source part starts here and spans across multiple lines).
Note: Overridden function is here:
   --> contract.sol:222:6:
    |
222 |      function allowance(address tokenOwner, address spender) public view returns (uint256 remaining);
    |      ^^^^^^^^^^^^^^^^^^^^^^^^^^^^^^^^^^^^^^^^^^^^^^^^^^^^^^^^^^^^^^^^^^^^^^^^^^^^^^^^^^^^^^^^^^^^^^^^

Error: Trying to override non-virtual function. Did you forget to add "virtual"?
   --> contract.sol:222:6:
    |
222 |      function allowance(address tokenOwner, address spender) public view returns (uint256 remaining);
    |      ^^^^^^^^^^^^^^^^^^^^^^^^^^^^^^^^^^^^^^^^^^^^^^^^^^^^^^^^^^^^^^^^^^^^^^^^^^^^^^^^^^^^^^^^^^^^^^^^
Note: Overriding function is here:
   --> contract.sol:314:6:
    |
314 |      function allowance(address owner, address spender) public view returns (uint256) {
    |      ^ (Relevant source part starts here and spans across multiple lines).

Error: Non-abstract contracts cannot have internal constructors. Remove the "internal" keyword and make the contract abstract to fix this.
   --> contract.sol:121:5:
    |
121 |     constructor () internal {
    |     ^ (Relevant source part starts here and spans across multiple lines).

Error: Non-abstract contracts cannot have internal constructors. Remove the "internal" keyword and make the contract abstract to fix this.
   --> contract.sol:187:5:
    |
187 |     constructor () internal {
    |     ^ (Relevant source part starts here and spans across multiple lines).

Error: Functions without implementation must be marked virtual.
   --> contract.sol:220:6:
    |
220 |      function totalSupply() public view returns (uint256);
    |      ^^^^^^^^^^^^^^^^^^^^^^^^^^^^^^^^^^^^^^^^^^^^^^^^^^^^^

Error: Functions without implementation must be marked virtual.
   --> contract.sol:221:6:
    |
221 |      function balanceOf(address tokenOwner) public view returns (uint256 balance);
    |      ^^^^^^^^^^^^^^^^^^^^^^^^^^^^^^^^^^^^^^^^^^^^^^^^^^^^^^^^^^^^^^^^^^^^^^^^^^^^^

Error: Functions without implementation must be marked virtual.
   --> contract.sol:222:6:
    |
222 |      function allowance(address tokenOwner, address spender) public view returns (uint256 remaining);
    |      ^^^^^^^^^^^^^^^^^^^^^^^^^^^^^^^^^^^^^^^^^^^^^^^^^^^^^^^^^^^^^^^^^^^^^^^^^^^^^^^^^^^^^^^^^^^^^^^^

Error: Functions without implementation must be marked virtual.
   --> contract.sol:223:6:
    |
223 |      function transfer(address to, uint256 tokens) public returns (bool success);
    |      ^^^^^^^^^^^^^^^^^^^^^^^^^^^^^^^^^^^^^^^^^^^^^^^^^^^^^^^^^^^^^^^^^^^^^^^^^^^^

Error: Functions without implementation must be marked virtual.
   --> contract.sol:224:6:
    |
224 |      function approve(address spender, uint256 tokens) public returns (bool success);
    |      ^^^^^^^^^^^^^^^^^^^^^^^^^^^^^^^^^^^^^^^^^^^^^^^^^^^^^^^^^^^^^^^^^^^^^^^^^^^^^^^^

Error: Functions without implementation must be marked virtual.
   --> contract.sol:225:6:
    |
225 |      function transferFrom(address from, address to, uint256 tokens) public returns (bool success);
    |      ^^^^^^^^^^^^^^^^^^^^^^^^^^^^^^^^^^^^^^^^^^^^^^^^^^^^^^^^^^^^^^^^^^^^^^^^^^^^^^^^^^^^^^^^^^^^^^

Warning: Visibility for constructor is ignored. If you want the contract to be non-deployable, making it "abstract" is sufficient.
   --> contract.sol:242:6:
    |
242 |      constructor () public {
    |      ^ (Relevant source part starts here and spans across multiple lines).


=== applied patch_internal_ctor ===
=== iter 2 rc=0 ===
Warning: SPDX license identifier not provided in source file. Before publishing, consider adding a comment containing "SPDX-License-Identifier: <SPDX-License>" to each source file. Use "SPDX-License-Identifier: UNLICENSED" for non-open-source code. Please see https://spdx.org for more information.
--> contract.sol


=== full compile rc=1 ===
Warning: SPDX license identifier not provided in source file. Before publishing, consider adding a comment containing "SPDX-License-Identifier: <SPDX-License>" to each source file. Use "SPDX-License-Identifier: UNLICENSED" for non-open-source code. Please see https://spdx.org for more information.
--> contract.sol

Error: Contract "ERC20Interface" should be marked as abstract.
   --> contract.sol:219:1:
    |
219 | contract ERC20Interface {
    | ^ (Relevant source part starts here and spans across multiple lines).
Note: Missing implementation: 
   --> contract.sol:222:6:
    |
222 |      function allowance(address tokenOwner, address spender) public view returns (uint256 remaining);
    |      ^^^^^^^^^^^^^^^^^^^^^^^^^^^^^^^^^^^^^^^^^^^^^^^^^^^^^^^^^^^^^^^^^^^^^^^^^^^^^^^^^^^^^^^^^^^^^^^^
Note: Missing implementation: 
   --> contract.sol:224:6:
    |
224 |      function approve(address spender, uint256 tokens) public returns (bool success);
    |      ^^^^^^^^^^^^^^^^^^^^^^^^^^^^^^^^^^^^^^^^^^^^^^^^^^^^^^^^^^^^^^^^^^^^^^^^^^^^^^^^
Note: Missing implementation: 
   --> contract.sol:221:6:
    |
221 |      function balanceOf(address tokenOwner) public view returns (uint256 balance);
    |      ^^^^^^^^^^^^^^^^^^^^^^^^^^^^^^^^^^^^^^^^^^^^^^^^^^^^^^^^^^^^^^^^^^^^^^^^^^^^^
Note: Missing implementation: 
   --> contract.sol:220:6:
    |
220 |      function totalSupply() public view returns (uint256);
    |      ^^^^^^^^^^^^^^^^^^^^^^^^^^^^^^^^^^^^^^^^^^^^^^^^^^^^^
Note: Missing implementation: 
   --> contract.sol:223:6:
    |
223 |      function transfer(address to, uint256 tokens) public returns (bool success);
    |      ^^^^^^^^^^^^^^^^^^^^^^^^^^^^^^^^^^^^^^^^^^^^^^^^^^^^^^^^^^^^^^^^^^^^^^^^^^^^
Note: Missing implementation: 
   --> contract.sol:225:6:
    |
225 |      function transferFrom(address from, address to, uint256 tokens) public returns (bool success);
    |      ^^^^^^^^^^^^^^^^^^^^^^^^^^^^^^^^^^^^^^^^^^^^^^^^^^^^^^^^^^^^^^^^^^^^^^^^^^^^^^^^^^^^^^^^^^^^^^

Error: Overriding function is missing "override" specifier.
   --> contract.sol:252:6:
    |
252 |      function totalSupply() public view returns (uint256) {
    |      ^ (Relevant source part starts here and spans across multiple lines).
Note: Overridden function is here:
   --> contract.sol:220:6:
    |
220 |      function totalSupply() public view returns (uint256);
    |      ^^^^^^^^^^^^^^^^^^^^^^^^^^^^^^^^^^^^^^^^^^^^^^^^^^^^^

Error: Trying to override non-virtual function. Did you forget to add "virtual"?
   --> contract.sol:220:6:
    |
220 |      function totalSupply() public view returns (uint256);
    |      ^^^^^^^^^^^^^^^^^^^^^^^^^^^^^^^^^^^^^^^^^^^^^^^^^^^^^
Note: Overriding function is here:
   --> contract.sol:252:6:
    |
252 |      function totalSupply() public view returns (uint256) {
    |      ^ (Relevant source part starts here and spans across multiple lines).

Error: Overriding function is missing "override" specifier.
   --> contract.sol:261:6:
    |
261 |      function balanceOf(address owner) public view returns (uint256) {
    |      ^ (Relevant source part starts here and spans across multiple lines).
Note: Overridden function is here:
   --> contract.sol:221:6:
    |
221 |      function balanceOf(address tokenOwner) public view returns (uint256 balance);
    |      ^^^^^^^^^^^^^^^^^^^^^^^^^^^^^^^^^^^^^^^^^^^^^^^^^^^^^^^^^^^^^^^^^^^^^^^^^^^^^

Error: Trying to override non-virtual function. Did you forget to add "virtual"?
   --> contract.sol:221:6:
    |
221 |      function balanceOf(address tokenOwner) public view returns (uint256 balance);
    |      ^^^^^^^^^^^^^^^^^^^^^^^^^^^^^^^^^^^^^^^^^^^^^^^^^^^^^^^^^^^^^^^^^^^^^^^^^^^^^
Note: Overriding function is here:
   --> contract.sol:261:6:
    |
261 |      function balanceOf(address owner) public view returns (uint256) {
    |      ^ (Relevant source part starts here and spans across multiple lines).

Error: Overriding function is missing "override" specifier.
   --> contract.sol:270:6:
    |
270 |      function transfer(address to, uint256 value) public returns (bool) {
    |      ^ (Relevant source part starts here and spans across multiple lines).
Note: Overridden function is here:
   --> contract.sol:223:6:
    |
223 |      function transfer(address to, uint256 tokens) public returns (bool success);
    |      ^^^^^^^^^^^^^^^^^^^^^^^^^^^^^^^^^^^^^^^^^^^^^^^^^^^^^^^^^^^^^^^^^^^^^^^^^^^^

Error: Trying to override non-virtual function. Did you forget to add "virtual"?
   --> contract.sol:223:6:
    |
223 |      function transfer(address to, uint256 tokens) public returns (bool success);
    |      ^^^^^^^^^^^^^^^^^^^^^^^^^^^^^^^^^^^^^^^^^^^^^^^^^^^^^^^^^^^^^^^^^^^^^^^^^^^^
Note: Overriding function is here:
   --> contract.sol:270:6:
    |
270 |      function transfer(address to, uint256 value) public returns (bool) {
    |      ^ (Relevant source part starts here and spans across multiple lines).

Error: Overriding function is missing "override" specifier.
   --> contract.sol:291:6:
    |
291 |      function approve(address spender, uint256 value) public returns (bool) {
    |      ^ (Relevant source part starts here and spans across multiple lines).
Note: Overridden function is here:
   --> contract.sol:224:6:
    |
224 |      function approve(address spender, uint256 tokens) public returns (bool success);
    |      ^^^^^^^^^^^^^^^^^^^^^^^^^^^^^^^^^^^^^^^^^^^^^^^^^^^^^^^^^^^^^^^^^^^^^^^^^^^^^^^^

Error: Trying to override non-virtual function. Did you forget to add "virtual"?
   --> contract.sol:224:6:
    |
224 |      function approve(address spender, uint256 tokens) public returns (bool success);
    |      ^^^^^^^^^^^^^^^^^^^^^^^^^^^^^^^^^^^^^^^^^^^^^^^^^^^^^^^^^^^^^^^^^^^^^^^^^^^^^^^^
Note: Overriding function is here:
   --> contract.sol:291:6:
    |
291 |      function approve(address spender, uint256 value) public returns (bool) {
    |      ^ (Relevant source part starts here and spans across multiple lines).

Error: Overriding function is missing "override" specifier.
   --> contract.sol:302:6:
    |
302 |      function transferFrom(address from, address to, uint256 value) public returns (bool) {
    |      ^ (Relevant source part starts here and spans across multiple lines).
Note: Overridden function is here:
   --> contract.sol:225:6:
    |
225 |      function transferFrom(address from, address to, uint256 tokens) public returns (bool success);
    |      ^^^^^^^^^^^^^^^^^^^^^^^^^^^^^^^^^^^^^^^^^^^^^^^^^^^^^^^^^^^^^^^^^^^^^^^^^^^^^^^^^^^^^^^^^^^^^^

Error: Trying to override non-virtual function. Did you forget to add "virtual"?
   --> contract.sol:225:6:
    |
225 |      function transferFrom(address from, address to, uint256 tokens) public returns (bool success);
    |      ^^^^^^^^^^^^^^^^^^^^^^^^^^^^^^^^^^^^^^^^^^^^^^^^^^^^^^^^^^^^^^^^^^^^^^^^^^^^^^^^^^^^^^^^^^^^^^
Note: Overriding function is here:
   --> contract.sol:302:6:
    |
302 |      function transferFrom(address from, address to, uint256 value) public returns (bool) {
    |      ^ (Relevant source part starts here and spans across multiple lines).

Error: Overriding function is missing "override" specifier.
   --> contract.sol:314:6:
    |
314 |      function allowance(address owner, address spender) public view returns (uint256) {
    |      ^ (Relevant source part starts here and spans across multiple lines).
Note: Overridden function is here:
   --> contract.sol:222:6:
    |
222 |      function allowance(address tokenOwner, address spender) public view returns (uint256 remaining);
    |      ^^^^^^^^^^^^^^^^^^^^^^^^^^^^^^^^^^^^^^^^^^^^^^^^^^^^^^^^^^^^^^^^^^^^^^^^^^^^^^^^^^^^^^^^^^^^^^^^

Error: Trying to override non-virtual function. Did you forget to add "virtual"?
   --> contract.sol:222:6:
    |
222 |      function allowance(address tokenOwner, address spender) public view returns (uint256 remaining);
    |      ^^^^^^^^^^^^^^^^^^^^^^^^^^^^^^^^^^^^^^^^^^^^^^^^^^^^^^^^^^^^^^^^^^^^^^^^^^^^^^^^^^^^^^^^^^^^^^^^
Note: Overriding function is here:
   --> contract.sol:314:6:
    |
314 |      function allowance(address owner, address spender) public view returns (uint256) {
    |      ^ (Relevant source part starts here and spans across multiple lines).

Error: Functions without implementation must be marked virtual.
   --> contract.sol:220:6:
    |
220 |      function totalSupply() public view returns (uint256);
    |      ^^^^^^^^^^^^^^^^^^^^^^^^^^^^^^^^^^^^^^^^^^^^^^^^^^^^^

Error: Functions without implementation must be marked virtual.
   --> contract.sol:221:6:
    |
221 |      function balanceOf(address tokenOwner) public view returns (uint256 balance);
    |      ^^^^^^^^^^^^^^^^^^^^^^^^^^^^^^^^^^^^^^^^^^^^^^^^^^^^^^^^^^^^^^^^^^^^^^^^^^^^^

Error: Functions without implementation must be marked virtual.
   --> contract.sol:222:6:
    |
222 |      function allowance(address tokenOwner, address spender) public view returns (uint256 remaining);
    |      ^^^^^^^^^^^^^^^^^^^^^^^^^^^^^^^^^^^^^^^^^^^^^^^^^^^^^^^^^^^^^^^^^^^^^^^^^^^^^^^^^^^^^^^^^^^^^^^^

Error: Functions without implementation must be marked virtual.
   --> contract.sol:223:6:
    |
223 |      function transfer(address to, uint256 tokens) public returns (bool success);
    |      ^^^^^^^^^^^^^^^^^^^^^^^^^^^^^^^^^^^^^^^^^^^^^^^^^^^^^^^^^^^^^^^^^^^^^^^^^^^^

Error: Functions without implementation must be marked virtual.
   --> contract.sol:224:6:
    |
224 |      function approve(address spender, uint256 tokens) public returns (bool success);
    |      ^^^^^^^^^^^^^^^^^^^^^^^^^^^^^^^^^^^^^^^^^^^^^^^^^^^^^^^^^^^^^^^^^^^^^^^^^^^^^^^^

Error: Functions without implementation must be marked virtual.
   --> contract.sol:225:6:
    |
225 |      function transferFrom(address from, address to, uint256 tokens) public returns (bool success);
    |      ^^^^^^^^^^^^^^^^^^^^^^^^^^^^^^^^^^^^^^^^^^^^^^^^^^^^^^^^^^^^^^^^^^^^^^^^^^^^^^^^^^^^^^^^^^^^^^

Warning: Visibility for constructor is ignored. If you want the contract to be non-deployable, making it "abstract" is sufficient.
   --> contract.sol:242:6:
    |
242 |      constructor () public {
    |      ^ (Relevant source part starts here and spans across multiple lines).


=== applied patch_virtual_unimpl ===
=== iter 3 rc=0 ===
Warning: SPDX license identifier not provided in source file. Before publishing, consider adding a comment containing "SPDX-License-Identifier: <SPDX-License>" to each source file. Use "SPDX-License-Identifier: UNLICENSED" for non-open-source code. Please see https://spdx.org for more information.
--> contract.sol


=== full compile rc=1 ===
Warning: SPDX license identifier not provided in source file. Before publishing, consider adding a comment containing "SPDX-License-Identifier: <SPDX-License>" to each source file. Use "SPDX-License-Identifier: UNLICENSED" for non-open-source code. Please see https://spdx.org for more information.
--> contract.sol

Error: Contract "ERC20Interface" should be marked as abstract.
   --> contract.sol:219:1:
    |
219 | contract ERC20Interface {
    | ^ (Relevant source part starts here and spans across multiple lines).
Note: Missing implementation: 
   --> contract.sol:222:6:
    |
222 |      function allowance(address tokenOwner, address spender) public view virtual returns (uint256 remaining);
    |      ^^^^^^^^^^^^^^^^^^^^^^^^^^^^^^^^^^^^^^^^^^^^^^^^^^^^^^^^^^^^^^^^^^^^^^^^^^^^^^^^^^^^^^^^^^^^^^^^^^^^^^^^
Note: Missing implementation: 
   --> contract.sol:224:6:
    |
224 |      function approve(address spender, uint256 tokens) public virtual returns (bool success);
    |      ^^^^^^^^^^^^^^^^^^^^^^^^^^^^^^^^^^^^^^^^^^^^^^^^^^^^^^^^^^^^^^^^^^^^^^^^^^^^^^^^^^^^^^^^
Note: Missing implementation: 
   --> contract.sol:221:6:
    |
221 |      function balanceOf(address tokenOwner) public view virtual returns (uint256 balance);
    |      ^^^^^^^^^^^^^^^^^^^^^^^^^^^^^^^^^^^^^^^^^^^^^^^^^^^^^^^^^^^^^^^^^^^^^^^^^^^^^^^^^^^^^
Note: Missing implementation: 
   --> contract.sol:220:6:
    |
220 |      function totalSupply() public view virtual returns (uint256);
    |      ^^^^^^^^^^^^^^^^^^^^^^^^^^^^^^^^^^^^^^^^^^^^^^^^^^^^^^^^^^^^^
Note: Missing implementation: 
   --> contract.sol:223:6:
    |
223 |      function transfer(address to, uint256 tokens) public virtual returns (bool success);
    |      ^^^^^^^^^^^^^^^^^^^^^^^^^^^^^^^^^^^^^^^^^^^^^^^^^^^^^^^^^^^^^^^^^^^^^^^^^^^^^^^^^^^^
Note: Missing implementation: 
   --> contract.sol:225:6:
    |
225 |      function transferFrom(address from, address to, uint256 tokens) public virtual returns (bool success);
    |      ^^^^^^^^^^^^^^^^^^^^^^^^^^^^^^^^^^^^^^^^^^^^^^^^^^^^^^^^^^^^^^^^^^^^^^^^^^^^^^^^^^^^^^^^^^^^^^^^^^^^^^

Error: Overriding function is missing "override" specifier.
   --> contract.sol:252:6:
    |
252 |      function totalSupply() public view returns (uint256) {
    |      ^ (Relevant source part starts here and spans across multiple lines).
Note: Overridden function is here:
   --> contract.sol:220:6:
    |
220 |      function totalSupply() public view virtual returns (uint256);
    |      ^^^^^^^^^^^^^^^^^^^^^^^^^^^^^^^^^^^^^^^^^^^^^^^^^^^^^^^^^^^^^

Error: Overriding function is missing "override" specifier.
   --> contract.sol:261:6:
    |
261 |      function balanceOf(address owner) public view returns (uint256) {
    |      ^ (Relevant source part starts here and spans across multiple lines).
Note: Overridden function is here:
   --> contract.sol:221:6:
    |
221 |      function balanceOf(address tokenOwner) public view virtual returns (uint256 balance);
    |      ^^^^^^^^^^^^^^^^^^^^^^^^^^^^^^^^^^^^^^^^^^^^^^^^^^^^^^^^^^^^^^^^^^^^^^^^^^^^^^^^^^^^^

Error: Overriding function is missing "override" specifier.
   --> contract.sol:270:6:
    |
270 |      function transfer(address to, uint256 value) public returns (bool) {
    |      ^ (Relevant source part starts here and spans across multiple lines).
Note: Overridden function is here:
   --> contract.sol:223:6:
    |
223 |      function transfer(address to, uint256 tokens) public virtual returns (bool success);
    |      ^^^^^^^^^^^^^^^^^^^^^^^^^^^^^^^^^^^^^^^^^^^^^^^^^^^^^^^^^^^^^^^^^^^^^^^^^^^^^^^^^^^^

Error: Overriding function is missing "override" specifier.
   --> contract.sol:291:6:
    |
291 |      function approve(address spender, uint256 value) public returns (bool) {
    |      ^ (Relevant source part starts here and spans across multiple lines).
Note: Overridden function is here:
   --> contract.sol:224:6:
    |
224 |      function approve(address spender, uint256 tokens) public virtual returns (bool success);
    |      ^^^^^^^^^^^^^^^^^^^^^^^^^^^^^^^^^^^^^^^^^^^^^^^^^^^^^^^^^^^^^^^^^^^^^^^^^^^^^^^^^^^^^^^^

Error: Overriding function is missing "override" specifier.
   --> contract.sol:302:6:
    |
302 |      function transferFrom(address from, address to, uint256 value) public returns (bool) {
    |      ^ (Relevant source part starts here and spans across multiple lines).
Note: Overridden function is here:
   --> contract.sol:225:6:
    |
225 |      function transferFrom(address from, address to, uint256 tokens) public virtual returns (bool success);
    |      ^^^^^^^^^^^^^^^^^^^^^^^^^^^^^^^^^^^^^^^^^^^^^^^^^^^^^^^^^^^^^^^^^^^^^^^^^^^^^^^^^^^^^^^^^^^^^^^^^^^^^^

Error: Overriding function is missing "override" specifier.
   --> contract.sol:314:6:
    |
314 |      function allowance(address owner, address spender) public view returns (uint256) {
    |      ^ (Relevant source part starts here and spans across multiple lines).
Note: Overridden function is here:
   --> contract.sol:222:6:
    |
222 |      function allowance(address tokenOwner, address spender) public view virtual returns (uint256 remaining);
    |      ^^^^^^^^^^^^^^^^^^^^^^^^^^^^^^^^^^^^^^^^^^^^^^^^^^^^^^^^^^^^^^^^^^^^^^^^^^^^^^^^^^^^^^^^^^^^^^^^^^^^^^^^

Warning: Visibility for constructor is ignored. If you want the contract to be non-deployable, making it "abstract" is sufficient.
   --> contract.sol:242:6:
    |
242 |      constructor () public {
    |      ^ (Relevant source part starts here and spans across multiple lines).


=== applied patch_drop_ctor_visibility ===
=== iter 4 rc=0 ===
Warning: SPDX license identifier not provided in source file. Before publishing, consider adding a comment containing "SPDX-License-Identifier: <SPDX-License>" to each source file. Use "SPDX-License-Identifier: UNLICENSED" for non-open-source code. Please see https://spdx.org for more information.
--> contract.sol


=== full compile rc=1 ===
Warning: SPDX license identifier not provided in source file. Before publishing, consider adding a comment containing "SPDX-License-Identifier: <SPDX-License>" to each source file. Use "SPDX-License-Identifier: UNLICENSED" for non-open-source code. Please see https://spdx.org for more information.
--> contract.sol

Error: Contract "ERC20Interface" should be marked as abstract.
   --> contract.sol:219:1:
    |
219 | contract ERC20Interface {
    | ^ (Relevant source part starts here and spans across multiple lines).
Note: Missing implementation: 
   --> contract.sol:222:6:
    |
222 |      function allowance(address tokenOwner, address spender) public view virtual returns (uint256 remaining);
    |      ^^^^^^^^^^^^^^^^^^^^^^^^^^^^^^^^^^^^^^^^^^^^^^^^^^^^^^^^^^^^^^^^^^^^^^^^^^^^^^^^^^^^^^^^^^^^^^^^^^^^^^^^
Note: Missing implementation: 
   --> contract.sol:224:6:
    |
224 |      function approve(address spender, uint256 tokens) public virtual returns (bool success);
    |      ^^^^^^^^^^^^^^^^^^^^^^^^^^^^^^^^^^^^^^^^^^^^^^^^^^^^^^^^^^^^^^^^^^^^^^^^^^^^^^^^^^^^^^^^
Note: Missing implementation: 
   --> contract.sol:221:6:
    |
221 |      function balanceOf(address tokenOwner) public view virtual returns (uint256 balance);
    |      ^^^^^^^^^^^^^^^^^^^^^^^^^^^^^^^^^^^^^^^^^^^^^^^^^^^^^^^^^^^^^^^^^^^^^^^^^^^^^^^^^^^^^
Note: Missing implementation: 
   --> contract.sol:220:6:
    |
220 |      function totalSupply() public view virtual returns (uint256);
    |      ^^^^^^^^^^^^^^^^^^^^^^^^^^^^^^^^^^^^^^^^^^^^^^^^^^^^^^^^^^^^^
Note: Missing implementation: 
   --> contract.sol:223:6:
    |
223 |      function transfer(address to, uint256 tokens) public virtual returns (bool success);
    |      ^^^^^^^^^^^^^^^^^^^^^^^^^^^^^^^^^^^^^^^^^^^^^^^^^^^^^^^^^^^^^^^^^^^^^^^^^^^^^^^^^^^^
Note: Missing implementation: 
   --> contract.sol:225:6:
    |
225 |      function transferFrom(address from, address to, uint256 tokens) public virtual returns (bool success);
    |      ^^^^^^^^^^^^^^^^^^^^^^^^^^^^^^^^^^^^^^^^^^^^^^^^^^^^^^^^^^^^^^^^^^^^^^^^^^^^^^^^^^^^^^^^^^^^^^^^^^^^^^

Error: Overriding function is missing "override" specifier.
   --> contract.sol:252:6:
    |
252 |      function totalSupply() public view returns (uint256) {
    |      ^ (Relevant source part starts here and spans across multiple lines).
Note: Overridden function is here:
   --> contract.sol:220:6:
    |
220 |      function totalSupply() public view virtual returns (uint256);
    |      ^^^^^^^^^^^^^^^^^^^^^^^^^^^^^^^^^^^^^^^^^^^^^^^^^^^^^^^^^^^^^

Error: Overriding function is missing "override" specifier.
   --> contract.sol:261:6:
    |
261 |      function balanceOf(address owner) public view returns (uint256) {
    |      ^ (Relevant source part starts here and spans across multiple lines).
Note: Overridden function is here:
   --> contract.sol:221:6:
    |
221 |      function balanceOf(address tokenOwner) public view virtual returns (uint256 balance);
    |      ^^^^^^^^^^^^^^^^^^^^^^^^^^^^^^^^^^^^^^^^^^^^^^^^^^^^^^^^^^^^^^^^^^^^^^^^^^^^^^^^^^^^^

Error: Overriding function is missing "override" specifier.
   --> contract.sol:270:6:
    |
270 |      function transfer(address to, uint256 value) public returns (bool) {
    |      ^ (Relevant source part starts here and spans across multiple lines).
Note: Overridden function is here:
   --> contract.sol:223:6:
    |
223 |      function transfer(address to, uint256 tokens) public virtual returns (bool success);
    |      ^^^^^^^^^^^^^^^^^^^^^^^^^^^^^^^^^^^^^^^^^^^^^^^^^^^^^^^^^^^^^^^^^^^^^^^^^^^^^^^^^^^^

Error: Overriding function is missing "override" specifier.
   --> contract.sol:291:6:
    |
291 |      function approve(address spender, uint256 value) public returns (bool) {
    |      ^ (Relevant source part starts here and spans across multiple lines).
Note: Overridden function is here:
   --> contract.sol:224:6:
    |
224 |      function approve(address spender, uint256 tokens) public virtual returns (bool success);
    |      ^^^^^^^^^^^^^^^^^^^^^^^^^^^^^^^^^^^^^^^^^^^^^^^^^^^^^^^^^^^^^^^^^^^^^^^^^^^^^^^^^^^^^^^^

Error: Overriding function is missing "override" specifier.
   --> contract.sol:302:6:
    |
302 |      function transferFrom(address from, address to, uint256 value) public returns (bool) {
    |      ^ (Relevant source part starts here and spans across multiple lines).
Note: Overridden function is here:
   --> contract.sol:225:6:
    |
225 |      function transferFrom(address from, address to, uint256 tokens) public virtual returns (bool success);
    |      ^^^^^^^^^^^^^^^^^^^^^^^^^^^^^^^^^^^^^^^^^^^^^^^^^^^^^^^^^^^^^^^^^^^^^^^^^^^^^^^^^^^^^^^^^^^^^^^^^^^^^^

Error: Overriding function is missing "override" specifier.
   --> contract.sol:314:6:
    |
314 |      function allowance(address owner, address spender) public view returns (uint256) {
    |      ^ (Relevant source part starts here and spans across multiple lines).
Note: Overridden function is here:
   --> contract.sol:222:6:
    |
222 |      function allowance(address tokenOwner, address spender) public view virtual returns (uint256 remaining);
    |      ^^^^^^^^^^^^^^^^^^^^^^^^^^^^^^^^^^^^^^^^^^^^^^^^^^^^^^^^^^^^^^^^^^^^^^^^^^^^^^^^^^^^^^^^^^^^^^^^^^^^^^^^


=== applied patch_override_needed ===
=== iter 5 rc=0 ===
Warning: SPDX license identifier not provided in source file. Before publishing, consider adding a comment containing "SPDX-License-Identifier: <SPDX-License>" to each source file. Use "SPDX-License-Identifier: UNLICENSED" for non-open-source code. Please see https://spdx.org for more information.
--> contract.sol


=== full compile rc=1 ===
Warning: SPDX license identifier not provided in source file. Before publishing, consider adding a comment containing "SPDX-License-Identifier: <SPDX-License>" to each source file. Use "SPDX-License-Identifier: UNLICENSED" for non-open-source code. Please see https://spdx.org for more information.
--> contract.sol

Error: Contract "ERC20Interface" should be marked as abstract.
   --> contract.sol:219:1:
    |
219 | contract ERC20Interface {
    | ^ (Relevant source part starts here and spans across multiple lines).
Note: Missing implementation: 
   --> contract.sol:222:6:
    |
222 |      function allowance(address tokenOwner, address spender) public view virtual returns (uint256 remaining);
    |      ^^^^^^^^^^^^^^^^^^^^^^^^^^^^^^^^^^^^^^^^^^^^^^^^^^^^^^^^^^^^^^^^^^^^^^^^^^^^^^^^^^^^^^^^^^^^^^^^^^^^^^^^
Note: Missing implementation: 
   --> contract.sol:224:6:
    |
224 |      function approve(address spender, uint256 tokens) public virtual returns (bool success);
    |      ^^^^^^^^^^^^^^^^^^^^^^^^^^^^^^^^^^^^^^^^^^^^^^^^^^^^^^^^^^^^^^^^^^^^^^^^^^^^^^^^^^^^^^^^
Note: Missing implementation: 
   --> contract.sol:221:6:
    |
221 |      function balanceOf(address tokenOwner) public view virtual returns (uint256 balance);
    |      ^^^^^^^^^^^^^^^^^^^^^^^^^^^^^^^^^^^^^^^^^^^^^^^^^^^^^^^^^^^^^^^^^^^^^^^^^^^^^^^^^^^^^
Note: Missing implementation: 
   --> contract.sol:220:6:
    |
220 |      function totalSupply() public view virtual returns (uint256);
    |      ^^^^^^^^^^^^^^^^^^^^^^^^^^^^^^^^^^^^^^^^^^^^^^^^^^^^^^^^^^^^^
Note: Missing implementation: 
   --> contract.sol:223:6:
    |
223 |      function transfer(address to, uint256 tokens) public virtual returns (bool success);
    |      ^^^^^^^^^^^^^^^^^^^^^^^^^^^^^^^^^^^^^^^^^^^^^^^^^^^^^^^^^^^^^^^^^^^^^^^^^^^^^^^^^^^^
Note: Missing implementation: 
   --> contract.sol:225:6:
    |
225 |      function transferFrom(address from, address to, uint256 tokens) public virtual returns (bool success);
    |      ^^^^^^^^^^^^^^^^^^^^^^^^^^^^^^^^^^^^^^^^^^^^^^^^^^^^^^^^^^^^^^^^^^^^^^^^^^^^^^^^^^^^^^^^^^^^^^^^^^^^^^

Error: Function has override specified but does not override anything.
   --> contract.sol:323:85:
    |
323 |      function increaseAllowance(address spender, uint256 addedValue) public virtual override returns (bool) {
    |                                                                                     ^^^^^^^^

Error: Function has override specified but does not override anything.
   --> contract.sol:333:90:
    |
333 |      function decreaseAllowance(address spender, uint256 subtractedValue) public virtual override returns (bool) {
    |                                                                                          ^^^^^^^^

Error: Function has override specified but does not override anything.
   --> contract.sol:344:83:
    |
344 |      function _transfer(address from, address to, uint256 value) internal virtual override {
    |                                                                                   ^^^^^^^^

Error: Function has override specified but does not override anything.
   --> contract.sol:359:70:
    |
359 |      function _mint(address account, uint256 value) internal virtual override {
    |                                                                      ^^^^^^^^

Error: Function has override specified but does not override anything.
   --> contract.sol:373:88:
    |
373 |      function _approve(address owner, address spender, uint256 value) internal virtual override {
    |                                                                                        ^^^^^^^^


=== applied patch_mark_abstract ===
=== iter 6 rc=0 ===
Warning: SPDX license identifier not provided in source file. Before publishing, consider adding a comment containing "SPDX-License-Identifier: <SPDX-License>" to each source file. Use "SPDX-License-Identifier: UNLICENSED" for non-open-source code. Please see https://spdx.org for more information.
--> contract.sol


=== full compile rc=1 ===
Warning: SPDX license identifier not provided in source file. Before publishing, consider adding a comment containing "SPDX-License-Identifier: <SPDX-License>" to each source file. Use "SPDX-License-Identifier: UNLICENSED" for non-open-source code. Please see https://spdx.org for more information.
--> contract.sol

Error: Function has override specified but does not override anything.
   --> contract.sol:323:85:
    |
323 |      function increaseAllowance(address spender, uint256 addedValue) public virtual override returns (bool) {
    |                                                                                     ^^^^^^^^

Error: Function has override specified but does not override anything.
   --> contract.sol:333:90:
    |
333 |      function decreaseAllowance(address spender, uint256 subtractedValue) public virtual override returns (bool) {
    |                                                                                          ^^^^^^^^

Error: Function has override specified but does not override anything.
   --> contract.sol:344:83:
    |
344 |      function _transfer(address from, address to, uint256 value) internal virtual override {
    |                                                                                   ^^^^^^^^

Error: Function has override specified but does not override anything.
   --> contract.sol:359:70:
    |
359 |      function _mint(address account, uint256 value) internal virtual override {
    |                                                                      ^^^^^^^^

Error: Function has override specified but does not override anything.
   --> contract.sol:373:88:
    |
373 |      function _approve(address owner, address spender, uint256 value) internal virtual override {
    |                                                                                        ^^^^^^^^


=== applied patch_remove_bogus_override ===
=== iter 7 rc=0 ===
Warning: SPDX license identifier not provided in source file. Before publishing, consider adding a comment containing "SPDX-License-Identifier: <SPDX-License>" to each source file. Use "SPDX-License-Identifier: UNLICENSED" for non-open-source code. Please see https://spdx.org for more information.
--> contract.sol


=== full compile rc=1 ===
Warning: SPDX license identifier not provided in source file. Before publishing, consider adding a comment containing "SPDX-License-Identifier: <SPDX-License>" to each source file. Use "SPDX-License-Identifier: UNLICENSED" for non-open-source code. Please see https://spdx.org for more information.
--> contract.sol

Error: Overriding function is missing "override" specifier.
   --> contract.sol:252:6:
    |
252 |      function totalSupply() public view virtual returns (uint256) {
    |      ^ (Relevant source part starts here and spans across multiple lines).
Note: Overridden function is here:
   --> contract.sol:220:6:
    |
220 |      function totalSupply() public view virtual returns (uint256);
    |      ^^^^^^^^^^^^^^^^^^^^^^^^^^^^^^^^^^^^^^^^^^^^^^^^^^^^^^^^^^^^^

Error: Overriding function is missing "override" specifier.
   --> contract.sol:261:6:
    |
261 |      function balanceOf(address owner) public view virtual returns (uint256) {
    |      ^ (Relevant source part starts here and spans across multiple lines).
Note: Overridden function is here:
   --> contract.sol:221:6:
    |
221 |      function balanceOf(address tokenOwner) public view virtual returns (uint256 balance);
    |      ^^^^^^^^^^^^^^^^^^^^^^^^^^^^^^^^^^^^^^^^^^^^^^^^^^^^^^^^^^^^^^^^^^^^^^^^^^^^^^^^^^^^^

Error: Overriding function is missing "override" specifier.
   --> contract.sol:270:6:
    |
270 |      function transfer(address to, uint256 value) public virtual returns (bool) {
    |      ^ (Relevant source part starts here and spans across multiple lines).
Note: Overridden function is here:
   --> contract.sol:223:6:
    |
223 |      function transfer(address to, uint256 tokens) public virtual returns (bool success);
    |      ^^^^^^^^^^^^^^^^^^^^^^^^^^^^^^^^^^^^^^^^^^^^^^^^^^^^^^^^^^^^^^^^^^^^^^^^^^^^^^^^^^^^

Error: Overriding function is missing "override" specifier.
   --> contract.sol:291:6:
    |
291 |      function approve(address spender, uint256 value) public virtual returns (bool) {
    |      ^ (Relevant source part starts here and spans across multiple lines).
Note: Overridden function is here:
   --> contract.sol:224:6:
    |
224 |      function approve(address spender, uint256 tokens) public virtual returns (bool success);
    |      ^^^^^^^^^^^^^^^^^^^^^^^^^^^^^^^^^^^^^^^^^^^^^^^^^^^^^^^^^^^^^^^^^^^^^^^^^^^^^^^^^^^^^^^^

Error: Overriding function is missing "override" specifier.
   --> contract.sol:302:6:
    |
302 |      function transferFrom(address from, address to, uint256 value) public virtual returns (bool) {
    |      ^ (Relevant source part starts here and spans across multiple lines).
Note: Overridden function is here:
   --> contract.sol:225:6:
    |
225 |      function transferFrom(address from, address to, uint256 tokens) public virtual returns (bool success);
    |      ^^^^^^^^^^^^^^^^^^^^^^^^^^^^^^^^^^^^^^^^^^^^^^^^^^^^^^^^^^^^^^^^^^^^^^^^^^^^^^^^^^^^^^^^^^^^^^^^^^^^^^

Error: Overriding function is missing "override" specifier.
   --> contract.sol:314:6:
    |
314 |      function allowance(address owner, address spender) public view virtual returns (uint256) {
    |      ^ (Relevant source part starts here and spans across multiple lines).
Note: Overridden function is here:
   --> contract.sol:222:6:
    |
222 |      function allowance(address tokenOwner, address spender) public view virtual returns (uint256 remaining);
    |      ^^^^^^^^^^^^^^^^^^^^^^^^^^^^^^^^^^^^^^^^^^^^^^^^^^^^^^^^^^^^^^^^^^^^^^^^^^^^^^^^^^^^^^^^^^^^^^^^^^^^^^^^


=== no rule matched ===
