=== iter 0 rc=0 ===
Warning: SPDX license identifier not provided in source file. Before publishing, consider adding a comment containing "SPDX-License-Identifier: <SPDX-License>" to each source file. Use "SPDX-License-Identifier: UNLICENSED" for non-open-source code. Please see https://spdx.org for more information.
--> contract.sol


=== full compile rc=1 ===
Warning: SPDX license identifier not provided in source file. Before publishing, consider adding a comment containing "SPDX-License-Identifier: <SPDX-License>" to each source file. Use "SPDX-License-Identifier: UNLICENSED" for non-open-source code. Please see https://spdx.org for more information.
--> contract.sol

Error: Functions are not allowed to have the same name as the contract. If you intend this to be a constructor, use "constructor(...) { ... }" to define it.
  --> contract.sol:29:5:
   |
29 |     function XPS(
   |     ^ (Relevant source part starts here and spans across multiple lines).

Warning: This declaration shadows an existing declaration.
  --> contract.sol:29:5:
   |
29 |     function XPS(
   |     ^ (Relevant source part starts here and spans across multiple lines).
Note: The shadowed declaration is here:
 --> contract.sol:6:1:
  |
6 | contract XPS {
  | ^ (Relevant source part starts here and spans across multiple lines).

Error: Data location must be "memory" or "calldata" for parameter in function, but none was given.
 --> contract.sol:4:100:
  |
4 | interface tokenRecipient { function receiveApproval(address _from, uint256 _value, address _token, bytes _extraData) public; }
  |                                                                                                    ^^^^^^^^^^^^^^^^

Error: Data location must be "memory" or "calldata" for parameter in function, but none was given.
   --> contract.sol:109:63:
    |
109 |     function approveAndCall(address _spender, uint256 _value, bytes _extraData)
    |                                                               ^^^^^^^^^^^^^^^^


=== applied patch_contract_named_ctor ===
=== iter 1 rc=0 ===
Warning: SPDX license identifier not provided in source file. Before publishing, consider adding a comment containing "SPDX-License-Identifier: <SPDX-License>" to each source file. Use "SPDX-License-Identifier: UNLICENSED" for non-open-source code. Please see https://spdx.org for more information.
--> contract.sol


=== full compile rc=1 ===
Warning: SPDX license identifier not provided in source file. Before publishing, consider adding a comment containing "SPDX-License-Identifier: <SPDX-License>" to each source file. Use "SPDX-License-Identifier: UNLICENSED" for non-open-source code. Please see https://spdx.org for more information.
--> contract.sol

Error: Data location must be "memory" or "calldata" for parameter in function, but none was given.
 --> contract.sol:4:100:
  |
4 | interface tokenRecipient { function receiveApproval(address _from, uint256 _value, address _token, bytes _extraData) public; }
  |                                                                                                    ^^^^^^^^^^^^^^^^

Error: Data location must be "memory" or "calldata" for parameter in function, but none was given.
   --> contract.sol:109:63:
    |
109 |     function approveAndCall(address _spender, uint256 _value, bytes _extraData)
    |                                                               ^^^^^^^^^^^^^^^^


=== applied patch_memory_location ===
=== iter 2 rc=0 ===
Warning: SPDX license identifier not provided in source file. Before publishing, consider adding a comment containing "SPDX-License-Identifier: <SPDX-License>" to each source file. Use "SPDX-License-Identifier: UNLICENSED" for non-open-source code. Please see https://spdx.org for more information.
--> contract.sol


=== full compile rc=1 ===
Warning: SPDX license identifier not provided in source file. Before publishing, consider adding a comment containing "SPDX-License-Identifier: <SPDX-License>" to each source file. Use "SPDX-License-Identifier: UNLICENSED" for non-open-source code. Please see https://spdx.org for more information.
--> contract.sol

Error: Functions in interfaces must be declared external.
 --> contract.sol:4:28:
  |
4 | interface tokenRecipient { function receiveApproval(address _from, uint256 _value, address _token, bytes memory _extraData) public; }
  |                            ^^^^^^^^^^^^^^^^^^^^^^^^^^^^^^^^^^^^^^^^^^^^^^^^^^^^^^^^^^^^^^^^^^^^^^^^^^^^^^^^^^^^^^^^^^^^^^^^^^^^^^^^

Error: Built-in binary operator != cannot be applied to types address and int_const 0.
  --> contract.sol:42:17:
   |
42 |         require(_to != 0x0);
   |                 ^^^^^^^^^^

Error: Invalid type for argument in function call. Invalid implicit conversion from contract XPS to address requested.
   --> contract.sol:114:57:
    |
114 |             spender.receiveApproval(msg.sender, _value, this, _extraData);
    |                                                         ^^^^


=== applied patch_interface_external ===
=== iter 3 rc=0 ===
Warning: SPDX license identifier not provided in source file. Before publishing, consider adding a comment containing "SPDX-License-Identifier: <SPDX-License>" to each source file. Use "SPDX-License-Identifier: UNLICENSED" for non-open-source code. Please see https://spdx.org for more information.
--> contract.sol


=== full compile rc=1 ===
Warning: SPDX license identifier not provided in source file. Before publishing, consider adding a comment containing "SPDX-License-Identifier: <SPDX-License>" to each source file. Use "SPDX-License-Identifier: UNLICENSED" for non-open-source code. Please see https://spdx.org for more information.
--> contract.sol

Error: Built-in binary operator != cannot be applied to types address and int_const 0.
  --> contract.sol:42:17:
   |
42 |         require(_to != 0x0);
   |                 ^^^^^^^^^^

Error: Invalid type for argument in function call. Invalid implicit conversion from contract XPS to address requested.
   --> contract.sol:114:57:
    |
114 |             spender.receiveApproval(msg.sender, _value, this, _extraData);
    |                                                         ^^^^


=== no rule matched ===
