=== iter 0 rc=1 ===
Error: Expected '{' but got 'constant'
 --> contract.sol:6:33:
  |
6 |   function totalSupply() public constant returns(uint256 _totalSupply);
  |                                 ^^^^^^^^


=== applied patch_constant_function ===
=== iter 1 rc=1 ===
Error: Expected a state variable declaration. If you intended this as a fallback function or a function to handle plain ether transactions, use the "fallback" keyword or the "receive" keyword instead.
   --> contract.sol:103:5:
    |
103 |     {
    |     ^


=== applied patch_anonymous_fallback ===
=== iter 2 rc=0 ===
Warning: SPDX license identifier not provided in source file. Before publishing, consider adding a comment containing "SPDX-License-Identifier: <SPDX-License>" to each source file. Use "SPDX-License-Identifier: UNLICENSED" for non-open-source code. Please see https://spdx.org for more information.
--> contract.sol


=== full compile rc=1 ===
Warning: SPDX license identifier not provided in source file. Before publishing, consider adding a comment containing "SPDX-License-Identifier: <SPDX-License>" to each source file. Use "SPDX-License-Identifier: UNLICENSED" for non-open-source code. Please see https://spdx.org for more information.
--> contract.sol

Error: Functions are not allowed to have the same name as the contract. If you intend this to be a constructor, use "constructor(...) { ... }" to define it.
  --> contract.sol:95:5:
   |
95 |     function FreedomStreaming() public
   |     ^ (Relevant source part starts here and spans across multiple lines).

Warning: This declaration shadows an existing declaration.
  --> contract.sol:95:5:
   |
95 |     function FreedomStreaming() public
   |     ^ (Relevant source part starts here and spans across multiple lines).
Note: The shadowed declaration is here:
  --> contract.sol:46:1:
   |
46 | contract FreedomStreaming is ERC20
   | ^ (Relevant source part starts here and spans across multiple lines).

Error: Identifier already declared.
  --> contract.sol:58:5:
   |
58 |     uint256 public constant totalsupply = 1000000000000000000000000000;
   |     ^^^^^^^^^^^^^^^^^^^^^^^^^^^^^^^^^^^^^^^^^^^^^^^^^^^^^^^^^^^^^^^^^^
Note: The previous declaration is here:
 --> contract.sol:5:3:
  |
5 |   uint256 public totalsupply;
  |   ^^^^^^^^^^^^^^^^^^^^^^^^^^

Error: Contract "ERC20" should be marked as abstract.
 --> contract.sol:4:1:
  |
4 | contract ERC20 {
  | ^ (Relevant source part starts here and spans across multiple lines).
Note: Missing implementation: 
 --> contract.sol:8:3:
  |
8 |   function allowance(address owner, address spender) public view returns (uint256);
  |   ^^^^^^^^^^^^^^^^^^^^^^^^^^^^^^^^^^^^^^^^^^^^^^^^^^^^^^^^^^^^^^^^^^^^^^^^^^^^^^^^^
Note: Missing implementation: 
  --> contract.sol:10:3:
   |
10 |   function approve(address spender, uint256 value) public returns (bool ok);
   |   ^^^^^^^^^^^^^^^^^^^^^^^^^^^^^^^^^^^^^^^^^^^^^^^^^^^^^^^^^^^^^^^^^^^^^^^^^^
Note: Missing implementation: 
 --> contract.sol:7:3:
  |
7 |   function balanceOf(address who) public view returns (uint256);
  |   ^^^^^^^^^^^^^^^^^^^^^^^^^^^^^^^^^^^^^^^^^^^^^^^^^^^^^^^^^^^^^^
Note: Missing implementation: 
 --> contract.sol:6:3:
  |
6 |   function totalSupply() public view returns(uint256 _totalSupply);
  |   ^^^^^^^^^^^^^^^^^^^^^^^^^^^^^^^^^^^^^^^^^^^^^^^^^^^^^^^^^^^^^^^^^
Note: Missing implementation: 
  --> contract.sol:11:3:
   |
11 |   function transfer(address to, uint256 value) public returns (bool ok);
   |   ^^^^^^^^^^^^^^^^^^^^^^^^^^^^^^^^^^^^^^^^^^^^^^^^^^^^^^^^^^^^^^^^^^^^^^
Note: Missing implementation: 
 --> contract.sol:9:3:
  |
9 |   function transferFrom(address from, address to, uint256 value) public returns (bool ok);
  |   ^^^^^^^^^^^^^^^^^^^^^^^^^^^^^^^^^^^^^^^^^^^^^^^^^^^^^^^^^^^^^^^^^^^^^^^^^^^^^^^^^^^^^^^^

Error: Overriding function is missing "override" specifier.
   --> contract.sol:128:5:
    |
128 |     function totalSupply() public view returns(uint256) {
    |     ^ (Relevant source part starts here and spans across multiple lines).
Note: Overridden function is here:
 --> contract.sol:6:3:
  |
6 |   function totalSupply() public view returns(uint256 _totalSupply);
  |   ^^^^^^^^^^^^^^^^^^^^^^^^^^^^^^^^^^^^^^^^^^^^^^^^^^^^^^^^^^^^^^^^^

Error: Trying to override non-virtual function. Did you forget to add "virtual"?
 --> contract.sol:6:3:
  |
6 |   function totalSupply() public view returns(uint256 _totalSupply);
  |   ^^^^^^^^^^^^^^^^^^^^^^^^^^^^^^^^^^^^^^^^^^^^^^^^^^^^^^^^^^^^^^^^^
Note: Overriding function is here:
   --> contract.sol:128:5:
    |
128 |     function totalSupply() public view returns(uint256) {
    |     ^ (Relevant source part starts here and spans across multiple lines).

Error: Overriding function is missing "override" specifier.
   --> contract.sol:132:6:
    |
132 |      function balanceOf(address sender) public view returns(uint256 balance) {
    |      ^ (Relevant source part starts here and spans across multiple lines).
Note: Overridden function is here:
 --> contract.sol:7:3:
  |
7 |   function balanceOf(address who) public view returns (uint256);
  |   ^^^^^^^^^^^^^^^^^^^^^^^^^^^^^^^^^^^^^^^^^^^^^^^^^^^^^^^^^^^^^^

Error: Trying to override non-virtual function. Did you forget to add "virtual"?
 --> contract.sol:7:3:
  |
7 |   function balanceOf(address who) public view returns (uint256);
  |   ^^^^^^^^^^^^^^^^^^^^^^^^^^^^^^^^^^^^^^^^^^^^^^^^^^^^^^^^^^^^^^
Note: Overriding function is here:
   --> contract.sol:132:6:
    |
132 |      function balanceOf(address sender) public view returns(uint256 balance) {
    |      ^ (Relevant source part starts here and spans across multiple lines).

Error: Overriding function is missing "override" specifier.
   --> contract.sol:137:5:
    |
137 |     function transfer(address _to, uint256 _amount) public returns(bool success) {
    |     ^ (Relevant source part starts here and spans across multiple lines).
Note: Overridden function is here:
  --> contract.sol:11:3:
   |
11 |   function transfer(address to, uint256 value) public returns (bool ok);
   |   ^^^^^^^^^^^^^^^^^^^^^^^^^^^^^^^^^^^^^^^^^^^^^^^^^^^^^^^^^^^^^^^^^^^^^^

Error: Trying to override non-virtual function. Did you forget to add "virtual"?
  --> contract.sol:11:3:
   |
11 |   function transfer(address to, uint256 value) public returns (bool ok);
   |   ^^^^^^^^^^^^^^^^^^^^^^^^^^^^^^^^^^^^^^^^^^^^^^^^^^^^^^^^^^^^^^^^^^^^^^
Note: Overriding function is here:
   --> contract.sol:137:5:
    |
137 |     function transfer(address _to, uint256 _amount) public returns(bool success) {
    |     ^ (Relevant source part starts here and spans across multiple lines).

Error: Overriding function is missing "override" specifier.
   --> contract.sol:180:5:
    |
180 |     function transferFrom(
    |     ^ (Relevant source part starts here and spans across multiple lines).
Note: Overridden function is here:
 --> contract.sol:9:3:
  |
9 |   function transferFrom(address from, address to, uint256 value) public returns (bool ok);
  |   ^^^^^^^^^^^^^^^^^^^^^^^^^^^^^^^^^^^^^^^^^^^^^^^^^^^^^^^^^^^^^^^^^^^^^^^^^^^^^^^^^^^^^^^^

Error: Trying to override non-virtual function. Did you forget to add "virtual"?
 --> contract.sol:9:3:
  |
9 |   function transferFrom(address from, address to, uint256 value) public returns (bool ok);
  |   ^^^^^^^^^^^^^^^^^^^^^^^^^^^^^^^^^^^^^^^^^^^^^^^^^^^^^^^^^^^^^^^^^^^^^^^^^^^^^^^^^^^^^^^^
Note: Overriding function is here:
   --> contract.sol:180:5:
    |
180 |     function transferFrom(
    |     ^ (Relevant source part starts here and spans across multiple lines).

Error: Overriding function is missing "override" specifier.
   --> contract.sol:197:3:
    |
197 |   function approve(address _spender, uint256 _value) public returns (bool) {
    |   ^ (Relevant source part starts here and spans across multiple lines).
Note: Overridden function is here:
  --> contract.sol:10:3:
   |
10 |   function approve(address spender, uint256 value) public returns (bool ok);
   |   ^^^^^^^^^^^^^^^^^^^^^^^^^^^^^^^^^^^^^^^^^^^^^^^^^^^^^^^^^^^^^^^^^^^^^^^^^^

Error: Trying to override non-virtual function. Did you forget to add "virtual"?
  --> contract.sol:10:3:
   |
10 |   function approve(address spender, uint256 value) public returns (bool ok);
   |   ^^^^^^^^^^^^^^^^^^^^^^^^^^^^^^^^^^^^^^^^^^^^^^^^^^^^^^^^^^^^^^^^^^^^^^^^^^
Note: Overriding function is here:
   --> contract.sol:197:3:
    |
197 |   function approve(address _spender, uint256 _value) public returns (bool) {
    |   ^ (Relevant source part starts here and spans across multiple lines).

Error: Overriding function is missing "override" specifier.
   --> contract.sol:206:5:
    |
206 |     function allowance(address _owner, address _spender) public view returns(uint256 remaining) {
    |     ^ (Relevant source part starts here and spans across multiple lines).
Note: Overridden function is here:
 --> contract.sol:8:3:
  |
8 |   function allowance(address owner, address spender) public view returns (uint256);
  |   ^^^^^^^^^^^^^^^^^^^^^^^^^^^^^^^^^^^^^^^^^^^^^^^^^^^^^^^^^^^^^^^^^^^^^^^^^^^^^^^^^

Error: Trying to override non-virtual function. Did you forget to add "virtual"?
 --> contract.sol:8:3:
  |
8 |   function allowance(address owner, address spender) public view returns (uint256);
  |   ^^^^^^^^^^^^^^^^^^^^^^^^^^^^^^^^^^^^^^^^^^^^^^^^^^^^^^^^^^^^^^^^^^^^^^^^^^^^^^^^^
Note: Overriding function is here:
   --> contract.sol:206:5:
    |
206 |     function allowance(address _owner, address _spender) public view returns(uint256 remaining) {
    |     ^ (Relevant source part starts here and spans across multiple lines).

Error: Overriding public state variable is missing "override" specifier.
  --> contract.sol:58:5:
   |
58 |     uint256 public constant totalsupply = 1000000000000000000000000000;
   |     ^^^^^^^^^^^^^^^^^^^^^^^^^^^^^^^^^^^^^^^^^^^^^^^^^^^^^^^^^^^^^^^^^^
Note: Overridden public state variable is here:
 --> contract.sol:5:3:
  |
5 |   uint256 public totalsupply;
  |   ^^^^^^^^^^^^^^^^^^^^^^^^^^

Error: Cannot override public state variable.
 --> contract.sol:5:3:
  |
5 |   uint256 public totalsupply;
  |   ^^^^^^^^^^^^^^^^^^^^^^^^^^
Note: Overriding public state variable is here:
  --> contract.sol:58:5:
   |
58 |     uint256 public constant totalsupply = 1000000000000000000000000000;
   |     ^^^^^^^^^^^^^^^^^^^^^^^^^^^^^^^^^^^^^^^^^^^^^^^^^^^^^^^^^^^^^^^^^^

Error: Functions without implementation must be marked virtual.
 --> contract.sol:6:3:
  |
6 |   function totalSupply() public view returns(uint256 _totalSupply);
  |   ^^^^^^^^^^^^^^^^^^^^^^^^^^^^^^^^^^^^^^^^^^^^^^^^^^^^^^^^^^^^^^^^^

Error: Functions without implementation must be marked virtual.
 --> contract.sol:7:3:
  |
7 |   function balanceOf(address who) public view returns (uint256);
  |   ^^^^^^^^^^^^^^^^^^^^^^^^^^^^^^^^^^^^^^^^^^^^^^^^^^^^^^^^^^^^^^

Error: Functions without implementation must be marked virtual.
 --> contract.sol:8:3:
  |
8 |   function allowance(address owner, address spender) public view returns (uint256);
  |   ^^^^^^^^^^^^^^^^^^^^^^^^^^^^^^^^^^^^^^^^^^^^^^^^^^^^^^^^^^^^^^^^^^^^^^^^^^^^^^^^^

Error: Functions without implementation must be marked virtual.
 --> contract.sol:9:3:
  |
9 |   function transferFrom(address from, address to, uint256 value) public returns (bool ok);
  |   ^^^^^^^^^^^^^^^^^^^^^^^^^^^^^^^^^^^^^^^^^^^^^^^^^^^^^^^^^^^^^^^^^^^^^^^^^^^^^^^^^^^^^^^^

Error: Functions without implementation must be marked virtual.
  --> contract.sol:10:3:
   |
10 |   function approve(address spender, uint256 value) public returns (bool ok);
   |   ^^^^^^^^^^^^^^^^^^^^^^^^^^^^^^^^^^^^^^^^^^^^^^^^^^^^^^^^^^^^^^^^^^^^^^^^^^

Error: Functions without implementation must be marked virtual.
  --> contract.sol:11:3:
   |
11 |   function transfer(address to, uint256 value) public returns (bool ok);
   |   ^^^^^^^^^^^^^^^^^^^^^^^^^^^^^^^^^^^^^^^^^^^^^^^^^^^^^^^^^^^^^^^^^^^^^^

Error: Member "balance" not found or not visible after argument-dependent lookup in contract FreedomStreaming. Use "address(this).balance" to access this address member.
   --> contract.sol:113:30:
    |
113 |               owner.transfer(this.balance); 
    |                              ^^^^^^^^^^^^


=== applied patch_contract_named_ctor ===
=== iter 3 rc=0 ===
Warning: SPDX license identifier not provided in source file. Before publishing, consider adding a comment containing "SPDX-License-Identifier: <SPDX-License>" to each source file. Use "SPDX-License-Identifier: UNLICENSED" for non-open-source code. Please see https://spdx.org for more information.
--> contract.sol


=== full compile rc=1 ===
Warning: SPDX license identifier not provided in source file. Before publishing, consider adding a comment containing "SPDX-License-Identifier: <SPDX-License>" to each source file. Use "SPDX-License-Identifier: UNLICENSED" for non-open-source code. Please see https://spdx.org for more information.
--> contract.sol

Error: Identifier already declared.
  --> contract.sol:58:5:
   |
58 |     uint256 public constant totalsupply = 1000000000000000000000000000;
   |     ^^^^^^^^^^^^^^^^^^^^^^^^^^^^^^^^^^^^^^^^^^^^^^^^^^^^^^^^^^^^^^^^^^
Note: The previous declaration is here:
 --> contract.sol:5:3:
  |
5 |   uint256 public totalsupply;
  |   ^^^^^^^^^^^^^^^^^^^^^^^^^^

Error: Contract "ERC20" should be marked as abstract.
 --> contract.sol:4:1:
  |
4 | contract ERC20 {
  | ^ (Relevant source part starts here and spans across multiple lines).
Note: Missing implementation: 
 --> contract.sol:8:3:
  |
8 |   function allowance(address owner, address spender) public view returns (uint256);
  |   ^^^^^^^^^^^^^^^^^^^^^^^^^^^^^^^^^^^^^^^^^^^^^^^^^^^^^^^^^^^^^^^^^^^^^^^^^^^^^^^^^
Note: Missing implementation: 
  --> contract.sol:10:3:
   |
10 |   function approve(address spender, uint256 value) public returns (bool ok);
   |   ^^^^^^^^^^^^^^^^^^^^^^^^^^^^^^^^^^^^^^^^^^^^^^^^^^^^^^^^^^^^^^^^^^^^^^^^^^
Note: Missing implementation: 
 --> contract.sol:7:3:
  |
7 |   function balanceOf(address who) public view returns (uint256);
  |   ^^^^^^^^^^^^^^^^^^^^^^^^^^^^^^^^^^^^^^^^^^^^^^^^^^^^^^^^^^^^^^
Note: Missing implementation: 
 --> contract.sol:6:3:
  |
6 |   function totalSupply() public view returns(uint256 _totalSupply);
  |   ^^^^^^^^^^^^^^^^^^^^^^^^^^^^^^^^^^^^^^^^^^^^^^^^^^^^^^^^^^^^^^^^^
Note: Missing implementation: 
  --> contract.sol:11:3:
   |
11 |   function transfer(address to, uint256 value) public returns (bool ok);
   |   ^^^^^^^^^^^^^^^^^^^^^^^^^^^^^^^^^^^^^^^^^^^^^^^^^^^^^^^^^^^^^^^^^^^^^^
Note: Missing implementation: 
 --> contract.sol:9:3:
  |
9 |   function transferFrom(address from, address to, uint256 value) public returns (bool ok);
  |   ^^^^^^^^^^^^^^^^^^^^^^^^^^^^^^^^^^^^^^^^^^^^^^^^^^^^^^^^^^^^^^^^^^^^^^^^^^^^^^^^^^^^^^^^

Error: Overriding function is missing "override" specifier.
   --> contract.sol:127:5:
    |
127 |     function totalSupply() public view returns(uint256) {
    |     ^ (Relevant source part starts here and spans across multiple lines).
Note: Overridden function is here:
 --> contract.sol:6:3:
  |
6 |   function totalSupply() public view returns(uint256 _totalSupply);
  |   ^^^^^^^^^^^^^^^^^^^^^^^^^^^^^^^^^^^^^^^^^^^^^^^^^^^^^^^^^^^^^^^^^

Error: Trying to override non-virtual function. Did you forget to add "virtual"?
 --> contract.sol:6:3:
  |
6 |   function totalSupply() public view returns(uint256 _totalSupply);
  |   ^^^^^^^^^^^^^^^^^^^^^^^^^^^^^^^^^^^^^^^^^^^^^^^^^^^^^^^^^^^^^^^^^
Note: Overriding function is here:
   --> contract.sol:127:5:
    |
127 |     function totalSupply() public view returns(uint256) {
    |     ^ (Relevant source part starts here and spans across multiple lines).

Error: Overriding function is missing "override" specifier.
   --> contract.sol:131:6:
    |
131 |      function balanceOf(address sender) public view returns(uint256 balance) {
    |      ^ (Relevant source part starts here and spans across multiple lines).
Note: Overridden function is here:
 --> contract.sol:7:3:
  |
7 |   function balanceOf(address who) public view returns (uint256);
  |   ^^^^^^^^^^^^^^^^^^^^^^^^^^^^^^^^^^^^^^^^^^^^^^^^^^^^^^^^^^^^^^

Error: Trying to override non-virtual function. Did you forget to add "virtual"?
 --> contract.sol:7:3:
  |
7 |   function balanceOf(address who) public view returns (uint256);
  |   ^^^^^^^^^^^^^^^^^^^^^^^^^^^^^^^^^^^^^^^^^^^^^^^^^^^^^^^^^^^^^^
Note: Overriding function is here:
   --> contract.sol:131:6:
    |
131 |      function balanceOf(address sender) public view returns(uint256 balance) {
    |      ^ (Relevant source part starts here and spans across multiple lines).

Error: Overriding function is missing "override" specifier.
   --> contract.sol:136:5:
    |
136 |     function transfer(address _to, uint256 _amount) public returns(bool success) {
    |     ^ (Relevant source part starts here and spans across multiple lines).
Note: Overridden function is here:
  --> contract.sol:11:3:
   |
11 |   function transfer(address to, uint256 value) public returns (bool ok);
   |   ^^^^^^^^^^^^^^^^^^^^^^^^^^^^^^^^^^^^^^^^^^^^^^^^^^^^^^^^^^^^^^^^^^^^^^

Error: Trying to override non-virtual function. Did you forget to add "virtual"?
  --> contract.sol:11:3:
   |
11 |   function transfer(address to, uint256 value) public returns (bool ok);
   |   ^^^^^^^^^^^^^^^^^^^^^^^^^^^^^^^^^^^^^^^^^^^^^^^^^^^^^^^^^^^^^^^^^^^^^^
Note: Overriding function is here:
   --> contract.sol:136:5:
    |
136 |     function transfer(address _to, uint256 _amount) public returns(bool success) {
    |     ^ (Relevant source part starts here and spans across multiple lines).

Error: Overriding function is missing "override" specifier.
   --> contract.sol:179:5:
    |
179 |     function transferFrom(
    |     ^ (Relevant source part starts here and spans across multiple lines).
Note: Overridden function is here:
 --> contract.sol:9:3:
  |
9 |   function transferFrom(address from, address to, uint256 value) public returns (bool ok);
  |   ^^^^^^^^^^^^^^^^^^^^^^^^^^^^^^^^^^^^^^^^^^^^^^^^^^^^^^^^^^^^^^^^^^^^^^^^^^^^^^^^^^^^^^^^

Error: Trying to override non-virtual function. Did you forget to add "virtual"?
 --> contract.sol:9:3:
  |
9 |   function transferFrom(address from, address to, uint256 value) public returns (bool ok);
  |   ^^^^^^^^^^^^^^^^^^^^^^^^^^^^^^^^^^^^^^^^^^^^^^^^^^^^^^^^^^^^^^^^^^^^^^^^^^^^^^^^^^^^^^^^
Note: Overriding function is here:
   --> contract.sol:179:5:
    |
179 |     function transferFrom(
    |     ^ (Relevant source part starts here and spans across multiple lines).

Error: Overriding function is missing "override" specifier.
   --> contract.sol:196:3:
    |
196 |   function approve(address _spender, uint256 _value) public returns (bool) {
    |   ^ (Relevant source part starts here and spans across multiple lines).
Note: Overridden function is here:
  --> contract.sol:10:3:
   |
10 |   function approve(address spender, uint256 value) public returns (bool ok);
   |   ^^^^^^^^^^^^^^^^^^^^^^^^^^^^^^^^^^^^^^^^^^^^^^^^^^^^^^^^^^^^^^^^^^^^^^^^^^

Error: Trying to override non-virtual function. Did you forget to add "virtual"?
  --> contract.sol:10:3:
   |
10 |   function approve(address spender, uint256 value) public returns (bool ok);
   |   ^^^^^^^^^^^^^^^^^^^^^^^^^^^^^^^^^^^^^^^^^^^^^^^^^^^^^^^^^^^^^^^^^^^^^^^^^^
Note: Overriding function is here:
   --> contract.sol:196:3:
    |
196 |   function approve(address _spender, uint256 _value) public returns (bool) {
    |   ^ (Relevant source part starts here and spans across multiple lines).

Error: Overriding function is missing "override" specifier.
   --> contract.sol:205:5:
    |
205 |     function allowance(address _owner, address _spender) public view returns(uint256 remaining) {
    |     ^ (Relevant source part starts here and spans across multiple lines).
Note: Overridden function is here:
 --> contract.sol:8:3:
  |
8 |   function allowance(address owner, address spender) public view returns (uint256);
  |   ^^^^^^^^^^^^^^^^^^^^^^^^^^^^^^^^^^^^^^^^^^^^^^^^^^^^^^^^^^^^^^^^^^^^^^^^^^^^^^^^^

Error: Trying to override non-virtual function. Did you forget to add "virtual"?
 --> contract.sol:8:3:
  |
8 |   function allowance(address owner, address spender) public view returns (uint256);
  |   ^^^^^^^^^^^^^^^^^^^^^^^^^^^^^^^^^^^^^^^^^^^^^^^^^^^^^^^^^^^^^^^^^^^^^^^^^^^^^^^^^
Note: Overriding function is here:
   --> contract.sol:205:5:
    |
205 |     function allowance(address _owner, address _spender) public view returns(uint256 remaining) {
    |     ^ (Relevant source part starts here and spans across multiple lines).

Error: Overriding public state variable is missing "override" specifier.
  --> contract.sol:58:5:
   |
58 |     uint256 public constant totalsupply = 1000000000000000000000000000;
   |     ^^^^^^^^^^^^^^^^^^^^^^^^^^^^^^^^^^^^^^^^^^^^^^^^^^^^^^^^^^^^^^^^^^
Note: Overridden public state variable is here:
 --> contract.sol:5:3:
  |
5 |   uint256 public totalsupply;
  |   ^^^^^^^^^^^^^^^^^^^^^^^^^^

Error: Cannot override public state variable.
 --> contract.sol:5:3:
  |
5 |   uint256 public totalsupply;
  |   ^^^^^^^^^^^^^^^^^^^^^^^^^^
Note: Overriding public state variable is here:
  --> contract.sol:58:5:
   |
58 |     uint256 public constant totalsupply = 1000000000000000000000000000;
   |     ^^^^^^^^^^^^^^^^^^^^^^^^^^^^^^^^^^^^^^^^^^^^^^^^^^^^^^^^^^^^^^^^^^

Error: Functions without implementation must be marked virtual.
 --> contract.sol:6:3:
  |
6 |   function totalSupply() public view returns(uint256 _totalSupply);
  |   ^^^^^^^^^^^^^^^^^^^^^^^^^^^^^^^^^^^^^^^^^^^^^^^^^^^^^^^^^^^^^^^^^

Error: Functions without implementation must be marked virtual.
 --> contract.sol:7:3:
  |
7 |   function balanceOf(address who) public view returns (uint256);
  |   ^^^^^^^^^^^^^^^^^^^^^^^^^^^^^^^^^^^^^^^^^^^^^^^^^^^^^^^^^^^^^^

Error: Functions without implementation must be marked virtual.
 --> contract.sol:8:3:
  |
8 |   function allowance(address owner, address spender) public view returns (uint256);
  |   ^^^^^^^^^^^^^^^^^^^^^^^^^^^^^^^^^^^^^^^^^^^^^^^^^^^^^^^^^^^^^^^^^^^^^^^^^^^^^^^^^

Error: Functions without implementation must be marked virtual.
 --> contract.sol:9:3:
  |
9 |   function transferFrom(address from, address to, uint256 value) public returns (bool ok);
  |   ^^^^^^^^^^^^^^^^^^^^^^^^^^^^^^^^^^^^^^^^^^^^^^^^^^^^^^^^^^^^^^^^^^^^^^^^^^^^^^^^^^^^^^^^

Error: Functions without implementation must be marked virtual.
  --> contract.sol:10:3:
   |
10 |   function approve(address spender, uint256 value) public returns (bool ok);
   |   ^^^^^^^^^^^^^^^^^^^^^^^^^^^^^^^^^^^^^^^^^^^^^^^^^^^^^^^^^^^^^^^^^^^^^^^^^^

Error: Functions without implementation must be marked virtual.
  --> contract.sol:11:3:
   |
11 |   function transfer(address to, uint256 value) public returns (bool ok);
   |   ^^^^^^^^^^^^^^^^^^^^^^^^^^^^^^^^^^^^^^^^^^^^^^^^^^^^^^^^^^^^^^^^^^^^^^

Error: Member "balance" not found or not visible after argument-dependent lookup in contract FreedomStreaming. Use "address(this).balance" to access this address member.
   --> contract.sol:112:30:
    |
112 |               owner.transfer(this.balance); 
    |                              ^^^^^^^^^^^^


=== applied patch_virtual_unimpl ===
=== iter 4 rc=0 ===
Warning: SPDX license identifier not provided in source file. Before publishing, consider adding a comment containing "SPDX-License-Identifier: <SPDX-License>" to each source file. Use "SPDX-License-Identifier: UNLICENSED" for non-open-source code. Please see https://spdx.org for more information.
--> contract.sol


=== full compile rc=1 ===
Warning: SPDX license identifier not provided in source file. Before publishing, consider adding a comment containing "SPDX-License-Identifier: <SPDX-License>" to each source file. Use "SPDX-License-Identifier: UNLICENSED" for non-open-source code. Please see https://spdx.org for more information.
--> contract.sol

Error: Identifier already declared.
  --> contract.sol:58:5:
   |
58 |     uint256 public constant totalsupply = 1000000000000000000000000000;
   |     ^^^^^^^^^^^^^^^^^^^^^^^^^^^^^^^^^^^^^^^^^^^^^^^^^^^^^^^^^^^^^^^^^^
Note: The previous declaration is here:
 --> contract.sol:5:3:
  |
5 |   uint256 public totalsupply;
  |   ^^^^^^^^^^^^^^^^^^^^^^^^^^

Error: Contract "ERC20" should be marked as abstract.
 --> contract.sol:4:1:
  |
4 | contract ERC20 {
  | ^ (Relevant source part starts here and spans across multiple lines).
Note: Missing implementation: 
 --> contract.sol:8:3:
  |
8 |   function allowance(address owner, address spender) public view virtual returns (uint256);
  |   ^^^^^^^^^^^^^^^^^^^^^^^^^^^^^^^^^^^^^^^^^^^^^^^^^^^^^^^^^^^^^^^^^^^^^^^^^^^^^^^^^^^^^^^^^
Note: Missing implementation: 
  --> contract.sol:10:3:
   |
10 |   function approve(address spender, uint256 value) public virtual returns (bool ok);
   |   ^^^^^^^^^^^^^^^^^^^^^^^^^^^^^^^^^^^^^^^^^^^^^^^^^^^^^^^^^^^^^^^^^^^^^^^^^^^^^^^^^^
Note: Missing implementation: 
 --> contract.sol:7:3:
  |
7 |   function balanceOf(address who) public view virtual returns (uint256);
  |   ^^^^^^^^^^^^^^^^^^^^^^^^^^^^^^^^^^^^^^^^^^^^^^^^^^^^^^^^^^^^^^^^^^^^^^
Note: Missing implementation: 
 --> contract.sol:6:3:
  |
6 |   function totalSupply() public view virtual returns(uint256 _totalSupply);
  |   ^^^^^^^^^^^^^^^^^^^^^^^^^^^^^^^^^^^^^^^^^^^^^^^^^^^^^^^^^^^^^^^^^^^^^^^^^
Note: Missing implementation: 
  --> contract.sol:11:3:
   |
11 |   function transfer(address to, uint256 value) public virtual returns (bool ok);
   |   ^^^^^^^^^^^^^^^^^^^^^^^^^^^^^^^^^^^^^^^^^^^^^^^^^^^^^^^^^^^^^^^^^^^^^^^^^^^^^^
Note: Missing implementation: 
 --> contract.sol:9:3:
  |
9 |   function transferFrom(address from, address to, uint256 value) public virtual returns (bool ok);
  |   ^^^^^^^^^^^^^^^^^^^^^^^^^^^^^^^^^^^^^^^^^^^^^^^^^^^^^^^^^^^^^^^^^^^^^^^^^^^^^^^^^^^^^^^^^^^^^^^^

Error: Overriding function is missing "override" specifier.
   --> contract.sol:127:5:
    |
127 |     function totalSupply() public view returns(uint256) {
    |     ^ (Relevant source part starts here and spans across multiple lines).
Note: Overridden function is here:
 --> contract.sol:6:3:
  |
6 |   function totalSupply() public view virtual returns(uint256 _totalSupply);
  |   ^^^^^^^^^^^^^^^^^^^^^^^^^^^^^^^^^^^^^^^^^^^^^^^^^^^^^^^^^^^^^^^^^^^^^^^^^

Error: Overriding function is missing "override" specifier.
   --> contract.sol:131:6:
    |
131 |      function balanceOf(address sender) public view returns(uint256 balance) {
    |      ^ (Relevant source part starts here and spans across multiple lines).
Note: Overridden function is here:
 --> contract.sol:7:3:
  |
7 |   function balanceOf(address who) public view virtual returns (uint256);
  |   ^^^^^^^^^^^^^^^^^^^^^^^^^^^^^^^^^^^^^^^^^^^^^^^^^^^^^^^^^^^^^^^^^^^^^^

Error: Overriding function is missing "override" specifier.
   --> contract.sol:136:5:
    |
136 |     function transfer(address _to, uint256 _amount) public returns(bool success) {
    |     ^ (Relevant source part starts here and spans across multiple lines).
Note: Overridden function is here:
  --> contract.sol:11:3:
   |
11 |   function transfer(address to, uint256 value) public virtual returns (bool ok);
   |   ^^^^^^^^^^^^^^^^^^^^^^^^^^^^^^^^^^^^^^^^^^^^^^^^^^^^^^^^^^^^^^^^^^^^^^^^^^^^^^

Error: Overriding function is missing "override" specifier.
   --> contract.sol:179:5:
    |
179 |     function transferFrom(
    |     ^ (Relevant source part starts here and spans across multiple lines).
Note: Overridden function is here:
 --> contract.sol:9:3:
  |
9 |   function transferFrom(address from, address to, uint256 value) public virtual returns (bool ok);
  |   ^^^^^^^^^^^^^^^^^^^^^^^^^^^^^^^^^^^^^^^^^^^^^^^^^^^^^^^^^^^^^^^^^^^^^^^^^^^^^^^^^^^^^^^^^^^^^^^^

Error: Overriding function is missing "override" specifier.
   --> contract.sol:196:3:
    |
196 |   function approve(address _spender, uint256 _value) public returns (bool) {
    |   ^ (Relevant source part starts here and spans across multiple lines).
Note: Overridden function is here:
  --> contract.sol:10:3:
   |
10 |   function approve(address spender, uint256 value) public virtual returns (bool ok);
   |   ^^^^^^^^^^^^^^^^^^^^^^^^^^^^^^^^^^^^^^^^^^^^^^^^^^^^^^^^^^^^^^^^^^^^^^^^^^^^^^^^^^

Error: Overriding function is missing "override" specifier.
   --> contract.sol:205:5:
    |
205 |     function allowance(address _owner, address _spender) public view returns(uint256 remaining) {
    |     ^ (Relevant source part starts here and spans across multiple lines).
Note: Overridden function is here:
 --> contract.sol:8:3:
  |
8 |   function allowance(address owner, address spender) public view virtual returns (uint256);
  |   ^^^^^^^^^^^^^^^^^^^^^^^^^^^^^^^^^^^^^^^^^^^^^^^^^^^^^^^^^^^^^^^^^^^^^^^^^^^^^^^^^^^^^^^^^

Error: Overriding public state variable is missing "override" specifier.
  --> contract.sol:58:5:
   |
58 |     uint256 public constant totalsupply = 1000000000000000000000000000;
   |     ^^^^^^^^^^^^^^^^^^^^^^^^^^^^^^^^^^^^^^^^^^^^^^^^^^^^^^^^^^^^^^^^^^
Note: Overridden public state variable is here:
 --> contract.sol:5:3:
  |
5 |   uint256 public totalsupply;
  |   ^^^^^^^^^^^^^^^^^^^^^^^^^^

Error: Cannot override public state variable.
 --> contract.sol:5:3:
  |
5 |   uint256 public totalsupply;
  |   ^^^^^^^^^^^^^^^^^^^^^^^^^^
Note: Overriding public state variable is here:
  --> contract.sol:58:5:
   |
58 |     uint256 public constant totalsupply = 1000000000000000000000000000;
   |     ^^^^^^^^^^^^^^^^^^^^^^^^^^^^^^^^^^^^^^^^^^^^^^^^^^^^^^^^^^^^^^^^^^

Error: Member "balance" not found or not visible after argument-dependent lookup in contract FreedomStreaming. Use "address(this).balance" to access this address member.
   --> contract.sol:112:30:
    |
112 |               owner.transfer(this.balance); 
    |                              ^^^^^^^^^^^^


=== applied patch_override_needed ===
=== iter 5 rc=0 ===
Warning: SPDX license identifier not provided in source file. Before publishing, consider adding a comment containing "SPDX-License-Identifier: <SPDX-License>" to each source file. Use "SPDX-License-Identifier: UNLICENSED" for non-open-source code. Please see https://spdx.org for more information.
--> contract.sol


=== full compile rc=1 ===
Warning: SPDX license identifier not provided in source file. Before publishing, consider adding a comment containing "SPDX-License-Identifier: <SPDX-License>" to each source file. Use "SPDX-License-Identifier: UNLICENSED" for non-open-source code. Please see https://spdx.org for more information.
--> contract.sol

Error: Identifier already declared.
  --> contract.sol:58:5:
   |
58 |     uint256 public constant totalsupply = 1000000000000000000000000000;
   |     ^^^^^^^^^^^^^^^^^^^^^^^^^^^^^^^^^^^^^^^^^^^^^^^^^^^^^^^^^^^^^^^^^^
Note: The previous declaration is here:
 --> contract.sol:5:3:
  |
5 |   uint256 public totalsupply;
  |   ^^^^^^^^^^^^^^^^^^^^^^^^^^

Error: Contract "ERC20" should be marked as abstract.
 --> contract.sol:4:1:
  |
4 | contract ERC20 {
  | ^ (Relevant source part starts here and spans across multiple lines).
Note: Missing implementation: 
 --> contract.sol:8:3:
  |
8 |   function allowance(address owner, address spender) public view virtual returns (uint256);
  |   ^^^^^^^^^^^^^^^^^^^^^^^^^^^^^^^^^^^^^^^^^^^^^^^^^^^^^^^^^^^^^^^^^^^^^^^^^^^^^^^^^^^^^^^^^
Note: Missing implementation: 
  --> contract.sol:10:3:
   |
10 |   function approve(address spender, uint256 value) public virtual returns (bool ok);
   |   ^^^^^^^^^^^^^^^^^^^^^^^^^^^^^^^^^^^^^^^^^^^^^^^^^^^^^^^^^^^^^^^^^^^^^^^^^^^^^^^^^^
Note: Missing implementation: 
 --> contract.sol:7:3:
  |
7 |   function balanceOf(address who) public view virtual returns (uint256);
  |   ^^^^^^^^^^^^^^^^^^^^^^^^^^^^^^^^^^^^^^^^^^^^^^^^^^^^^^^^^^^^^^^^^^^^^^
Note: Missing implementation: 
 --> contract.sol:6:3:
  |
6 |   function totalSupply() public view virtual returns(uint256 _totalSupply);
  |   ^^^^^^^^^^^^^^^^^^^^^^^^^^^^^^^^^^^^^^^^^^^^^^^^^^^^^^^^^^^^^^^^^^^^^^^^^
Note: Missing implementation: 
  --> contract.sol:11:3:
   |
11 |   function transfer(address to, uint256 value) public virtual returns (bool ok);
   |   ^^^^^^^^^^^^^^^^^^^^^^^^^^^^^^^^^^^^^^^^^^^^^^^^^^^^^^^^^^^^^^^^^^^^^^^^^^^^^^
Note: Missing implementation: 
 --> contract.sol:9:3:
  |
9 |   function transferFrom(address from, address to, uint256 value) public virtual returns (bool ok);
  |   ^^^^^^^^^^^^^^^^^^^^^^^^^^^^^^^^^^^^^^^^^^^^^^^^^^^^^^^^^^^^^^^^^^^^^^^^^^^^^^^^^^^^^^^^^^^^^^^^

Error: Overriding public state variable is missing "override" specifier.
  --> contract.sol:58:5:
   |
58 |     uint256 public constant totalsupply = 1000000000000000000000000000;
   |     ^^^^^^^^^^^^^^^^^^^^^^^^^^^^^^^^^^^^^^^^^^^^^^^^^^^^^^^^^^^^^^^^^^
Note: Overridden public state variable is here:
 --> contract.sol:5:3:
  |
5 |   uint256 public totalsupply;
  |   ^^^^^^^^^^^^^^^^^^^^^^^^^^

Error: Cannot override public state variable.
 --> contract.sol:5:3:
  |
5 |   uint256 public totalsupply;
  |   ^^^^^^^^^^^^^^^^^^^^^^^^^^
Note: Overriding public state variable is here:
  --> contract.sol:58:5:
   |
58 |     uint256 public constant totalsupply = 1000000000000000000000000000;
   |     ^^^^^^^^^^^^^^^^^^^^^^^^^^^^^^^^^^^^^^^^^^^^^^^^^^^^^^^^^^^^^^^^^^

Error: Member "balance" not found or not visible after argument-dependent lookup in contract FreedomStreaming. Use "address(this).balance" to access this address member.
   --> contract.sol:112:30:
    |
112 |               owner.transfer(this.balance); 
    |                              ^^^^^^^^^^^^


=== applied patch_mark_abstract ===
=== iter 6 rc=0 ===
Warning: SPDX license identifier not provided in source file. Before publishing, consider adding a comment containing "SPDX-License-Identifier: <SPDX-License>" to each source file. Use "SPDX-License-Identifier: UNLICENSED" for non-open-source code. Please see https://spdx.org for more information.
--> contract.sol


=== full compile rc=1 ===
Warning: SPDX license identifier not provided in source file. Before publishing, consider adding a comment containing "SPDX-License-Identifier: <SPDX-License>" to each source file. Use "SPDX-License-Identifier: UNLICENSED" for non-open-source code. Please see https://spdx.org for more information.
--> contract.sol

Error: Identifier already declared.
  --> contract.sol:58:5:
   |
58 |     uint256 public constant totalsupply = 1000000000000000000000000000;
   |     ^^^^^^^^^^^^^^^^^^^^^^^^^^^^^^^^^^^^^^^^^^^^^^^^^^^^^^^^^^^^^^^^^^
Note: The previous declaration is here:
 --> contract.sol:5:3:
  |
5 |   uint256 public totalsupply;
  |   ^^^^^^^^^^^^^^^^^^^^^^^^^^

Error: Overriding public state variable is missing "override" specifier.
  --> contract.sol:58:5:
   |
58 |     uint256 public constant totalsupply = 1000000000000000000000000000;
   |     ^^^^^^^^^^^^^^^^^^^^^^^^^^^^^^^^^^^^^^^^^^^^^^^^^^^^^^^^^^^^^^^^^^
Note: Overridden public state variable is here:
 --> contract.sol:5:3:
  |
5 |   uint256 public totalsupply;
  |   ^^^^^^^^^^^^^^^^^^^^^^^^^^

Error: Cannot override public state variable.
 --> contract.sol:5:3:
  |
5 |   uint256 public totalsupply;
  |   ^^^^^^^^^^^^^^^^^^^^^^^^^^
Note: Overriding public state variable is here:
  --> contract.sol:58:5:
   |
58 |     uint256 public constant totalsupply = 1000000000000000000000000000;
   |     ^^^^^^^^^^^^^^^^^^^^^^^^^^^^^^^^^^^^^^^^^^^^^^^^^^^^^^^^^^^^^^^^^^

Error: Member "balance" not found or not visible after argument-dependent lookup in contract FreedomStreaming. Use "address(this).balance" to access this address member.
   --> contract.sol:112:30:
    |
112 |               owner.transfer(this.balance); 
    |                              ^^^^^^^^^^^^


=== applied patch_remove_bogus_override ===
=== iter 7 rc=0 ===
Warning: SPDX license identifier not provided in source file. Before publishing, consider adding a comment containing "SPDX-License-Identifier: <SPDX-License>" to each source file. Use "SPDX-License-Identifier: UNLICENSED" for non-open-source code. Please see https://spdx.org for more information.
--> contract.sol


=== full compile rc=1 ===
Warning: SPDX license identifier not provided in source file. Before publishing, consider adding a comment containing "SPDX-License-Identifier: <SPDX-License>" to each source file. Use "SPDX-License-Identifier: UNLICENSED" for non-open-source code. Please see https://spdx.org for more information.
--> contract.sol

Error: Identifier already declared.
  --> contract.sol:58:5:
   |
58 |     uint256 public constant totalsupply = 1000000000000000000000000000;
   |     ^^^^^^^^^^^^^^^^^^^^^^^^^^^^^^^^^^^^^^^^^^^^^^^^^^^^^^^^^^^^^^^^^^
Note: The previous declaration is here:
 --> contract.sol:5:3:
  |
5 |   uint256 public totalsupply;
  |   ^^^^^^^^^^^^^^^^^^^^^^^^^^

Error: Overriding function is missing "override" specifier.
   --> contract.sol:127:5:
    |
127 |     function totalSupply() public view virtual returns(uint256) {
    |     ^ (Relevant source part starts here and spans across multiple lines).
Note: Overridden function is here:
 --> contract.sol:6:3:
  |
6 |   function totalSupply() public view virtual returns(uint256 _totalSupply);
  |   ^^^^^^^^^^^^^^^^^^^^^^^^^^^^^^^^^^^^^^^^^^^^^^^^^^^^^^^^^^^^^^^^^^^^^^^^^

Error: Overriding function is missing "override" specifier.
   --> contract.sol:131:6:
    |
131 |      function balanceOf(address sender) public view virtual returns(uint256 balance) {
    |      ^ (Relevant source part starts here and spans across multiple lines).
Note: Overridden function is here:
 --> contract.sol:7:3:
  |
7 |   function balanceOf(address who) public view virtual returns (uint256);
  |   ^^^^^^^^^^^^^^^^^^^^^^^^^^^^^^^^^^^^^^^^^^^^^^^^^^^^^^^^^^^^^^^^^^^^^^

Error: Overriding function is missing "override" specifier.
   --> contract.sol:136:5:
    |
136 |     function transfer(address _to, uint256 _amount) public virtual returns(bool success) {
    |     ^ (Relevant source part starts here and spans across multiple lines).
Note: Overridden function is here:
  --> contract.sol:11:3:
   |
11 |   function transfer(address to, uint256 value) public virtual returns (bool ok);
   |   ^^^^^^^^^^^^^^^^^^^^^^^^^^^^^^^^^^^^^^^^^^^^^^^^^^^^^^^^^^^^^^^^^^^^^^^^^^^^^^

Error: Overriding function is missing "override" specifier.
   --> contract.sol:179:5:
    |
179 |     function transferFrom(
    |     ^ (Relevant source part starts here and spans across multiple lines).
Note: Overridden function is here:
 --> contract.sol:9:3:
  |
9 |   function transferFrom(address from, address to, uint256 value) public virtual returns (bool ok);
  |   ^^^^^^^^^^^^^^^^^^^^^^^^^^^^^^^^^^^^^^^^^^^^^^^^^^^^^^^^^^^^^^^^^^^^^^^^^^^^^^^^^^^^^^^^^^^^^^^^

Error: Overriding function is missing "override" specifier.
   --> contract.sol:196:3:
    |
196 |   function approve(address _spender, uint256 _value) public virtual returns (bool) {
    |   ^ (Relevant source part starts here and spans across multiple lines).
Note: Overridden function is here:
  --> contract.sol:10:3:
   |
10 |   function approve(address spender, uint256 value) public virtual returns (bool ok);
   |   ^^^^^^^^^^^^^^^^^^^^^^^^^^^^^^^^^^^^^^^^^^^^^^^^^^^^^^^^^^^^^^^^^^^^^^^^^^^^^^^^^^

Error: Overriding function is missing "override" specifier.
   --> contract.sol:205:5:
    |
205 |     function allowance(address _owner, address _spender) public view virtual returns(uint256 remaining) {
    |     ^ (Relevant source part starts here and spans across multiple lines).
Note: Overridden function is here:
 --> contract.sol:8:3:
  |
8 |   function allowance(address owner, address spender) public view virtual returns (uint256);
  |   ^^^^^^^^^^^^^^^^^^^^^^^^^^^^^^^^^^^^^^^^^^^^^^^^^^^^^^^^^^^^^^^^^^^^^^^^^^^^^^^^^^^^^^^^^

Error: Overriding public state variable is missing "override" specifier.
  --> contract.sol:58:5:
   |
58 |     uint256 public constant totalsupply = 1000000000000000000000000000;
   |     ^^^^^^^^^^^^^^^^^^^^^^^^^^^^^^^^^^^^^^^^^^^^^^^^^^^^^^^^^^^^^^^^^^
Note: Overridden public state variable is here:
 --> contract.sol:5:3:
  |
5 |   uint256 public totalsupply;
  |   ^^^^^^^^^^^^^^^^^^^^^^^^^^

Error: Cannot override public state variable.
 --> contract.sol:5:3:
  |
5 |   uint256 public totalsupply;
  |   ^^^^^^^^^^^^^^^^^^^^^^^^^^
Note: Overriding public state variable is here:
  --> contract.sol:58:5:
   |
58 |     uint256 public constant totalsupply = 1000000000000000000000000000;
   |     ^^^^^^^^^^^^^^^^^^^^^^^^^^^^^^^^^^^^^^^^^^^^^^^^^^^^^^^^^^^^^^^^^^

Error: Member "balance" not found or not visible after argument-dependent lookup in contract FreedomStreaming. Use "address(this).balance" to access this address member.
   --> contract.sol:112:30:
    |
112 |               owner.transfer(this.balance); 
    |                              ^^^^^^^^^^^^


=== applied patch_contract_balance ===
=== iter 8 rc=0 ===
Warning: SPDX license identifier not provided in source file. Before publishing, consider adding a comment containing "SPDX-License-Identifier: <SPDX-License>" to each source file. Use "SPDX-License-Identifier: UNLICENSED" for non-open-source code. Please see https://spdx.org for more information.
--> contract.sol


=== full compile rc=1 ===
Warning: SPDX license identifier not provided in source file. Before publishing, consider adding a comment containing "SPDX-License-Identifier: <SPDX-License>" to each source file. Use "SPDX-License-Identifier: UNLICENSED" for non-open-source code. Please see https://spdx.org for more information.
--> contract.sol

Error: Identifier already declared.
  --> contract.sol:58:5:
   |
58 |     uint256 public constant totalsupply = 1000000000000000000000000000;
   |     ^^^^^^^^^^^^^^^^^^^^^^^^^^^^^^^^^^^^^^^^^^^^^^^^^^^^^^^^^^^^^^^^^^
Note: The previous declaration is here:
 --> contract.sol:5:3:
  |
5 |   uint256 public totalsupply;
  |   ^^^^^^^^^^^^^^^^^^^^^^^^^^

Error: Overriding function is missing "override" specifier.
   --> contract.sol:127:5:
    |
127 |     function totalSupply() public view virtual returns(uint256) {
    |     ^ (Relevant source part starts here and spans across multiple lines).
Note: Overridden function is here:
 --> contract.sol:6:3:
  |
6 |   function totalSupply() public view virtual returns(uint256 _totalSupply);
  |   ^^^^^^^^^^^^^^^^^^^^^^^^^^^^^^^^^^^^^^^^^^^^^^^^^^^^^^^^^^^^^^^^^^^^^^^^^

Error: Overriding function is missing "override" specifier.
   --> contract.sol:131:6:
    |
131 |      function balanceOf(address sender) public view virtual returns(uint256 balance) {
    |      ^ (Relevant source part starts here and spans across multiple lines).
Note: Overridden function is here:
 --> contract.sol:7:3:
  |
7 |   function balanceOf(address who) public view virtual returns (uint256);
  |   ^^^^^^^^^^^^^^^^^^^^^^^^^^^^^^^^^^^^^^^^^^^^^^^^^^^^^^^^^^^^^^^^^^^^^^

Error: Overriding function is missing "override" specifier.
   --> contract.sol:136:5:
    |
136 |     function transfer(address _to, uint256 _amount) public virtual returns(bool success) {
    |     ^ (Relevant source part starts here and spans across multiple lines).
Note: Overridden function is here:
  --> contract.sol:11:3:
   |
11 |   function transfer(address to, uint256 value) public virtual returns (bool ok);
   |   ^^^^^^^^^^^^^^^^^^^^^^^^^^^^^^^^^^^^^^^^^^^^^^^^^^^^^^^^^^^^^^^^^^^^^^^^^^^^^^

Error: Overriding function is missing "override" specifier.
   --> contract.sol:179:5:
    |
179 |     function transferFrom(
    |     ^ (Relevant source part starts here and spans across multiple lines).
Note: Overridden function is here:
 --> contract.sol:9:3:
  |
9 |   function transferFrom(address from, address to, uint256 value) public virtual returns (bool ok);
  |   ^^^^^^^^^^^^^^^^^^^^^^^^^^^^^^^^^^^^^^^^^^^^^^^^^^^^^^^^^^^^^^^^^^^^^^^^^^^^^^^^^^^^^^^^^^^^^^^^

Error: Overriding function is missing "override" specifier.
   --> contract.sol:196:3:
    |
196 |   function approve(address _spender, uint256 _value) public virtual returns (bool) {
    |   ^ (Relevant source part starts here and spans across multiple lines).
Note: Overridden function is here:
  --> contract.sol:10:3:
   |
10 |   function approve(address spender, uint256 value) public virtual returns (bool ok);
   |   ^^^^^^^^^^^^^^^^^^^^^^^^^^^^^^^^^^^^^^^^^^^^^^^^^^^^^^^^^^^^^^^^^^^^^^^^^^^^^^^^^^

Error: Overriding function is missing "override" specifier.
   --> contract.sol:205:5:
    |
205 |     function allowance(address _owner, address _spender) public view virtual returns(uint256 remaining) {
    |     ^ (Relevant source part starts here and spans across multiple lines).
Note: Overridden function is here:
 --> contract.sol:8:3:
  |
8 |   function allowance(address owner, address spender) public view virtual returns (uint256);
  |   ^^^^^^^^^^^^^^^^^^^^^^^^^^^^^^^^^^^^^^^^^^^^^^^^^^^^^^^^^^^^^^^^^^^^^^^^^^^^^^^^^^^^^^^^^

Error: Overriding public state variable is missing "override" specifier.
  --> contract.sol:58:5:
   |
58 |     uint256 public constant totalsupply = 1000000000000000000000000000;
   |     ^^^^^^^^^^^^^^^^^^^^^^^^^^^^^^^^^^^^^^^^^^^^^^^^^^^^^^^^^^^^^^^^^^
Note: Overridden public state variable is here:
 --> contract.sol:5:3:
  |
5 |   uint256 public totalsupply;
  |   ^^^^^^^^^^^^^^^^^^^^^^^^^^

Error: Cannot override public state variable.
 --> contract.sol:5:3:
  |
5 |   uint256 public totalsupply;
  |   ^^^^^^^^^^^^^^^^^^^^^^^^^^
Note: Overriding public state variable is here:
  --> contract.sol:58:5:
   |
58 |     uint256 public constant totalsupply = 1000000000000000000000000000;
   |     ^^^^^^^^^^^^^^^^^^^^^^^^^^^^^^^^^^^^^^^^^^^^^^^^^^^^^^^^^^^^^^^^^^

Error: "send" and "transfer" are only available for objects of type "address payable", not "address".
   --> contract.sol:112:15:
    |
112 |               owner.transfer(address(this).balance); 
    |               ^^^^^^^^^^^^^^


=== applied patch_send_transfer_to_payable ===
=== iter 9 rc=0 ===
Warning: SPDX license identifier not provided in source file. Before publishing, consider adding a comment containing "SPDX-License-Identifier: <SPDX-License>" to each source file. Use "SPDX-License-Identifier: UNLICENSED" for non-open-source code. Please see https://spdx.org for more information.
--> contract.sol


=== full compile rc=1 ===
Warning: SPDX license identifier not provided in source file. Before publishing, consider adding a comment containing "SPDX-License-Identifier: <SPDX-License>" to each source file. Use "SPDX-License-Identifier: UNLICENSED" for non-open-source code. Please see https://spdx.org for more information.
--> contract.sol

Error: Identifier already declared.
  --> contract.sol:58:5:
   |
58 |     uint256 public constant totalsupply = 1000000000000000000000000000;
   |     ^^^^^^^^^^^^^^^^^^^^^^^^^^^^^^^^^^^^^^^^^^^^^^^^^^^^^^^^^^^^^^^^^^
Note: The previous declaration is here:
 --> contract.sol:5:3:
  |
5 |   uint256 public totalsupply;
  |   ^^^^^^^^^^^^^^^^^^^^^^^^^^

Error: Overriding function is missing "override" specifier.
   --> contract.sol:127:5:
    |
127 |     function totalSupply() public view virtual returns(uint256) {
    |     ^ (Relevant source part starts here and spans across multiple lines).
Note: Overridden function is here:
 --> contract.sol:6:3:
  |
6 |   function totalSupply() public view virtual returns(uint256 _totalSupply);
  |   ^^^^^^^^^^^^^^^^^^^^^^^^^^^^^^^^^^^^^^^^^^^^^^^^^^^^^^^^^^^^^^^^^^^^^^^^^

Error: Overriding function is missing "override" specifier.
   --> contract.sol:131:6:
    |
131 |      function balanceOf(address sender) public view virtual returns(uint256 balance) {
    |      ^ (Relevant source part starts here and spans across multiple lines).
Note: Overridden function is here:
 --> contract.sol:7:3:
  |
7 |   function balanceOf(address who) public view virtual returns (uint256);
  |   ^^^^^^^^^^^^^^^^^^^^^^^^^^^^^^^^^^^^^^^^^^^^^^^^^^^^^^^^^^^^^^^^^^^^^^

Error: Overriding function is missing "override" specifier.
   --> contract.sol:136:5:
    |
136 |     function transfer(address _to, uint256 _amount) public virtual returns(bool success) {
    |     ^ (Relevant source part starts here and spans across multiple lines).
Note: Overridden function is here:
  --> contract.sol:11:3:
   |
11 |   function transfer(address to, uint256 value) public virtual returns (bool ok);
   |   ^^^^^^^^^^^^^^^^^^^^^^^^^^^^^^^^^^^^^^^^^^^^^^^^^^^^^^^^^^^^^^^^^^^^^^^^^^^^^^

Error: Overriding function is missing "override" specifier.
   --> contract.sol:179:5:
    |
179 |     function transferFrom(
    |     ^ (Relevant source part starts here and spans across multiple lines).
Note: Overridden function is here:
 --> contract.sol:9:3:
  |
9 |   function transferFrom(address from, address to, uint256 value) public virtual returns (bool ok);
  |   ^^^^^^^^^^^^^^^^^^^^^^^^^^^^^^^^^^^^^^^^^^^^^^^^^^^^^^^^^^^^^^^^^^^^^^^^^^^^^^^^^^^^^^^^^^^^^^^^

Error: Overriding function is missing "override" specifier.
   --> contract.sol:196:3:
    |
196 |   function approve(address _spender, uint256 _value) public virtual returns (bool) {
    |   ^ (Relevant source part starts here and spans across multiple lines).
Note: Overridden function is here:
  --> contract.sol:10:3:
   |
10 |   function approve(address spender, uint256 value) public virtual returns (bool ok);
   |   ^^^^^^^^^^^^^^^^^^^^^^^^^^^^^^^^^^^^^^^^^^^^^^^^^^^^^^^^^^^^^^^^^^^^^^^^^^^^^^^^^^

Error: Overriding function is missing "override" specifier.
   --> contract.sol:205:5:
    |
205 |     function allowance(address _owner, address _spender) public view virtual returns(uint256 remaining) {
    |     ^ (Relevant source part starts here and spans across multiple lines).
Note: Overridden function is here:
 --> contract.sol:8:3:
  |
8 |   function allowance(address owner, address spender) public view virtual returns (uint256);
  |   ^^^^^^^^^^^^^^^^^^^^^^^^^^^^^^^^^^^^^^^^^^^^^^^^^^^^^^^^^^^^^^^^^^^^^^^^^^^^^^^^^^^^^^^^^

Error: Overriding public state variable is missing "override" specifier.
  --> contract.sol:58:5:
   |
58 |     uint256 public constant totalsupply = 1000000000000000000000000000;
   |     ^^^^^^^^^^^^^^^^^^^^^^^^^^^^^^^^^^^^^^^^^^^^^^^^^^^^^^^^^^^^^^^^^^
Note: Overridden public state variable is here:
 --> contract.sol:5:3:
  |
5 |   uint256 public totalsupply;
  |   ^^^^^^^^^^^^^^^^^^^^^^^^^^

Error: Cannot override public state variable.
 --> contract.sol:5:3:
  |
5 |   uint256 public totalsupply;
  |   ^^^^^^^^^^^^^^^^^^^^^^^^^^
Note: Overriding public state variable is here:
  --> contract.sol:58:5:
   |
58 |     uint256 public constant totalsupply = 1000000000000000000000000000;
   |     ^^^^^^^^^^^^^^^^^^^^^^^^^^^^^^^^^^^^^^^^^^^^^^^^^^^^^^^^^^^^^^^^^^


=== no rule matched ===
