=== iter 0 rc=1 ===
Error: Expected '{' but got 'constant'
   --> contract.sol:133:47:
    |
133 |     function balanceOf(address _owner) public constant returns (uint256) {
    |                                               ^^^^^^^^


=== applied patch_constant_function ===
=== iter 1 rc=0 ===
Warning: SPDX license identifier not provided in source file. Before publishing, consider adding a comment containing "SPDX-License-Identifier: <SPDX-License>" to each source file. Use "SPDX-License-Identifier: UNLICENSED" for non-open-source code. Please see https://spdx.org for more information.
--> contract.sol


=== full compile rc=1 ===
Warning: SPDX license identifier not provided in source file. Before publishing, consider adding a comment containing "SPDX-License-Identifier: <SPDX-License>" to each source file. Use "SPDX-License-Identifier: UNLICENSED" for non-open-source code. Please see https://spdx.org for more information.
--> contract.sol

Error: Contract "IERC20Token" should be marked as abstract.
  --> contract.sol:54:1:
   |
54 | contract IERC20Token {
   | ^ (Relevant source part starts here and spans across multiple lines).
Note: Missing implementation: 
  --> contract.sol:64:5:
   |
64 |     function allowance(address _owner, address _spender)  public view returns (uint256 remaining);
   |     ^^^^^^^^^^^^^^^^^^^^^^^^^^^^^^^^^^^^^^^^^^^^^^^^^^^^^^^^^^^^^^^^^^^^^^^^^^^^^^^^^^^^^^^^^^^^^^
Note: Missing implementation: 
  --> contract.sol:63:5:
   |
63 |     function approve(address _spender, uint256 _value)  public returns (bool success);
   |     ^^^^^^^^^^^^^^^^^^^^^^^^^^^^^^^^^^^^^^^^^^^^^^^^^^^^^^^^^^^^^^^^^^^^^^^^^^^^^^^^^^
Note: Missing implementation: 
  --> contract.sol:60:5:
   |
60 |     function balanceOf(address _owner) public view returns (uint256 balance);
   |     ^^^^^^^^^^^^^^^^^^^^^^^^^^^^^^^^^^^^^^^^^^^^^^^^^^^^^^^^^^^^^^^^^^^^^^^^^
Note: Missing implementation: 
  --> contract.sol:61:5:
   |
61 |     function transfer(address _to, uint256 _value)  public returns (bool success);
   |     ^^^^^^^^^^^^^^^^^^^^^^^^^^^^^^^^^^^^^^^^^^^^^^^^^^^^^^^^^^^^^^^^^^^^^^^^^^^^^^
Note: Missing implementation: 
  --> contract.sol:62:5:
   |
62 |     function transferFrom(address _from, address _to, uint256 _value)  public returns (bool success);
   |     ^^^^^^^^^^^^^^^^^^^^^^^^^^^^^^^^^^^^^^^^^^^^^^^^^^^^^^^^^^^^^^^^^^^^^^^^^^^^^^^^^^^^^^^^^^^^^^^^^

Error: Overriding function is missing "override" specifier.
   --> contract.sol:112:5:
    |
112 |     function transfer(address _to, uint256 _value) public returns (bool) {
    |     ^ (Relevant source part starts here and spans across multiple lines).
Note: Overridden function is here:
  --> contract.sol:61:5:
   |
61 |     function transfer(address _to, uint256 _value)  public returns (bool success);
   |     ^^^^^^^^^^^^^^^^^^^^^^^^^^^^^^^^^^^^^^^^^^^^^^^^^^^^^^^^^^^^^^^^^^^^^^^^^^^^^^

Error: Trying to override non-virtual function. Did you forget to add "virtual"?
  --> contract.sol:61:5:
   |
61 |     function transfer(address _to, uint256 _value)  public returns (bool success);
   |     ^^^^^^^^^^^^^^^^^^^^^^^^^^^^^^^^^^^^^^^^^^^^^^^^^^^^^^^^^^^^^^^^^^^^^^^^^^^^^^
Note: Overriding function is here:
   --> contract.sol:112:5:
    |
112 |     function transfer(address _to, uint256 _value) public returns (bool) {
    |     ^ (Relevant source part starts here and spans across multiple lines).

Error: Overriding function is missing "override" specifier.
   --> contract.sol:122:5:
    |
122 |     function transferFrom(address _from, address _to, uint256 _value) public returns (bool) {
    |     ^ (Relevant source part starts here and spans across multiple lines).
Note: Overridden function is here:
  --> contract.sol:62:5:
   |
62 |     function transferFrom(address _from, address _to, uint256 _value)  public returns (bool success);
   |     ^^^^^^^^^^^^^^^^^^^^^^^^^^^^^^^^^^^^^^^^^^^^^^^^^^^^^^^^^^^^^^^^^^^^^^^^^^^^^^^^^^^^^^^^^^^^^^^^^

Error: Trying to override non-virtual function. Did you forget to add "virtual"?
  --> contract.sol:62:5:
   |
62 |     function transferFrom(address _from, address _to, uint256 _value)  public returns (bool success);
   |     ^^^^^^^^^^^^^^^^^^^^^^^^^^^^^^^^^^^^^^^^^^^^^^^^^^^^^^^^^^^^^^^^^^^^^^^^^^^^^^^^^^^^^^^^^^^^^^^^^
Note: Overriding function is here:
   --> contract.sol:122:5:
    |
122 |     function transferFrom(address _from, address _to, uint256 _value) public returns (bool) {
    |     ^ (Relevant source part starts here and spans across multiple lines).

Error: Overriding function is missing "override" specifier.
   --> contract.sol:133:5:
    |
133 |     function balanceOf(address _owner) public view returns (uint256) {
    |     ^ (Relevant source part starts here and spans across multiple lines).
Note: Overridden function is here:
  --> contract.sol:60:5:
   |
60 |     function balanceOf(address _owner) public view returns (uint256 balance);
   |     ^^^^^^^^^^^^^^^^^^^^^^^^^^^^^^^^^^^^^^^^^^^^^^^^^^^^^^^^^^^^^^^^^^^^^^^^^

Error: Trying to override non-virtual function. Did you forget to add "virtual"?
  --> contract.sol:60:5:
   |
60 |     function balanceOf(address _owner) public view returns (uint256 balance);
   |     ^^^^^^^^^^^^^^^^^^^^^^^^^^^^^^^^^^^^^^^^^^^^^^^^^^^^^^^^^^^^^^^^^^^^^^^^^
Note: Overriding function is here:
   --> contract.sol:133:5:
    |
133 |     function balanceOf(address _owner) public view returns (uint256) {
    |     ^ (Relevant source part starts here and spans across multiple lines).

Error: Overriding function is missing "override" specifier.
   --> contract.sol:137:5:
    |
137 |     function approve(address _spender, uint256 _value) public returns (bool) {
    |     ^ (Relevant source part starts here and spans across multiple lines).
Note: Overridden function is here:
  --> contract.sol:63:5:
   |
63 |     function approve(address _spender, uint256 _value)  public returns (bool success);
   |     ^^^^^^^^^^^^^^^^^^^^^^^^^^^^^^^^^^^^^^^^^^^^^^^^^^^^^^^^^^^^^^^^^^^^^^^^^^^^^^^^^^

Error: Trying to override non-virtual function. Did you forget to add "virtual"?
  --> contract.sol:63:5:
   |
63 |     function approve(address _spender, uint256 _value)  public returns (bool success);
   |     ^^^^^^^^^^^^^^^^^^^^^^^^^^^^^^^^^^^^^^^^^^^^^^^^^^^^^^^^^^^^^^^^^^^^^^^^^^^^^^^^^^
Note: Overriding function is here:
   --> contract.sol:137:5:
    |
137 |     function approve(address _spender, uint256 _value) public returns (bool) {
    |     ^ (Relevant source part starts here and spans across multiple lines).

Error: Overriding function is missing "override" specifier.
   --> contract.sol:143:5:
    |
143 |     function allowance(address _owner, address _spender) public view returns (uint256) {
    |     ^ (Relevant source part starts here and spans across multiple lines).
Note: Overridden function is here:
  --> contract.sol:64:5:
   |
64 |     function allowance(address _owner, address _spender)  public view returns (uint256 remaining);
   |     ^^^^^^^^^^^^^^^^^^^^^^^^^^^^^^^^^^^^^^^^^^^^^^^^^^^^^^^^^^^^^^^^^^^^^^^^^^^^^^^^^^^^^^^^^^^^^^

Error: Trying to override non-virtual function. Did you forget to add "virtual"?
  --> contract.sol:64:5:
   |
64 |     function allowance(address _owner, address _spender)  public view returns (uint256 remaining);
   |     ^^^^^^^^^^^^^^^^^^^^^^^^^^^^^^^^^^^^^^^^^^^^^^^^^^^^^^^^^^^^^^^^^^^^^^^^^^^^^^^^^^^^^^^^^^^^^^
Note: Overriding function is here:
   --> contract.sol:143:5:
    |
143 |     function allowance(address _owner, address _spender) public view returns (uint256) {
    |     ^ (Relevant source part starts here and spans across multiple lines).

Error: Overriding function is missing "override" specifier.
   --> contract.sol:225:5:
    |
225 |     function transfer(address _to, uint256 _value) public transfersAllowed returns (bool) {
    |     ^ (Relevant source part starts here and spans across multiple lines).
Note: Overridden function is here:
   --> contract.sol:112:5:
    |
112 |     function transfer(address _to, uint256 _value) public returns (bool) {
    |     ^ (Relevant source part starts here and spans across multiple lines).

Error: Trying to override non-virtual function. Did you forget to add "virtual"?
   --> contract.sol:112:5:
    |
112 |     function transfer(address _to, uint256 _value) public returns (bool) {
    |     ^ (Relevant source part starts here and spans across multiple lines).
Note: Overriding function is here:
   --> contract.sol:225:5:
    |
225 |     function transfer(address _to, uint256 _value) public transfersAllowed returns (bool) {
    |     ^ (Relevant source part starts here and spans across multiple lines).

Error: Overriding function is missing "override" specifier.
   --> contract.sol:233:5:
    |
233 |     function transferFrom(address _from, address _to, uint256 _value) public transfersAllowed returns (bool) {
    |     ^ (Relevant source part starts here and spans across multiple lines).
Note: Overridden function is here:
   --> contract.sol:122:5:
    |
122 |     function transferFrom(address _from, address _to, uint256 _value) public returns (bool) {
    |     ^ (Relevant source part starts here and spans across multiple lines).

Error: Trying to override non-virtual function. Did you forget to add "virtual"?
   --> contract.sol:122:5:
    |
122 |     function transferFrom(address _from, address _to, uint256 _value) public returns (bool) {
    |     ^ (Relevant source part starts here and spans across multiple lines).
Note: Overriding function is here:
   --> contract.sol:233:5:
    |
233 |     function transferFrom(address _from, address _to, uint256 _value) public transfersAllowed returns (bool) {
    |     ^ (Relevant source part starts here and spans across multiple lines).

Error: Overriding function is missing "override" specifier.
   --> contract.sol:330:5:
    |
330 |     function issue(address _to, uint256 _value) external onlyOwner canIssue {
    |     ^ (Relevant source part starts here and spans across multiple lines).
Note: Overridden function is here:
   --> contract.sol:256:5:
    |
256 |     function issue(address _to, uint256 _value) external onlyOwner canIssue {
    |     ^ (Relevant source part starts here and spans across multiple lines).

Error: Trying to override non-virtual function. Did you forget to add "virtual"?
   --> contract.sol:256:5:
    |
256 |     function issue(address _to, uint256 _value) external onlyOwner canIssue {
    |     ^ (Relevant source part starts here and spans across multiple lines).
Note: Overriding function is here:
   --> contract.sol:330:5:
    |
330 |     function issue(address _to, uint256 _value) external onlyOwner canIssue {
    |     ^ (Relevant source part starts here and spans across multiple lines).

Warning: Visibility for constructor is ignored. If you want the contract to be non-deployable, making it "abstract" is sufficient.
  --> contract.sol:18:5:
   |
18 |     constructor(address _owner) public {
   |     ^ (Relevant source part starts here and spans across multiple lines).

Error: Type int_const 0 is not implicitly convertible to expected type address.
  --> contract.sol:46:20:
   |
46 |         newOwner = 0x0;
   |                    ^^^

Error: Functions without implementation must be marked virtual.
  --> contract.sol:60:5:
   |
60 |     function balanceOf(address _owner) public view returns (uint256 balance);
   |     ^^^^^^^^^^^^^^^^^^^^^^^^^^^^^^^^^^^^^^^^^^^^^^^^^^^^^^^^^^^^^^^^^^^^^^^^^

Error: Functions without implementation must be marked virtual.
  --> contract.sol:61:5:
   |
61 |     function transfer(address _to, uint256 _value)  public returns (bool success);
   |     ^^^^^^^^^^^^^^^^^^^^^^^^^^^^^^^^^^^^^^^^^^^^^^^^^^^^^^^^^^^^^^^^^^^^^^^^^^^^^^

Error: Functions without implementation must be marked virtual.
  --> contract.sol:62:5:
   |
62 |     function transferFrom(address _from, address _to, uint256 _value)  public returns (bool success);
   |     ^^^^^^^^^^^^^^^^^^^^^^^^^^^^^^^^^^^^^^^^^^^^^^^^^^^^^^^^^^^^^^^^^^^^^^^^^^^^^^^^^^^^^^^^^^^^^^^^^

Error: Functions without implementation must be marked virtual.
  --> contract.sol:63:5:
   |
63 |     function approve(address _spender, uint256 _value)  public returns (bool success);
   |     ^^^^^^^^^^^^^^^^^^^^^^^^^^^^^^^^^^^^^^^^^^^^^^^^^^^^^^^^^^^^^^^^^^^^^^^^^^^^^^^^^^

Error: Functions without implementation must be marked virtual.
  --> contract.sol:64:5:
   |
64 |     function allowance(address _owner, address _spender)  public view returns (uint256 remaining);
   |     ^^^^^^^^^^^^^^^^^^^^^^^^^^^^^^^^^^^^^^^^^^^^^^^^^^^^^^^^^^^^^^^^^^^^^^^^^^^^^^^^^^^^^^^^^^^^^^

Warning: Visibility for constructor is ignored. If you want the contract to be non-deployable, making it "abstract" is sufficient.
  --> contract.sol:78:5:
   |
78 |     constructor() public {
   |     ^ (Relevant source part starts here and spans across multiple lines).

Warning: Visibility for constructor is ignored. If you want the contract to be non-deployable, making it "abstract" is sufficient.
   --> contract.sol:196:5:
    |
196 |     constructor(address _listener, address _owner) public Ownable(_owner) {
    |     ^ (Relevant source part starts here and spans across multiple lines).

Error: Built-in binary operator == cannot be applied to types contract ITokenEventListener and address.
   --> contract.sol:245:12:
    |
245 |         if(eventListener == address(0)) {
    |            ^^^^^^^^^^^^^^^^^^^^^^^^^^^

Warning: Visibility for constructor is ignored. If you want the contract to be non-deployable, making it "abstract" is sufficient.
   --> contract.sol:322:5:
    |
322 |     constructor() public ManagedToken(msg.sender, msg.sender) {
    |     ^ (Relevant source part starts here and spans across multiple lines).


=== applied patch_virtual_unimpl ===
=== iter 2 rc=0 ===
Warning: SPDX license identifier not provided in source file. Before publishing, consider adding a comment containing "SPDX-License-Identifier: <SPDX-License>" to each source file. Use "SPDX-License-Identifier: UNLICENSED" for non-open-source code. Please see https://spdx.org for more information.
--> contract.sol


=== full compile rc=1 ===
Warning: SPDX license identifier not provided in source file. Before publishing, consider adding a comment containing "SPDX-License-Identifier: <SPDX-License>" to each source file. Use "SPDX-License-Identifier: UNLICENSED" for non-open-source code. Please see https://spdx.org for more information.
--> contract.sol

Error: Contract "IERC20Token" should be marked as abstract.
  --> contract.sol:54:1:
   |
54 | contract IERC20Token {
   | ^ (Relevant source part starts here and spans across multiple lines).
Note: Missing implementation: 
  --> contract.sol:64:5:
   |
64 |     function allowance(address _owner, address _spender)  public view virtual returns (uint256 remaining);
   |     ^^^^^^^^^^^^^^^^^^^^^^^^^^^^^^^^^^^^^^^^^^^^^^^^^^^^^^^^^^^^^^^^^^^^^^^^^^^^^^^^^^^^^^^^^^^^^^^^^^^^^^
Note: Missing implementation: 
  --> contract.sol:63:5:
   |
63 |     function approve(address _spender, uint256 _value)  public virtual returns (bool success);
   |     ^^^^^^^^^^^^^^^^^^^^^^^^^^^^^^^^^^^^^^^^^^^^^^^^^^^^^^^^^^^^^^^^^^^^^^^^^^^^^^^^^^^^^^^^^^
Note: Missing implementation: 
  --> contract.sol:60:5:
   |
60 |     function balanceOf(address _owner) public view virtual returns (uint256 balance);
   |     ^^^^^^^^^^^^^^^^^^^^^^^^^^^^^^^^^^^^^^^^^^^^^^^^^^^^^^^^^^^^^^^^^^^^^^^^^^^^^^^^^
Note: Missing implementation: 
  --> contract.sol:61:5:
   |
61 |     function transfer(address _to, uint256 _value)  public virtual returns (bool success);
   |     ^^^^^^^^^^^^^^^^^^^^^^^^^^^^^^^^^^^^^^^^^^^^^^^^^^^^^^^^^^^^^^^^^^^^^^^^^^^^^^^^^^^^^^
Note: Missing implementation: 
  --> contract.sol:62:5:
   |
62 |     function transferFrom(address _from, address _to, uint256 _value)  public virtual returns (bool success);
   |     ^^^^^^^^^^^^^^^^^^^^^^^^^^^^^^^^^^^^^^^^^^^^^^^^^^^^^^^^^^^^^^^^^^^^^^^^^^^^^^^^^^^^^^^^^^^^^^^^^^^^^^^^^

Error: Overriding function is missing "override" specifier.
   --> contract.sol:112:5:
    |
112 |     function transfer(address _to, uint256 _value) public returns (bool) {
    |     ^ (Relevant source part starts here and spans across multiple lines).
Note: Overridden function is here:
  --> contract.sol:61:5:
   |
61 |     function transfer(address _to, uint256 _value)  public virtual returns (bool success);
   |     ^^^^^^^^^^^^^^^^^^^^^^^^^^^^^^^^^^^^^^^^^^^^^^^^^^^^^^^^^^^^^^^^^^^^^^^^^^^^^^^^^^^^^^

Error: Overriding function is missing "override" specifier.
   --> contract.sol:122:5:
    |
122 |     function transferFrom(address _from, address _to, uint256 _value) public returns (bool) {
    |     ^ (Relevant source part starts here and spans across multiple lines).
Note: Overridden function is here:
  --> contract.sol:62:5:
   |
62 |     function transferFrom(address _from, address _to, uint256 _value)  public virtual returns (bool success);
   |     ^^^^^^^^^^^^^^^^^^^^^^^^^^^^^^^^^^^^^^^^^^^^^^^^^^^^^^^^^^^^^^^^^^^^^^^^^^^^^^^^^^^^^^^^^^^^^^^^^^^^^^^^^

Error: Overriding function is missing "override" specifier.
   --> contract.sol:133:5:
    |
133 |     function balanceOf(address _owner) public view returns (uint256) {
    |     ^ (Relevant source part starts here and spans across multiple lines).
Note: Overridden function is here:
  --> contract.sol:60:5:
   |
60 |     function balanceOf(address _owner) public view virtual returns (uint256 balance);
   |     ^^^^^^^^^^^^^^^^^^^^^^^^^^^^^^^^^^^^^^^^^^^^^^^^^^^^^^^^^^^^^^^^^^^^^^^^^^^^^^^^^

Error: Overriding function is missing "override" specifier.
   --> contract.sol:137:5:
    |
137 |     function approve(address _spender, uint256 _value) public returns (bool) {
    |     ^ (Relevant source part starts here and spans across multiple lines).
Note: Overridden function is here:
  --> contract.sol:63:5:
   |
63 |     function approve(address _spender, uint256 _value)  public virtual returns (bool success);
   |     ^^^^^^^^^^^^^^^^^^^^^^^^^^^^^^^^^^^^^^^^^^^^^^^^^^^^^^^^^^^^^^^^^^^^^^^^^^^^^^^^^^^^^^^^^^

Error: Overriding function is missing "override" specifier.
   --> contract.sol:143:5:
    |
143 |     function allowance(address _owner, address _spender) public view returns (uint256) {
    |     ^ (Relevant source part starts here and spans across multiple lines).
Note: Overridden function is here:
  --> contract.sol:64:5:
   |
64 |     function allowance(address _owner, address _spender)  public view virtual returns (uint256 remaining);
   |     ^^^^^^^^^^^^^^^^^^^^^^^^^^^^^^^^^^^^^^^^^^^^^^^^^^^^^^^^^^^^^^^^^^^^^^^^^^^^^^^^^^^^^^^^^^^^^^^^^^^^^^

Error: Overriding function is missing "override" specifier.
   --> contract.sol:225:5:
    |
225 |     function transfer(address _to, uint256 _value) public transfersAllowed returns (bool) {
    |     ^ (Relevant source part starts here and spans across multiple lines).
Note: Overridden function is here:
   --> contract.sol:112:5:
    |
112 |     function transfer(address _to, uint256 _value) public returns (bool) {
    |     ^ (Relevant source part starts here and spans across multiple lines).

Error: Trying to override non-virtual function. Did you forget to add "virtual"?
   --> contract.sol:112:5:
    |
112 |     function transfer(address _to, uint256 _value) public returns (bool) {
    |     ^ (Relevant source part starts here and spans across multiple lines).
Note: Overriding function is here:
   --> contract.sol:225:5:
    |
225 |     function transfer(address _to, uint256 _value) public transfersAllowed returns (bool) {
    |     ^ (Relevant source part starts here and spans across multiple lines).

Error: Overriding function is missing "override" specifier.
   --> contract.sol:233:5:
    |
233 |     function transferFrom(address _from, address _to, uint256 _value) public transfersAllowed returns (bool) {
    |     ^ (Relevant source part starts here and spans across multiple lines).
Note: Overridden function is here:
   --> contract.sol:122:5:
    |
122 |     function transferFrom(address _from, address _to, uint256 _value) public returns (bool) {
    |     ^ (Relevant source part starts here and spans across multiple lines).

Error: Trying to override non-virtual function. Did you forget to add "virtual"?
   --> contract.sol:122:5:
    |
122 |     function transferFrom(address _from, address _to, uint256 _value) public returns (bool) {
    |     ^ (Relevant source part starts here and spans across multiple lines).
Note: Overriding function is here:
   --> contract.sol:233:5:
    |
233 |     function transferFrom(address _from, address _to, uint256 _value) public transfersAllowed returns (bool) {
    |     ^ (Relevant source part starts here and spans across multiple lines).

Error: Overriding function is missing "override" specifier.
   --> contract.sol:330:5:
    |
330 |     function issue(address _to, uint256 _value) external onlyOwner canIssue {
    |     ^ (Relevant source part starts here and spans across multiple lines).
Note: Overridden function is here:
   --> contract.sol:256:5:
    |
256 |     function issue(address _to, uint256 _value) external onlyOwner canIssue {
    |     ^ (Relevant source part starts here and spans across multiple lines).

Error: Trying to override non-virtual function. Did you forget to add "virtual"?
   --> contract.sol:256:5:
    |
256 |     function issue(address _to, uint256 _value) external onlyOwner canIssue {
    |     ^ (Relevant source part starts here and spans across multiple lines).
Note: Overriding function is here:
   --> contract.sol:330:5:
    |
330 |     function issue(address _to, uint256 _value) external onlyOwner canIssue {
    |     ^ (Relevant source part starts here and spans across multiple lines).

Warning: Visibility for constructor is ignored. If you want the contract to be non-deployable, making it "abstract" is sufficient.
  --> contract.sol:18:5:
   |
18 |     constructor(address _owner) public {
   |     ^ (Relevant source part starts here and spans across multiple lines).

Error: Type int_const 0 is not implicitly convertible to expected type address.
  --> contract.sol:46:20:
   |
46 |         newOwner = 0x0;
   |                    ^^^

Warning: Visibility for constructor is ignored. If you want the contract to be non-deployable, making it "abstract" is sufficient.
  --> contract.sol:78:5:
   |
78 |     constructor() public {
   |     ^ (Relevant source part starts here and spans across multiple lines).

Warning: Interface functions are implicitly "virtual"
   --> contract.sol:159:5:
    |
159 |     function onTokenTransfer(address _from, address _to, uint256 _value) external virtual;
    |     ^^^^^^^^^^^^^^^^^^^^^^^^^^^^^^^^^^^^^^^^^^^^^^^^^^^^^^^^^^^^^^^^^^^^^^^^^^^^^^^^^^^^^^

Warning: Visibility for constructor is ignored. If you want the contract to be non-deployable, making it "abstract" is sufficient.
   --> contract.sol:196:5:
    |
196 |     constructor(address _listener, address _owner) public Ownable(_owner) {
    |     ^ (Relevant source part starts here and spans across multiple lines).

Error: Built-in binary operator == cannot be applied to types contract ITokenEventListener and address.
   --> contract.sol:245:12:
    |
245 |         if(eventListener == address(0)) {
    |            ^^^^^^^^^^^^^^^^^^^^^^^^^^^

Warning: Visibility for constructor is ignored. If you want the contract to be non-deployable, making it "abstract" is sufficient.
   --> contract.sol:322:5:
    |
322 |     constructor() public ManagedToken(msg.sender, msg.sender) {
    |     ^ (Relevant source part starts here and spans across multiple lines).


=== applied patch_drop_ctor_visibility ===
=== iter 3 rc=0 ===
Warning: SPDX license identifier not provided in source file. Before publishing, consider adding a comment containing "SPDX-License-Identifier: <SPDX-License>" to each source file. Use "SPDX-License-Identifier: UNLICENSED" for non-open-source code. Please see https://spdx.org for more information.
--> contract.sol


=== full compile rc=1 ===
Warning: SPDX license identifier not provided in source file. Before publishing, consider adding a comment containing "SPDX-License-Identifier: <SPDX-License>" to each source file. Use "SPDX-License-Identifier: UNLICENSED" for non-open-source code. Please see https://spdx.org for more information.
--> contract.sol

Error: Contract "IERC20Token" should be marked as abstract.
  --> contract.sol:54:1:
   |
54 | contract IERC20Token {
   | ^ (Relevant source part starts here and spans across multiple lines).
Note: Missing implementation: 
  --> contract.sol:64:5:
   |
64 |     function allowance(address _owner, address _spender)  public view virtual returns (uint256 remaining);
   |     ^^^^^^^^^^^^^^^^^^^^^^^^^^^^^^^^^^^^^^^^^^^^^^^^^^^^^^^^^^^^^^^^^^^^^^^^^^^^^^^^^^^^^^^^^^^^^^^^^^^^^^
Note: Missing implementation: 
  --> contract.sol:63:5:
   |
63 |     function approve(address _spender, uint256 _value)  public virtual returns (bool success);
   |     ^^^^^^^^^^^^^^^^^^^^^^^^^^^^^^^^^^^^^^^^^^^^^^^^^^^^^^^^^^^^^^^^^^^^^^^^^^^^^^^^^^^^^^^^^^
Note: Missing implementation: 
  --> contract.sol:60:5:
   |
60 |     function balanceOf(address _owner) public view virtual returns (uint256 balance);
   |     ^^^^^^^^^^^^^^^^^^^^^^^^^^^^^^^^^^^^^^^^^^^^^^^^^^^^^^^^^^^^^^^^^^^^^^^^^^^^^^^^^
Note: Missing implementation: 
  --> contract.sol:61:5:
   |
61 |     function transfer(address _to, uint256 _value)  public virtual returns (bool success);
   |     ^^^^^^^^^^^^^^^^^^^^^^^^^^^^^^^^^^^^^^^^^^^^^^^^^^^^^^^^^^^^^^^^^^^^^^^^^^^^^^^^^^^^^^
Note: Missing implementation: 
  --> contract.sol:62:5:
   |
62 |     function transferFrom(address _from, address _to, uint256 _value)  public virtual returns (bool success);
   |     ^^^^^^^^^^^^^^^^^^^^^^^^^^^^^^^^^^^^^^^^^^^^^^^^^^^^^^^^^^^^^^^^^^^^^^^^^^^^^^^^^^^^^^^^^^^^^^^^^^^^^^^^^

Error: Overriding function is missing "override" specifier.
   --> contract.sol:112:5:
    |
112 |     function transfer(address _to, uint256 _value) public returns (bool) {
    |     ^ (Relevant source part starts here and spans across multiple lines).
Note: Overridden function is here:
  --> contract.sol:61:5:
   |
61 |     function transfer(address _to, uint256 _value)  public virtual returns (bool success);
   |     ^^^^^^^^^^^^^^^^^^^^^^^^^^^^^^^^^^^^^^^^^^^^^^^^^^^^^^^^^^^^^^^^^^^^^^^^^^^^^^^^^^^^^^

Error: Overriding function is missing "override" specifier.
   --> contract.sol:122:5:
    |
122 |     function transferFrom(address _from, address _to, uint256 _value) public returns (bool) {
    |     ^ (Relevant source part starts here and spans across multiple lines).
Note: Overridden function is here:
  --> contract.sol:62:5:
   |
62 |     function transferFrom(address _from, address _to, uint256 _value)  public virtual returns (bool success);
   |     ^^^^^^^^^^^^^^^^^^^^^^^^^^^^^^^^^^^^^^^^^^^^^^^^^^^^^^^^^^^^^^^^^^^^^^^^^^^^^^^^^^^^^^^^^^^^^^^^^^^^^^^^^

Error: Overriding function is missing "override" specifier.
   --> contract.sol:133:5:
    |
133 |     function balanceOf(address _owner) public view returns (uint256) {
    |     ^ (Relevant source part starts here and spans across multiple lines).
Note: Overridden function is here:
  --> contract.sol:60:5:
   |
60 |     function balanceOf(address _owner) public view virtual returns (uint256 balance);
   |     ^^^^^^^^^^^^^^^^^^^^^^^^^^^^^^^^^^^^^^^^^^^^^^^^^^^^^^^^^^^^^^^^^^^^^^^^^^^^^^^^^

Error: Overriding function is missing "override" specifier.
   --> contract.sol:137:5:
    |
137 |     function approve(address _spender, uint256 _value) public returns (bool) {
    |     ^ (Relevant source part starts here and spans across multiple lines).
Note: Overridden function is here:
  --> contract.sol:63:5:
   |
63 |     function approve(address _spender, uint256 _value)  public virtual returns (bool success);
   |     ^^^^^^^^^^^^^^^^^^^^^^^^^^^^^^^^^^^^^^^^^^^^^^^^^^^^^^^^^^^^^^^^^^^^^^^^^^^^^^^^^^^^^^^^^^

Error: Overriding function is missing "override" specifier.
   --> contract.sol:143:5:
    |
143 |     function allowance(address _owner, address _spender) public view returns (uint256) {
    |     ^ (Relevant source part starts here and spans across multiple lines).
Note: Overridden function is here:
  --> contract.sol:64:5:
   |
64 |     function allowance(address _owner, address _spender)  public view virtual returns (uint256 remaining);
   |     ^^^^^^^^^^^^^^^^^^^^^^^^^^^^^^^^^^^^^^^^^^^^^^^^^^^^^^^^^^^^^^^^^^^^^^^^^^^^^^^^^^^^^^^^^^^^^^^^^^^^^^

Error: Overriding function is missing "override" specifier.
   --> contract.sol:225:5:
    |
225 |     function transfer(address _to, uint256 _value) public transfersAllowed returns (bool) {
    |     ^ (Relevant source part starts here and spans across multiple lines).
Note: Overridden function is here:
   --> contract.sol:112:5:
    |
112 |     function transfer(address _to, uint256 _value) public returns (bool) {
    |     ^ (Relevant source part starts here and spans across multiple lines).

Error: Trying to override non-virtual function. Did you forget to add "virtual"?
   --> contract.sol:112:5:
    |
112 |     function transfer(address _to, uint256 _value) public returns (bool) {
    |     ^ (Relevant source part starts here and spans across multiple lines).
Note: Overriding function is here:
   --> contract.sol:225:5:
    |
225 |     function transfer(address _to, uint256 _value) public transfersAllowed returns (bool) {
    |     ^ (Relevant source part starts here and spans across multiple lines).

Error: Overriding function is missing "override" specifier.
   --> contract.sol:233:5:
    |
233 |     function transferFrom(address _from, address _to, uint256 _value) public transfersAllowed returns (bool) {
    |     ^ (Relevant source part starts here and spans across multiple lines).
Note: Overridden function is here:
   --> contract.sol:122:5:
    |
122 |     function transferFrom(address _from, address _to, uint256 _value) public returns (bool) {
    |     ^ (Relevant source part starts here and spans across multiple lines).

Error: Trying to override non-virtual function. Did you forget to add "virtual"?
   --> contract.sol:122:5:
    |
122 |     function transferFrom(address _from, address _to, uint256 _value) public returns (bool) {
    |     ^ (Relevant source part starts here and spans across multiple lines).
Note: Overriding function is here:
   --> contract.sol:233:5:
    |
233 |     function transferFrom(address _from, address _to, uint256 _value) public transfersAllowed returns (bool) {
    |     ^ (Relevant source part starts here and spans across multiple lines).

Error: Overriding function is missing "override" specifier.
   --> contract.sol:330:5:
    |
330 |     function issue(address _to, uint256 _value) external onlyOwner canIssue {
    |     ^ (Relevant source part starts here and spans across multiple lines).
Note: Overridden function is here:
   --> contract.sol:256:5:
    |
256 |     function issue(address _to, uint256 _value) external onlyOwner canIssue {
    |     ^ (Relevant source part starts here and spans across multiple lines).

Error: Trying to override non-virtual function. Did you forget to add "virtual"?
   --> contract.sol:256:5:
    |
256 |     function issue(address _to, uint256 _value) external onlyOwner canIssue {
    |     ^ (Relevant source part starts here and spans across multiple lines).
Note: Overriding function is here:
   --> contract.sol:330:5:
    |
330 |     function issue(address _to, uint256 _value) external onlyOwner canIssue {
    |     ^ (Relevant source part starts here and spans across multiple lines).

Error: Type int_const 0 is not implicitly convertible to expected type address.
  --> contract.sol:46:20:
   |
46 |         newOwner = 0x0;
   |                    ^^^

Warning: Interface functions are implicitly "virtual"
   --> contract.sol:159:5:
    |
159 |     function onTokenTransfer(address _from, address _to, uint256 _value) external virtual;
    |     ^^^^^^^^^^^^^^^^^^^^^^^^^^^^^^^^^^^^^^^^^^^^^^^^^^^^^^^^^^^^^^^^^^^^^^^^^^^^^^^^^^^^^^

Warning: Visibility for constructor is ignored. If you want the contract to be non-deployable, making it "abstract" is sufficient.
   --> contract.sol:196:5:
    |
196 |     constructor(address _listener, address _owner) public Ownable(_owner) {
    |     ^ (Relevant source part starts here and spans across multiple lines).

Error: Built-in binary operator == cannot be applied to types contract ITokenEventListener and address.
   --> contract.sol:245:12:
    |
245 |         if(eventListener == address(0)) {
    |            ^^^^^^^^^^^^^^^^^^^^^^^^^^^

Warning: Visibility for constructor is ignored. If you want the contract to be non-deployable, making it "abstract" is sufficient.
   --> contract.sol:322:5:
    |
322 |     constructor() public ManagedToken(msg.sender, msg.sender) {
    |     ^ (Relevant source part starts here and spans across multiple lines).


=== applied patch_override_needed ===
=== iter 4 rc=0 ===
Warning: SPDX license identifier not provided in source file. Before publishing, consider adding a comment containing "SPDX-License-Identifier: <SPDX-License>" to each source file. Use "SPDX-License-Identifier: UNLICENSED" for non-open-source code. Please see https://spdx.org for more information.
--> contract.sol


=== full compile rc=1 ===
Warning: SPDX license identifier not provided in source file. Before publishing, consider adding a comment containing "SPDX-License-Identifier: <SPDX-License>" to each source file. Use "SPDX-License-Identifier: UNLICENSED" for non-open-source code. Please see https://spdx.org for more information.
--> contract.sol

Error: Contract "IERC20Token" should be marked as abstract.
  --> contract.sol:54:1:
   |
54 | contract IERC20Token {
   | ^ (Relevant source part starts here and spans across multiple lines).
Note: Missing implementation: 
  --> contract.sol:64:5:
   |
64 |     function allowance(address _owner, address _spender)  public view virtual returns (uint256 remaining);
   |     ^^^^^^^^^^^^^^^^^^^^^^^^^^^^^^^^^^^^^^^^^^^^^^^^^^^^^^^^^^^^^^^^^^^^^^^^^^^^^^^^^^^^^^^^^^^^^^^^^^^^^^
Note: Missing implementation: 
  --> contract.sol:63:5:
   |
63 |     function approve(address _spender, uint256 _value)  public virtual returns (bool success);
   |     ^^^^^^^^^^^^^^^^^^^^^^^^^^^^^^^^^^^^^^^^^^^^^^^^^^^^^^^^^^^^^^^^^^^^^^^^^^^^^^^^^^^^^^^^^^
Note: Missing implementation: 
  --> contract.sol:60:5:
   |
60 |     function balanceOf(address _owner) public view virtual returns (uint256 balance);
   |     ^^^^^^^^^^^^^^^^^^^^^^^^^^^^^^^^^^^^^^^^^^^^^^^^^^^^^^^^^^^^^^^^^^^^^^^^^^^^^^^^^
Note: Missing implementation: 
  --> contract.sol:61:5:
   |
61 |     function transfer(address _to, uint256 _value)  public virtual returns (bool success);
   |     ^^^^^^^^^^^^^^^^^^^^^^^^^^^^^^^^^^^^^^^^^^^^^^^^^^^^^^^^^^^^^^^^^^^^^^^^^^^^^^^^^^^^^^
Note: Missing implementation: 
  --> contract.sol:62:5:
   |
62 |     function transferFrom(address _from, address _to, uint256 _value)  public virtual returns (bool success);
   |     ^^^^^^^^^^^^^^^^^^^^^^^^^^^^^^^^^^^^^^^^^^^^^^^^^^^^^^^^^^^^^^^^^^^^^^^^^^^^^^^^^^^^^^^^^^^^^^^^^^^^^^^^^

Error: Overriding function is missing "override" specifier.
   --> contract.sol:225:5:
    |
225 |     function transfer(address _to, uint256 _value) public transfersAllowed returns (bool) {
    |     ^ (Relevant source part starts here and spans across multiple lines).
Note: Overridden function is here:
   --> contract.sol:112:5:
    |
112 |     function transfer(address _to, uint256 _value) public virtual override returns (bool) {
    |     ^ (Relevant source part starts here and spans across multiple lines).

Error: Overriding function is missing "override" specifier.
   --> contract.sol:233:5:
    |
233 |     function transferFrom(address _from, address _to, uint256 _value) public transfersAllowed returns (bool) {
    |     ^ (Relevant source part starts here and spans across multiple lines).
Note: Overridden function is here:
   --> contract.sol:122:5:
    |
122 |     function transferFrom(address _from, address _to, uint256 _value) public virtual override returns (bool) {
    |     ^ (Relevant source part starts here and spans across multiple lines).

Error: Overriding function is missing "override" specifier.
   --> contract.sol:330:5:
    |
330 |     function issue(address _to, uint256 _value) external onlyOwner canIssue {
    |     ^ (Relevant source part starts here and spans across multiple lines).
Note: Overridden function is here:
   --> contract.sol:256:5:
    |
256 |     function issue(address _to, uint256 _value) external onlyOwner canIssue {
    |     ^ (Relevant source part starts here and spans across multiple lines).

Error: Trying to override non-virtual function. Did you forget to add "virtual"?
   --> contract.sol:256:5:
    |
256 |     function issue(address _to, uint256 _value) external onlyOwner canIssue {
    |     ^ (Relevant source part starts here and spans across multiple lines).
Note: Overriding function is here:
   --> contract.sol:330:5:
    |
330 |     function issue(address _to, uint256 _value) external onlyOwner canIssue {
    |     ^ (Relevant source part starts here and spans across multiple lines).

Error: Type int_const 0 is not implicitly convertible to expected type address.
  --> contract.sol:46:20:
   |
46 |         newOwner = 0x0;
   |                    ^^^

Warning: Interface functions are implicitly "virtual"
   --> contract.sol:159:5:
    |
159 |     function onTokenTransfer(address _from, address _to, uint256 _value) external virtual;
    |     ^^^^^^^^^^^^^^^^^^^^^^^^^^^^^^^^^^^^^^^^^^^^^^^^^^^^^^^^^^^^^^^^^^^^^^^^^^^^^^^^^^^^^^

Warning: Visibility for constructor is ignored. If you want the contract to be non-deployable, making it "abstract" is sufficient.
   --> contract.sol:196:5:
    |
196 |     constructor(address _listener, address _owner) public Ownable(_owner) {
    |     ^ (Relevant source part starts here and spans across multiple lines).

Error: Built-in binary operator == cannot be applied to types contract ITokenEventListener and address.
   --> contract.sol:245:12:
    |
245 |         if(eventListener == address(0)) {
    |            ^^^^^^^^^^^^^^^^^^^^^^^^^^^

Warning: Visibility for constructor is ignored. If you want the contract to be non-deployable, making it "abstract" is sufficient.
   --> contract.sol:322:5:
    |
322 |     constructor() public ManagedToken(msg.sender, msg.sender) {
    |     ^ (Relevant source part starts here and spans across multiple lines).


=== applied patch_mark_abstract ===
=== iter 5 rc=0 ===
Warning: SPDX license identifier not provided in source file. Before publishing, consider adding a comment containing "SPDX-License-Identifier: <SPDX-License>" to each source file. Use "SPDX-License-Identifier: UNLICENSED" for non-open-source code. Please see https://spdx.org for more information.
--> contract.sol


=== full compile rc=1 ===
Warning: SPDX license identifier not provided in source file. Before publishing, consider adding a comment containing "SPDX-License-Identifier: <SPDX-License>" to each source file. Use "SPDX-License-Identifier: UNLICENSED" for non-open-source code. Please see https://spdx.org for more information.
--> contract.sol

Error: Overriding function is missing "override" specifier.
   --> contract.sol:225:5:
    |
225 |     function transfer(address _to, uint256 _value) public transfersAllowed returns (bool) {
    |     ^ (Relevant source part starts here and spans across multiple lines).
Note: Overridden function is here:
   --> contract.sol:112:5:
    |
112 |     function transfer(address _to, uint256 _value) public virtual override returns (bool) {
    |     ^ (Relevant source part starts here and spans across multiple lines).

Error: Overriding function is missing "override" specifier.
   --> contract.sol:233:5:
    |
233 |     function transferFrom(address _from, address _to, uint256 _value) public transfersAllowed returns (bool) {
    |     ^ (Relevant source part starts here and spans across multiple lines).
Note: Overridden function is here:
   --> contract.sol:122:5:
    |
122 |     function transferFrom(address _from, address _to, uint256 _value) public virtual override returns (bool) {
    |     ^ (Relevant source part starts here and spans across multiple lines).

Error: Overriding function is missing "override" specifier.
   --> contract.sol:330:5:
    |
330 |     function issue(address _to, uint256 _value) external onlyOwner canIssue {
    |     ^ (Relevant source part starts here and spans across multiple lines).
Note: Overridden function is here:
   --> contract.sol:256:5:
    |
256 |     function issue(address _to, uint256 _value) external onlyOwner canIssue {
    |     ^ (Relevant source part starts here and spans across multiple lines).

Error: Trying to override non-virtual function. Did you forget to add "virtual"?
   --> contract.sol:256:5:
    |
256 |     function issue(address _to, uint256 _value) external onlyOwner canIssue {
    |     ^ (Relevant source part starts here and spans across multiple lines).
Note: Overriding function is here:
   --> contract.sol:330:5:
    |
330 |     function issue(address _to, uint256 _value) external onlyOwner canIssue {
    |     ^ (Relevant source part starts here and spans across multiple lines).

Error: Type int_const 0 is not implicitly convertible to expected type address.
  --> contract.sol:46:20:
   |
46 |         newOwner = 0x0;
   |                    ^^^

Warning: Interface functions are implicitly "virtual"
   --> contract.sol:159:5:
    |
159 |     function onTokenTransfer(address _from, address _to, uint256 _value) external virtual;
    |     ^^^^^^^^^^^^^^^^^^^^^^^^^^^^^^^^^^^^^^^^^^^^^^^^^^^^^^^^^^^^^^^^^^^^^^^^^^^^^^^^^^^^^^

Warning: Visibility for constructor is ignored. If you want the contract to be non-deployable, making it "abstract" is sufficient.
   --> contract.sol:196:5:
    |
196 |     constructor(address _listener, address _owner) public Ownable(_owner) {
    |     ^ (Relevant source part starts here and spans across multiple lines).

Error: Built-in binary operator == cannot be applied to types contract ITokenEventListener and address.
   --> contract.sol:245:12:
    |
245 |         if(eventListener == address(0)) {
    |            ^^^^^^^^^^^^^^^^^^^^^^^^^^^

Warning: Visibility for constructor is ignored. If you want the contract to be non-deployable, making it "abstract" is sufficient.
   --> contract.sol:322:5:
    |
322 |     constructor() public ManagedToken(msg.sender, msg.sender) {
    |     ^ (Relevant source part starts here and spans across multiple lines).


=== no rule matched ===
