=== iter 0 rc=1 ===
Error: Expected '{' but got 'constant'
  --> contract.sol:82:40:
   |
82 |     function balanceOf(address _owner) constant returns (uint256 balance);
   |                                        ^^^^^^^^


=== applied patch_constant_function ===
=== iter 1 rc=1 ===
Error: Invalid character in string. If you are trying to use Unicode characters, use a unicode"..." string literal.
   --> contract.sol:170:28:
    |
170 |     string public symbol = "٨";                                             // Set the symbol for display purposes
    |                            ^^


=== applied patch_unicode_string ===
=== iter 2 rc=1 ===
Error: Expected ';' but got identifier
   --> contract.sol:174:36:
    |
174 |     uint256 public buyPriceEth = 1 finney;                                  // Buy price for Dentacoins
    |                                    ^^^^^^


=== no rule matched ===
