=== iter 0 rc=0 ===
Warning: SPDX license identifier not provided in source file. Before publishing, consider adding a comment containing "SPDX-License-Identifier: <SPDX-License>" to each source file. Use "SPDX-License-Identifier: UNLICENSED" for non-open-source code. Please see https://spdx.org for more information.
--> contract.sol


=== full compile rc=1 ===
Warning: SPDX license identifier not provided in source file. Before publishing, consider adding a comment containing "SPDX-License-Identifier: <SPDX-License>" to each source file. Use "SPDX-License-Identifier: UNLICENSED" for non-open-source code. Please see https://spdx.org for more information.
--> contract.sol

Error: Documentation tag @param not valid for public state variables.
   --> contract.sol:616:5:
    |
616 |     /** Token Setting: You are free to change any of these
    |     ^ (Relevant source part starts here and spans across multiple lines).

Error: Documentation tag @param not valid for public state variables.
   --> contract.sol:616:5:
    |
616 |     /** Token Setting: You are free to change any of these
    |     ^ (Relevant source part starts here and spans across multiple lines).

Error: Documentation tag @param not valid for public state variables.
   --> contract.sol:616:5:
    |
616 |     /** Token Setting: You are free to change any of these
    |     ^ (Relevant source part starts here and spans across multiple lines).

Error: Documentation tag @param not valid for public state variables.
   --> contract.sol:616:5:
    |
616 |     /** Token Setting: You are free to change any of these
    |     ^ (Relevant source part starts here and spans across multiple lines).

Error: Contract "ERC20" should be marked as abstract.
   --> contract.sol:173:1:
    |
173 | contract ERC20 {
    | ^ (Relevant source part starts here and spans across multiple lines).
Note: Missing implementation: 
   --> contract.sol:178:5:
    |
178 |     function allowance(address _owner, address _spender)
    |     ^ (Relevant source part starts here and spans across multiple lines).
Note: Missing implementation: 
   --> contract.sol:183:5:
    |
183 |     function approve(address _spender, uint256 _value)
    |     ^ (Relevant source part starts here and spans across multiple lines).
Note: Missing implementation: 
   --> contract.sol:176:5:
    |
176 |     function balanceOf(address _who) public view returns (uint256);
    |     ^^^^^^^^^^^^^^^^^^^^^^^^^^^^^^^^^^^^^^^^^^^^^^^^^^^^^^^^^^^^^^^
Note: Missing implementation: 
   --> contract.sol:174:5:
    |
174 |     function totalSupply() public view returns (uint256);
    |     ^^^^^^^^^^^^^^^^^^^^^^^^^^^^^^^^^^^^^^^^^^^^^^^^^^^^^
Note: Missing implementation: 
   --> contract.sol:181:5:
    |
181 |     function transfer(address _to, uint256 _value) public returns (bool);
    |     ^^^^^^^^^^^^^^^^^^^^^^^^^^^^^^^^^^^^^^^^^^^^^^^^^^^^^^^^^^^^^^^^^^^^^
Note: Missing implementation: 
   --> contract.sol:186:5:
    |
186 |     function transferFrom(address _from, address _to, uint256 _value)
    |     ^ (Relevant source part starts here and spans across multiple lines).

Error: Overriding function is missing "override" specifier.
   --> contract.sol:221:5:
    |
221 |     function totalSupply() public view returns (uint256) {
    |     ^ (Relevant source part starts here and spans across multiple lines).
Note: Overridden function is here:
   --> contract.sol:174:5:
    |
174 |     function totalSupply() public view returns (uint256);
    |     ^^^^^^^^^^^^^^^^^^^^^^^^^^^^^^^^^^^^^^^^^^^^^^^^^^^^^

Error: Trying to override non-virtual function. Did you forget to add "virtual"?
   --> contract.sol:174:5:
    |
174 |     function totalSupply() public view returns (uint256);
    |     ^^^^^^^^^^^^^^^^^^^^^^^^^^^^^^^^^^^^^^^^^^^^^^^^^^^^^
Note: Overriding function is here:
   --> contract.sol:221:5:
    |
221 |     function totalSupply() public view returns (uint256) {
    |     ^ (Relevant source part starts here and spans across multiple lines).

Error: Overriding function is missing "override" specifier.
   --> contract.sol:230:5:
    |
230 |     function balanceOf(address _owner) public view returns (uint256) {
    |     ^ (Relevant source part starts here and spans across multiple lines).
Note: Overridden function is here:
   --> contract.sol:176:5:
    |
176 |     function balanceOf(address _who) public view returns (uint256);
    |     ^^^^^^^^^^^^^^^^^^^^^^^^^^^^^^^^^^^^^^^^^^^^^^^^^^^^^^^^^^^^^^^

Error: Trying to override non-virtual function. Did you forget to add "virtual"?
   --> contract.sol:176:5:
    |
176 |     function balanceOf(address _who) public view returns (uint256);
    |     ^^^^^^^^^^^^^^^^^^^^^^^^^^^^^^^^^^^^^^^^^^^^^^^^^^^^^^^^^^^^^^^
Note: Overriding function is here:
   --> contract.sol:230:5:
    |
230 |     function balanceOf(address _owner) public view returns (uint256) {
    |     ^ (Relevant source part starts here and spans across multiple lines).

Error: Overriding function is missing "override" specifier.
   --> contract.sol:240:5:
    |
240 |     function allowance(
    |     ^ (Relevant source part starts here and spans across multiple lines).
Note: Overridden function is here:
   --> contract.sol:178:5:
    |
178 |     function allowance(address _owner, address _spender)
    |     ^ (Relevant source part starts here and spans across multiple lines).

Error: Trying to override non-virtual function. Did you forget to add "virtual"?
   --> contract.sol:178:5:
    |
178 |     function allowance(address _owner, address _spender)
    |     ^ (Relevant source part starts here and spans across multiple lines).
Note: Overriding function is here:
   --> contract.sol:240:5:
    |
240 |     function allowance(
    |     ^ (Relevant source part starts here and spans across multiple lines).

Error: Overriding function is missing "override" specifier.
   --> contract.sol:256:5:
    |
256 |     function transfer(address _to, uint256 _value) public returns (bool) {
    |     ^ (Relevant source part starts here and spans across multiple lines).
Note: Overridden function is here:
   --> contract.sol:181:5:
    |
181 |     function transfer(address _to, uint256 _value) public returns (bool);
    |     ^^^^^^^^^^^^^^^^^^^^^^^^^^^^^^^^^^^^^^^^^^^^^^^^^^^^^^^^^^^^^^^^^^^^^

Error: Trying to override non-virtual function. Did you forget to add "virtual"?
   --> contract.sol:181:5:
    |
181 |     function transfer(address _to, uint256 _value) public returns (bool);
    |     ^^^^^^^^^^^^^^^^^^^^^^^^^^^^^^^^^^^^^^^^^^^^^^^^^^^^^^^^^^^^^^^^^^^^^
Note: Overriding function is here:
   --> contract.sol:256:5:
    |
256 |     function transfer(address _to, uint256 _value) public returns (bool) {
    |     ^ (Relevant source part starts here and spans across multiple lines).

Error: Overriding function is missing "override" specifier.
   --> contract.sol:275:5:
    |
275 |     function approve(address _spender, uint256 _value) public returns (bool) {
    |     ^ (Relevant source part starts here and spans across multiple lines).
Note: Overridden function is here:
   --> contract.sol:183:5:
    |
183 |     function approve(address _spender, uint256 _value)
    |     ^ (Relevant source part starts here and spans across multiple lines).

Error: Trying to override non-virtual function. Did you forget to add "virtual"?
   --> contract.sol:183:5:
    |
183 |     function approve(address _spender, uint256 _value)
    |     ^ (Relevant source part starts here and spans across multiple lines).
Note: Overriding function is here:
   --> contract.sol:275:5:
    |
275 |     function approve(address _spender, uint256 _value) public returns (bool) {
    |     ^ (Relevant source part starts here and spans across multiple lines).

Error: Overriding function is missing "override" specifier.
   --> contract.sol:287:5:
    |
287 |     function transferFrom(
    |     ^ (Relevant source part starts here and spans across multiple lines).
Note: Overridden function is here:
   --> contract.sol:186:5:
    |
186 |     function transferFrom(address _from, address _to, uint256 _value)
    |     ^ (Relevant source part starts here and spans across multiple lines).

Error: Trying to override non-virtual function. Did you forget to add "virtual"?
   --> contract.sol:186:5:
    |
186 |     function transferFrom(address _from, address _to, uint256 _value)
    |     ^ (Relevant source part starts here and spans across multiple lines).
Note: Overriding function is here:
   --> contract.sol:287:5:
    |
287 |     function transferFrom(
    |     ^ (Relevant source part starts here and spans across multiple lines).

Error: Overriding function is missing "override" specifier.
   --> contract.sol:363:5:
    |
363 |     function transfer(
    |     ^ (Relevant source part starts here and spans across multiple lines).
Note: Overridden function is here:
   --> contract.sol:256:5:
    |
256 |     function transfer(address _to, uint256 _value) public returns (bool) {
    |     ^ (Relevant source part starts here and spans across multiple lines).

Error: Trying to override non-virtual function. Did you forget to add "virtual"?
   --> contract.sol:256:5:
    |
256 |     function transfer(address _to, uint256 _value) public returns (bool) {
    |     ^ (Relevant source part starts here and spans across multiple lines).
Note: Overriding function is here:
   --> contract.sol:363:5:
    |
363 |     function transfer(
    |     ^ (Relevant source part starts here and spans across multiple lines).

Error: Overriding function is missing "override" specifier.
   --> contract.sol:374:5:
    |
374 |     function transferFrom(
    |     ^ (Relevant source part starts here and spans across multiple lines).
Note: Overridden function is here:
   --> contract.sol:287:5:
    |
287 |     function transferFrom(
    |     ^ (Relevant source part starts here and spans across multiple lines).

Error: Trying to override non-virtual function. Did you forget to add "virtual"?
   --> contract.sol:287:5:
    |
287 |     function transferFrom(
    |     ^ (Relevant source part starts here and spans across multiple lines).
Note: Overriding function is here:
   --> contract.sol:374:5:
    |
374 |     function transferFrom(
    |     ^ (Relevant source part starts here and spans across multiple lines).

Error: Overriding function is missing "override" specifier.
   --> contract.sol:386:5:
    |
386 |     function approve(
    |     ^ (Relevant source part starts here and spans across multiple lines).
Note: Overridden function is here:
   --> contract.sol:275:5:
    |
275 |     function approve(address _spender, uint256 _value) public returns (bool) {
    |     ^ (Relevant source part starts here and spans across multiple lines).

Error: Trying to override non-virtual function. Did you forget to add "virtual"?
   --> contract.sol:275:5:
    |
275 |     function approve(address _spender, uint256 _value) public returns (bool) {
    |     ^ (Relevant source part starts here and spans across multiple lines).
Note: Overriding function is here:
   --> contract.sol:386:5:
    |
386 |     function approve(
    |     ^ (Relevant source part starts here and spans across multiple lines).

Error: Overriding function is missing "override" specifier.
   --> contract.sol:397:5:
    |
397 |     function increaseApproval(
    |     ^ (Relevant source part starts here and spans across multiple lines).
Note: Overridden function is here:
   --> contract.sol:315:5:
    |
315 |     function increaseApproval(
    |     ^ (Relevant source part starts here and spans across multiple lines).

Error: Trying to override non-virtual function. Did you forget to add "virtual"?
   --> contract.sol:315:5:
    |
315 |     function increaseApproval(
    |     ^ (Relevant source part starts here and spans across multiple lines).
Note: Overriding function is here:
   --> contract.sol:397:5:
    |
397 |     function increaseApproval(
    |     ^ (Relevant source part starts here and spans across multiple lines).

Error: Overriding function is missing "override" specifier.
   --> contract.sol:408:5:
    |
408 |     function decreaseApproval(
    |     ^ (Relevant source part starts here and spans across multiple lines).
Note: Overridden function is here:
   --> contract.sol:337:5:
    |
337 |     function decreaseApproval(
    |     ^ (Relevant source part starts here and spans across multiple lines).

Error: Trying to override non-virtual function. Did you forget to add "virtual"?
   --> contract.sol:337:5:
    |
337 |     function decreaseApproval(
    |     ^ (Relevant source part starts here and spans across multiple lines).
Note: Overriding function is here:
   --> contract.sol:408:5:
    |
408 |     function decreaseApproval(
    |     ^ (Relevant source part starts here and spans across multiple lines).

Error: Overriding function is missing "override" specifier.
   --> contract.sol:555:5:
    |
555 |     function transfer(
    |     ^ (Relevant source part starts here and spans across multiple lines).
Note: Overridden function is here:
   --> contract.sol:363:5:
    |
363 |     function transfer(
    |     ^ (Relevant source part starts here and spans across multiple lines).

Error: Trying to override non-virtual function. Did you forget to add "virtual"?
   --> contract.sol:363:5:
    |
363 |     function transfer(
    |     ^ (Relevant source part starts here and spans across multiple lines).
Note: Overriding function is here:
   --> contract.sol:555:5:
    |
555 |     function transfer(
    |     ^ (Relevant source part starts here and spans across multiple lines).

Error: Overriding function is missing "override" specifier.
   --> contract.sol:569:5:
    |
569 |     function transferFrom(
    |     ^ (Relevant source part starts here and spans across multiple lines).
Note: Overridden function is here:
   --> contract.sol:374:5:
    |
374 |     function transferFrom(
    |     ^ (Relevant source part starts here and spans across multiple lines).

Error: Trying to override non-virtual function. Did you forget to add "virtual"?
   --> contract.sol:374:5:
    |
374 |     function transferFrom(
    |     ^ (Relevant source part starts here and spans across multiple lines).
Note: Overriding function is here:
   --> contract.sol:569:5:
    |
569 |     function transferFrom(
    |     ^ (Relevant source part starts here and spans across multiple lines).

Error: Overriding function is missing "override" specifier.
   --> contract.sol:585:5:
    |
585 |     function burn(
    |     ^ (Relevant source part starts here and spans across multiple lines).
Note: Overridden function is here:
   --> contract.sol:462:5:
    |
462 |     function burn(
    |     ^ (Relevant source part starts here and spans across multiple lines).

Error: Trying to override non-virtual function. Did you forget to add "virtual"?
   --> contract.sol:462:5:
    |
462 |     function burn(
    |     ^ (Relevant source part starts here and spans across multiple lines).
Note: Overriding function is here:
   --> contract.sol:585:5:
    |
585 |     function burn(
    |     ^ (Relevant source part starts here and spans across multiple lines).

Error: Overriding function is missing "override" specifier.
   --> contract.sol:596:5:
    |
596 |     function burnFrom(
    |     ^ (Relevant source part starts here and spans across multiple lines).
Note: Overridden function is here:
   --> contract.sol:476:5:
    |
476 |     function burnFrom(
    |     ^ (Relevant source part starts here and spans across multiple lines).

Error: Trying to override non-virtual function. Did you forget to add "virtual"?
   --> contract.sol:476:5:
    |
476 |     function burnFrom(
    |     ^ (Relevant source part starts here and spans across multiple lines).
Note: Overriding function is here:
   --> contract.sol:596:5:
    |
596 |     function burnFrom(
    |     ^ (Relevant source part starts here and spans across multiple lines).

Warning: Visibility for constructor is ignored. If you want the contract to be non-deployable, making it "abstract" is sufficient.
  --> contract.sol:82:5:
   |
82 |     constructor() public {
   |     ^ (Relevant source part starts here and spans across multiple lines).

Error: Functions without implementation must be marked virtual.
   --> contract.sol:174:5:
    |
174 |     function totalSupply() public view returns (uint256);
    |     ^^^^^^^^^^^^^^^^^^^^^^^^^^^^^^^^^^^^^^^^^^^^^^^^^^^^^

Error: Functions without implementation must be marked virtual.
   --> contract.sol:176:5:
    |
176 |     function balanceOf(address _who) public view returns (uint256);
    |     ^^^^^^^^^^^^^^^^^^^^^^^^^^^^^^^^^^^^^^^^^^^^^^^^^^^^^^^^^^^^^^^

Error: Functions without implementation must be marked virtual.
   --> contract.sol:178:5:
    |
178 |     function allowance(address _owner, address _spender)
    |     ^ (Relevant source part starts here and spans across multiple lines).

Error: Functions without implementation must be marked virtual.
   --> contract.sol:181:5:
    |
181 |     function transfer(address _to, uint256 _value) public returns (bool);
    |     ^^^^^^^^^^^^^^^^^^^^^^^^^^^^^^^^^^^^^^^^^^^^^^^^^^^^^^^^^^^^^^^^^^^^^

Error: Functions without implementation must be marked virtual.
   --> contract.sol:183:5:
    |
183 |     function approve(address _spender, uint256 _value)
    |     ^ (Relevant source part starts here and spans across multiple lines).

Error: Functions without implementation must be marked virtual.
   --> contract.sol:186:5:
    |
186 |     function transferFrom(address _from, address _to, uint256 _value)
    |     ^ (Relevant source part starts here and spans across multiple lines).

Error: Member "sub" not found or not visible after argument-dependent lookup in uint256.
   --> contract.sol:486:42:
    |
486 |         allowedBurn[_from][msg.sender] = allowedBurn[_from][msg.sender].sub(_value);
    |                                          ^^^^^^^^^^^^^^^^^^^^^^^^^^^^^^^^^^


=== applied patch_using_safemath ===
=== iter 1 rc=0 ===
Warning: SPDX license identifier not provided in source file. Before publishing, consider adding a comment containing "SPDX-License-Identifier: <SPDX-License>" to each source file. Use "SPDX-License-Identifier: UNLICENSED" for non-open-source code. Please see https://spdx.org for more information.
--> contract.sol


=== full compile rc=1 ===
Warning: SPDX license identifier not provided in source file. Before publishing, consider adding a comment containing "SPDX-License-Identifier: <SPDX-License>" to each source file. Use "SPDX-License-Identifier: UNLICENSED" for non-open-source code. Please see https://spdx.org for more information.
--> contract.sol

Error: Documentation tag @param not valid for public state variables.
   --> contract.sol:616:5:
    |
616 |     /** Token Setting: You are free to change any of these
    |     ^ (Relevant source part starts here and spans across multiple lines).

Error: Documentation tag @param not valid for public state variables.
   --> contract.sol:616:5:
    |
616 |     /** Token Setting: You are free to change any of these
    |     ^ (Relevant source part starts here and spans across multiple lines).

Error: Documentation tag @param not valid for public state variables.
   --> contract.sol:616:5:
    |
616 |     /** Token Setting: You are free to change any of these
    |     ^ (Relevant source part starts here and spans across multiple lines).

Error: Documentation tag @param not valid for public state variables.
   --> contract.sol:616:5:
    |
616 |     /** Token Setting: You are free to change any of these
    |     ^ (Relevant source part starts here and spans across multiple lines).

Error: Contract "ERC20" should be marked as abstract.
   --> contract.sol:173:1:
    |
173 | contract ERC20 {
    | ^ (Relevant source part starts here and spans across multiple lines).
Note: Missing implementation: 
   --> contract.sol:178:5:
    |
178 |     function allowance(address _owner, address _spender)
    |     ^ (Relevant source part starts here and spans across multiple lines).
Note: Missing implementation: 
   --> contract.sol:183:5:
    |
183 |     function approve(address _spender, uint256 _value)
    |     ^ (Relevant source part starts here and spans across multiple lines).
Note: Missing implementation: 
   --> contract.sol:176:5:
    |
176 |     function balanceOf(address _who) public view returns (uint256);
    |     ^^^^^^^^^^^^^^^^^^^^^^^^^^^^^^^^^^^^^^^^^^^^^^^^^^^^^^^^^^^^^^^
Note: Missing implementation: 
   --> contract.sol:174:5:
    |
174 |     function totalSupply() public view returns (uint256);
    |     ^^^^^^^^^^^^^^^^^^^^^^^^^^^^^^^^^^^^^^^^^^^^^^^^^^^^^
Note: Missing implementation: 
   --> contract.sol:181:5:
    |
181 |     function transfer(address _to, uint256 _value) public returns (bool);
    |     ^^^^^^^^^^^^^^^^^^^^^^^^^^^^^^^^^^^^^^^^^^^^^^^^^^^^^^^^^^^^^^^^^^^^^
Note: Missing implementation: 
   --> contract.sol:186:5:
    |
186 |     function transferFrom(address _from, address _to, uint256 _value)
    |     ^ (Relevant source part starts here and spans across multiple lines).

Error: Overriding function is missing "override" specifier.
   --> contract.sol:221:5:
    |
221 |     function totalSupply() public view returns (uint256) {
    |     ^ (Relevant source part starts here and spans across multiple lines).
Note: Overridden function is here:
   --> contract.sol:174:5:
    |
174 |     function totalSupply() public view returns (uint256);
    |     ^^^^^^^^^^^^^^^^^^^^^^^^^^^^^^^^^^^^^^^^^^^^^^^^^^^^^

Error: Trying to override non-virtual function. Did you forget to add "virtual"?
   --> contract.sol:174:5:
    |
174 |     function totalSupply() public view returns (uint256);
    |     ^^^^^^^^^^^^^^^^^^^^^^^^^^^^^^^^^^^^^^^^^^^^^^^^^^^^^
Note: Overriding function is here:
   --> contract.sol:221:5:
    |
221 |     function totalSupply() public view returns (uint256) {
    |     ^ (Relevant source part starts here and spans across multiple lines).

Error: Overriding function is missing "override" specifier.
   --> contract.sol:230:5:
    |
230 |     function balanceOf(address _owner) public view returns (uint256) {
    |     ^ (Relevant source part starts here and spans across multiple lines).
Note: Overridden function is here:
   --> contract.sol:176:5:
    |
176 |     function balanceOf(address _who) public view returns (uint256);
    |     ^^^^^^^^^^^^^^^^^^^^^^^^^^^^^^^^^^^^^^^^^^^^^^^^^^^^^^^^^^^^^^^

Error: Trying to override non-virtual function. Did you forget to add "virtual"?
   --> contract.sol:176:5:
    |
176 |     function balanceOf(address _who) public view returns (uint256);
    |     ^^^^^^^^^^^^^^^^^^^^^^^^^^^^^^^^^^^^^^^^^^^^^^^^^^^^^^^^^^^^^^^
Note: Overriding function is here:
   --> contract.sol:230:5:
    |
230 |     function balanceOf(address _owner) public view returns (uint256) {
    |     ^ (Relevant source part starts here and spans across multiple lines).

Error: Overriding function is missing "override" specifier.
   --> contract.sol:240:5:
    |
240 |     function allowance(
    |     ^ (Relevant source part starts here and spans across multiple lines).
Note: Overridden function is here:
   --> contract.sol:178:5:
    |
178 |     function allowance(address _owner, address _spender)
    |     ^ (Relevant source part starts here and spans across multiple lines).

Error: Trying to override non-virtual function. Did you forget to add "virtual"?
   --> contract.sol:178:5:
    |
178 |     function allowance(address _owner, address _spender)
    |     ^ (Relevant source part starts here and spans across multiple lines).
Note: Overriding function is here:
   --> contract.sol:240:5:
    |
240 |     function allowance(
    |     ^ (Relevant source part starts here and spans across multiple lines).

Error: Overriding function is missing "override" specifier.
   --> contract.sol:256:5:
    |
256 |     function transfer(address _to, uint256 _value) public returns (bool) {
    |     ^ (Relevant source part starts here and spans across multiple lines).
Note: Overridden function is here:
   --> contract.sol:181:5:
    |
181 |     function transfer(address _to, uint256 _value) public returns (bool);
    |     ^^^^^^^^^^^^^^^^^^^^^^^^^^^^^^^^^^^^^^^^^^^^^^^^^^^^^^^^^^^^^^^^^^^^^

Error: Trying to override non-virtual function. Did you forget to add "virtual"?
   --> contract.sol:181:5:
    |
181 |     function transfer(address _to, uint256 _value) public returns (bool);
    |     ^^^^^^^^^^^^^^^^^^^^^^^^^^^^^^^^^^^^^^^^^^^^^^^^^^^^^^^^^^^^^^^^^^^^^
Note: Overriding function is here:
   --> contract.sol:256:5:
    |
256 |     function transfer(address _to, uint256 _value) public returns (bool) {
    |     ^ (Relevant source part starts here and spans across multiple lines).

Error: Overriding function is missing "override" specifier.
   --> contract.sol:275:5:
    |
275 |     function approve(address _spender, uint256 _value) public returns (bool) {
    |     ^ (Relevant source part starts here and spans across multiple lines).
Note: Overridden function is here:
   --> contract.sol:183:5:
    |
183 |     function approve(address _spender, uint256 _value)
    |     ^ (Relevant source part starts here and spans across multiple lines).

Error: Trying to override non-virtual function. Did you forget to add "virtual"?
   --> contract.sol:183:5:
    |
183 |     function approve(address _spender, uint256 _value)
    |     ^ (Relevant source part starts here and spans across multiple lines).
Note: Overriding function is here:
   --> contract.sol:275:5:
    |
275 |     function approve(address _spender, uint256 _value) public returns (bool) {
    |     ^ (Relevant source part starts here and spans across multiple lines).

Error: Overriding function is missing "override" specifier.
   --> contract.sol:287:5:
    |
287 |     function transferFrom(
    |     ^ (Relevant source part starts here and spans across multiple lines).
Note: Overridden function is here:
   --> contract.sol:186:5:
    |
186 |     function transferFrom(address _from, address _to, uint256 _value)
    |     ^ (Relevant source part starts here and spans across multiple lines).

Error: Trying to override non-virtual function. Did you forget to add "virtual"?
   --> contract.sol:186:5:
    |
186 |     function transferFrom(address _from, address _to, uint256 _value)
    |     ^ (Relevant source part starts here and spans across multiple lines).
Note: Overriding function is here:
   --> contract.sol:287:5:
    |
287 |     function transferFrom(
    |     ^ (Relevant source part starts here and spans across multiple lines).

Error: Overriding function is missing "override" specifier.
   --> contract.sol:363:5:
    |
363 |     function transfer(
    |     ^ (Relevant source part starts here and spans across multiple lines).
Note: Overridden function is here:
   --> contract.sol:256:5:
    |
256 |     function transfer(address _to, uint256 _value) public returns (bool) {
    |     ^ (Relevant source part starts here and spans across multiple lines).

Error: Trying to override non-virtual function. Did you forget to add "virtual"?
   --> contract.sol:256:5:
    |
256 |     function transfer(address _to, uint256 _value) public returns (bool) {
    |     ^ (Relevant source part starts here and spans across multiple lines).
Note: Overriding function is here:
   --> contract.sol:363:5:
    |
363 |     function transfer(
    |     ^ (Relevant source part starts here and spans across multiple lines).

Error: Overriding function is missing "override" specifier.
   --> contract.sol:374:5:
    |
374 |     function transferFrom(
    |     ^ (Relevant source part starts here and spans across multiple lines).
Note: Overridden function is here:
   --> contract.sol:287:5:
    |
287 |     function transferFrom(
    |     ^ (Relevant source part starts here and spans across multiple lines).

Error: Trying to override non-virtual function. Did you forget to add "virtual"?
   --> contract.sol:287:5:
    |
287 |     function transferFrom(
    |     ^ (Relevant source part starts here and spans across multiple lines).
Note: Overriding function is here:
   --> contract.sol:374:5:
    |
374 |     function transferFrom(
    |     ^ (Relevant source part starts here and spans across multiple lines).

Error: Overriding function is missing "override" specifier.
   --> contract.sol:386:5:
    |
386 |     function approve(
    |     ^ (Relevant source part starts here and spans across multiple lines).
Note: Overridden function is here:
   --> contract.sol:275:5:
    |
275 |     function approve(address _spender, uint256 _value) public returns (bool) {
    |     ^ (Relevant source part starts here and spans across multiple lines).

Error: Trying to override non-virtual function. Did you forget to add "virtual"?
   --> contract.sol:275:5:
    |
275 |     function approve(address _spender, uint256 _value) public returns (bool) {
    |     ^ (Relevant source part starts here and spans across multiple lines).
Note: Overriding function is here:
   --> contract.sol:386:5:
    |
386 |     function approve(
    |     ^ (Relevant source part starts here and spans across multiple lines).

Error: Overriding function is missing "override" specifier.
   --> contract.sol:397:5:
    |
397 |     function increaseApproval(
    |     ^ (Relevant source part starts here and spans across multiple lines).
Note: Overridden function is here:
   --> contract.sol:315:5:
    |
315 |     function increaseApproval(
    |     ^ (Relevant source part starts here and spans across multiple lines).

Error: Trying to override non-virtual function. Did you forget to add "virtual"?
   --> contract.sol:315:5:
    |
315 |     function increaseApproval(
    |     ^ (Relevant source part starts here and spans across multiple lines).
Note: Overriding function is here:
   --> contract.sol:397:5:
    |
397 |     function increaseApproval(
    |     ^ (Relevant source part starts here and spans across multiple lines).

Error: Overriding function is missing "override" specifier.
   --> contract.sol:408:5:
    |
408 |     function decreaseApproval(
    |     ^ (Relevant source part starts here and spans across multiple lines).
Note: Overridden function is here:
   --> contract.sol:337:5:
    |
337 |     function decreaseApproval(
    |     ^ (Relevant source part starts here and spans across multiple lines).

Error: Trying to override non-virtual function. Did you forget to add "virtual"?
   --> contract.sol:337:5:
    |
337 |     function decreaseApproval(
    |     ^ (Relevant source part starts here and spans across multiple lines).
Note: Overriding function is here:
   --> contract.sol:408:5:
    |
408 |     function decreaseApproval(
    |     ^ (Relevant source part starts here and spans across multiple lines).

Error: Overriding function is missing "override" specifier.
   --> contract.sol:555:5:
    |
555 |     function transfer(
    |     ^ (Relevant source part starts here and spans across multiple lines).
Note: Overridden function is here:
   --> contract.sol:363:5:
    |
363 |     function transfer(
    |     ^ (Relevant source part starts here and spans across multiple lines).

Error: Trying to override non-virtual function. Did you forget to add "virtual"?
   --> contract.sol:363:5:
    |
363 |     function transfer(
    |     ^ (Relevant source part starts here and spans across multiple lines).
Note: Overriding function is here:
   --> contract.sol:555:5:
    |
555 |     function transfer(
    |     ^ (Relevant source part starts here and spans across multiple lines).

Error: Overriding function is missing "override" specifier.
   --> contract.sol:569:5:
    |
569 |     function transferFrom(
    |     ^ (Relevant source part starts here and spans across multiple lines).
Note: Overridden function is here:
   --> contract.sol:374:5:
    |
374 |     function transferFrom(
    |     ^ (Relevant source part starts here and spans across multiple lines).

Error: Trying to override non-virtual function. Did you forget to add "virtual"?
   --> contract.sol:374:5:
    |
374 |     function transferFrom(
    |     ^ (Relevant source part starts here and spans across multiple lines).
Note: Overriding function is here:
   --> contract.sol:569:5:
    |
569 |     function transferFrom(
    |     ^ (Relevant source part starts here and spans across multiple lines).

Error: Overriding function is missing "override" specifier.
   --> contract.sol:585:5:
    |
585 |     function burn(
    |     ^ (Relevant source part starts here and spans across multiple lines).
Note: Overridden function is here:
   --> contract.sol:462:5:
    |
462 |     function burn(
    |     ^ (Relevant source part starts here and spans across multiple lines).

Error: Trying to override non-virtual function. Did you forget to add "virtual"?
   --> contract.sol:462:5:
    |
462 |     function burn(
    |     ^ (Relevant source part starts here and spans across multiple lines).
Note: Overriding function is here:
   --> contract.sol:585:5:
    |
585 |     function burn(
    |     ^ (Relevant source part starts here and spans across multiple lines).

Error: Overriding function is missing "override" specifier.
   --> contract.sol:596:5:
    |
596 |     function burnFrom(
    |     ^ (Relevant source part starts here and spans across multiple lines).
Note: Overridden function is here:
   --> contract.sol:476:5:
    |
476 |     function burnFrom(
    |     ^ (Relevant source part starts here and spans across multiple lines).

Error: Trying to override non-virtual function. Did you forget to add "virtual"?
   --> contract.sol:476:5:
    |
476 |     function burnFrom(
    |     ^ (Relevant source part starts here and spans across multiple lines).
Note: Overriding function is here:
   --> contract.sol:596:5:
    |
596 |     function burnFrom(
    |     ^ (Relevant source part starts here and spans across multiple lines).

Warning: Visibility for constructor is ignored. If you want the contract to be non-deployable, making it "abstract" is sufficient.
  --> contract.sol:82:5:
   |
82 |     constructor() public {
   |     ^ (Relevant source part starts here and spans across multiple lines).

Error: Functions without implementation must be marked virtual.
   --> contract.sol:174:5:
    |
174 |     function totalSupply() public view returns (uint256);
    |     ^^^^^^^^^^^^^^^^^^^^^^^^^^^^^^^^^^^^^^^^^^^^^^^^^^^^^

Error: Functions without implementation must be marked virtual.
   --> contract.sol:176:5:
    |
176 |     function balanceOf(address _who) public view returns (uint256);
    |     ^^^^^^^^^^^^^^^^^^^^^^^^^^^^^^^^^^^^^^^^^^^^^^^^^^^^^^^^^^^^^^^

Error: Functions without implementation must be marked virtual.
   --> contract.sol:178:5:
    |
178 |     function allowance(address _owner, address _spender)
    |     ^ (Relevant source part starts here and spans across multiple lines).

Error: Functions without implementation must be marked virtual.
   --> contract.sol:181:5:
    |
181 |     function transfer(address _to, uint256 _value) public returns (bool);
    |     ^^^^^^^^^^^^^^^^^^^^^^^^^^^^^^^^^^^^^^^^^^^^^^^^^^^^^^^^^^^^^^^^^^^^^

Error: Functions without implementation must be marked virtual.
   --> contract.sol:183:5:
    |
183 |     function approve(address _spender, uint256 _value)
    |     ^ (Relevant source part starts here and spans across multiple lines).

Error: Functions without implementation must be marked virtual.
   --> contract.sol:186:5:
    |
186 |     function transferFrom(address _from, address _to, uint256 _value)
    |     ^ (Relevant source part starts here and spans across multiple lines).

Warning: Visibility for constructor is ignored. If you want the contract to be non-deployable, making it "abstract" is sufficient.
   --> contract.sol:633:5:
    |
633 |     constructor() public {
    |     ^ (Relevant source part starts here and spans across multiple lines).


=== applied patch_virtual_unimpl ===
=== iter 2 rc=0 ===
Warning: SPDX license identifier not provided in source file. Before publishing, consider adding a comment containing "SPDX-License-Identifier: <SPDX-License>" to each source file. Use "SPDX-License-Identifier: UNLICENSED" for non-open-source code. Please see https://spdx.org for more information.
--> contract.sol


=== full compile rc=1 ===
Warning: SPDX license identifier not provided in source file. Before publishing, consider adding a comment containing "SPDX-License-Identifier: <SPDX-License>" to each source file. Use "SPDX-License-Identifier: UNLICENSED" for non-open-source code. Please see https://spdx.org for more information.
--> contract.sol

Error: Documentation tag @param not valid for public state variables.
   --> contract.sol:616:5:
    |
616 |     /** Token Setting: You are free to change any of these
    |     ^ (Relevant source part starts here and spans across multiple lines).

Error: Documentation tag @param not valid for public state variables.
   --> contract.sol:616:5:
    |
616 |     /** Token Setting: You are free to change any of these
    |     ^ (Relevant source part starts here and spans across multiple lines).

Error: Documentation tag @param not valid for public state variables.
   --> contract.sol:616:5:
    |
616 |     /** Token Setting: You are free to change any of these
    |     ^ (Relevant source part starts here and spans across multiple lines).

Error: Documentation tag @param not valid for public state variables.
   --> contract.sol:616:5:
    |
616 |     /** Token Setting: You are free to change any of these
    |     ^ (Relevant source part starts here and spans across multiple lines).

Error: Contract "ERC20" should be marked as abstract.
   --> contract.sol:173:1:
    |
173 | contract ERC20 {
    | ^ (Relevant source part starts here and spans across multiple lines).
Note: Missing implementation: 
   --> contract.sol:178:5:
    |
178 |     function allowance(address _owner, address _spender)
    |     ^ (Relevant source part starts here and spans across multiple lines).
Note: Missing implementation: 
   --> contract.sol:183:5:
    |
183 |     function approve(address _spender, uint256 _value)
    |     ^ (Relevant source part starts here and spans across multiple lines).
Note: Missing implementation: 
   --> contract.sol:176:5:
    |
176 |     function balanceOf(address _who) public view virtual returns (uint256);
    |     ^^^^^^^^^^^^^^^^^^^^^^^^^^^^^^^^^^^^^^^^^^^^^^^^^^^^^^^^^^^^^^^^^^^^^^^
Note: Missing implementation: 
   --> contract.sol:174:5:
    |
174 |     function totalSupply() public view virtual returns (uint256);
    |     ^^^^^^^^^^^^^^^^^^^^^^^^^^^^^^^^^^^^^^^^^^^^^^^^^^^^^^^^^^^^^
Note: Missing implementation: 
   --> contract.sol:181:5:
    |
181 |     function transfer(address _to, uint256 _value) public virtual returns (bool);
    |     ^^^^^^^^^^^^^^^^^^^^^^^^^^^^^^^^^^^^^^^^^^^^^^^^^^^^^^^^^^^^^^^^^^^^^^^^^^^^^
Note: Missing implementation: 
   --> contract.sol:186:5:
    |
186 |     function transferFrom(address _from, address _to, uint256 _value)
    |     ^ (Relevant source part starts here and spans across multiple lines).

Error: Overriding function is missing "override" specifier.
   --> contract.sol:221:5:
    |
221 |     function totalSupply() public view returns (uint256) {
    |     ^ (Relevant source part starts here and spans across multiple lines).
Note: Overridden function is here:
   --> contract.sol:174:5:
    |
174 |     function totalSupply() public view virtual returns (uint256);
    |     ^^^^^^^^^^^^^^^^^^^^^^^^^^^^^^^^^^^^^^^^^^^^^^^^^^^^^^^^^^^^^

Error: Overriding function is missing "override" specifier.
   --> contract.sol:230:5:
    |
230 |     function balanceOf(address _owner) public view returns (uint256) {
    |     ^ (Relevant source part starts here and spans across multiple lines).
Note: Overridden function is here:
   --> contract.sol:176:5:
    |
176 |     function balanceOf(address _who) public view virtual returns (uint256);
    |     ^^^^^^^^^^^^^^^^^^^^^^^^^^^^^^^^^^^^^^^^^^^^^^^^^^^^^^^^^^^^^^^^^^^^^^^

Error: Overriding function is missing "override" specifier.
   --> contract.sol:240:5:
    |
240 |     function allowance(
    |     ^ (Relevant source part starts here and spans across multiple lines).
Note: Overridden function is here:
   --> contract.sol:178:5:
    |
178 |     function allowance(address _owner, address _spender)
    |     ^ (Relevant source part starts here and spans across multiple lines).

Error: Overriding function is missing "override" specifier.
   --> contract.sol:256:5:
    |
256 |     function transfer(address _to, uint256 _value) public returns (bool) {
    |     ^ (Relevant source part starts here and spans across multiple lines).
Note: Overridden function is here:
   --> contract.sol:181:5:
    |
181 |     function transfer(address _to, uint256 _value) public virtual returns (bool);
    |     ^^^^^^^^^^^^^^^^^^^^^^^^^^^^^^^^^^^^^^^^^^^^^^^^^^^^^^^^^^^^^^^^^^^^^^^^^^^^^

Error: Overriding function is missing "override" specifier.
   --> contract.sol:275:5:
    |
275 |     function approve(address _spender, uint256 _value) public returns (bool) {
    |     ^ (Relevant source part starts here and spans across multiple lines).
Note: Overridden function is here:
   --> contract.sol:183:5:
    |
183 |     function approve(address _spender, uint256 _value)
    |     ^ (Relevant source part starts here and spans across multiple lines).

Error: Overriding function is missing "override" specifier.
   --> contract.sol:287:5:
    |
287 |     function transferFrom(
    |     ^ (Relevant source part starts here and spans across multiple lines).
Note: Overridden function is here:
   --> contract.sol:186:5:
    |
186 |     function transferFrom(address _from, address _to, uint256 _value)
    |     ^ (Relevant source part starts here and spans across multiple lines).

Error: Overriding function is missing "override" specifier.
   --> contract.sol:363:5:
    |
363 |     function transfer(
    |     ^ (Relevant source part starts here and spans across multiple lines).
Note: Overridden function is here:
   --> contract.sol:256:5:
    |
256 |     function transfer(address _to, uint256 _value) public returns (bool) {
    |     ^ (Relevant source part starts here and spans across multiple lines).

Error: Trying to override non-virtual function. Did you forget to add "virtual"?
   --> contract.sol:256:5:
    |
256 |     function transfer(address _to, uint256 _value) public returns (bool) {
    |     ^ (Relevant source part starts here and spans across multiple lines).
Note: Overriding function is here:
   --> contract.sol:363:5:
    |
363 |     function transfer(
    |     ^ (Relevant source part starts here and spans across multiple lines).

Error: Overriding function is missing "override" specifier.
   --> contract.sol:374:5:
    |
374 |     function transferFrom(
    |     ^ (Relevant source part starts here and spans across multiple lines).
Note: Overridden function is here:
   --> contract.sol:287:5:
    |
287 |     function transferFrom(
    |     ^ (Relevant source part starts here and spans across multiple lines).

Error: Trying to override non-virtual function. Did you forget to add "virtual"?
   --> contract.sol:287:5:
    |
287 |     function transferFrom(
    |     ^ (Relevant source part starts here and spans across multiple lines).
Note: Overriding function is here:
   --> contract.sol:374:5:
    |
374 |     function transferFrom(
    |     ^ (Relevant source part starts here and spans across multiple lines).

Error: Overriding function is missing "override" specifier.
   --> contract.sol:386:5:
    |
386 |     function approve(
    |     ^ (Relevant source part starts here and spans across multiple lines).
Note: Overridden function is here:
   --> contract.sol:275:5:
    |
275 |     function approve(address _spender, uint256 _value) public returns (bool) {
    |     ^ (Relevant source part starts here and spans across multiple lines).

Error: Trying to override non-virtual function. Did you forget to add "virtual"?
   --> contract.sol:275:5:
    |
275 |     function approve(address _spender, uint256 _value) public returns (bool) {
    |     ^ (Relevant source part starts here and spans across multiple lines).
Note: Overriding function is here:
   --> contract.sol:386:5:
    |
386 |     function approve(
    |     ^ (Relevant source part starts here and spans across multiple lines).

Error: Overriding function is missing "override" specifier.
   --> contract.sol:397:5:
    |
397 |     function increaseApproval(
    |     ^ (Relevant source part starts here and spans across multiple lines).
Note: Overridden function is here:
   --> contract.sol:315:5:
    |
315 |     function increaseApproval(
    |     ^ (Relevant source part starts here and spans across multiple lines).

Error: Trying to override non-virtual function. Did you forget to add "virtual"?
   --> contract.sol:315:5:
    |
315 |     function increaseApproval(
    |     ^ (Relevant source part starts here and spans across multiple lines).
Note: Overriding function is here:
   --> contract.sol:397:5:
    |
397 |     function increaseApproval(
    |     ^ (Relevant source part starts here and spans across multiple lines).

Error: Overriding function is missing "override" specifier.
   --> contract.sol:408:5:
    |
408 |     function decreaseApproval(
    |     ^ (Relevant source part starts here and spans across multiple lines).
Note: Overridden function is here:
   --> contract.sol:337:5:
    |
337 |     function decreaseApproval(
    |     ^ (Relevant source part starts here and spans across multiple lines).

Error: Trying to override non-virtual function. Did you forget to add "virtual"?
   --> contract.sol:337:5:
    |
337 |     function decreaseApproval(
    |     ^ (Relevant source part starts here and spans across multiple lines).
Note: Overriding function is here:
   --> contract.sol:408:5:
    |
408 |     function decreaseApproval(
    |     ^ (Relevant source part starts here and spans across multiple lines).

Error: Overriding function is missing "override" specifier.
   --> contract.sol:555:5:
    |
555 |     function transfer(
    |     ^ (Relevant source part starts here and spans across multiple lines).
Note: Overridden function is here:
   --> contract.sol:363:5:
    |
363 |     function transfer(
    |     ^ (Relevant source part starts here and spans across multiple lines).

Error: Trying to override non-virtual function. Did you forget to add "virtual"?
   --> contract.sol:363:5:
    |
363 |     function transfer(
    |     ^ (Relevant source part starts here and spans across multiple lines).
Note: Overriding function is here:
   --> contract.sol:555:5:
    |
555 |     function transfer(
    |     ^ (Relevant source part starts here and spans across multiple lines).

Error: Overriding function is missing "override" specifier.
   --> contract.sol:569:5:
    |
569 |     function transferFrom(
    |     ^ (Relevant source part starts here and spans across multiple lines).
Note: Overridden function is here:
   --> contract.sol:374:5:
    |
374 |     function transferFrom(
    |     ^ (Relevant source part starts here and spans across multiple lines).

Error: Trying to override non-virtual function. Did you forget to add "virtual"?
   --> contract.sol:374:5:
    |
374 |     function transferFrom(
    |     ^ (Relevant source part starts here and spans across multiple lines).
Note: Overriding function is here:
   --> contract.sol:569:5:
    |
569 |     function transferFrom(
    |     ^ (Relevant source part starts here and spans across multiple lines).

Error: Overriding function is missing "override" specifier.
   --> contract.sol:585:5:
    |
585 |     function burn(
    |     ^ (Relevant source part starts here and spans across multiple lines).
Note: Overridden function is here:
   --> contract.sol:462:5:
    |
462 |     function burn(
    |     ^ (Relevant source part starts here and spans across multiple lines).

Error: Trying to override non-virtual function. Did you forget to add "virtual"?
   --> contract.sol:462:5:
    |
462 |     function burn(
    |     ^ (Relevant source part starts here and spans across multiple lines).
Note: Overriding function is here:
   --> contract.sol:585:5:
    |
585 |     function burn(
    |     ^ (Relevant source part starts here and spans across multiple lines).

Error: Overriding function is missing "override" specifier.
   --> contract.sol:596:5:
    |
596 |     function burnFrom(
    |     ^ (Relevant source part starts here and spans across multiple lines).
Note: Overridden function is here:
   --> contract.sol:476:5:
    |
476 |     function burnFrom(
    |     ^ (Relevant source part starts here and spans across multiple lines).

Error: Trying to override non-virtual function. Did you forget to add "virtual"?
   --> contract.sol:476:5:
    |
476 |     function burnFrom(
    |     ^ (Relevant source part starts here and spans across multiple lines).
Note: Overriding function is here:
   --> contract.sol:596:5:
    |
596 |     function burnFrom(
    |     ^ (Relevant source part starts here and spans across multiple lines).

Warning: Visibility for constructor is ignored. If you want the contract to be non-deployable, making it "abstract" is sufficient.
  --> contract.sol:82:5:
   |
82 |     constructor() public {
   |     ^ (Relevant source part starts here and spans across multiple lines).

Warning: Visibility for constructor is ignored. If you want the contract to be non-deployable, making it "abstract" is sufficient.
   --> contract.sol:633:5:
    |
633 |     constructor() public {
    |     ^ (Relevant source part starts here and spans across multiple lines).


=== applied patch_drop_ctor_visibility ===
=== iter 3 rc=0 ===
Warning: SPDX license identifier not provided in source file. Before publishing, consider adding a comment containing "SPDX-License-Identifier: <SPDX-License>" to each source file. Use "SPDX-License-Identifier: UNLICENSED" for non-open-source code. Please see https://spdx.org for more information.
--> contract.sol


=== full compile rc=1 ===
Warning: SPDX license identifier not provided in source file. Before publishing, consider adding a comment containing "SPDX-License-Identifier: <SPDX-License>" to each source file. Use "SPDX-License-Identifier: UNLICENSED" for non-open-source code. Please see https://spdx.org for more information.
--> contract.sol

Error: Documentation tag @param not valid for public state variables.
   --> contract.sol:616:5:
    |
616 |     /** Token Setting: You are free to change any of these
    |     ^ (Relevant source part starts here and spans across multiple lines).

Error: Documentation tag @param not valid for public state variables.
   --> contract.sol:616:5:
    |
616 |     /** Token Setting: You are free to change any of these
    |     ^ (Relevant source part starts here and spans across multiple lines).

Error: Documentation tag @param not valid for public state variables.
   --> contract.sol:616:5:
    |
616 |     /** Token Setting: You are free to change any of these
    |     ^ (Relevant source part starts here and spans across multiple lines).

Error: Documentation tag @param not valid for public state variables.
   --> contract.sol:616:5:
    |
616 |     /** Token Setting: You are free to change any of these
    |     ^ (Relevant source part starts here and spans across multiple lines).

Error: Contract "ERC20" should be marked as abstract.
   --> contract.sol:173:1:
    |
173 | contract ERC20 {
    | ^ (Relevant source part starts here and spans across multiple lines).
Note: Missing implementation: 
   --> contract.sol:178:5:
    |
178 |     function allowance(address _owner, address _spender)
    |     ^ (Relevant source part starts here and spans across multiple lines).
Note: Missing implementation: 
   --> contract.sol:183:5:
    |
183 |     function approve(address _spender, uint256 _value)
    |     ^ (Relevant source part starts here and spans across multiple lines).
Note: Missing implementation: 
   --> contract.sol:176:5:
    |
176 |     function balanceOf(address _who) public view virtual returns (uint256);
    |     ^^^^^^^^^^^^^^^^^^^^^^^^^^^^^^^^^^^^^^^^^^^^^^^^^^^^^^^^^^^^^^^^^^^^^^^
Note: Missing implementation: 
   --> contract.sol:174:5:
    |
174 |     function totalSupply() public view virtual returns (uint256);
    |     ^^^^^^^^^^^^^^^^^^^^^^^^^^^^^^^^^^^^^^^^^^^^^^^^^^^^^^^^^^^^^
Note: Missing implementation: 
   --> contract.sol:181:5:
    |
181 |     function transfer(address _to, uint256 _value) public virtual returns (bool);
    |     ^^^^^^^^^^^^^^^^^^^^^^^^^^^^^^^^^^^^^^^^^^^^^^^^^^^^^^^^^^^^^^^^^^^^^^^^^^^^^
Note: Missing implementation: 
   --> contract.sol:186:5:
    |
186 |     function transferFrom(address _from, address _to, uint256 _value)
    |     ^ (Relevant source part starts here and spans across multiple lines).

Error: Overriding function is missing "override" specifier.
   --> contract.sol:221:5:
    |
221 |     function totalSupply() public view returns (uint256) {
    |     ^ (Relevant source part starts here and spans across multiple lines).
Note: Overridden function is here:
   --> contract.sol:174:5:
    |
174 |     function totalSupply() public view virtual returns (uint256);
    |     ^^^^^^^^^^^^^^^^^^^^^^^^^^^^^^^^^^^^^^^^^^^^^^^^^^^^^^^^^^^^^

Error: Overriding function is missing "override" specifier.
   --> contract.sol:230:5:
    |
230 |     function balanceOf(address _owner) public view returns (uint256) {
    |     ^ (Relevant source part starts here and spans across multiple lines).
Note: Overridden function is here:
   --> contract.sol:176:5:
    |
176 |     function balanceOf(address _who) public view virtual returns (uint256);
    |     ^^^^^^^^^^^^^^^^^^^^^^^^^^^^^^^^^^^^^^^^^^^^^^^^^^^^^^^^^^^^^^^^^^^^^^^

Error: Overriding function is missing "override" specifier.
   --> contract.sol:240:5:
    |
240 |     function allowance(
    |     ^ (Relevant source part starts here and spans across multiple lines).
Note: Overridden function is here:
   --> contract.sol:178:5:
    |
178 |     function allowance(address _owner, address _spender)
    |     ^ (Relevant source part starts here and spans across multiple lines).

Error: Overriding function is missing "override" specifier.
   --> contract.sol:256:5:
    |
256 |     function transfer(address _to, uint256 _value) public returns (bool) {
    |     ^ (Relevant source part starts here and spans across multiple lines).
Note: Overridden function is here:
   --> contract.sol:181:5:
    |
181 |     function transfer(address _to, uint256 _value) public virtual returns (bool);
    |     ^^^^^^^^^^^^^^^^^^^^^^^^^^^^^^^^^^^^^^^^^^^^^^^^^^^^^^^^^^^^^^^^^^^^^^^^^^^^^

Error: Overriding function is missing "override" specifier.
   --> contract.sol:275:5:
    |
275 |     function approve(address _spender, uint256 _value) public returns (bool) {
    |     ^ (Relevant source part starts here and spans across multiple lines).
Note: Overridden function is here:
   --> contract.sol:183:5:
    |
183 |     function approve(address _spender, uint256 _value)
    |     ^ (Relevant source part starts here and spans across multiple lines).

Error: Overriding function is missing "override" specifier.
   --> contract.sol:287:5:
    |
287 |     function transferFrom(
    |     ^ (Relevant source part starts here and spans across multiple lines).
Note: Overridden function is here:
   --> contract.sol:186:5:
    |
186 |     function transferFrom(address _from, address _to, uint256 _value)
    |     ^ (Relevant source part starts here and spans across multiple lines).

Error: Overriding function is missing "override" specifier.
   --> contract.sol:363:5:
    |
363 |     function transfer(
    |     ^ (Relevant source part starts here and spans across multiple lines).
Note: Overridden function is here:
   --> contract.sol:256:5:
    |
256 |     function transfer(address _to, uint256 _value) public returns (bool) {
    |     ^ (Relevant source part starts here and spans across multiple lines).

Error: Trying to override non-virtual function. Did you forget to add "virtual"?
   --> contract.sol:256:5:
    |
256 |     function transfer(address _to, uint256 _value) public returns (bool) {
    |     ^ (Relevant source part starts here and spans across multiple lines).
Note: Overriding function is here:
   --> contract.sol:363:5:
    |
363 |     function transfer(
    |     ^ (Relevant source part starts here and spans across multiple lines).

Error: Overriding function is missing "override" specifier.
   --> contract.sol:374:5:
    |
374 |     function transferFrom(
    |     ^ (Relevant source part starts here and spans across multiple lines).
Note: Overridden function is here:
   --> contract.sol:287:5:
    |
287 |     function transferFrom(
    |     ^ (Relevant source part starts here and spans across multiple lines).

Error: Trying to override non-virtual function. Did you forget to add "virtual"?
   --> contract.sol:287:5:
    |
287 |     function transferFrom(
    |     ^ (Relevant source part starts here and spans across multiple lines).
Note: Overriding function is here:
   --> contract.sol:374:5:
    |
374 |     function transferFrom(
    |     ^ (Relevant source part starts here and spans across multiple lines).

Error: Overriding function is missing "override" specifier.
   --> contract.sol:386:5:
    |
386 |     function approve(
    |     ^ (Relevant source part starts here and spans across multiple lines).
Note: Overridden function is here:
   --> contract.sol:275:5:
    |
275 |     function approve(address _spender, uint256 _value) public returns (bool) {
    |     ^ (Relevant source part starts here and spans across multiple lines).

Error: Trying to override non-virtual function. Did you forget to add "virtual"?
   --> contract.sol:275:5:
    |
275 |     function approve(address _spender, uint256 _value) public returns (bool) {
    |     ^ (Relevant source part starts here and spans across multiple lines).
Note: Overriding function is here:
   --> contract.sol:386:5:
    |
386 |     function approve(
    |     ^ (Relevant source part starts here and spans across multiple lines).

Error: Overriding function is missing "override" specifier.
   --> contract.sol:397:5:
    |
397 |     function increaseApproval(
    |     ^ (Relevant source part starts here and spans across multiple lines).
Note: Overridden function is here:
   --> contract.sol:315:5:
    |
315 |     function increaseApproval(
    |     ^ (Relevant source part starts here and spans across multiple lines).

Error: Trying to override non-virtual function. Did you forget to add "virtual"?
   --> contract.sol:315:5:
    |
315 |     function increaseApproval(
    |     ^ (Relevant source part starts here and spans across multiple lines).
Note: Overriding function is here:
   --> contract.sol:397:5:
    |
397 |     function increaseApproval(
    |     ^ (Relevant source part starts here and spans across multiple lines).

Error: Overriding function is missing "override" specifier.
   --> contract.sol:408:5:
    |
408 |     function decreaseApproval(
    |     ^ (Relevant source part starts here and spans across multiple lines).
Note: Overridden function is here:
   --> contract.sol:337:5:
    |
337 |     function decreaseApproval(
    |     ^ (Relevant source part starts here and spans across multiple lines).

Error: Trying to override non-virtual function. Did you forget to add "virtual"?
   --> contract.sol:337:5:
    |
337 |     function decreaseApproval(
    |     ^ (Relevant source part starts here and spans across multiple lines).
Note: Overriding function is here:
   --> contract.sol:408:5:
    |
408 |     function decreaseApproval(
    |     ^ (Relevant source part starts here and spans across multiple lines).

Error: Overriding function is missing "override" specifier.
   --> contract.sol:555:5:
    |
555 |     function transfer(
    |     ^ (Relevant source part starts here and spans across multiple lines).
Note: Overridden function is here:
   --> contract.sol:363:5:
    |
363 |     function transfer(
    |     ^ (Relevant source part starts here and spans across multiple lines).

Error: Trying to override non-virtual function. Did you forget to add "virtual"?
   --> contract.sol:363:5:
    |
363 |     function transfer(
    |     ^ (Relevant source part starts here and spans across multiple lines).
Note: Overriding function is here:
   --> contract.sol:555:5:
    |
555 |     function transfer(
    |     ^ (Relevant source part starts here and spans across multiple lines).

Error: Overriding function is missing "override" specifier.
   --> contract.sol:569:5:
    |
569 |     function transferFrom(
    |     ^ (Relevant source part starts here and spans across multiple lines).
Note: Overridden function is here:
   --> contract.sol:374:5:
    |
374 |     function transferFrom(
    |     ^ (Relevant source part starts here and spans across multiple lines).

Error: Trying to override non-virtual function. Did you forget to add "virtual"?
   --> contract.sol:374:5:
    |
374 |     function transferFrom(
    |     ^ (Relevant source part starts here and spans across multiple lines).
Note: Overriding function is here:
   --> contract.sol:569:5:
    |
569 |     function transferFrom(
    |     ^ (Relevant source part starts here and spans across multiple lines).

Error: Overriding function is missing "override" specifier.
   --> contract.sol:585:5:
    |
585 |     function burn(
    |     ^ (Relevant source part starts here and spans across multiple lines).
Note: Overridden function is here:
   --> contract.sol:462:5:
    |
462 |     function burn(
    |     ^ (Relevant source part starts here and spans across multiple lines).

Error: Trying to override non-virtual function. Did you forget to add "virtual"?
   --> contract.sol:462:5:
    |
462 |     function burn(
    |     ^ (Relevant source part starts here and spans across multiple lines).
Note: Overriding function is here:
   --> contract.sol:585:5:
    |
585 |     function burn(
    |     ^ (Relevant source part starts here and spans across multiple lines).

Error: Overriding function is missing "override" specifier.
   --> contract.sol:596:5:
    |
596 |     function burnFrom(
    |     ^ (Relevant source part starts here and spans across multiple lines).
Note: Overridden function is here:
   --> contract.sol:476:5:
    |
476 |     function burnFrom(
    |     ^ (Relevant source part starts here and spans across multiple lines).

Error: Trying to override non-virtual function. Did you forget to add "virtual"?
   --> contract.sol:476:5:
    |
476 |     function burnFrom(
    |     ^ (Relevant source part starts here and spans across multiple lines).
Note: Overriding function is here:
   --> contract.sol:596:5:
    |
596 |     function burnFrom(
    |     ^ (Relevant source part starts here and spans across multiple lines).


=== applied patch_override_needed ===
=== iter 4 rc=0 ===
Warning: SPDX license identifier not provided in source file. Before publishing, consider adding a comment containing "SPDX-License-Identifier: <SPDX-License>" to each source file. Use "SPDX-License-Identifier: UNLICENSED" for non-open-source code. Please see https://spdx.org for more information.
--> contract.sol


=== full compile rc=1 ===
Warning: SPDX license identifier not provided in source file. Before publishing, consider adding a comment containing "SPDX-License-Identifier: <SPDX-License>" to each source file. Use "SPDX-License-Identifier: UNLICENSED" for non-open-source code. Please see https://spdx.org for more information.
--> contract.sol

Error: Documentation tag @param not valid for public state variables.
   --> contract.sol:612:5:
    |
612 |     /** Token Setting: You are free to change any of these
    |     ^ (Relevant source part starts here and spans across multiple lines).

Error: Documentation tag @param not valid for public state variables.
   --> contract.sol:612:5:
    |
612 |     /** Token Setting: You are free to change any of these
    |     ^ (Relevant source part starts here and spans across multiple lines).

Error: Documentation tag @param not valid for public state variables.
   --> contract.sol:612:5:
    |
612 |     /** Token Setting: You are free to change any of these
    |     ^ (Relevant source part starts here and spans across multiple lines).

Error: Documentation tag @param not valid for public state variables.
   --> contract.sol:612:5:
    |
612 |     /** Token Setting: You are free to change any of these
    |     ^ (Relevant source part starts here and spans across multiple lines).

Error: Contract "ERC20" should be marked as abstract.
   --> contract.sol:173:1:
    |
173 | contract ERC20 {
    | ^ (Relevant source part starts here and spans across multiple lines).
Note: Missing implementation: 
   --> contract.sol:178:5:
    |
178 |     function allowance(address _owner, address _spender)
    |     ^ (Relevant source part starts here and spans across multiple lines).
Note: Missing implementation: 
   --> contract.sol:183:5:
    |
183 |     function approve(address _spender, uint256 _value)
    |     ^ (Relevant source part starts here and spans across multiple lines).
Note: Missing implementation: 
   --> contract.sol:176:5:
    |
176 |     function balanceOf(address _who) public view virtual returns (uint256);
    |     ^^^^^^^^^^^^^^^^^^^^^^^^^^^^^^^^^^^^^^^^^^^^^^^^^^^^^^^^^^^^^^^^^^^^^^^
Note: Missing implementation: 
   --> contract.sol:174:5:
    |
174 |     function totalSupply() public view virtual returns (uint256);
    |     ^^^^^^^^^^^^^^^^^^^^^^^^^^^^^^^^^^^^^^^^^^^^^^^^^^^^^^^^^^^^^
Note: Missing implementation: 
   --> contract.sol:181:5:
    |
181 |     function transfer(address _to, uint256 _value) public virtual returns (bool);
    |     ^^^^^^^^^^^^^^^^^^^^^^^^^^^^^^^^^^^^^^^^^^^^^^^^^^^^^^^^^^^^^^^^^^^^^^^^^^^^^
Note: Missing implementation: 
   --> contract.sol:186:5:
    |
186 |     function transferFrom(address _from, address _to, uint256 _value)
    |     ^ (Relevant source part starts here and spans across multiple lines).

Error: Overriding function is missing "override" specifier.
   --> contract.sol:359:5:
    |
359 |     function transfer(
    |     ^ (Relevant source part starts here and spans across multiple lines).
Note: Overridden function is here:
   --> contract.sol:254:5:
    |
254 |     function transfer(address _to, uint256 _value) public virtual override returns (bool) {
    |     ^ (Relevant source part starts here and spans across multiple lines).

Error: Overriding function is missing "override" specifier.
   --> contract.sol:370:5:
    |
370 |     function transferFrom(
    |     ^ (Relevant source part starts here and spans across multiple lines).
Note: Overridden function is here:
   --> contract.sol:285:5:
    |
285 |     function transferFrom(
    |     ^ (Relevant source part starts here and spans across multiple lines).

Error: Overriding function is missing "override" specifier.
   --> contract.sol:382:5:
    |
382 |     function approve(
    |     ^ (Relevant source part starts here and spans across multiple lines).
Note: Overridden function is here:
   --> contract.sol:273:5:
    |
273 |     function approve(address _spender, uint256 _value) public virtual override returns (bool) {
    |     ^ (Relevant source part starts here and spans across multiple lines).

Error: Overriding function is missing "override" specifier.
   --> contract.sol:393:5:
    |
393 |     function increaseApproval(
    |     ^ (Relevant source part starts here and spans across multiple lines).
Note: Overridden function is here:
   --> contract.sol:311:5:
    |
311 |     function increaseApproval(
    |     ^ (Relevant source part starts here and spans across multiple lines).

Error: Trying to override non-virtual function. Did you forget to add "virtual"?
   --> contract.sol:311:5:
    |
311 |     function increaseApproval(
    |     ^ (Relevant source part starts here and spans across multiple lines).
Note: Overriding function is here:
   --> contract.sol:393:5:
    |
393 |     function increaseApproval(
    |     ^ (Relevant source part starts here and spans across multiple lines).

Error: Overriding function is missing "override" specifier.
   --> contract.sol:404:5:
    |
404 |     function decreaseApproval(
    |     ^ (Relevant source part starts here and spans across multiple lines).
Note: Overridden function is here:
   --> contract.sol:333:5:
    |
333 |     function decreaseApproval(
    |     ^ (Relevant source part starts here and spans across multiple lines).

Error: Trying to override non-virtual function. Did you forget to add "virtual"?
   --> contract.sol:333:5:
    |
333 |     function decreaseApproval(
    |     ^ (Relevant source part starts here and spans across multiple lines).
Note: Overriding function is here:
   --> contract.sol:404:5:
    |
404 |     function decreaseApproval(
    |     ^ (Relevant source part starts here and spans across multiple lines).

Error: Overriding function is missing "override" specifier.
   --> contract.sol:551:5:
    |
551 |     function transfer(
    |     ^ (Relevant source part starts here and spans across multiple lines).
Note: Overridden function is here:
   --> contract.sol:359:5:
    |
359 |     function transfer(
    |     ^ (Relevant source part starts here and spans across multiple lines).

Error: Trying to override non-virtual function. Did you forget to add "virtual"?
   --> contract.sol:359:5:
    |
359 |     function transfer(
    |     ^ (Relevant source part starts here and spans across multiple lines).
Note: Overriding function is here:
   --> contract.sol:551:5:
    |
551 |     function transfer(
    |     ^ (Relevant source part starts here and spans across multiple lines).

Error: Overriding function is missing "override" specifier.
   --> contract.sol:565:5:
    |
565 |     function transferFrom(
    |     ^ (Relevant source part starts here and spans across multiple lines).
Note: Overridden function is here:
   --> contract.sol:370:5:
    |
370 |     function transferFrom(
    |     ^ (Relevant source part starts here and spans across multiple lines).

Error: Trying to override non-virtual function. Did you forget to add "virtual"?
   --> contract.sol:370:5:
    |
370 |     function transferFrom(
    |     ^ (Relevant source part starts here and spans across multiple lines).
Note: Overriding function is here:
   --> contract.sol:565:5:
    |
565 |     function transferFrom(
    |     ^ (Relevant source part starts here and spans across multiple lines).

Error: Overriding function is missing "override" specifier.
   --> contract.sol:581:5:
    |
581 |     function burn(
    |     ^ (Relevant source part starts here and spans across multiple lines).
Note: Overridden function is here:
   --> contract.sol:458:5:
    |
458 |     function burn(
    |     ^ (Relevant source part starts here and spans across multiple lines).

Error: Trying to override non-virtual function. Did you forget to add "virtual"?
   --> contract.sol:458:5:
    |
458 |     function burn(
    |     ^ (Relevant source part starts here and spans across multiple lines).
Note: Overriding function is here:
   --> contract.sol:581:5:
    |
581 |     function burn(
    |     ^ (Relevant source part starts here and spans across multiple lines).

Error: Overriding function is missing "override" specifier.
   --> contract.sol:592:5:
    |
592 |     function burnFrom(
    |     ^ (Relevant source part starts here and spans across multiple lines).
Note: Overridden function is here:
   --> contract.sol:472:5:
    |
472 |     function burnFrom(
    |     ^ (Relevant source part starts here and spans across multiple lines).

Error: Trying to override non-virtual function. Did you forget to add "virtual"?
   --> contract.sol:472:5:
    |
472 |     function burnFrom(
    |     ^ (Relevant source part starts here and spans across multiple lines).
Note: Overriding function is here:
   --> contract.sol:592:5:
    |
592 |     function burnFrom(
    |     ^ (Relevant source part starts here and spans across multiple lines).


=== applied patch_strip_all_natspec ===
=== iter 5 rc=0 ===
Warning: SPDX license identifier not provided in source file. Before publishing, consider adding a comment containing "SPDX-License-Identifier: <SPDX-License>" to each source file. Use "SPDX-License-Identifier: UNLICENSED" for non-open-source code. Please see https://spdx.org for more information.
--> contract.sol


=== full compile rc=1 ===
Warning: SPDX license identifier not provided in source file. Before publishing, consider adding a comment containing "SPDX-License-Identifier: <SPDX-License>" to each source file. Use "SPDX-License-Identifier: UNLICENSED" for non-open-source code. Please see https://spdx.org for more information.
--> contract.sol

Error: Contract "ERC20" should be marked as abstract.
   --> contract.sol:126:1:
    |
126 | contract ERC20 {
    | ^ (Relevant source part starts here and spans across multiple lines).
Note: Missing implementation: 
   --> contract.sol:131:5:
    |
131 |     function allowance(address _owner, address _spender)
    |     ^ (Relevant source part starts here and spans across multiple lines).
Note: Missing implementation: 
   --> contract.sol:136:5:
    |
136 |     function approve(address _spender, uint256 _value)
    |     ^ (Relevant source part starts here and spans across multiple lines).
Note: Missing implementation: 
   --> contract.sol:129:5:
    |
129 |     function balanceOf(address _who) public view virtual returns (uint256);
    |     ^^^^^^^^^^^^^^^^^^^^^^^^^^^^^^^^^^^^^^^^^^^^^^^^^^^^^^^^^^^^^^^^^^^^^^^
Note: Missing implementation: 
   --> contract.sol:127:5:
    |
127 |     function totalSupply() public view virtual returns (uint256);
    |     ^^^^^^^^^^^^^^^^^^^^^^^^^^^^^^^^^^^^^^^^^^^^^^^^^^^^^^^^^^^^^
Note: Missing implementation: 
   --> contract.sol:134:5:
    |
134 |     function transfer(address _to, uint256 _value) public virtual returns (bool);
    |     ^^^^^^^^^^^^^^^^^^^^^^^^^^^^^^^^^^^^^^^^^^^^^^^^^^^^^^^^^^^^^^^^^^^^^^^^^^^^^
Note: Missing implementation: 
   --> contract.sol:139:5:
    |
139 |     function transferFrom(address _from, address _to, uint256 _value)
    |     ^ (Relevant source part starts here and spans across multiple lines).

Error: Overriding function is missing "override" specifier.
   --> contract.sol:259:5:
    |
259 |     function transfer(
    |     ^ (Relevant source part starts here and spans across multiple lines).
Note: Overridden function is here:
   --> contract.sol:186:5:
    |
186 |     function transfer(address _to, uint256 _value) public virtual override returns (bool) {
    |     ^ (Relevant source part starts here and spans across multiple lines).

Error: Overriding function is missing "override" specifier.
   --> contract.sol:270:5:
    |
270 |     function transferFrom(
    |     ^ (Relevant source part starts here and spans across multiple lines).
Note: Overridden function is here:
   --> contract.sol:204:5:
    |
204 |     function transferFrom(
    |     ^ (Relevant source part starts here and spans across multiple lines).

Error: Overriding function is missing "override" specifier.
   --> contract.sol:282:5:
    |
282 |     function approve(
    |     ^ (Relevant source part starts here and spans across multiple lines).
Note: Overridden function is here:
   --> contract.sol:197:5:
    |
197 |     function approve(address _spender, uint256 _value) public virtual override returns (bool) {
    |     ^ (Relevant source part starts here and spans across multiple lines).

Error: Overriding function is missing "override" specifier.
   --> contract.sol:293:5:
    |
293 |     function increaseApproval(
    |     ^ (Relevant source part starts here and spans across multiple lines).
Note: Overridden function is here:
   --> contract.sol:222:5:
    |
222 |     function increaseApproval(
    |     ^ (Relevant source part starts here and spans across multiple lines).

Error: Trying to override non-virtual function. Did you forget to add "virtual"?
   --> contract.sol:222:5:
    |
222 |     function increaseApproval(
    |     ^ (Relevant source part starts here and spans across multiple lines).
Note: Overriding function is here:
   --> contract.sol:293:5:
    |
293 |     function increaseApproval(
    |     ^ (Relevant source part starts here and spans across multiple lines).

Error: Overriding function is missing "override" specifier.
   --> contract.sol:304:5:
    |
304 |     function decreaseApproval(
    |     ^ (Relevant source part starts here and spans across multiple lines).
Note: Overridden function is here:
   --> contract.sol:236:5:
    |
236 |     function decreaseApproval(
    |     ^ (Relevant source part starts here and spans across multiple lines).

Error: Trying to override non-virtual function. Did you forget to add "virtual"?
   --> contract.sol:236:5:
    |
236 |     function decreaseApproval(
    |     ^ (Relevant source part starts here and spans across multiple lines).
Note: Overriding function is here:
   --> contract.sol:304:5:
    |
304 |     function decreaseApproval(
    |     ^ (Relevant source part starts here and spans across multiple lines).

Error: Overriding function is missing "override" specifier.
   --> contract.sol:441:5:
    |
441 |     function transfer(
    |     ^ (Relevant source part starts here and spans across multiple lines).
Note: Overridden function is here:
   --> contract.sol:259:5:
    |
259 |     function transfer(
    |     ^ (Relevant source part starts here and spans across multiple lines).

Error: Trying to override non-virtual function. Did you forget to add "virtual"?
   --> contract.sol:259:5:
    |
259 |     function transfer(
    |     ^ (Relevant source part starts here and spans across multiple lines).
Note: Overriding function is here:
   --> contract.sol:441:5:
    |
441 |     function transfer(
    |     ^ (Relevant source part starts here and spans across multiple lines).

Error: Overriding function is missing "override" specifier.
   --> contract.sol:455:5:
    |
455 |     function transferFrom(
    |     ^ (Relevant source part starts here and spans across multiple lines).
Note: Overridden function is here:
   --> contract.sol:270:5:
    |
270 |     function transferFrom(
    |     ^ (Relevant source part starts here and spans across multiple lines).

Error: Trying to override non-virtual function. Did you forget to add "virtual"?
   --> contract.sol:270:5:
    |
270 |     function transferFrom(
    |     ^ (Relevant source part starts here and spans across multiple lines).
Note: Overriding function is here:
   --> contract.sol:455:5:
    |
455 |     function transferFrom(
    |     ^ (Relevant source part starts here and spans across multiple lines).

Error: Overriding function is missing "override" specifier.
   --> contract.sol:471:5:
    |
471 |     function burn(
    |     ^ (Relevant source part starts here and spans across multiple lines).
Note: Overridden function is here:
   --> contract.sol:352:5:
    |
352 |     function burn(
    |     ^ (Relevant source part starts here and spans across multiple lines).

Error: Trying to override non-virtual function. Did you forget to add "virtual"?
   --> contract.sol:352:5:
    |
352 |     function burn(
    |     ^ (Relevant source part starts here and spans across multiple lines).
Note: Overriding function is here:
   --> contract.sol:471:5:
    |
471 |     function burn(
    |     ^ (Relevant source part starts here and spans across multiple lines).

Error: Overriding function is missing "override" specifier.
   --> contract.sol:482:5:
    |
482 |     function burnFrom(
    |     ^ (Relevant source part starts here and spans across multiple lines).
Note: Overridden function is here:
   --> contract.sol:362:5:
    |
362 |     function burnFrom(
    |     ^ (Relevant source part starts here and spans across multiple lines).

Error: Trying to override non-virtual function. Did you forget to add "virtual"?
   --> contract.sol:362:5:
    |
362 |     function burnFrom(
    |     ^ (Relevant source part starts here and spans across multiple lines).
Note: Overriding function is here:
   --> contract.sol:482:5:
    |
482 |     function burnFrom(
    |     ^ (Relevant source part starts here and spans across multiple lines).


=== applied patch_mark_abstract ===
=== iter 6 rc=0 ===
Warning: SPDX license identifier not provided in source file. Before publishing, consider adding a comment containing "SPDX-License-Identifier: <SPDX-License>" to each source file. Use "SPDX-License-Identifier: UNLICENSED" for non-open-source code. Please see https://spdx.org for more information.
--> contract.sol


=== full compile rc=1 ===
Warning: SPDX license identifier not provided in source file. Before publishing, consider adding a comment containing "SPDX-License-Identifier: <SPDX-License>" to each source file. Use "SPDX-License-Identifier: UNLICENSED" for non-open-source code. Please see https://spdx.org for more information.
--> contract.sol

Error: Overriding function is missing "override" specifier.
   --> contract.sol:259:5:
    |
259 |     function transfer(
    |     ^ (Relevant source part starts here and spans across multiple lines).
Note: Overridden function is here:
   --> contract.sol:186:5:
    |
186 |     function transfer(address _to, uint256 _value) public virtual override returns (bool) {
    |     ^ (Relevant source part starts here and spans across multiple lines).

Error: Overriding function is missing "override" specifier.
   --> contract.sol:270:5:
    |
270 |     function transferFrom(
    |     ^ (Relevant source part starts here and spans across multiple lines).
Note: Overridden function is here:
   --> contract.sol:204:5:
    |
204 |     function transferFrom(
    |     ^ (Relevant source part starts here and spans across multiple lines).

Error: Overriding function is missing "override" specifier.
   --> contract.sol:282:5:
    |
282 |     function approve(
    |     ^ (Relevant source part starts here and spans across multiple lines).
Note: Overridden function is here:
   --> contract.sol:197:5:
    |
197 |     function approve(address _spender, uint256 _value) public virtual override returns (bool) {
    |     ^ (Relevant source part starts here and spans across multiple lines).

Error: Overriding function is missing "override" specifier.
   --> contract.sol:293:5:
    |
293 |     function increaseApproval(
    |     ^ (Relevant source part starts here and spans across multiple lines).
Note: Overridden function is here:
   --> contract.sol:222:5:
    |
222 |     function increaseApproval(
    |     ^ (Relevant source part starts here and spans across multiple lines).

Error: Trying to override non-virtual function. Did you forget to add "virtual"?
   --> contract.sol:222:5:
    |
222 |     function increaseApproval(
    |     ^ (Relevant source part starts here and spans across multiple lines).
Note: Overriding function is here:
   --> contract.sol:293:5:
    |
293 |     function increaseApproval(
    |     ^ (Relevant source part starts here and spans across multiple lines).

Error: Overriding function is missing "override" specifier.
   --> contract.sol:304:5:
    |
304 |     function decreaseApproval(
    |     ^ (Relevant source part starts here and spans across multiple lines).
Note: Overridden function is here:
   --> contract.sol:236:5:
    |
236 |     function decreaseApproval(
    |     ^ (Relevant source part starts here and spans across multiple lines).

Error: Trying to override non-virtual function. Did you forget to add "virtual"?
   --> contract.sol:236:5:
    |
236 |     function decreaseApproval(
    |     ^ (Relevant source part starts here and spans across multiple lines).
Note: Overriding function is here:
   --> contract.sol:304:5:
    |
304 |     function decreaseApproval(
    |     ^ (Relevant source part starts here and spans across multiple lines).

Error: Overriding function is missing "override" specifier.
   --> contract.sol:441:5:
    |
441 |     function transfer(
    |     ^ (Relevant source part starts here and spans across multiple lines).
Note: Overridden function is here:
   --> contract.sol:259:5:
    |
259 |     function transfer(
    |     ^ (Relevant source part starts here and spans across multiple lines).

Error: Trying to override non-virtual function. Did you forget to add "virtual"?
   --> contract.sol:259:5:
    |
259 |     function transfer(
    |     ^ (Relevant source part starts here and spans across multiple lines).
Note: Overriding function is here:
   --> contract.sol:441:5:
    |
441 |     function transfer(
    |     ^ (Relevant source part starts here and spans across multiple lines).

Error: Overriding function is missing "override" specifier.
   --> contract.sol:455:5:
    |
455 |     function transferFrom(
    |     ^ (Relevant source part starts here and spans across multiple lines).
Note: Overridden function is here:
   --> contract.sol:270:5:
    |
270 |     function transferFrom(
    |     ^ (Relevant source part starts here and spans across multiple lines).

Error: Trying to override non-virtual function. Did you forget to add "virtual"?
   --> contract.sol:270:5:
    |
270 |     function transferFrom(
    |     ^ (Relevant source part starts here and spans across multiple lines).
Note: Overriding function is here:
   --> contract.sol:455:5:
    |
455 |     function transferFrom(
    |     ^ (Relevant source part starts here and spans across multiple lines).

Error: Overriding function is missing "override" specifier.
   --> contract.sol:471:5:
    |
471 |     function burn(
    |     ^ (Relevant source part starts here and spans across multiple lines).
Note: Overridden function is here:
   --> contract.sol:352:5:
    |
352 |     function burn(
    |     ^ (Relevant source part starts here and spans across multiple lines).

Error: Trying to override non-virtual function. Did you forget to add "virtual"?
   --> contract.sol:352:5:
    |
352 |     function burn(
    |     ^ (Relevant source part starts here and spans across multiple lines).
Note: Overriding function is here:
   --> contract.sol:471:5:
    |
471 |     function burn(
    |     ^ (Relevant source part starts here and spans across multiple lines).

Error: Overriding function is missing "override" specifier.
   --> contract.sol:482:5:
    |
482 |     function burnFrom(
    |     ^ (Relevant source part starts here and spans across multiple lines).
Note: Overridden function is here:
   --> contract.sol:362:5:
    |
362 |     function burnFrom(
    |     ^ (Relevant source part starts here and spans across multiple lines).

Error: Trying to override non-virtual function. Did you forget to add "virtual"?
   --> contract.sol:362:5:
    |
362 |     function burnFrom(
    |     ^ (Relevant source part starts here and spans across multiple lines).
Note: Overriding function is here:
   --> contract.sol:482:5:
    |
482 |     function burnFrom(
    |     ^ (Relevant source part starts here and spans across multiple lines).


=== no rule matched ===
