=== iter 0 rc=0 ===
Warning: SPDX license identifier not provided in source file. Before publishing, consider adding a comment containing "SPDX-License-Identifier: <SPDX-License>" to each source file. Use "SPDX-License-Identifier: UNLICENSED" for non-open-source code. Please see https://spdx.org for more information.
--> contract.sol


=== full compile rc=1 ===
Warning: SPDX license identifier not provided in source file. Before publishing, consider adding a comment containing "SPDX-License-Identifier: <SPDX-License>" to each source file. Use "SPDX-License-Identifier: UNLICENSED" for non-open-source code. Please see https://spdx.org for more information.
--> contract.sol

Warning: This declaration shadows an existing declaration.
  --> contract.sol:99:18:
   |
99 |     constructor (string memory name, string memory symbol, uint8 decimals) public {
   |                  ^^^^^^^^^^^^^^^^^^
Note: The shadowed declaration is here:
   --> contract.sol:108:5:
    |
108 |     function name() public view returns (string memory) {
    |     ^ (Relevant source part starts here and spans across multiple lines).

Warning: This declaration shadows an existing declaration.
  --> contract.sol:99:38:
   |
99 |     constructor (string memory name, string memory symbol, uint8 decimals) public {
   |                                      ^^^^^^^^^^^^^^^^^^^^
Note: The shadowed declaration is here:
   --> contract.sol:116:5:
    |
116 |     function symbol() public view returns (string memory) {
    |     ^ (Relevant source part starts here and spans across multiple lines).

Warning: This declaration shadows an existing declaration.
  --> contract.sol:99:60:
   |
99 |     constructor (string memory name, string memory symbol, uint8 decimals) public {
   |                                                            ^^^^^^^^^^^^^^
Note: The shadowed declaration is here:
   --> contract.sol:132:5:
    |
132 |     function decimals() public view returns (uint8) {
    |     ^ (Relevant source part starts here and spans across multiple lines).

Error: Contract "ERC20Detailed" should be marked as abstract.
  --> contract.sol:89:1:
   |
89 | contract ERC20Detailed is IERC20 {
   | ^ (Relevant source part starts here and spans across multiple lines).
Note: Missing implementation: 
  --> contract.sol:37:5:
   |
37 |     function allowance(address owner, address spender) external view returns (uint256);
   |     ^^^^^^^^^^^^^^^^^^^^^^^^^^^^^^^^^^^^^^^^^^^^^^^^^^^^^^^^^^^^^^^^^^^^^^^^^^^^^^^^^^^
Note: Missing implementation: 
  --> contract.sol:53:5:
   |
53 |     function approve(address spender, uint256 amount) external returns (bool);
   |     ^^^^^^^^^^^^^^^^^^^^^^^^^^^^^^^^^^^^^^^^^^^^^^^^^^^^^^^^^^^^^^^^^^^^^^^^^^
Note: Missing implementation: 
  --> contract.sol:19:5:
   |
19 |     function balanceOf(address account) external view returns (uint256);
   |     ^^^^^^^^^^^^^^^^^^^^^^^^^^^^^^^^^^^^^^^^^^^^^^^^^^^^^^^^^^^^^^^^^^^^
Note: Missing implementation: 
  --> contract.sol:14:5:
   |
14 |     function totalSupply() external view returns (uint256);
   |     ^^^^^^^^^^^^^^^^^^^^^^^^^^^^^^^^^^^^^^^^^^^^^^^^^^^^^^^
Note: Missing implementation: 
  --> contract.sol:28:5:
   |
28 |     function transfer(address recipient, uint256 amount) external returns (bool);
   |     ^^^^^^^^^^^^^^^^^^^^^^^^^^^^^^^^^^^^^^^^^^^^^^^^^^^^^^^^^^^^^^^^^^^^^^^^^^^^^
Note: Missing implementation: 
  --> contract.sol:64:5:
   |
64 |     function transferFrom(address sender, address recipient, uint256 amount) external returns (bool);
   |     ^^^^^^^^^^^^^^^^^^^^^^^^^^^^^^^^^^^^^^^^^^^^^^^^^^^^^^^^^^^^^^^^^^^^^^^^^^^^^^^^^^^^^^^^^^^^^^^^^

Error: Overriding function is missing "override" specifier.
   --> contract.sol:778:5:
    |
778 |     function _burn(address account, uint256 value) internal onlyOwner {
    |     ^ (Relevant source part starts here and spans across multiple lines).
Note: Overridden function is here:
   --> contract.sol:436:5:
    |
436 |     function _burn(address account, uint256 value) internal {
    |     ^ (Relevant source part starts here and spans across multiple lines).

Error: Trying to override non-virtual function. Did you forget to add "virtual"?
   --> contract.sol:436:5:
    |
436 |     function _burn(address account, uint256 value) internal {
    |     ^ (Relevant source part starts here and spans across multiple lines).
Note: Overriding function is here:
   --> contract.sol:778:5:
    |
778 |     function _burn(address account, uint256 value) internal onlyOwner {
    |     ^ (Relevant source part starts here and spans across multiple lines).

Error: Overriding function is missing "override" specifier.
   --> contract.sol:778:5:
    |
778 |     function _burn(address account, uint256 value) internal onlyOwner {
    |     ^ (Relevant source part starts here and spans across multiple lines).
Note: Overridden function is here:
   --> contract.sol:436:5:
    |
436 |     function _burn(address account, uint256 value) internal {
    |     ^ (Relevant source part starts here and spans across multiple lines).

Error: Trying to override non-virtual function. Did you forget to add "virtual"?
   --> contract.sol:436:5:
    |
436 |     function _burn(address account, uint256 value) internal {
    |     ^ (Relevant source part starts here and spans across multiple lines).
Note: Overriding function is here:
   --> contract.sol:778:5:
    |
778 |     function _burn(address account, uint256 value) internal onlyOwner {
    |     ^ (Relevant source part starts here and spans across multiple lines).

Warning: Visibility for constructor is ignored. If you want the contract to be non-deployable, making it "abstract" is sufficient.
  --> contract.sol:99:5:
   |
99 |     constructor (string memory name, string memory symbol, uint8 decimals) public {
   |     ^ (Relevant source part starts here and spans across multiple lines).

Error: Non-abstract contracts cannot have internal constructors. Remove the "internal" keyword and make the contract abstract to fix this.
   --> contract.sol:546:5:
    |
546 |     constructor () internal {
    |     ^ (Relevant source part starts here and spans across multiple lines).

Warning: Visibility for constructor is ignored. If you want the contract to be non-deployable, making it "abstract" is sufficient.
   --> contract.sol:766:5:
    |
766 |     constructor()
    |     ^ (Relevant source part starts here and spans across multiple lines).


=== applied patch_internal_ctor ===
=== iter 1 rc=0 ===
Warning: SPDX license identifier not provided in source file. Before publishing, consider adding a comment containing "SPDX-License-Identifier: <SPDX-License>" to each source file. Use "SPDX-License-Identifier: UNLICENSED" for non-open-source code. Please see https://spdx.org for more information.
--> contract.sol


=== full compile rc=1 ===
Warning: SPDX license identifier not provided in source file. Before publishing, consider adding a comment containing "SPDX-License-Identifier: <SPDX-License>" to each source file. Use "SPDX-License-Identifier: UNLICENSED" for non-open-source code. Please see https://spdx.org for more information.
--> contract.sol

Warning: This declaration shadows an existing declaration.
  --> contract.sol:99:18:
   |
99 |     constructor (string memory name, string memory symbol, uint8 decimals) public {
   |                  ^^^^^^^^^^^^^^^^^^
Note: The shadowed declaration is here:
   --> contract.sol:108:5:
    |
108 |     function name() public view returns (string memory) {
    |     ^ (Relevant source part starts here and spans across multiple lines).

Warning: This declaration shadows an existing declaration.
  --> contract.sol:99:38:
   |
99 |     constructor (string memory name, string memory symbol, uint8 decimals) public {
   |                                      ^^^^^^^^^^^^^^^^^^^^
Note: The shadowed declaration is here:
   --> contract.sol:116:5:
    |
116 |     function symbol() public view returns (string memory) {
    |     ^ (Relevant source part starts here and spans across multiple lines).

Warning: This declaration shadows an existing declaration.
  --> contract.sol:99:60:
   |
99 |     constructor (string memory name, string memory symbol, uint8 decimals) public {
   |                                                            ^^^^^^^^^^^^^^
Note: The shadowed declaration is here:
   --> contract.sol:132:5:
    |
132 |     function decimals() public view returns (uint8) {
    |     ^ (Relevant source part starts here and spans across multiple lines).

Error: Contract "ERC20Detailed" should be marked as abstract.
  --> contract.sol:89:1:
   |
89 | contract ERC20Detailed is IERC20 {
   | ^ (Relevant source part starts here and spans across multiple lines).
Note: Missing implementation: 
  --> contract.sol:37:5:
   |
37 |     function allowance(address owner, address spender) external view returns (uint256);
   |     ^^^^^^^^^^^^^^^^^^^^^^^^^^^^^^^^^^^^^^^^^^^^^^^^^^^^^^^^^^^^^^^^^^^^^^^^^^^^^^^^^^^
Note: Missing implementation: 
  --> contract.sol:53:5:
   |
53 |     function approve(address spender, uint256 amount) external returns (bool);
   |     ^^^^^^^^^^^^^^^^^^^^^^^^^^^^^^^^^^^^^^^^^^^^^^^^^^^^^^^^^^^^^^^^^^^^^^^^^^
Note: Missing implementation: 
  --> contract.sol:19:5:
   |
19 |     function balanceOf(address account) external view returns (uint256);
   |     ^^^^^^^^^^^^^^^^^^^^^^^^^^^^^^^^^^^^^^^^^^^^^^^^^^^^^^^^^^^^^^^^^^^^
Note: Missing implementation: 
  --> contract.sol:14:5:
   |
14 |     function totalSupply() external view returns (uint256);
   |     ^^^^^^^^^^^^^^^^^^^^^^^^^^^^^^^^^^^^^^^^^^^^^^^^^^^^^^^
Note: Missing implementation: 
  --> contract.sol:28:5:
   |
28 |     function transfer(address recipient, uint256 amount) external returns (bool);
   |     ^^^^^^^^^^^^^^^^^^^^^^^^^^^^^^^^^^^^^^^^^^^^^^^^^^^^^^^^^^^^^^^^^^^^^^^^^^^^^
Note: Missing implementation: 
  --> contract.sol:64:5:
   |
64 |     function transferFrom(address sender, address recipient, uint256 amount) external returns (bool);
   |     ^^^^^^^^^^^^^^^^^^^^^^^^^^^^^^^^^^^^^^^^^^^^^^^^^^^^^^^^^^^^^^^^^^^^^^^^^^^^^^^^^^^^^^^^^^^^^^^^^

Error: Overriding function is missing "override" specifier.
   --> contract.sol:778:5:
    |
778 |     function _burn(address account, uint256 value) internal onlyOwner {
    |     ^ (Relevant source part starts here and spans across multiple lines).
Note: Overridden function is here:
   --> contract.sol:436:5:
    |
436 |     function _burn(address account, uint256 value) internal {
    |     ^ (Relevant source part starts here and spans across multiple lines).

Error: Trying to override non-virtual function. Did you forget to add "virtual"?
   --> contract.sol:436:5:
    |
436 |     function _burn(address account, uint256 value) internal {
    |     ^ (Relevant source part starts here and spans across multiple lines).
Note: Overriding function is here:
   --> contract.sol:778:5:
    |
778 |     function _burn(address account, uint256 value) internal onlyOwner {
    |     ^ (Relevant source part starts here and spans across multiple lines).

Error: Overriding function is missing "override" specifier.
   --> contract.sol:778:5:
    |
778 |     function _burn(address account, uint256 value) internal onlyOwner {
    |     ^ (Relevant source part starts here and spans across multiple lines).
Note: Overridden function is here:
   --> contract.sol:436:5:
    |
436 |     function _burn(address account, uint256 value) internal {
    |     ^ (Relevant source part starts here and spans across multiple lines).

Error: Trying to override non-virtual function. Did you forget to add "virtual"?
   --> contract.sol:436:5:
    |
436 |     function _burn(address account, uint256 value) internal {
    |     ^ (Relevant source part starts here and spans across multiple lines).
Note: Overriding function is here:
   --> contract.sol:778:5:
    |
778 |     function _burn(address account, uint256 value) internal onlyOwner {
    |     ^ (Relevant source part starts here and spans across multiple lines).

Warning: Visibility for constructor is ignored. If you want the contract to be non-deployable, making it "abstract" is sufficient.
  --> contract.sol:99:5:
   |
99 |     constructor (string memory name, string memory symbol, uint8 decimals) public {
   |     ^ (Relevant source part starts here and spans across multiple lines).

Warning: Visibility for constructor is ignored. If you want the contract to be non-deployable, making it "abstract" is sufficient.
   --> contract.sol:766:5:
    |
766 |     constructor()
    |     ^ (Relevant source part starts here and spans across multiple lines).


=== applied patch_drop_ctor_visibility ===
=== iter 2 rc=0 ===
Warning: SPDX license identifier not provided in source file. Before publishing, consider adding a comment containing "SPDX-License-Identifier: <SPDX-License>" to each source file. Use "SPDX-License-Identifier: UNLICENSED" for non-open-source code. Please see https://spdx.org for more information.
--> contract.sol


=== full compile rc=1 ===
Warning: SPDX license identifier not provided in source file. Before publishing, consider adding a comment containing "SPDX-License-Identifier: <SPDX-License>" to each source file. Use "SPDX-License-Identifier: UNLICENSED" for non-open-source code. Please see https://spdx.org for more information.
--> contract.sol

Warning: This declaration shadows an existing declaration.
  --> contract.sol:99:18:
   |
99 |     constructor (string memory name, string memory symbol, uint8 decimals) {
   |                  ^^^^^^^^^^^^^^^^^^
Note: The shadowed declaration is here:
   --> contract.sol:108:5:
    |
108 |     function name() public view returns (string memory) {
    |     ^ (Relevant source part starts here and spans across multiple lines).

Warning: This declaration shadows an existing declaration.
  --> contract.sol:99:38:
   |
99 |     constructor (string memory name, string memory symbol, uint8 decimals) {
   |                                      ^^^^^^^^^^^^^^^^^^^^
Note: The shadowed declaration is here:
   --> contract.sol:116:5:
    |
116 |     function symbol() public view returns (string memory) {
    |     ^ (Relevant source part starts here and spans across multiple lines).

Warning: This declaration shadows an existing declaration.
  --> contract.sol:99:60:
   |
99 |     constructor (string memory name, string memory symbol, uint8 decimals) {
   |                                                            ^^^^^^^^^^^^^^
Note: The shadowed declaration is here:
   --> contract.sol:132:5:
    |
132 |     function decimals() public view returns (uint8) {
    |     ^ (Relevant source part starts here and spans across multiple lines).

Error: Contract "ERC20Detailed" should be marked as abstract.
  --> contract.sol:89:1:
   |
89 | contract ERC20Detailed is IERC20 {
   | ^ (Relevant source part starts here and spans across multiple lines).
Note: Missing implementation: 
  --> contract.sol:37:5:
   |
37 |     function allowance(address owner, address spender) external view returns (uint256);
   |     ^^^^^^^^^^^^^^^^^^^^^^^^^^^^^^^^^^^^^^^^^^^^^^^^^^^^^^^^^^^^^^^^^^^^^^^^^^^^^^^^^^^
Note: Missing implementation: 
  --> contract.sol:53:5:
   |
53 |     function approve(address spender, uint256 amount) external returns (bool);
   |     ^^^^^^^^^^^^^^^^^^^^^^^^^^^^^^^^^^^^^^^^^^^^^^^^^^^^^^^^^^^^^^^^^^^^^^^^^^
Note: Missing implementation: 
  --> contract.sol:19:5:
   |
19 |     function balanceOf(address account) external view returns (uint256);
   |     ^^^^^^^^^^^^^^^^^^^^^^^^^^^^^^^^^^^^^^^^^^^^^^^^^^^^^^^^^^^^^^^^^^^^
Note: Missing implementation: 
  --> contract.sol:14:5:
   |
14 |     function totalSupply() external view returns (uint256);
   |     ^^^^^^^^^^^^^^^^^^^^^^^^^^^^^^^^^^^^^^^^^^^^^^^^^^^^^^^
Note: Missing implementation: 
  --> contract.sol:28:5:
   |
28 |     function transfer(address recipient, uint256 amount) external returns (bool);
   |     ^^^^^^^^^^^^^^^^^^^^^^^^^^^^^^^^^^^^^^^^^^^^^^^^^^^^^^^^^^^^^^^^^^^^^^^^^^^^^
Note: Missing implementation: 
  --> contract.sol:64:5:
   |
64 |     function transferFrom(address sender, address recipient, uint256 amount) external returns (bool);
   |     ^^^^^^^^^^^^^^^^^^^^^^^^^^^^^^^^^^^^^^^^^^^^^^^^^^^^^^^^^^^^^^^^^^^^^^^^^^^^^^^^^^^^^^^^^^^^^^^^^

Error: Overriding function is missing "override" specifier.
   --> contract.sol:778:5:
    |
778 |     function _burn(address account, uint256 value) internal onlyOwner {
    |     ^ (Relevant source part starts here and spans across multiple lines).
Note: Overridden function is here:
   --> contract.sol:436:5:
    |
436 |     function _burn(address account, uint256 value) internal {
    |     ^ (Relevant source part starts here and spans across multiple lines).

Error: Trying to override non-virtual function. Did you forget to add "virtual"?
   --> contract.sol:436:5:
    |
436 |     function _burn(address account, uint256 value) internal {
    |     ^ (Relevant source part starts here and spans across multiple lines).
Note: Overriding function is here:
   --> contract.sol:778:5:
    |
778 |     function _burn(address account, uint256 value) internal onlyOwner {
    |     ^ (Relevant source part starts here and spans across multiple lines).

Error: Overriding function is missing "override" specifier.
   --> contract.sol:778:5:
    |
778 |     function _burn(address account, uint256 value) internal onlyOwner {
    |     ^ (Relevant source part starts here and spans across multiple lines).
Note: Overridden function is here:
   --> contract.sol:436:5:
    |
436 |     function _burn(address account, uint256 value) internal {
    |     ^ (Relevant source part starts here and spans across multiple lines).

Error: Trying to override non-virtual function. Did you forget to add "virtual"?
   --> contract.sol:436:5:
    |
436 |     function _burn(address account, uint256 value) internal {
    |     ^ (Relevant source part starts here and spans across multiple lines).
Note: Overriding function is here:
   --> contract.sol:778:5:
    |
778 |     function _burn(address account, uint256 value) internal onlyOwner {
    |     ^ (Relevant source part starts here and spans across multiple lines).

Warning: Visibility for constructor is ignored. If you want the contract to be non-deployable, making it "abstract" is sufficient.
   --> contract.sol:766:5:
    |
766 |     constructor()
    |     ^ (Relevant source part starts here and spans across multiple lines).


=== applied patch_override_needed ===
=== iter 3 rc=0 ===
Warning: SPDX license identifier not provided in source file. Before publishing, consider adding a comment containing "SPDX-License-Identifier: <SPDX-License>" to each source file. Use "SPDX-License-Identifier: UNLICENSED" for non-open-source code. Please see https://spdx.org for more information.
--> contract.sol


=== full compile rc=1 ===
Warning: SPDX license identifier not provided in source file. Before publishing, consider adding a comment containing "SPDX-License-Identifier: <SPDX-License>" to each source file. Use "SPDX-License-Identifier: UNLICENSED" for non-open-source code. Please see https://spdx.org for more information.
--> contract.sol

Warning: This declaration shadows an existing declaration.
  --> contract.sol:99:18:
   |
99 |     constructor (string memory name, string memory symbol, uint8 decimals) {
   |                  ^^^^^^^^^^^^^^^^^^
Note: The shadowed declaration is here:
   --> contract.sol:108:5:
    |
108 |     function name() public view virtual override returns (string memory) {
    |     ^ (Relevant source part starts here and spans across multiple lines).

Warning: This declaration shadows an existing declaration.
  --> contract.sol:99:38:
   |
99 |     constructor (string memory name, string memory symbol, uint8 decimals) {
   |                                      ^^^^^^^^^^^^^^^^^^^^
Note: The shadowed declaration is here:
   --> contract.sol:116:5:
    |
116 |     function symbol() public view virtual override returns (string memory) {
    |     ^ (Relevant source part starts here and spans across multiple lines).

Warning: This declaration shadows an existing declaration.
  --> contract.sol:99:60:
   |
99 |     constructor (string memory name, string memory symbol, uint8 decimals) {
   |                                                            ^^^^^^^^^^^^^^
Note: The shadowed declaration is here:
   --> contract.sol:132:5:
    |
132 |     function decimals() public view virtual override returns (uint8) {
    |     ^ (Relevant source part starts here and spans across multiple lines).

Error: Function has override specified but does not override anything.
   --> contract.sol:108:41:
    |
108 |     function name() public view virtual override returns (string memory) {
    |                                         ^^^^^^^^

Error: Function has override specified but does not override anything.
   --> contract.sol:116:43:
    |
116 |     function symbol() public view virtual override returns (string memory) {
    |                                           ^^^^^^^^

Error: Function has override specified but does not override anything.
   --> contract.sol:132:45:
    |
132 |     function decimals() public view virtual override returns (uint8) {
    |                                             ^^^^^^^^

Error: Contract "ERC20Detailed" should be marked as abstract.
  --> contract.sol:89:1:
   |
89 | contract ERC20Detailed is IERC20 {
   | ^ (Relevant source part starts here and spans across multiple lines).
Note: Missing implementation: 
  --> contract.sol:37:5:
   |
37 |     function allowance(address owner, address spender) external view returns (uint256);
   |     ^^^^^^^^^^^^^^^^^^^^^^^^^^^^^^^^^^^^^^^^^^^^^^^^^^^^^^^^^^^^^^^^^^^^^^^^^^^^^^^^^^^
Note: Missing implementation: 
  --> contract.sol:53:5:
   |
53 |     function approve(address spender, uint256 amount) external returns (bool);
   |     ^^^^^^^^^^^^^^^^^^^^^^^^^^^^^^^^^^^^^^^^^^^^^^^^^^^^^^^^^^^^^^^^^^^^^^^^^^
Note: Missing implementation: 
  --> contract.sol:19:5:
   |
19 |     function balanceOf(address account) external view returns (uint256);
   |     ^^^^^^^^^^^^^^^^^^^^^^^^^^^^^^^^^^^^^^^^^^^^^^^^^^^^^^^^^^^^^^^^^^^^
Note: Missing implementation: 
  --> contract.sol:14:5:
   |
14 |     function totalSupply() external view returns (uint256);
   |     ^^^^^^^^^^^^^^^^^^^^^^^^^^^^^^^^^^^^^^^^^^^^^^^^^^^^^^^
Note: Missing implementation: 
  --> contract.sol:28:5:
   |
28 |     function transfer(address recipient, uint256 amount) external returns (bool);
   |     ^^^^^^^^^^^^^^^^^^^^^^^^^^^^^^^^^^^^^^^^^^^^^^^^^^^^^^^^^^^^^^^^^^^^^^^^^^^^^
Note: Missing implementation: 
  --> contract.sol:64:5:
   |
64 |     function transferFrom(address sender, address recipient, uint256 amount) external returns (bool);
   |     ^^^^^^^^^^^^^^^^^^^^^^^^^^^^^^^^^^^^^^^^^^^^^^^^^^^^^^^^^^^^^^^^^^^^^^^^^^^^^^^^^^^^^^^^^^^^^^^^^

Error: Function has override specified but does not override anything.
   --> contract.sol:361:84:
    |
361 |     function increaseAllowance(address spender, uint256 addedValue) public virtual override returns (bool) {
    |                                                                                    ^^^^^^^^

Error: Function has override specified but does not override anything.
   --> contract.sol:380:89:
    |
380 |     function decreaseAllowance(address spender, uint256 subtractedValue) public virtual override returns (bool) {
    |                                                                                         ^^^^^^^^

Error: Function has override specified but does not override anything.
   --> contract.sol:399:92:
    |
399 |     function _transfer(address sender, address recipient, uint256 amount) internal virtual override {
    |                                                                                            ^^^^^^^^

Error: Function has override specified but does not override anything.
   --> contract.sol:417:70:
    |
417 |     function _mint(address account, uint256 amount) internal virtual override {
    |                                                                      ^^^^^^^^

Error: Function has override specified but does not override anything.
   --> contract.sol:436:69:
    |
436 |     function _burn(address account, uint256 value) internal virtual override {
    |                                                                     ^^^^^^^^

Error: Function has override specified but does not override anything.
   --> contract.sol:457:87:
    |
457 |     function _approve(address owner, address spender, uint256 value) internal virtual override {
    |                                                                                       ^^^^^^^^

Error: Overriding function is missing "override" specifier.
   --> contract.sol:778:5:
    |
778 |     function _burn(address account, uint256 value) internal onlyOwner {
    |     ^ (Relevant source part starts here and spans across multiple lines).
Note: Overridden function is here:
   --> contract.sol:436:5:
    |
436 |     function _burn(address account, uint256 value) internal virtual override {
    |     ^ (Relevant source part starts here and spans across multiple lines).

Error: Overriding function is missing "override" specifier.
   --> contract.sol:778:5:
    |
778 |     function _burn(address account, uint256 value) internal onlyOwner {
    |     ^ (Relevant source part starts here and spans across multiple lines).
Note: Overridden function is here:
   --> contract.sol:436:5:
    |
436 |     function _burn(address account, uint256 value) internal virtual override {
    |     ^ (Relevant source part starts here and spans across multiple lines).

Warning: Visibility for constructor is ignored. If you want the contract to be non-deployable, making it "abstract" is sufficient.
   --> contract.sol:766:5:
    |
766 |     constructor()
    |     ^ (Relevant source part starts here and spans across multiple lines).


=== applied patch_remove_bogus_override ===
=== iter 4 rc=0 ===
Warning: SPDX license identifier not provided in source file. Before publishing, consider adding a comment containing "SPDX-License-Identifier: <SPDX-License>" to each source file. Use "SPDX-License-Identifier: UNLICENSED" for non-open-source code. Please see https://spdx.org for more information.
--> contract.sol


=== full compile rc=1 ===
Warning: SPDX license identifier not provided in source file. Before publishing, consider adding a comment containing "SPDX-License-Identifier: <SPDX-License>" to each source file. Use "SPDX-License-Identifier: UNLICENSED" for non-open-source code. Please see https://spdx.org for more information.
--> contract.sol

Warning: This declaration shadows an existing declaration.
  --> contract.sol:99:18:
   |
99 |     constructor (string memory name, string memory symbol, uint8 decimals) {
   |                  ^^^^^^^^^^^^^^^^^^
Note: The shadowed declaration is here:
   --> contract.sol:108:5:
    |
108 |     function name() public view virtual returns (string memory) {
    |     ^ (Relevant source part starts here and spans across multiple lines).

Warning: This declaration shadows an existing declaration.
  --> contract.sol:99:38:
   |
99 |     constructor (string memory name, string memory symbol, uint8 decimals) {
   |                                      ^^^^^^^^^^^^^^^^^^^^
Note: The shadowed declaration is here:
   --> contract.sol:116:5:
    |
116 |     function symbol() public view virtual returns (string memory) {
    |     ^ (Relevant source part starts here and spans across multiple lines).

Warning: This declaration shadows an existing declaration.
  --> contract.sol:99:60:
   |
99 |     constructor (string memory name, string memory symbol, uint8 decimals) {
   |                                                            ^^^^^^^^^^^^^^
Note: The shadowed declaration is here:
   --> contract.sol:132:5:
    |
132 |     function decimals() public view virtual returns (uint8) {
    |     ^ (Relevant source part starts here and spans across multiple lines).

Error: Contract "ERC20Detailed" should be marked as abstract.
  --> contract.sol:89:1:
   |
89 | contract ERC20Detailed is IERC20 {
   | ^ (Relevant source part starts here and spans across multiple lines).
Note: Missing implementation: 
  --> contract.sol:37:5:
   |
37 |     function allowance(address owner, address spender) external view returns (uint256);
   |     ^^^^^^^^^^^^^^^^^^^^^^^^^^^^^^^^^^^^^^^^^^^^^^^^^^^^^^^^^^^^^^^^^^^^^^^^^^^^^^^^^^^
Note: Missing implementation: 
  --> contract.sol:53:5:
   |
53 |     function approve(address spender, uint256 amount) external returns (bool);
   |     ^^^^^^^^^^^^^^^^^^^^^^^^^^^^^^^^^^^^^^^^^^^^^^^^^^^^^^^^^^^^^^^^^^^^^^^^^^
Note: Missing implementation: 
  --> contract.sol:19:5:
   |
19 |     function balanceOf(address account) external view returns (uint256);
   |     ^^^^^^^^^^^^^^^^^^^^^^^^^^^^^^^^^^^^^^^^^^^^^^^^^^^^^^^^^^^^^^^^^^^^
Note: Missing implementation: 
  --> contract.sol:14:5:
   |
14 |     function totalSupply() external view returns (uint256);
   |     ^^^^^^^^^^^^^^^^^^^^^^^^^^^^^^^^^^^^^^^^^^^^^^^^^^^^^^^
Note: Missing implementation: 
  --> contract.sol:28:5:
   |
28 |     function transfer(address recipient, uint256 amount) external returns (bool);
   |     ^^^^^^^^^^^^^^^^^^^^^^^^^^^^^^^^^^^^^^^^^^^^^^^^^^^^^^^^^^^^^^^^^^^^^^^^^^^^^
Note: Missing implementation: 
  --> contract.sol:64:5:
   |
64 |     function transferFrom(address sender, address recipient, uint256 amount) external returns (bool);
   |     ^^^^^^^^^^^^^^^^^^^^^^^^^^^^^^^^^^^^^^^^^^^^^^^^^^^^^^^^^^^^^^^^^^^^^^^^^^^^^^^^^^^^^^^^^^^^^^^^^

Error: Overriding function is missing "override" specifier.
   --> contract.sol:778:5:
    |
778 |     function _burn(address account, uint256 value) internal onlyOwner {
    |     ^ (Relevant source part starts here and spans across multiple lines).
Note: Overridden function is here:
   --> contract.sol:436:5:
    |
436 |     function _burn(address account, uint256 value) internal virtual {
    |     ^ (Relevant source part starts here and spans across multiple lines).

Error: Overriding function is missing "override" specifier.
   --> contract.sol:778:5:
    |
778 |     function _burn(address account, uint256 value) internal onlyOwner {
    |     ^ (Relevant source part starts here and spans across multiple lines).
Note: Overridden function is here:
   --> contract.sol:436:5:
    |
436 |     function _burn(address account, uint256 value) internal virtual {
    |     ^ (Relevant source part starts here and spans across multiple lines).

Warning: Visibility for constructor is ignored. If you want the contract to be non-deployable, making it "abstract" is sufficient.
   --> contract.sol:766:5:
    |
766 |     constructor()
    |     ^ (Relevant source part starts here and spans across multiple lines).


=== no rule matched ===
