=== iter 0 rc=0 ===
Warning: SPDX license identifier not provided in source file. Before publishing, consider adding a comment containing "SPDX-License-Identifier: <SPDX-License>" to each source file. Use "SPDX-License-Identifier: UNLICENSED" for non-open-source code. Please see https://spdx.org for more information.
--> contract.sol


=== full compile rc=1 ===
Warning: SPDX license identifier not provided in source file. Before publishing, consider adding a comment containing "SPDX-License-Identifier: <SPDX-License>" to each source file. Use "SPDX-License-Identifier: UNLICENSED" for non-open-source code. Please see https://spdx.org for more information.
--> contract.sol

Error: Functions are not allowed to have the same name as the contract. If you intend this to be a constructor, use "constructor(...) { ... }" to define it.
  --> contract.sol:64:5:
   |
64 |     function BMUS(
   |     ^ (Relevant source part starts here and spans across multiple lines).

Warning: This declaration shadows an existing declaration.
  --> contract.sol:86:9:
   |
86 |         uint256 allowance = allowed[_from][msg.sender];
   |         ^^^^^^^^^^^^^^^^^
Note: The shadowed declaration is here:
   --> contract.sol:107:5:
    |
107 |     function allowance(address _owner, address _spender) public view returns (uint256 remaining) {
    |     ^ (Relevant source part starts here and spans across multiple lines).

Warning: This declaration shadows an existing declaration.
  --> contract.sol:64:5:
   |
64 |     function BMUS(
   |     ^ (Relevant source part starts here and spans across multiple lines).
Note: The shadowed declaration is here:
  --> contract.sol:49:1:
   |
49 | contract BMUS is EIP20Interface {
   | ^ (Relevant source part starts here and spans across multiple lines).

Error: Data location must be "memory" or "calldata" for parameter in function, but none was given.
  --> contract.sol:66:9:
   |
66 |         string _tokenName,
   |         ^^^^^^^^^^^^^^^^^

Error: Data location must be "memory" or "calldata" for parameter in function, but none was given.
  --> contract.sol:68:9:
   |
68 |         string _tokenSymbol
   |         ^^^^^^^^^^^^^^^^^^^


=== applied patch_contract_named_ctor ===
=== iter 1 rc=0 ===
Warning: SPDX license identifier not provided in source file. Before publishing, consider adding a comment containing "SPDX-License-Identifier: <SPDX-License>" to each source file. Use "SPDX-License-Identifier: UNLICENSED" for non-open-source code. Please see https://spdx.org for more information.
--> contract.sol


=== full compile rc=1 ===
Warning: SPDX license identifier not provided in source file. Before publishing, consider adding a comment containing "SPDX-License-Identifier: <SPDX-License>" to each source file. Use "SPDX-License-Identifier: UNLICENSED" for non-open-source code. Please see https://spdx.org for more information.
--> contract.sol

Warning: This declaration shadows an existing declaration.
  --> contract.sol:86:9:
   |
86 |         uint256 allowance = allowed[_from][msg.sender];
   |         ^^^^^^^^^^^^^^^^^
Note: The shadowed declaration is here:
   --> contract.sol:107:5:
    |
107 |     function allowance(address _owner, address _spender) public view returns (uint256 remaining) {
    |     ^ (Relevant source part starts here and spans across multiple lines).

Error: Data location must be "storage" or "memory" for constructor parameter, but none was given.
  --> contract.sol:66:9:
   |
66 |         string _tokenName,
   |         ^^^^^^^^^^^^^^^^^

Error: Data location must be "storage" or "memory" for constructor parameter, but none was given.
  --> contract.sol:68:9:
   |
68 |         string _tokenSymbol
   |         ^^^^^^^^^^^^^^^^^^^


=== applied patch_memory_location ===
=== iter 2 rc=0 ===
Warning: SPDX license identifier not provided in source file. Before publishing, consider adding a comment containing "SPDX-License-Identifier: <SPDX-License>" to each source file. Use "SPDX-License-Identifier: UNLICENSED" for non-open-source code. Please see https://spdx.org for more information.
--> contract.sol


=== full compile rc=1 ===
Warning: SPDX license identifier not provided in source file. Before publishing, consider adding a comment containing "SPDX-License-Identifier: <SPDX-License>" to each source file. Use "SPDX-License-Identifier: UNLICENSED" for non-open-source code. Please see https://spdx.org for more information.
--> contract.sol

Warning: This declaration shadows an existing declaration.
  --> contract.sol:86:9:
   |
86 |         uint256 allowance = allowed[_from][msg.sender];
   |         ^^^^^^^^^^^^^^^^^
Note: The shadowed declaration is here:
   --> contract.sol:107:5:
    |
107 |     function allowance(address _owner, address _spender) public view returns (uint256 remaining) {
    |     ^ (Relevant source part starts here and spans across multiple lines).

Error: Documentation tag "@return The balance" does not contain the name of its return parameter.
  --> contract.sol:16:5:
   |
16 |     /// @param _owner The address from which the balance will be retrieved
   |     ^ (Relevant source part starts here and spans across multiple lines).

Error: Documentation tag "@return Whether the transfer was successful or not" does not contain the name of its return parameter.
  --> contract.sol:20:5:
   |
20 |     /// @notice send `_value` token to `_to` from `msg.sender`
   |     ^ (Relevant source part starts here and spans across multiple lines).

Error: Documentation tag "@return Whether the transfer was successful or not" does not contain the name of its return parameter.
  --> contract.sol:26:5:
   |
26 |     /// @notice send `_value` token to `_to` from `_from` on the condition it is approved by `_from`
   |     ^ (Relevant source part starts here and spans across multiple lines).

Error: Documentation tag "@return Whether the approval was successful or not" does not contain the name of its return parameter.
  --> contract.sol:33:5:
   |
33 |     /// @notice `msg.sender` approves `_spender` to spend `_value` tokens
   |     ^ (Relevant source part starts here and spans across multiple lines).

Error: Documentation tag "@return Amount of remaining tokens allowed to spent" does not contain the name of its return parameter.
  --> contract.sol:39:5:
   |
39 |     /// @param _owner The address of the account owning tokens
   |     ^ (Relevant source part starts here and spans across multiple lines).

Error: Contract "EIP20Interface" should be marked as abstract.
 --> contract.sol:3:1:
  |
3 | contract EIP20Interface {
  | ^ (Relevant source part starts here and spans across multiple lines).
Note: Missing implementation: 
  --> contract.sol:42:5:
   |
42 |     function allowance(address _owner, address _spender) public view returns (uint256 remaining);
   |     ^^^^^^^^^^^^^^^^^^^^^^^^^^^^^^^^^^^^^^^^^^^^^^^^^^^^^^^^^^^^^^^^^^^^^^^^^^^^^^^^^^^^^^^^^^^^^
Note: Missing implementation: 
  --> contract.sol:37:5:
   |
37 |     function approve(address _spender, uint256 _value) public returns (bool success);
   |     ^^^^^^^^^^^^^^^^^^^^^^^^^^^^^^^^^^^^^^^^^^^^^^^^^^^^^^^^^^^^^^^^^^^^^^^^^^^^^^^^^
Note: Missing implementation: 
  --> contract.sol:18:5:
   |
18 |     function balanceOf(address _owner) public view returns (uint256 balance);
   |     ^^^^^^^^^^^^^^^^^^^^^^^^^^^^^^^^^^^^^^^^^^^^^^^^^^^^^^^^^^^^^^^^^^^^^^^^^
Note: Missing implementation: 
  --> contract.sol:24:5:
   |
24 |     function transfer(address _to, uint256 _value) public returns (bool success);
   |     ^^^^^^^^^^^^^^^^^^^^^^^^^^^^^^^^^^^^^^^^^^^^^^^^^^^^^^^^^^^^^^^^^^^^^^^^^^^^^
Note: Missing implementation: 
  --> contract.sol:31:5:
   |
31 |     function transferFrom(address _from, address _to, uint256 _value) public returns (bool success);
   |     ^^^^^^^^^^^^^^^^^^^^^^^^^^^^^^^^^^^^^^^^^^^^^^^^^^^^^^^^^^^^^^^^^^^^^^^^^^^^^^^^^^^^^^^^^^^^^^^^

Error: Overriding function is missing "override" specifier.
  --> contract.sol:77:5:
   |
77 |     function transfer(address _to, uint256 _value) public returns (bool success) {
   |     ^ (Relevant source part starts here and spans across multiple lines).
Note: Overridden function is here:
  --> contract.sol:24:5:
   |
24 |     function transfer(address _to, uint256 _value) public returns (bool success);
   |     ^^^^^^^^^^^^^^^^^^^^^^^^^^^^^^^^^^^^^^^^^^^^^^^^^^^^^^^^^^^^^^^^^^^^^^^^^^^^^

Error: Trying to override non-virtual function. Did you forget to add "virtual"?
  --> contract.sol:24:5:
   |
24 |     function transfer(address _to, uint256 _value) public returns (bool success);
   |     ^^^^^^^^^^^^^^^^^^^^^^^^^^^^^^^^^^^^^^^^^^^^^^^^^^^^^^^^^^^^^^^^^^^^^^^^^^^^^
Note: Overriding function is here:
  --> contract.sol:77:5:
   |
77 |     function transfer(address _to, uint256 _value) public returns (bool success) {
   |     ^ (Relevant source part starts here and spans across multiple lines).

Error: Overriding function is missing "override" specifier.
  --> contract.sol:85:5:
   |
85 |     function transferFrom(address _from, address _to, uint256 _value) public returns (bool success) {
   |     ^ (Relevant source part starts here and spans across multiple lines).
Note: Overridden function is here:
  --> contract.sol:31:5:
   |
31 |     function transferFrom(address _from, address _to, uint256 _value) public returns (bool success);
   |     ^^^^^^^^^^^^^^^^^^^^^^^^^^^^^^^^^^^^^^^^^^^^^^^^^^^^^^^^^^^^^^^^^^^^^^^^^^^^^^^^^^^^^^^^^^^^^^^^

Error: Trying to override non-virtual function. Did you forget to add "virtual"?
  --> contract.sol:31:5:
   |
31 |     function transferFrom(address _from, address _to, uint256 _value) public returns (bool success);
   |     ^^^^^^^^^^^^^^^^^^^^^^^^^^^^^^^^^^^^^^^^^^^^^^^^^^^^^^^^^^^^^^^^^^^^^^^^^^^^^^^^^^^^^^^^^^^^^^^^
Note: Overriding function is here:
  --> contract.sol:85:5:
   |
85 |     function transferFrom(address _from, address _to, uint256 _value) public returns (bool success) {
   |     ^ (Relevant source part starts here and spans across multiple lines).

Error: Overriding function is missing "override" specifier.
  --> contract.sol:97:5:
   |
97 |     function balanceOf(address _owner) public view returns (uint256 balance) {
   |     ^ (Relevant source part starts here and spans across multiple lines).
Note: Overridden function is here:
  --> contract.sol:18:5:
   |
18 |     function balanceOf(address _owner) public view returns (uint256 balance);
   |     ^^^^^^^^^^^^^^^^^^^^^^^^^^^^^^^^^^^^^^^^^^^^^^^^^^^^^^^^^^^^^^^^^^^^^^^^^

Error: Trying to override non-virtual function. Did you forget to add "virtual"?
  --> contract.sol:18:5:
   |
18 |     function balanceOf(address _owner) public view returns (uint256 balance);
   |     ^^^^^^^^^^^^^^^^^^^^^^^^^^^^^^^^^^^^^^^^^^^^^^^^^^^^^^^^^^^^^^^^^^^^^^^^^
Note: Overriding function is here:
  --> contract.sol:97:5:
   |
97 |     function balanceOf(address _owner) public view returns (uint256 balance) {
   |     ^ (Relevant source part starts here and spans across multiple lines).

Error: Overriding function is missing "override" specifier.
   --> contract.sol:101:5:
    |
101 |     function approve(address _spender, uint256 _value) public returns (bool success) {
    |     ^ (Relevant source part starts here and spans across multiple lines).
Note: Overridden function is here:
  --> contract.sol:37:5:
   |
37 |     function approve(address _spender, uint256 _value) public returns (bool success);
   |     ^^^^^^^^^^^^^^^^^^^^^^^^^^^^^^^^^^^^^^^^^^^^^^^^^^^^^^^^^^^^^^^^^^^^^^^^^^^^^^^^^

Error: Trying to override non-virtual function. Did you forget to add "virtual"?
  --> contract.sol:37:5:
   |
37 |     function approve(address _spender, uint256 _value) public returns (bool success);
   |     ^^^^^^^^^^^^^^^^^^^^^^^^^^^^^^^^^^^^^^^^^^^^^^^^^^^^^^^^^^^^^^^^^^^^^^^^^^^^^^^^^
Note: Overriding function is here:
   --> contract.sol:101:5:
    |
101 |     function approve(address _spender, uint256 _value) public returns (bool success) {
    |     ^ (Relevant source part starts here and spans across multiple lines).

Error: Overriding function is missing "override" specifier.
   --> contract.sol:107:5:
    |
107 |     function allowance(address _owner, address _spender) public view returns (uint256 remaining) {
    |     ^ (Relevant source part starts here and spans across multiple lines).
Note: Overridden function is here:
  --> contract.sol:42:5:
   |
42 |     function allowance(address _owner, address _spender) public view returns (uint256 remaining);
   |     ^^^^^^^^^^^^^^^^^^^^^^^^^^^^^^^^^^^^^^^^^^^^^^^^^^^^^^^^^^^^^^^^^^^^^^^^^^^^^^^^^^^^^^^^^^^^^

Error: Trying to override non-virtual function. Did you forget to add "virtual"?
  --> contract.sol:42:5:
   |
42 |     function allowance(address _owner, address _spender) public view returns (uint256 remaining);
   |     ^^^^^^^^^^^^^^^^^^^^^^^^^^^^^^^^^^^^^^^^^^^^^^^^^^^^^^^^^^^^^^^^^^^^^^^^^^^^^^^^^^^^^^^^^^^^^
Note: Overriding function is here:
   --> contract.sol:107:5:
    |
107 |     function allowance(address _owner, address _spender) public view returns (uint256 remaining) {
    |     ^ (Relevant source part starts here and spans across multiple lines).

Error: Functions without implementation must be marked virtual.
  --> contract.sol:18:5:
   |
18 |     function balanceOf(address _owner) public view returns (uint256 balance);
   |     ^^^^^^^^^^^^^^^^^^^^^^^^^^^^^^^^^^^^^^^^^^^^^^^^^^^^^^^^^^^^^^^^^^^^^^^^^

Error: Functions without implementation must be marked virtual.
  --> contract.sol:24:5:
   |
24 |     function transfer(address _to, uint256 _value) public returns (bool success);
   |     ^^^^^^^^^^^^^^^^^^^^^^^^^^^^^^^^^^^^^^^^^^^^^^^^^^^^^^^^^^^^^^^^^^^^^^^^^^^^^

Error: Functions without implementation must be marked virtual.
  --> contract.sol:31:5:
   |
31 |     function transferFrom(address _from, address _to, uint256 _value) public returns (bool success);
   |     ^^^^^^^^^^^^^^^^^^^^^^^^^^^^^^^^^^^^^^^^^^^^^^^^^^^^^^^^^^^^^^^^^^^^^^^^^^^^^^^^^^^^^^^^^^^^^^^^

Error: Functions without implementation must be marked virtual.
  --> contract.sol:37:5:
   |
37 |     function approve(address _spender, uint256 _value) public returns (bool success);
   |     ^^^^^^^^^^^^^^^^^^^^^^^^^^^^^^^^^^^^^^^^^^^^^^^^^^^^^^^^^^^^^^^^^^^^^^^^^^^^^^^^^

Error: Functions without implementation must be marked virtual.
  --> contract.sol:42:5:
   |
42 |     function allowance(address _owner, address _spender) public view returns (uint256 remaining);
   |     ^^^^^^^^^^^^^^^^^^^^^^^^^^^^^^^^^^^^^^^^^^^^^^^^^^^^^^^^^^^^^^^^^^^^^^^^^^^^^^^^^^^^^^^^^^^^^


=== applied patch_virtual_unimpl ===
=== iter 3 rc=0 ===
Warning: SPDX license identifier not provided in source file. Before publishing, consider adding a comment containing "SPDX-License-Identifier: <SPDX-License>" to each source file. Use "SPDX-License-Identifier: UNLICENSED" for non-open-source code. Please see https://spdx.org for more information.
--> contract.sol


=== full compile rc=1 ===
Warning: SPDX license identifier not provided in source file. Before publishing, consider adding a comment containing "SPDX-License-Identifier: <SPDX-License>" to each source file. Use "SPDX-License-Identifier: UNLICENSED" for non-open-source code. Please see https://spdx.org for more information.
--> contract.sol

Warning: This declaration shadows an existing declaration.
  --> contract.sol:86:9:
   |
86 |         uint256 allowance = allowed[_from][msg.sender];
   |         ^^^^^^^^^^^^^^^^^
Note: The shadowed declaration is here:
   --> contract.sol:107:5:
    |
107 |     function allowance(address _owner, address _spender) public view returns (uint256 remaining) {
    |     ^ (Relevant source part starts here and spans across multiple lines).

Error: Documentation tag "@return The balance" does not contain the name of its return parameter.
  --> contract.sol:16:5:
   |
16 |     /// @param _owner The address from which the balance will be retrieved
   |     ^ (Relevant source part starts here and spans across multiple lines).

Error: Documentation tag "@return Whether the transfer was successful or not" does not contain the name of its return parameter.
  --> contract.sol:20:5:
   |
20 |     /// @notice send `_value` token to `_to` from `msg.sender`
   |     ^ (Relevant source part starts here and spans across multiple lines).

Error: Documentation tag "@return Whether the transfer was successful or not" does not contain the name of its return parameter.
  --> contract.sol:26:5:
   |
26 |     /// @notice send `_value` token to `_to` from `_from` on the condition it is approved by `_from`
   |     ^ (Relevant source part starts here and spans across multiple lines).

Error: Documentation tag "@return Whether the approval was successful or not" does not contain the name of its return parameter.
  --> contract.sol:33:5:
   |
33 |     /// @notice `msg.sender` approves `_spender` to spend `_value` tokens
   |     ^ (Relevant source part starts here and spans across multiple lines).

Error: Documentation tag "@return Amount of remaining tokens allowed to spent" does not contain the name of its return parameter.
  --> contract.sol:39:5:
   |
39 |     /// @param _owner The address of the account owning tokens
   |     ^ (Relevant source part starts here and spans across multiple lines).

Error: Contract "EIP20Interface" should be marked as abstract.
 --> contract.sol:3:1:
  |
3 | contract EIP20Interface {
  | ^ (Relevant source part starts here and spans across multiple lines).
Note: Missing implementation: 
  --> contract.sol:42:5:
   |
42 |     function allowance(address _owner, address _spender) public view virtual returns (uint256 remaining);
   |     ^^^^^^^^^^^^^^^^^^^^^^^^^^^^^^^^^^^^^^^^^^^^^^^^^^^^^^^^^^^^^^^^^^^^^^^^^^^^^^^^^^^^^^^^^^^^^^^^^^^^^
Note: Missing implementation: 
  --> contract.sol:37:5:
   |
37 |     function approve(address _spender, uint256 _value) public virtual returns (bool success);
   |     ^^^^^^^^^^^^^^^^^^^^^^^^^^^^^^^^^^^^^^^^^^^^^^^^^^^^^^^^^^^^^^^^^^^^^^^^^^^^^^^^^^^^^^^^^
Note: Missing implementation: 
  --> contract.sol:18:5:
   |
18 |     function balanceOf(address _owner) public view virtual returns (uint256 balance);
   |     ^^^^^^^^^^^^^^^^^^^^^^^^^^^^^^^^^^^^^^^^^^^^^^^^^^^^^^^^^^^^^^^^^^^^^^^^^^^^^^^^^
Note: Missing implementation: 
  --> contract.sol:24:5:
   |
24 |     function transfer(address _to, uint256 _value) public virtual returns (bool success);
   |     ^^^^^^^^^^^^^^^^^^^^^^^^^^^^^^^^^^^^^^^^^^^^^^^^^^^^^^^^^^^^^^^^^^^^^^^^^^^^^^^^^^^^^
Note: Missing implementation: 
  --> contract.sol:31:5:
   |
31 |     function transferFrom(address _from, address _to, uint256 _value) public virtual returns (bool success);
   |     ^^^^^^^^^^^^^^^^^^^^^^^^^^^^^^^^^^^^^^^^^^^^^^^^^^^^^^^^^^^^^^^^^^^^^^^^^^^^^^^^^^^^^^^^^^^^^^^^^^^^^^^^

Error: Overriding function is missing "override" specifier.
  --> contract.sol:77:5:
   |
77 |     function transfer(address _to, uint256 _value) public returns (bool success) {
   |     ^ (Relevant source part starts here and spans across multiple lines).
Note: Overridden function is here:
  --> contract.sol:24:5:
   |
24 |     function transfer(address _to, uint256 _value) public virtual returns (bool success);
   |     ^^^^^^^^^^^^^^^^^^^^^^^^^^^^^^^^^^^^^^^^^^^^^^^^^^^^^^^^^^^^^^^^^^^^^^^^^^^^^^^^^^^^^

Error: Overriding function is missing "override" specifier.
  --> contract.sol:85:5:
   |
85 |     function transferFrom(address _from, address _to, uint256 _value) public returns (bool success) {
   |     ^ (Relevant source part starts here and spans across multiple lines).
Note: Overridden function is here:
  --> contract.sol:31:5:
   |
31 |     function transferFrom(address _from, address _to, uint256 _value) public virtual returns (bool success);
   |     ^^^^^^^^^^^^^^^^^^^^^^^^^^^^^^^^^^^^^^^^^^^^^^^^^^^^^^^^^^^^^^^^^^^^^^^^^^^^^^^^^^^^^^^^^^^^^^^^^^^^^^^^

Error: Overriding function is missing "override" specifier.
  --> contract.sol:97:5:
   |
97 |     function balanceOf(address _owner) public view returns (uint256 balance) {
   |     ^ (Relevant source part starts here and spans across multiple lines).
Note: Overridden function is here:
  --> contract.sol:18:5:
   |
18 |     function balanceOf(address _owner) public view virtual returns (uint256 balance);
   |     ^^^^^^^^^^^^^^^^^^^^^^^^^^^^^^^^^^^^^^^^^^^^^^^^^^^^^^^^^^^^^^^^^^^^^^^^^^^^^^^^^

Error: Overriding function is missing "override" specifier.
   --> contract.sol:101:5:
    |
101 |     function approve(address _spender, uint256 _value) public returns (bool success) {
    |     ^ (Relevant source part starts here and spans across multiple lines).
Note: Overridden function is here:
  --> contract.sol:37:5:
   |
37 |     function approve(address _spender, uint256 _value) public virtual returns (bool success);
   |     ^^^^^^^^^^^^^^^^^^^^^^^^^^^^^^^^^^^^^^^^^^^^^^^^^^^^^^^^^^^^^^^^^^^^^^^^^^^^^^^^^^^^^^^^^

Error: Overriding function is missing "override" specifier.
   --> contract.sol:107:5:
    |
107 |     function allowance(address _owner, address _spender) public view returns (uint256 remaining) {
    |     ^ (Relevant source part starts here and spans across multiple lines).
Note: Overridden function is here:
  --> contract.sol:42:5:
   |
42 |     function allowance(address _owner, address _spender) public view virtual returns (uint256 remaining);
   |     ^^^^^^^^^^^^^^^^^^^^^^^^^^^^^^^^^^^^^^^^^^^^^^^^^^^^^^^^^^^^^^^^^^^^^^^^^^^^^^^^^^^^^^^^^^^^^^^^^^^^^


=== applied patch_override_needed ===
=== iter 4 rc=0 ===
Warning: SPDX license identifier not provided in source file. Before publishing, consider adding a comment containing "SPDX-License-Identifier: <SPDX-License>" to each source file. Use "SPDX-License-Identifier: UNLICENSED" for non-open-source code. Please see https://spdx.org for more information.
--> contract.sol


=== full compile rc=1 ===
Warning: SPDX license identifier not provided in source file. Before publishing, consider adding a comment containing "SPDX-License-Identifier: <SPDX-License>" to each source file. Use "SPDX-License-Identifier: UNLICENSED" for non-open-source code. Please see https://spdx.org for more information.
--> contract.sol

Warning: This declaration shadows an existing declaration.
  --> contract.sol:86:9:
   |
86 |         uint256 allowance = allowed[_from][msg.sender];
   |         ^^^^^^^^^^^^^^^^^
Note: The shadowed declaration is here:
   --> contract.sol:107:5:
    |
107 |     function allowance(address _owner, address _spender) public view virtual override returns (uint256 remaining) {
    |     ^ (Relevant source part starts here and spans across multiple lines).

Error: Documentation tag "@return The balance" does not contain the name of its return parameter.
  --> contract.sol:16:5:
   |
16 |     /// @param _owner The address from which the balance will be retrieved
   |     ^ (Relevant source part starts here and spans across multiple lines).

Error: Documentation tag "@return Whether the transfer was successful or not" does not contain the name of its return parameter.
  --> contract.sol:20:5:
   |
20 |     /// @notice send `_value` token to `_to` from `msg.sender`
   |     ^ (Relevant source part starts here and spans across multiple lines).

Error: Documentation tag "@return Whether the transfer was successful or not" does not contain the name of its return parameter.
  --> contract.sol:26:5:
   |
26 |     /// @notice send `_value` token to `_to` from `_from` on the condition it is approved by `_from`
   |     ^ (Relevant source part starts here and spans across multiple lines).

Error: Documentation tag "@return Whether the approval was successful or not" does not contain the name of its return parameter.
  --> contract.sol:33:5:
   |
33 |     /// @notice `msg.sender` approves `_spender` to spend `_value` tokens
   |     ^ (Relevant source part starts here and spans across multiple lines).

Error: Documentation tag "@return Amount of remaining tokens allowed to spent" does not contain the name of its return parameter.
  --> contract.sol:39:5:
   |
39 |     /// @param _owner The address of the account owning tokens
   |     ^ (Relevant source part starts here and spans across multiple lines).

Error: Contract "EIP20Interface" should be marked as abstract.
 --> contract.sol:3:1:
  |
3 | contract EIP20Interface {
  | ^ (Relevant source part starts here and spans across multiple lines).
Note: Missing implementation: 
  --> contract.sol:42:5:
   |
42 |     function allowance(address _owner, address _spender) public view virtual returns (uint256 remaining);
   |     ^^^^^^^^^^^^^^^^^^^^^^^^^^^^^^^^^^^^^^^^^^^^^^^^^^^^^^^^^^^^^^^^^^^^^^^^^^^^^^^^^^^^^^^^^^^^^^^^^^^^^
Note: Missing implementation: 
  --> contract.sol:37:5:
   |
37 |     function approve(address _spender, uint256 _value) public virtual returns (bool success);
   |     ^^^^^^^^^^^^^^^^^^^^^^^^^^^^^^^^^^^^^^^^^^^^^^^^^^^^^^^^^^^^^^^^^^^^^^^^^^^^^^^^^^^^^^^^^
Note: Missing implementation: 
  --> contract.sol:18:5:
   |
18 |     function balanceOf(address _owner) public view virtual returns (uint256 balance);
   |     ^^^^^^^^^^^^^^^^^^^^^^^^^^^^^^^^^^^^^^^^^^^^^^^^^^^^^^^^^^^^^^^^^^^^^^^^^^^^^^^^^
Note: Missing implementation: 
  --> contract.sol:24:5:
   |
24 |     function transfer(address _to, uint256 _value) public virtual returns (bool success);
   |     ^^^^^^^^^^^^^^^^^^^^^^^^^^^^^^^^^^^^^^^^^^^^^^^^^^^^^^^^^^^^^^^^^^^^^^^^^^^^^^^^^^^^^
Note: Missing implementation: 
  --> contract.sol:31:5:
   |
31 |     function transferFrom(address _from, address _to, uint256 _value) public virtual returns (bool success);
   |     ^^^^^^^^^^^^^^^^^^^^^^^^^^^^^^^^^^^^^^^^^^^^^^^^^^^^^^^^^^^^^^^^^^^^^^^^^^^^^^^^^^^^^^^^^^^^^^^^^^^^^^^^


=== applied patch_strip_all_natspec ===
=== iter 5 rc=0 ===
Warning: SPDX license identifier not provided in source file. Before publishing, consider adding a comment containing "SPDX-License-Identifier: <SPDX-License>" to each source file. Use "SPDX-License-Identifier: UNLICENSED" for non-open-source code. Please see https://spdx.org for more information.
--> contract.sol


=== full compile rc=1 ===
Warning: SPDX license identifier not provided in source file. Before publishing, consider adding a comment containing "SPDX-License-Identifier: <SPDX-License>" to each source file. Use "SPDX-License-Identifier: UNLICENSED" for non-open-source code. Please see https://spdx.org for more information.
--> contract.sol

Warning: This declaration shadows an existing declaration.
  --> contract.sol:81:9:
   |
81 |         uint256 allowance = allowed[_from][msg.sender];
   |         ^^^^^^^^^^^^^^^^^
Note: The shadowed declaration is here:
   --> contract.sol:102:5:
    |
102 |     function allowance(address _owner, address _spender) public view virtual override returns (uint256 remaining) {
    |     ^ (Relevant source part starts here and spans across multiple lines).

Error: Contract "EIP20Interface" should be marked as abstract.
 --> contract.sol:3:1:
  |
3 | contract EIP20Interface {
  | ^ (Relevant source part starts here and spans across multiple lines).
Note: Missing implementation: 
  --> contract.sol:37:5:
   |
37 |     function allowance(address _owner, address _spender) public view virtual returns (uint256 remaining);
   |     ^^^^^^^^^^^^^^^^^^^^^^^^^^^^^^^^^^^^^^^^^^^^^^^^^^^^^^^^^^^^^^^^^^^^^^^^^^^^^^^^^^^^^^^^^^^^^^^^^^^^^
Note: Missing implementation: 
  --> contract.sol:33:5:
   |
33 |     function approve(address _spender, uint256 _value) public virtual returns (bool success);
   |     ^^^^^^^^^^^^^^^^^^^^^^^^^^^^^^^^^^^^^^^^^^^^^^^^^^^^^^^^^^^^^^^^^^^^^^^^^^^^^^^^^^^^^^^^^
Note: Missing implementation: 
  --> contract.sol:17:5:
   |
17 |     function balanceOf(address _owner) public view virtual returns (uint256 balance);
   |     ^^^^^^^^^^^^^^^^^^^^^^^^^^^^^^^^^^^^^^^^^^^^^^^^^^^^^^^^^^^^^^^^^^^^^^^^^^^^^^^^^
Note: Missing implementation: 
  --> contract.sol:22:5:
   |
22 |     function transfer(address _to, uint256 _value) public virtual returns (bool success);
   |     ^^^^^^^^^^^^^^^^^^^^^^^^^^^^^^^^^^^^^^^^^^^^^^^^^^^^^^^^^^^^^^^^^^^^^^^^^^^^^^^^^^^^^
Note: Missing implementation: 
  --> contract.sol:28:5:
   |
28 |     function transferFrom(address _from, address _to, uint256 _value) public virtual returns (bool success);
   |     ^^^^^^^^^^^^^^^^^^^^^^^^^^^^^^^^^^^^^^^^^^^^^^^^^^^^^^^^^^^^^^^^^^^^^^^^^^^^^^^^^^^^^^^^^^^^^^^^^^^^^^^^


=== applied patch_mark_abstract ===
=== iter 6 rc=0 ===
Warning: SPDX license identifier not provided in source file. Before publishing, consider adding a comment containing "SPDX-License-Identifier: <SPDX-License>" to each source file. Use "SPDX-License-Identifier: UNLICENSED" for non-open-source code. Please see https://spdx.org for more information.
--> contract.sol


=== full compile rc=1 ===
Warning: SPDX license identifier not provided in source file. Before publishing, consider adding a comment containing "SPDX-License-Identifier: <SPDX-License>" to each source file. Use "SPDX-License-Identifier: UNLICENSED" for non-open-source code. Please see https://spdx.org for more information.
--> contract.sol

Warning: This declaration shadows an existing declaration.
  --> contract.sol:81:9:
   |
81 |         uint256 allowance = allowed[_from][msg.sender];
   |         ^^^^^^^^^^^^^^^^^
Note: The shadowed declaration is here:
   --> contract.sol:102:5:
    |
102 |     function allowance(address _owner, address _spender) public view virtual override returns (uint256 remaining) {
    |     ^ (Relevant source part starts here and spans across multiple lines).

Error: Event invocations have to be prefixed by "emit".
  --> contract.sol:76:9:
   |
76 |         Transfer(msg.sender, _to, _value);
   |         ^^^^^^^^^^^^^^^^^^^^^^^^^^^^^^^^^

Error: Event invocations have to be prefixed by "emit".
  --> contract.sol:88:9:
   |
88 |         Transfer(_from, _to, _value);
   |         ^^^^^^^^^^^^^^^^^^^^^^^^^^^^

Error: Event invocations have to be prefixed by "emit".
  --> contract.sol:98:9:
   |
98 |         Approval(msg.sender, _spender, _value);
   |         ^^^^^^^^^^^^^^^^^^^^^^^^^^^^^^^^^^^^^^


=== applied patch_emit_keyword ===
=== iter 7 rc=1 ===
Error: Expected identifier but got 'emit'
  --> contract.sol:40:11:
   |
40 |     event emit Transfer(address indexed _from, address indexed _to, uint256 _value); 
   |           ^^^^


=== no rule matched ===
