=== iter 0 rc=0 ===
Warning: SPDX license identifier not provided in source file. Before publishing, consider adding a comment containing "SPDX-License-Identifier: <SPDX-License>" to each source file. Use "SPDX-License-Identifier: UNLICENSED" for non-open-source code. Please see https://spdx.org for more information.
--> contract.sol


=== full compile rc=1 ===
Warning: SPDX license identifier not provided in source file. Before publishing, consider adding a comment containing "SPDX-License-Identifier: <SPDX-License>" to each source file. Use "SPDX-License-Identifier: UNLICENSED" for non-open-source code. Please see https://spdx.org for more information.
--> contract.sol

Error: Functions are not allowed to have the same name as the contract. If you intend this to be a constructor, use "constructor(...) { ... }" to define it.
  --> contract.sol:34:5:
   |
34 |     function Ownable() public {
   |     ^ (Relevant source part starts here and spans across multiple lines).

Error: Functions are not allowed to have the same name as the contract. If you intend this to be a constructor, use "constructor(...) { ... }" to define it.
   --> contract.sol:438:5:
    |
438 |     function TokensWarContract() public {
    |     ^ (Relevant source part starts here and spans across multiple lines).

Warning: This declaration shadows an existing declaration.
  --> contract.sol:34:5:
   |
34 |     function Ownable() public {
   |     ^ (Relevant source part starts here and spans across multiple lines).
Note: The shadowed declaration is here:
  --> contract.sol:28:1:
   |
28 | contract Ownable {
   | ^ (Relevant source part starts here and spans across multiple lines).

Warning: This declaration shadows an existing declaration.
   --> contract.sol:140:3:
    |
140 | 		string name,
    | 		^^^^^^^^^^^
Note: The shadowed declaration is here:
   --> contract.sol:272:5:
    |
272 |     function name() public pure returns (string) {
    |     ^ (Relevant source part starts here and spans across multiple lines).

Warning: This declaration shadows an existing declaration.
   --> contract.sol:438:5:
    |
438 |     function TokensWarContract() public {
    |     ^ (Relevant source part starts here and spans across multiple lines).
Note: The shadowed declaration is here:
  --> contract.sol:71:1:
   |
71 | contract TokensWarContract is ERC721, Ownable {
   | ^ (Relevant source part starts here and spans across multiple lines).

Error: Data location must be "memory" or "calldata" for return parameter in function, but none was given.
   --> contract.sol:140:3:
    |
140 | 		string name,
    | 		^^^^^^^^^^^

Error: Data location must be "memory" or "calldata" for parameter in function, but none was given.
   --> contract.sol:154:23:
    |
154 | 	function createToken(string _name, uint256 _id) public onlyAdmin {
    | 	                     ^^^^^^^^^^^^

Error: Data location must be "storage", "memory" or "calldata" for parameter in function, but none was given.
   --> contract.sol:164:24:
    |
164 | 	function _createToken(string _name, uint256 _id, address _owner, uint256 _price) private {
    | 	                      ^^^^^^^^^^^^

Error: Data location must be "memory" or "calldata" for return parameter in function, but none was given.
   --> contract.sol:272:42:
    |
272 |     function name() public pure returns (string) {
    |                                          ^^^^^^

Error: Data location must be "memory" or "calldata" for return parameter in function, but none was given.
   --> contract.sol:277:44:
    |
277 |     function symbol() public pure returns (string) {
    |                                            ^^^^^^

Error: Data location must be "memory" or "calldata" for return parameter in function, but none was given.
   --> contract.sol:381:62:
    |
381 |   function tokensOfOwner(address _owner) public view returns(uint256[] ownerTokens) {
    |                                                              ^^^^^^^^^^^^^^^^^^^^^


=== applied patch_contract_named_ctor ===
=== iter 1 rc=0 ===
Warning: SPDX license identifier not provided in source file. Before publishing, consider adding a comment containing "SPDX-License-Identifier: <SPDX-License>" to each source file. Use "SPDX-License-Identifier: UNLICENSED" for non-open-source code. Please see https://spdx.org for more information.
--> contract.sol


=== full compile rc=1 ===
Warning: SPDX license identifier not provided in source file. Before publishing, consider adding a comment containing "SPDX-License-Identifier: <SPDX-License>" to each source file. Use "SPDX-License-Identifier: UNLICENSED" for non-open-source code. Please see https://spdx.org for more information.
--> contract.sol

Warning: This declaration shadows an existing declaration.
   --> contract.sol:140:3:
    |
140 | 		string name,
    | 		^^^^^^^^^^^
Note: The shadowed declaration is here:
   --> contract.sol:272:5:
    |
272 |     function name() public pure returns (string) {
    |     ^ (Relevant source part starts here and spans across multiple lines).

Error: Data location must be "memory" or "calldata" for return parameter in function, but none was given.
   --> contract.sol:140:3:
    |
140 | 		string name,
    | 		^^^^^^^^^^^

Error: Data location must be "memory" or "calldata" for parameter in function, but none was given.
   --> contract.sol:154:23:
    |
154 | 	function createToken(string _name, uint256 _id) public onlyAdmin {
    | 	                     ^^^^^^^^^^^^

Error: Data location must be "storage", "memory" or "calldata" for parameter in function, but none was given.
   --> contract.sol:164:24:
    |
164 | 	function _createToken(string _name, uint256 _id, address _owner, uint256 _price) private {
    | 	                      ^^^^^^^^^^^^

Error: Data location must be "memory" or "calldata" for return parameter in function, but none was given.
   --> contract.sol:272:42:
    |
272 |     function name() public pure returns (string) {
    |                                          ^^^^^^

Error: Data location must be "memory" or "calldata" for return parameter in function, but none was given.
   --> contract.sol:277:44:
    |
277 |     function symbol() public pure returns (string) {
    |                                            ^^^^^^

Error: Data location must be "memory" or "calldata" for return parameter in function, but none was given.
   --> contract.sol:381:62:
    |
381 |   function tokensOfOwner(address _owner) public view returns(uint256[] ownerTokens) {
    |                                                              ^^^^^^^^^^^^^^^^^^^^^


=== applied patch_memory_location ===
=== iter 2 rc=0 ===
Warning: SPDX license identifier not provided in source file. Before publishing, consider adding a comment containing "SPDX-License-Identifier: <SPDX-License>" to each source file. Use "SPDX-License-Identifier: UNLICENSED" for non-open-source code. Please see https://spdx.org for more information.
--> contract.sol


=== full compile rc=1 ===
Warning: SPDX license identifier not provided in source file. Before publishing, consider adding a comment containing "SPDX-License-Identifier: <SPDX-License>" to each source file. Use "SPDX-License-Identifier: UNLICENSED" for non-open-source code. Please see https://spdx.org for more information.
--> contract.sol

Warning: This declaration shadows an existing declaration.
   --> contract.sol:140:3:
    |
140 | 		string name,
    | 		^^^^^^^^^^^
Note: The shadowed declaration is here:
   --> contract.sol:272:5:
    |
272 |     function name() public pure returns (string memory) {
    |     ^ (Relevant source part starts here and spans across multiple lines).

Error: Data location must be "memory" or "calldata" for return parameter in function, but none was given.
   --> contract.sol:140:3:
    |
140 | 		string name,
    | 		^^^^^^^^^^^

Error: Data location must be "memory" or "calldata" for return parameter in function, but none was given.
   --> contract.sol:381:62:
    |
381 |   function tokensOfOwner(address _owner) public view returns(uint256[] ownerTokens) {
    |                                                              ^^^^^^^^^^^^^^^^^^^^^


=== no rule matched ===
