=== iter 0 rc=0 ===
Warning: SPDX license identifier not provided in source file. Before publishing, consider adding a comment containing "SPDX-License-Identifier: <SPDX-License>" to each source file. Use "SPDX-License-Identifier: UNLICENSED" for non-open-source code. Please see https://spdx.org for more information.
--> contract.sol


=== full compile rc=1 ===
Warning: SPDX license identifier not provided in source file. Before publishing, consider adding a comment containing "SPDX-License-Identifier: <SPDX-License>" to each source file. Use "SPDX-License-Identifier: UNLICENSED" for non-open-source code. Please see https://spdx.org for more information.
--> contract.sol

Error: Identifier already declared.
   --> contract.sol:279:5:
    |
279 |     uint8 decimals = 18;
    |     ^^^^^^^^^^^^^^^^^^^
Note: The previous declaration is here:
   --> contract.sol:146:3:
    |
146 |   uint8 public decimals;
    |   ^^^^^^^^^^^^^^^^^^^^^

Error: Identifier already declared.
   --> contract.sol:277:5:
    |
277 |     string name = "HUBRIS";
    |     ^^^^^^^^^^^^^^^^^^^^^^
Note: The previous declaration is here:
   --> contract.sol:144:3:
    |
144 |   string public name;
    |   ^^^^^^^^^^^^^^^^^^

Error: Identifier already declared.
   --> contract.sol:278:5:
    |
278 |     string symbol = "HBRS";
    |     ^^^^^^^^^^^^^^^^^^^^^^
Note: The previous declaration is here:
   --> contract.sol:145:3:
    |
145 |   string public symbol;
    |   ^^^^^^^^^^^^^^^^^^^^

Error: Data location must be "storage" or "memory" for constructor parameter, but none was given.
   --> contract.sol:148:14:
    |
148 |  constructor(string _name, string _symbol, uint8 _decimals) public {
    |              ^^^^^^^^^^^^

Error: Data location must be "storage" or "memory" for constructor parameter, but none was given.
   --> contract.sol:148:28:
    |
148 |  constructor(string _name, string _symbol, uint8 _decimals) public {
    |                            ^^^^^^^^^^^^^^


=== applied patch_memory_location ===
=== iter 1 rc=0 ===
Warning: SPDX license identifier not provided in source file. Before publishing, consider adding a comment containing "SPDX-License-Identifier: <SPDX-License>" to each source file. Use "SPDX-License-Identifier: UNLICENSED" for non-open-source code. Please see https://spdx.org for more information.
--> contract.sol


=== full compile rc=1 ===
Warning: SPDX license identifier not provided in source file. Before publishing, consider adding a comment containing "SPDX-License-Identifier: <SPDX-License>" to each source file. Use "SPDX-License-Identifier: UNLICENSED" for non-open-source code. Please see https://spdx.org for more information.
--> contract.sol

Error: Identifier already declared.
   --> contract.sol:279:5:
    |
279 |     uint8 decimals = 18;
    |     ^^^^^^^^^^^^^^^^^^^
Note: The previous declaration is here:
   --> contract.sol:146:3:
    |
146 |   uint8 public decimals;
    |   ^^^^^^^^^^^^^^^^^^^^^

Error: Identifier already declared.
   --> contract.sol:277:5:
    |
277 |     string name = "HUBRIS";
    |     ^^^^^^^^^^^^^^^^^^^^^^
Note: The previous declaration is here:
   --> contract.sol:144:3:
    |
144 |   string public name;
    |   ^^^^^^^^^^^^^^^^^^

Error: Identifier already declared.
   --> contract.sol:278:5:
    |
278 |     string symbol = "HBRS";
    |     ^^^^^^^^^^^^^^^^^^^^^^
Note: The previous declaration is here:
   --> contract.sol:145:3:
    |
145 |   string public symbol;
    |   ^^^^^^^^^^^^^^^^^^^^

Error: Documentation tag "@return An uint256 representing the amount owned by the passed address." does not contain the name of its return parameter.
   --> contract.sol:185:3:
    |
185 |   /**
    |   ^ (Relevant source part starts here and spans across multiple lines).

Error: Contract "ERC20Basic" should be marked as abstract.
   --> contract.sol:129:1:
    |
129 | contract ERC20Basic {
    | ^ (Relevant source part starts here and spans across multiple lines).
Note: Missing implementation: 
   --> contract.sol:131:3:
    |
131 |   function balanceOf(address who) public view returns (uint256);
    |   ^^^^^^^^^^^^^^^^^^^^^^^^^^^^^^^^^^^^^^^^^^^^^^^^^^^^^^^^^^^^^^
Note: Missing implementation: 
   --> contract.sol:130:3:
    |
130 |   function totalSupply() public view returns (uint256);
    |   ^^^^^^^^^^^^^^^^^^^^^^^^^^^^^^^^^^^^^^^^^^^^^^^^^^^^^
Note: Missing implementation: 
   --> contract.sol:132:3:
    |
132 |   function transfer(address to, uint256 value) public returns (bool);
    |   ^^^^^^^^^^^^^^^^^^^^^^^^^^^^^^^^^^^^^^^^^^^^^^^^^^^^^^^^^^^^^^^^^^^

Error: Contract "ERC20" should be marked as abstract.
   --> contract.sol:136:1:
    |
136 | contract ERC20 is ERC20Basic {
    | ^ (Relevant source part starts here and spans across multiple lines).
Note: Missing implementation: 
   --> contract.sol:137:3:
    |
137 |   function allowance(address owner, address spender) public view returns (uint256);
    |   ^^^^^^^^^^^^^^^^^^^^^^^^^^^^^^^^^^^^^^^^^^^^^^^^^^^^^^^^^^^^^^^^^^^^^^^^^^^^^^^^^
Note: Missing implementation: 
   --> contract.sol:139:3:
    |
139 |   function approve(address spender, uint256 value) public returns (bool);
    |   ^^^^^^^^^^^^^^^^^^^^^^^^^^^^^^^^^^^^^^^^^^^^^^^^^^^^^^^^^^^^^^^^^^^^^^^
Note: Missing implementation: 
   --> contract.sol:131:3:
    |
131 |   function balanceOf(address who) public view returns (uint256);
    |   ^^^^^^^^^^^^^^^^^^^^^^^^^^^^^^^^^^^^^^^^^^^^^^^^^^^^^^^^^^^^^^
Note: Missing implementation: 
   --> contract.sol:130:3:
    |
130 |   function totalSupply() public view returns (uint256);
    |   ^^^^^^^^^^^^^^^^^^^^^^^^^^^^^^^^^^^^^^^^^^^^^^^^^^^^^
Note: Missing implementation: 
   --> contract.sol:132:3:
    |
132 |   function transfer(address to, uint256 value) public returns (bool);
    |   ^^^^^^^^^^^^^^^^^^^^^^^^^^^^^^^^^^^^^^^^^^^^^^^^^^^^^^^^^^^^^^^^^^^
Note: Missing implementation: 
   --> contract.sol:138:3:
    |
138 |   function transferFrom(address from, address to, uint256 value) public returns (bool);
    |   ^^^^^^^^^^^^^^^^^^^^^^^^^^^^^^^^^^^^^^^^^^^^^^^^^^^^^^^^^^^^^^^^^^^^^^^^^^^^^^^^^^^^^

Error: Contract "HUBRISTOKEN" should be marked as abstract.
   --> contract.sol:143:1:
    |
143 | contract HUBRISTOKEN is ERC20 {
    | ^ (Relevant source part starts here and spans across multiple lines).
Note: Missing implementation: 
   --> contract.sol:137:3:
    |
137 |   function allowance(address owner, address spender) public view returns (uint256);
    |   ^^^^^^^^^^^^^^^^^^^^^^^^^^^^^^^^^^^^^^^^^^^^^^^^^^^^^^^^^^^^^^^^^^^^^^^^^^^^^^^^^
Note: Missing implementation: 
   --> contract.sol:139:3:
    |
139 |   function approve(address spender, uint256 value) public returns (bool);
    |   ^^^^^^^^^^^^^^^^^^^^^^^^^^^^^^^^^^^^^^^^^^^^^^^^^^^^^^^^^^^^^^^^^^^^^^^
Note: Missing implementation: 
   --> contract.sol:131:3:
    |
131 |   function balanceOf(address who) public view returns (uint256);
    |   ^^^^^^^^^^^^^^^^^^^^^^^^^^^^^^^^^^^^^^^^^^^^^^^^^^^^^^^^^^^^^^
Note: Missing implementation: 
   --> contract.sol:130:3:
    |
130 |   function totalSupply() public view returns (uint256);
    |   ^^^^^^^^^^^^^^^^^^^^^^^^^^^^^^^^^^^^^^^^^^^^^^^^^^^^^
Note: Missing implementation: 
   --> contract.sol:132:3:
    |
132 |   function transfer(address to, uint256 value) public returns (bool);
    |   ^^^^^^^^^^^^^^^^^^^^^^^^^^^^^^^^^^^^^^^^^^^^^^^^^^^^^^^^^^^^^^^^^^^
Note: Missing implementation: 
   --> contract.sol:138:3:
    |
138 |   function transferFrom(address from, address to, uint256 value) public returns (bool);
    |   ^^^^^^^^^^^^^^^^^^^^^^^^^^^^^^^^^^^^^^^^^^^^^^^^^^^^^^^^^^^^^^^^^^^^^^^^^^^^^^^^^^^^^

Error: Overriding function is missing "override" specifier.
   --> contract.sol:165:3:
    |
165 |   function totalSupply() public view returns (uint256) {
    |   ^ (Relevant source part starts here and spans across multiple lines).
Note: Overridden function is here:
   --> contract.sol:130:3:
    |
130 |   function totalSupply() public view returns (uint256);
    |   ^^^^^^^^^^^^^^^^^^^^^^^^^^^^^^^^^^^^^^^^^^^^^^^^^^^^^

Error: Trying to override non-virtual function. Did you forget to add "virtual"?
   --> contract.sol:130:3:
    |
130 |   function totalSupply() public view returns (uint256);
    |   ^^^^^^^^^^^^^^^^^^^^^^^^^^^^^^^^^^^^^^^^^^^^^^^^^^^^^
Note: Overriding function is here:
   --> contract.sol:165:3:
    |
165 |   function totalSupply() public view returns (uint256) {
    |   ^ (Relevant source part starts here and spans across multiple lines).

Error: Overriding function is missing "override" specifier.
   --> contract.sol:174:3:
    |
174 |   function transfer(address _to, uint256 _value) public returns (bool) {
    |   ^ (Relevant source part starts here and spans across multiple lines).
Note: Overridden function is here:
   --> contract.sol:132:3:
    |
132 |   function transfer(address to, uint256 value) public returns (bool);
    |   ^^^^^^^^^^^^^^^^^^^^^^^^^^^^^^^^^^^^^^^^^^^^^^^^^^^^^^^^^^^^^^^^^^^

Error: Trying to override non-virtual function. Did you forget to add "virtual"?
   --> contract.sol:132:3:
    |
132 |   function transfer(address to, uint256 value) public returns (bool);
    |   ^^^^^^^^^^^^^^^^^^^^^^^^^^^^^^^^^^^^^^^^^^^^^^^^^^^^^^^^^^^^^^^^^^^
Note: Overriding function is here:
   --> contract.sol:174:3:
    |
174 |   function transfer(address _to, uint256 _value) public returns (bool) {
    |   ^ (Relevant source part starts here and spans across multiple lines).

Error: Overriding function is missing "override" specifier.
   --> contract.sol:190:3:
    |
190 |   function balanceOf(address _owner) public view returns (uint256 balance) {
    |   ^ (Relevant source part starts here and spans across multiple lines).
Note: Overridden function is here:
   --> contract.sol:131:3:
    |
131 |   function balanceOf(address who) public view returns (uint256);
    |   ^^^^^^^^^^^^^^^^^^^^^^^^^^^^^^^^^^^^^^^^^^^^^^^^^^^^^^^^^^^^^^

Error: Trying to override non-virtual function. Did you forget to add "virtual"?
   --> contract.sol:131:3:
    |
131 |   function balanceOf(address who) public view returns (uint256);
    |   ^^^^^^^^^^^^^^^^^^^^^^^^^^^^^^^^^^^^^^^^^^^^^^^^^^^^^^^^^^^^^^
Note: Overriding function is here:
   --> contract.sol:190:3:
    |
190 |   function balanceOf(address _owner) public view returns (uint256 balance) {
    |   ^ (Relevant source part starts here and spans across multiple lines).

Error: Overriding function is missing "override" specifier.
   --> contract.sol:201:3:
    |
201 |   function transferFrom(address _from, address _to, uint256 _value) public returns (bool) {
    |   ^ (Relevant source part starts here and spans across multiple lines).
Note: Overridden function is here:
   --> contract.sol:138:3:
    |
138 |   function transferFrom(address from, address to, uint256 value) public returns (bool);
    |   ^^^^^^^^^^^^^^^^^^^^^^^^^^^^^^^^^^^^^^^^^^^^^^^^^^^^^^^^^^^^^^^^^^^^^^^^^^^^^^^^^^^^^

Error: Trying to override non-virtual function. Did you forget to add "virtual"?
   --> contract.sol:138:3:
    |
138 |   function transferFrom(address from, address to, uint256 value) public returns (bool);
    |   ^^^^^^^^^^^^^^^^^^^^^^^^^^^^^^^^^^^^^^^^^^^^^^^^^^^^^^^^^^^^^^^^^^^^^^^^^^^^^^^^^^^^^
Note: Overriding function is here:
   --> contract.sol:201:3:
    |
201 |   function transferFrom(address _from, address _to, uint256 _value) public returns (bool) {
    |   ^ (Relevant source part starts here and spans across multiple lines).

Error: Overriding function is missing "override" specifier.
   --> contract.sol:214:3:
    |
214 |   function approve(address _spender, uint256 _value) public returns (bool) {
    |   ^ (Relevant source part starts here and spans across multiple lines).
Note: Overridden function is here:
   --> contract.sol:139:3:
    |
139 |   function approve(address spender, uint256 value) public returns (bool);
    |   ^^^^^^^^^^^^^^^^^^^^^^^^^^^^^^^^^^^^^^^^^^^^^^^^^^^^^^^^^^^^^^^^^^^^^^^

Error: Trying to override non-virtual function. Did you forget to add "virtual"?
   --> contract.sol:139:3:
    |
139 |   function approve(address spender, uint256 value) public returns (bool);
    |   ^^^^^^^^^^^^^^^^^^^^^^^^^^^^^^^^^^^^^^^^^^^^^^^^^^^^^^^^^^^^^^^^^^^^^^^
Note: Overriding function is here:
   --> contract.sol:214:3:
    |
214 |   function approve(address _spender, uint256 _value) public returns (bool) {
    |   ^ (Relevant source part starts here and spans across multiple lines).

Error: Overriding function is missing "override" specifier.
   --> contract.sol:221:3:
    |
221 |   function allowance(address _owner, address _spender) public view returns (uint256) {
    |   ^ (Relevant source part starts here and spans across multiple lines).
Note: Overridden function is here:
   --> contract.sol:137:3:
    |
137 |   function allowance(address owner, address spender) public view returns (uint256);
    |   ^^^^^^^^^^^^^^^^^^^^^^^^^^^^^^^^^^^^^^^^^^^^^^^^^^^^^^^^^^^^^^^^^^^^^^^^^^^^^^^^^

Error: Trying to override non-virtual function. Did you forget to add "virtual"?
   --> contract.sol:137:3:
    |
137 |   function allowance(address owner, address spender) public view returns (uint256);
    |   ^^^^^^^^^^^^^^^^^^^^^^^^^^^^^^^^^^^^^^^^^^^^^^^^^^^^^^^^^^^^^^^^^^^^^^^^^^^^^^^^^
Note: Overriding function is here:
   --> contract.sol:221:3:
    |
221 |   function allowance(address _owner, address _spender) public view returns (uint256) {
    |   ^ (Relevant source part starts here and spans across multiple lines).

Warning: Visibility for constructor is ignored. If you want the contract to be non-deployable, making it "abstract" is sufficient.
  --> contract.sol:65:3:
   |
65 |   constructor() public {
   |   ^ (Relevant source part starts here and spans across multiple lines).

Error: Functions without implementation must be marked virtual.
   --> contract.sol:130:3:
    |
130 |   function totalSupply() public view returns (uint256);
    |   ^^^^^^^^^^^^^^^^^^^^^^^^^^^^^^^^^^^^^^^^^^^^^^^^^^^^^

Error: Functions without implementation must be marked virtual.
   --> contract.sol:131:3:
    |
131 |   function balanceOf(address who) public view returns (uint256);
    |   ^^^^^^^^^^^^^^^^^^^^^^^^^^^^^^^^^^^^^^^^^^^^^^^^^^^^^^^^^^^^^^

Error: Functions without implementation must be marked virtual.
   --> contract.sol:132:3:
    |
132 |   function transfer(address to, uint256 value) public returns (bool);
    |   ^^^^^^^^^^^^^^^^^^^^^^^^^^^^^^^^^^^^^^^^^^^^^^^^^^^^^^^^^^^^^^^^^^^

Error: Functions without implementation must be marked virtual.
   --> contract.sol:137:3:
    |
137 |   function allowance(address owner, address spender) public view returns (uint256);
    |   ^^^^^^^^^^^^^^^^^^^^^^^^^^^^^^^^^^^^^^^^^^^^^^^^^^^^^^^^^^^^^^^^^^^^^^^^^^^^^^^^^

Error: Functions without implementation must be marked virtual.
   --> contract.sol:138:3:
    |
138 |   function transferFrom(address from, address to, uint256 value) public returns (bool);
    |   ^^^^^^^^^^^^^^^^^^^^^^^^^^^^^^^^^^^^^^^^^^^^^^^^^^^^^^^^^^^^^^^^^^^^^^^^^^^^^^^^^^^^^

Error: Functions without implementation must be marked virtual.
   --> contract.sol:139:3:
    |
139 |   function approve(address spender, uint256 value) public returns (bool);
    |   ^^^^^^^^^^^^^^^^^^^^^^^^^^^^^^^^^^^^^^^^^^^^^^^^^^^^^^^^^^^^^^^^^^^^^^^

Warning: Visibility for constructor is ignored. If you want the contract to be non-deployable, making it "abstract" is sufficient.
   --> contract.sol:148:2:
    |
148 |  constructor(string memory _name, string memory _symbol, uint8 _decimals) public {
    |  ^ (Relevant source part starts here and spans across multiple lines).

Error: Member "sub" not found or not visible after argument-dependent lookup in uint256.
   --> contract.sol:206:23:
    |
206 |     balances[_from] = balances[_from].sub(_value);
    |                       ^^^^^^^^^^^^^^^^^^^


=== applied patch_using_safemath ===
=== iter 2 rc=0 ===
Warning: SPDX license identifier not provided in source file. Before publishing, consider adding a comment containing "SPDX-License-Identifier: <SPDX-License>" to each source file. Use "SPDX-License-Identifier: UNLICENSED" for non-open-source code. Please see https://spdx.org for more information.
--> contract.sol


=== full compile rc=1 ===
Warning: SPDX license identifier not provided in source file. Before publishing, consider adding a comment containing "SPDX-License-Identifier: <SPDX-License>" to each source file. Use "SPDX-License-Identifier: UNLICENSED" for non-open-source code. Please see https://spdx.org for more information.
--> contract.sol

Error: Identifier already declared.
   --> contract.sol:279:5:
    |
279 |     uint8 decimals = 18;
    |     ^^^^^^^^^^^^^^^^^^^
Note: The previous declaration is here:
   --> contract.sol:146:3:
    |
146 |   uint8 public decimals;
    |   ^^^^^^^^^^^^^^^^^^^^^

Error: Identifier already declared.
   --> contract.sol:277:5:
    |
277 |     string name = "HUBRIS";
    |     ^^^^^^^^^^^^^^^^^^^^^^
Note: The previous declaration is here:
   --> contract.sol:144:3:
    |
144 |   string public name;
    |   ^^^^^^^^^^^^^^^^^^

Error: Identifier already declared.
   --> contract.sol:278:5:
    |
278 |     string symbol = "HBRS";
    |     ^^^^^^^^^^^^^^^^^^^^^^
Note: The previous declaration is here:
   --> contract.sol:145:3:
    |
145 |   string public symbol;
    |   ^^^^^^^^^^^^^^^^^^^^

Error: Documentation tag "@return An uint256 representing the amount owned by the passed address." does not contain the name of its return parameter.
   --> contract.sol:185:3:
    |
185 |   /**
    |   ^ (Relevant source part starts here and spans across multiple lines).

Error: Contract "ERC20Basic" should be marked as abstract.
   --> contract.sol:129:1:
    |
129 | contract ERC20Basic {
    | ^ (Relevant source part starts here and spans across multiple lines).
Note: Missing implementation: 
   --> contract.sol:131:3:
    |
131 |   function balanceOf(address who) public view returns (uint256);
    |   ^^^^^^^^^^^^^^^^^^^^^^^^^^^^^^^^^^^^^^^^^^^^^^^^^^^^^^^^^^^^^^
Note: Missing implementation: 
   --> contract.sol:130:3:
    |
130 |   function totalSupply() public view returns (uint256);
    |   ^^^^^^^^^^^^^^^^^^^^^^^^^^^^^^^^^^^^^^^^^^^^^^^^^^^^^
Note: Missing implementation: 
   --> contract.sol:132:3:
    |
132 |   function transfer(address to, uint256 value) public returns (bool);
    |   ^^^^^^^^^^^^^^^^^^^^^^^^^^^^^^^^^^^^^^^^^^^^^^^^^^^^^^^^^^^^^^^^^^^

Error: Contract "ERC20" should be marked as abstract.
   --> contract.sol:136:1:
    |
136 | contract ERC20 is ERC20Basic {
    | ^ (Relevant source part starts here and spans across multiple lines).
Note: Missing implementation: 
   --> contract.sol:137:3:
    |
137 |   function allowance(address owner, address spender) public view returns (uint256);
    |   ^^^^^^^^^^^^^^^^^^^^^^^^^^^^^^^^^^^^^^^^^^^^^^^^^^^^^^^^^^^^^^^^^^^^^^^^^^^^^^^^^
Note: Missing implementation: 
   --> contract.sol:139:3:
    |
139 |   function approve(address spender, uint256 value) public returns (bool);
    |   ^^^^^^^^^^^^^^^^^^^^^^^^^^^^^^^^^^^^^^^^^^^^^^^^^^^^^^^^^^^^^^^^^^^^^^^
Note: Missing implementation: 
   --> contract.sol:131:3:
    |
131 |   function balanceOf(address who) public view returns (uint256);
    |   ^^^^^^^^^^^^^^^^^^^^^^^^^^^^^^^^^^^^^^^^^^^^^^^^^^^^^^^^^^^^^^
Note: Missing implementation: 
   --> contract.sol:130:3:
    |
130 |   function totalSupply() public view returns (uint256);
    |   ^^^^^^^^^^^^^^^^^^^^^^^^^^^^^^^^^^^^^^^^^^^^^^^^^^^^^
Note: Missing implementation: 
   --> contract.sol:132:3:
    |
132 |   function transfer(address to, uint256 value) public returns (bool);
    |   ^^^^^^^^^^^^^^^^^^^^^^^^^^^^^^^^^^^^^^^^^^^^^^^^^^^^^^^^^^^^^^^^^^^
Note: Missing implementation: 
   --> contract.sol:138:3:
    |
138 |   function transferFrom(address from, address to, uint256 value) public returns (bool);
    |   ^^^^^^^^^^^^^^^^^^^^^^^^^^^^^^^^^^^^^^^^^^^^^^^^^^^^^^^^^^^^^^^^^^^^^^^^^^^^^^^^^^^^^

Error: Contract "HUBRISTOKEN" should be marked as abstract.
   --> contract.sol:143:1:
    |
143 | contract HUBRISTOKEN is ERC20 {
    | ^ (Relevant source part starts here and spans across multiple lines).
Note: Missing implementation: 
   --> contract.sol:137:3:
    |
137 |   function allowance(address owner, address spender) public view returns (uint256);
    |   ^^^^^^^^^^^^^^^^^^^^^^^^^^^^^^^^^^^^^^^^^^^^^^^^^^^^^^^^^^^^^^^^^^^^^^^^^^^^^^^^^
Note: Missing implementation: 
   --> contract.sol:139:3:
    |
139 |   function approve(address spender, uint256 value) public returns (bool);
    |   ^^^^^^^^^^^^^^^^^^^^^^^^^^^^^^^^^^^^^^^^^^^^^^^^^^^^^^^^^^^^^^^^^^^^^^^
Note: Missing implementation: 
   --> contract.sol:131:3:
    |
131 |   function balanceOf(address who) public view returns (uint256);
    |   ^^^^^^^^^^^^^^^^^^^^^^^^^^^^^^^^^^^^^^^^^^^^^^^^^^^^^^^^^^^^^^
Note: Missing implementation: 
   --> contract.sol:130:3:
    |
130 |   function totalSupply() public view returns (uint256);
    |   ^^^^^^^^^^^^^^^^^^^^^^^^^^^^^^^^^^^^^^^^^^^^^^^^^^^^^
Note: Missing implementation: 
   --> contract.sol:132:3:
    |
132 |   function transfer(address to, uint256 value) public returns (bool);
    |   ^^^^^^^^^^^^^^^^^^^^^^^^^^^^^^^^^^^^^^^^^^^^^^^^^^^^^^^^^^^^^^^^^^^
Note: Missing implementation: 
   --> contract.sol:138:3:
    |
138 |   function transferFrom(address from, address to, uint256 value) public returns (bool);
    |   ^^^^^^^^^^^^^^^^^^^^^^^^^^^^^^^^^^^^^^^^^^^^^^^^^^^^^^^^^^^^^^^^^^^^^^^^^^^^^^^^^^^^^

Error: Overriding function is missing "override" specifier.
   --> contract.sol:165:3:
    |
165 |   function totalSupply() public view returns (uint256) {
    |   ^ (Relevant source part starts here and spans across multiple lines).
Note: Overridden function is here:
   --> contract.sol:130:3:
    |
130 |   function totalSupply() public view returns (uint256);
    |   ^^^^^^^^^^^^^^^^^^^^^^^^^^^^^^^^^^^^^^^^^^^^^^^^^^^^^

Error: Trying to override non-virtual function. Did you forget to add "virtual"?
   --> contract.sol:130:3:
    |
130 |   function totalSupply() public view returns (uint256);
    |   ^^^^^^^^^^^^^^^^^^^^^^^^^^^^^^^^^^^^^^^^^^^^^^^^^^^^^
Note: Overriding function is here:
   --> contract.sol:165:3:
    |
165 |   function totalSupply() public view returns (uint256) {
    |   ^ (Relevant source part starts here and spans across multiple lines).

Error: Overriding function is missing "override" specifier.
   --> contract.sol:174:3:
    |
174 |   function transfer(address _to, uint256 _value) public returns (bool) {
    |   ^ (Relevant source part starts here and spans across multiple lines).
Note: Overridden function is here:
   --> contract.sol:132:3:
    |
132 |   function transfer(address to, uint256 value) public returns (bool);
    |   ^^^^^^^^^^^^^^^^^^^^^^^^^^^^^^^^^^^^^^^^^^^^^^^^^^^^^^^^^^^^^^^^^^^

Error: Trying to override non-virtual function. Did you forget to add "virtual"?
   --> contract.sol:132:3:
    |
132 |   function transfer(address to, uint256 value) public returns (bool);
    |   ^^^^^^^^^^^^^^^^^^^^^^^^^^^^^^^^^^^^^^^^^^^^^^^^^^^^^^^^^^^^^^^^^^^
Note: Overriding function is here:
   --> contract.sol:174:3:
    |
174 |   function transfer(address _to, uint256 _value) public returns (bool) {
    |   ^ (Relevant source part starts here and spans across multiple lines).

Error: Overriding function is missing "override" specifier.
   --> contract.sol:190:3:
    |
190 |   function balanceOf(address _owner) public view returns (uint256 balance) {
    |   ^ (Relevant source part starts here and spans across multiple lines).
Note: Overridden function is here:
   --> contract.sol:131:3:
    |
131 |   function balanceOf(address who) public view returns (uint256);
    |   ^^^^^^^^^^^^^^^^^^^^^^^^^^^^^^^^^^^^^^^^^^^^^^^^^^^^^^^^^^^^^^

Error: Trying to override non-virtual function. Did you forget to add "virtual"?
   --> contract.sol:131:3:
    |
131 |   function balanceOf(address who) public view returns (uint256);
    |   ^^^^^^^^^^^^^^^^^^^^^^^^^^^^^^^^^^^^^^^^^^^^^^^^^^^^^^^^^^^^^^
Note: Overriding function is here:
   --> contract.sol:190:3:
    |
190 |   function balanceOf(address _owner) public view returns (uint256 balance) {
    |   ^ (Relevant source part starts here and spans across multiple lines).

Error: Overriding function is missing "override" specifier.
   --> contract.sol:201:3:
    |
201 |   function transferFrom(address _from, address _to, uint256 _value) public returns (bool) {
    |   ^ (Relevant source part starts here and spans across multiple lines).
Note: Overridden function is here:
   --> contract.sol:138:3:
    |
138 |   function transferFrom(address from, address to, uint256 value) public returns (bool);
    |   ^^^^^^^^^^^^^^^^^^^^^^^^^^^^^^^^^^^^^^^^^^^^^^^^^^^^^^^^^^^^^^^^^^^^^^^^^^^^^^^^^^^^^

Error: Trying to override non-virtual function. Did you forget to add "virtual"?
   --> contract.sol:138:3:
    |
138 |   function transferFrom(address from, address to, uint256 value) public returns (bool);
    |   ^^^^^^^^^^^^^^^^^^^^^^^^^^^^^^^^^^^^^^^^^^^^^^^^^^^^^^^^^^^^^^^^^^^^^^^^^^^^^^^^^^^^^
Note: Overriding function is here:
   --> contract.sol:201:3:
    |
201 |   function transferFrom(address _from, address _to, uint256 _value) public returns (bool) {
    |   ^ (Relevant source part starts here and spans across multiple lines).

Error: Overriding function is missing "override" specifier.
   --> contract.sol:214:3:
    |
214 |   function approve(address _spender, uint256 _value) public returns (bool) {
    |   ^ (Relevant source part starts here and spans across multiple lines).
Note: Overridden function is here:
   --> contract.sol:139:3:
    |
139 |   function approve(address spender, uint256 value) public returns (bool);
    |   ^^^^^^^^^^^^^^^^^^^^^^^^^^^^^^^^^^^^^^^^^^^^^^^^^^^^^^^^^^^^^^^^^^^^^^^

Error: Trying to override non-virtual function. Did you forget to add "virtual"?
   --> contract.sol:139:3:
    |
139 |   function approve(address spender, uint256 value) public returns (bool);
    |   ^^^^^^^^^^^^^^^^^^^^^^^^^^^^^^^^^^^^^^^^^^^^^^^^^^^^^^^^^^^^^^^^^^^^^^^
Note: Overriding function is here:
   --> contract.sol:214:3:
    |
214 |   function approve(address _spender, uint256 _value) public returns (bool) {
    |   ^ (Relevant source part starts here and spans across multiple lines).

Error: Overriding function is missing "override" specifier.
   --> contract.sol:221:3:
    |
221 |   function allowance(address _owner, address _spender) public view returns (uint256) {
    |   ^ (Relevant source part starts here and spans across multiple lines).
Note: Overridden function is here:
   --> contract.sol:137:3:
    |
137 |   function allowance(address owner, address spender) public view returns (uint256);
    |   ^^^^^^^^^^^^^^^^^^^^^^^^^^^^^^^^^^^^^^^^^^^^^^^^^^^^^^^^^^^^^^^^^^^^^^^^^^^^^^^^^

Error: Trying to override non-virtual function. Did you forget to add "virtual"?
   --> contract.sol:137:3:
    |
137 |   function allowance(address owner, address spender) public view returns (uint256);
    |   ^^^^^^^^^^^^^^^^^^^^^^^^^^^^^^^^^^^^^^^^^^^^^^^^^^^^^^^^^^^^^^^^^^^^^^^^^^^^^^^^^
Note: Overriding function is here:
   --> contract.sol:221:3:
    |
221 |   function allowance(address _owner, address _spender) public view returns (uint256) {
    |   ^ (Relevant source part starts here and spans across multiple lines).

Warning: Visibility for constructor is ignored. If you want the contract to be non-deployable, making it "abstract" is sufficient.
  --> contract.sol:65:3:
   |
65 |   constructor() public {
   |   ^ (Relevant source part starts here and spans across multiple lines).

Error: Functions without implementation must be marked virtual.
   --> contract.sol:130:3:
    |
130 |   function totalSupply() public view returns (uint256);
    |   ^^^^^^^^^^^^^^^^^^^^^^^^^^^^^^^^^^^^^^^^^^^^^^^^^^^^^

Error: Functions without implementation must be marked virtual.
   --> contract.sol:131:3:
    |
131 |   function balanceOf(address who) public view returns (uint256);
    |   ^^^^^^^^^^^^^^^^^^^^^^^^^^^^^^^^^^^^^^^^^^^^^^^^^^^^^^^^^^^^^^

Error: Functions without implementation must be marked virtual.
   --> contract.sol:132:3:
    |
132 |   function transfer(address to, uint256 value) public returns (bool);
    |   ^^^^^^^^^^^^^^^^^^^^^^^^^^^^^^^^^^^^^^^^^^^^^^^^^^^^^^^^^^^^^^^^^^^

Error: Functions without implementation must be marked virtual.
   --> contract.sol:137:3:
    |
137 |   function allowance(address owner, address spender) public view returns (uint256);
    |   ^^^^^^^^^^^^^^^^^^^^^^^^^^^^^^^^^^^^^^^^^^^^^^^^^^^^^^^^^^^^^^^^^^^^^^^^^^^^^^^^^

Error: Functions without implementation must be marked virtual.
   --> contract.sol:138:3:
    |
138 |   function transferFrom(address from, address to, uint256 value) public returns (bool);
    |   ^^^^^^^^^^^^^^^^^^^^^^^^^^^^^^^^^^^^^^^^^^^^^^^^^^^^^^^^^^^^^^^^^^^^^^^^^^^^^^^^^^^^^

Error: Functions without implementation must be marked virtual.
   --> contract.sol:139:3:
    |
139 |   function approve(address spender, uint256 value) public returns (bool);
    |   ^^^^^^^^^^^^^^^^^^^^^^^^^^^^^^^^^^^^^^^^^^^^^^^^^^^^^^^^^^^^^^^^^^^^^^^

Warning: Visibility for constructor is ignored. If you want the contract to be non-deployable, making it "abstract" is sufficient.
   --> contract.sol:148:2:
    |
148 |  constructor(string memory _name, string memory _symbol, uint8 _decimals) public {
    |  ^ (Relevant source part starts here and spans across multiple lines).

Error: Type contract HUBRIS is not implicitly convertible to expected type address.
   --> contract.sol:295:18:
    |
295 |         balances[this] = totalSupply_;
    |                  ^^^^

Warning: Visibility for constructor is ignored. If you want the contract to be non-deployable, making it "abstract" is sufficient.
   --> contract.sol:293:5:
    |
293 |     constructor() HUBRISTOKEN(name, symbol, decimals) public {
    |     ^ (Relevant source part starts here and spans across multiple lines).


=== applied patch_virtual_unimpl ===
=== iter 3 rc=0 ===
Warning: SPDX license identifier not provided in source file. Before publishing, consider adding a comment containing "SPDX-License-Identifier: <SPDX-License>" to each source file. Use "SPDX-License-Identifier: UNLICENSED" for non-open-source code. Please see https://spdx.org for more information.
--> contract.sol


=== full compile rc=1 ===
Warning: SPDX license identifier not provided in source file. Before publishing, consider adding a comment containing "SPDX-License-Identifier: <SPDX-License>" to each source file. Use "SPDX-License-Identifier: UNLICENSED" for non-open-source code. Please see https://spdx.org for more information.
--> contract.sol

Error: Identifier already declared.
   --> contract.sol:279:5:
    |
279 |     uint8 decimals = 18;
    |     ^^^^^^^^^^^^^^^^^^^
Note: The previous declaration is here:
   --> contract.sol:146:3:
    |
146 |   uint8 public decimals;
    |   ^^^^^^^^^^^^^^^^^^^^^

Error: Identifier already declared.
   --> contract.sol:277:5:
    |
277 |     string name = "HUBRIS";
    |     ^^^^^^^^^^^^^^^^^^^^^^
Note: The previous declaration is here:
   --> contract.sol:144:3:
    |
144 |   string public name;
    |   ^^^^^^^^^^^^^^^^^^

Error: Identifier already declared.
   --> contract.sol:278:5:
    |
278 |     string symbol = "HBRS";
    |     ^^^^^^^^^^^^^^^^^^^^^^
Note: The previous declaration is here:
   --> contract.sol:145:3:
    |
145 |   string public symbol;
    |   ^^^^^^^^^^^^^^^^^^^^

Error: Documentation tag "@return An uint256 representing the amount owned by the passed address." does not contain the name of its return parameter.
   --> contract.sol:185:3:
    |
185 |   /**
    |   ^ (Relevant source part starts here and spans across multiple lines).

Error: Contract "ERC20Basic" should be marked as abstract.
   --> contract.sol:129:1:
    |
129 | contract ERC20Basic {
    | ^ (Relevant source part starts here and spans across multiple lines).
Note: Missing implementation: 
   --> contract.sol:131:3:
    |
131 |   function balanceOf(address who) public view virtual returns (uint256);
    |   ^^^^^^^^^^^^^^^^^^^^^^^^^^^^^^^^^^^^^^^^^^^^^^^^^^^^^^^^^^^^^^^^^^^^^^
Note: Missing implementation: 
   --> contract.sol:130:3:
    |
130 |   function totalSupply() public view virtual returns (uint256);
    |   ^^^^^^^^^^^^^^^^^^^^^^^^^^^^^^^^^^^^^^^^^^^^^^^^^^^^^^^^^^^^^
Note: Missing implementation: 
   --> contract.sol:132:3:
    |
132 |   function transfer(address to, uint256 value) public virtual returns (bool);
    |   ^^^^^^^^^^^^^^^^^^^^^^^^^^^^^^^^^^^^^^^^^^^^^^^^^^^^^^^^^^^^^^^^^^^^^^^^^^^

Error: Contract "ERC20" should be marked as abstract.
   --> contract.sol:136:1:
    |
136 | contract ERC20 is ERC20Basic {
    | ^ (Relevant source part starts here and spans across multiple lines).
Note: Missing implementation: 
   --> contract.sol:137:3:
    |
137 |   function allowance(address owner, address spender) public view virtual returns (uint256);
    |   ^^^^^^^^^^^^^^^^^^^^^^^^^^^^^^^^^^^^^^^^^^^^^^^^^^^^^^^^^^^^^^^^^^^^^^^^^^^^^^^^^^^^^^^^^
Note: Missing implementation: 
   --> contract.sol:139:3:
    |
139 |   function approve(address spender, uint256 value) public virtual returns (bool);
    |   ^^^^^^^^^^^^^^^^^^^^^^^^^^^^^^^^^^^^^^^^^^^^^^^^^^^^^^^^^^^^^^^^^^^^^^^^^^^^^^^
Note: Missing implementation: 
   --> contract.sol:131:3:
    |
131 |   function balanceOf(address who) public view virtual returns (uint256);
    |   ^^^^^^^^^^^^^^^^^^^^^^^^^^^^^^^^^^^^^^^^^^^^^^^^^^^^^^^^^^^^^^^^^^^^^^
Note: Missing implementation: 
   --> contract.sol:130:3:
    |
130 |   function totalSupply() public view virtual returns (uint256);
    |   ^^^^^^^^^^^^^^^^^^^^^^^^^^^^^^^^^^^^^^^^^^^^^^^^^^^^^^^^^^^^^
Note: Missing implementation: 
   --> contract.sol:132:3:
    |
132 |   function transfer(address to, uint256 value) public virtual returns (bool);
    |   ^^^^^^^^^^^^^^^^^^^^^^^^^^^^^^^^^^^^^^^^^^^^^^^^^^^^^^^^^^^^^^^^^^^^^^^^^^^
Note: Missing implementation: 
   --> contract.sol:138:3:
    |
138 |   function transferFrom(address from, address to, uint256 value) public virtual returns (bool);
    |   ^^^^^^^^^^^^^^^^^^^^^^^^^^^^^^^^^^^^^^^^^^^^^^^^^^^^^^^^^^^^^^^^^^^^^^^^^^^^^^^^^^^^^^^^^^^^^

Error: Contract "HUBRISTOKEN" should be marked as abstract.
   --> contract.sol:143:1:
    |
143 | contract HUBRISTOKEN is ERC20 {
    | ^ (Relevant source part starts here and spans across multiple lines).
Note: Missing implementation: 
   --> contract.sol:137:3:
    |
137 |   function allowance(address owner, address spender) public view virtual returns (uint256);
    |   ^^^^^^^^^^^^^^^^^^^^^^^^^^^^^^^^^^^^^^^^^^^^^^^^^^^^^^^^^^^^^^^^^^^^^^^^^^^^^^^^^^^^^^^^^
Note: Missing implementation: 
   --> contract.sol:139:3:
    |
139 |   function approve(address spender, uint256 value) public virtual returns (bool);
    |   ^^^^^^^^^^^^^^^^^^^^^^^^^^^^^^^^^^^^^^^^^^^^^^^^^^^^^^^^^^^^^^^^^^^^^^^^^^^^^^^
Note: Missing implementation: 
   --> contract.sol:131:3:
    |
131 |   function balanceOf(address who) public view virtual returns (uint256);
    |   ^^^^^^^^^^^^^^^^^^^^^^^^^^^^^^^^^^^^^^^^^^^^^^^^^^^^^^^^^^^^^^^^^^^^^^
Note: Missing implementation: 
   --> contract.sol:130:3:
    |
130 |   function totalSupply() public view virtual returns (uint256);
    |   ^^^^^^^^^^^^^^^^^^^^^^^^^^^^^^^^^^^^^^^^^^^^^^^^^^^^^^^^^^^^^
Note: Missing implementation: 
   --> contract.sol:132:3:
    |
132 |   function transfer(address to, uint256 value) public virtual returns (bool);
    |   ^^^^^^^^^^^^^^^^^^^^^^^^^^^^^^^^^^^^^^^^^^^^^^^^^^^^^^^^^^^^^^^^^^^^^^^^^^^
Note: Missing implementation: 
   --> contract.sol:138:3:
    |
138 |   function transferFrom(address from, address to, uint256 value) public virtual returns (bool);
    |   ^^^^^^^^^^^^^^^^^^^^^^^^^^^^^^^^^^^^^^^^^^^^^^^^^^^^^^^^^^^^^^^^^^^^^^^^^^^^^^^^^^^^^^^^^^^^^

Error: Overriding function is missing "override" specifier.
   --> contract.sol:165:3:
    |
165 |   function totalSupply() public view returns (uint256) {
    |   ^ (Relevant source part starts here and spans across multiple lines).
Note: Overridden function is here:
   --> contract.sol:130:3:
    |
130 |   function totalSupply() public view virtual returns (uint256);
    |   ^^^^^^^^^^^^^^^^^^^^^^^^^^^^^^^^^^^^^^^^^^^^^^^^^^^^^^^^^^^^^

Error: Overriding function is missing "override" specifier.
   --> contract.sol:174:3:
    |
174 |   function transfer(address _to, uint256 _value) public returns (bool) {
    |   ^ (Relevant source part starts here and spans across multiple lines).
Note: Overridden function is here:
   --> contract.sol:132:3:
    |
132 |   function transfer(address to, uint256 value) public virtual returns (bool);
    |   ^^^^^^^^^^^^^^^^^^^^^^^^^^^^^^^^^^^^^^^^^^^^^^^^^^^^^^^^^^^^^^^^^^^^^^^^^^^

Error: Overriding function is missing "override" specifier.
   --> contract.sol:190:3:
    |
190 |   function balanceOf(address _owner) public view returns (uint256 balance) {
    |   ^ (Relevant source part starts here and spans across multiple lines).
Note: Overridden function is here:
   --> contract.sol:131:3:
    |
131 |   function balanceOf(address who) public view virtual returns (uint256);
    |   ^^^^^^^^^^^^^^^^^^^^^^^^^^^^^^^^^^^^^^^^^^^^^^^^^^^^^^^^^^^^^^^^^^^^^^

Error: Overriding function is missing "override" specifier.
   --> contract.sol:201:3:
    |
201 |   function transferFrom(address _from, address _to, uint256 _value) public returns (bool) {
    |   ^ (Relevant source part starts here and spans across multiple lines).
Note: Overridden function is here:
   --> contract.sol:138:3:
    |
138 |   function transferFrom(address from, address to, uint256 value) public virtual returns (bool);
    |   ^^^^^^^^^^^^^^^^^^^^^^^^^^^^^^^^^^^^^^^^^^^^^^^^^^^^^^^^^^^^^^^^^^^^^^^^^^^^^^^^^^^^^^^^^^^^^

Error: Overriding function is missing "override" specifier.
   --> contract.sol:214:3:
    |
214 |   function approve(address _spender, uint256 _value) public returns (bool) {
    |   ^ (Relevant source part starts here and spans across multiple lines).
Note: Overridden function is here:
   --> contract.sol:139:3:
    |
139 |   function approve(address spender, uint256 value) public virtual returns (bool);
    |   ^^^^^^^^^^^^^^^^^^^^^^^^^^^^^^^^^^^^^^^^^^^^^^^^^^^^^^^^^^^^^^^^^^^^^^^^^^^^^^^

Error: Overriding function is missing "override" specifier.
   --> contract.sol:221:3:
    |
221 |   function allowance(address _owner, address _spender) public view returns (uint256) {
    |   ^ (Relevant source part starts here and spans across multiple lines).
Note: Overridden function is here:
   --> contract.sol:137:3:
    |
137 |   function allowance(address owner, address spender) public view virtual returns (uint256);
    |   ^^^^^^^^^^^^^^^^^^^^^^^^^^^^^^^^^^^^^^^^^^^^^^^^^^^^^^^^^^^^^^^^^^^^^^^^^^^^^^^^^^^^^^^^^

Warning: Visibility for constructor is ignored. If you want the contract to be non-deployable, making it "abstract" is sufficient.
  --> contract.sol:65:3:
   |
65 |   constructor() public {
   |   ^ (Relevant source part starts here and spans across multiple lines).

Warning: Visibility for constructor is ignored. If you want the contract to be non-deployable, making it "abstract" is sufficient.
   --> contract.sol:148:2:
    |
148 |  constructor(string memory _name, string memory _symbol, uint8 _decimals) public {
    |  ^ (Relevant source part starts here and spans across multiple lines).

Error: Type contract HUBRIS is not implicitly convertible to expected type address.
   --> contract.sol:295:18:
    |
295 |         balances[this] = totalSupply_;
    |                  ^^^^

Warning: Visibility for constructor is ignored. If you want the contract to be non-deployable, making it "abstract" is sufficient.
   --> contract.sol:293:5:
    |
293 |     constructor() HUBRISTOKEN(name, symbol, decimals) public {
    |     ^ (Relevant source part starts here and spans across multiple lines).


=== applied patch_drop_ctor_visibility ===
=== iter 4 rc=0 ===
Warning: SPDX license identifier not provided in source file. Before publishing, consider adding a comment containing "SPDX-License-Identifier: <SPDX-License>" to each source file. Use "SPDX-License-Identifier: UNLICENSED" for non-open-source code. Please see https://spdx.org for more information.
--> contract.sol


=== full compile rc=1 ===
Warning: SPDX license identifier not provided in source file. Before publishing, consider adding a comment containing "SPDX-License-Identifier: <SPDX-License>" to each source file. Use "SPDX-License-Identifier: UNLICENSED" for non-open-source code. Please see https://spdx.org for more information.
--> contract.sol

Error: Identifier already declared.
   --> contract.sol:279:5:
    |
279 |     uint8 decimals = 18;
    |     ^^^^^^^^^^^^^^^^^^^
Note: The previous declaration is here:
   --> contract.sol:146:3:
    |
146 |   uint8 public decimals;
    |   ^^^^^^^^^^^^^^^^^^^^^

Error: Identifier already declared.
   --> contract.sol:277:5:
    |
277 |     string name = "HUBRIS";
    |     ^^^^^^^^^^^^^^^^^^^^^^
Note: The previous declaration is here:
   --> contract.sol:144:3:
    |
144 |   string public name;
    |   ^^^^^^^^^^^^^^^^^^

Error: Identifier already declared.
   --> contract.sol:278:5:
    |
278 |     string symbol = "HBRS";
    |     ^^^^^^^^^^^^^^^^^^^^^^
Note: The previous declaration is here:
   --> contract.sol:145:3:
    |
145 |   string public symbol;
    |   ^^^^^^^^^^^^^^^^^^^^

Error: Documentation tag "@return An uint256 representing the amount owned by the passed address." does not contain the name of its return parameter.
   --> contract.sol:185:3:
    |
185 |   /**
    |   ^ (Relevant source part starts here and spans across multiple lines).

Error: Contract "ERC20Basic" should be marked as abstract.
   --> contract.sol:129:1:
    |
129 | contract ERC20Basic {
    | ^ (Relevant source part starts here and spans across multiple lines).
Note: Missing implementation: 
   --> contract.sol:131:3:
    |
131 |   function balanceOf(address who) public view virtual returns (uint256);
    |   ^^^^^^^^^^^^^^^^^^^^^^^^^^^^^^^^^^^^^^^^^^^^^^^^^^^^^^^^^^^^^^^^^^^^^^
Note: Missing implementation: 
   --> contract.sol:130:3:
    |
130 |   function totalSupply() public view virtual returns (uint256);
    |   ^^^^^^^^^^^^^^^^^^^^^^^^^^^^^^^^^^^^^^^^^^^^^^^^^^^^^^^^^^^^^
Note: Missing implementation: 
   --> contract.sol:132:3:
    |
132 |   function transfer(address to, uint256 value) public virtual returns (bool);
    |   ^^^^^^^^^^^^^^^^^^^^^^^^^^^^^^^^^^^^^^^^^^^^^^^^^^^^^^^^^^^^^^^^^^^^^^^^^^^

Error: Contract "ERC20" should be marked as abstract.
   --> contract.sol:136:1:
    |
136 | contract ERC20 is ERC20Basic {
    | ^ (Relevant source part starts here and spans across multiple lines).
Note: Missing implementation: 
   --> contract.sol:137:3:
    |
137 |   function allowance(address owner, address spender) public view virtual returns (uint256);
    |   ^^^^^^^^^^^^^^^^^^^^^^^^^^^^^^^^^^^^^^^^^^^^^^^^^^^^^^^^^^^^^^^^^^^^^^^^^^^^^^^^^^^^^^^^^
Note: Missing implementation: 
   --> contract.sol:139:3:
    |
139 |   function approve(address spender, uint256 value) public virtual returns (bool);
    |   ^^^^^^^^^^^^^^^^^^^^^^^^^^^^^^^^^^^^^^^^^^^^^^^^^^^^^^^^^^^^^^^^^^^^^^^^^^^^^^^
Note: Missing implementation: 
   --> contract.sol:131:3:
    |
131 |   function balanceOf(address who) public view virtual returns (uint256);
    |   ^^^^^^^^^^^^^^^^^^^^^^^^^^^^^^^^^^^^^^^^^^^^^^^^^^^^^^^^^^^^^^^^^^^^^^
Note: Missing implementation: 
   --> contract.sol:130:3:
    |
130 |   function totalSupply() public view virtual returns (uint256);
    |   ^^^^^^^^^^^^^^^^^^^^^^^^^^^^^^^^^^^^^^^^^^^^^^^^^^^^^^^^^^^^^
Note: Missing implementation: 
   --> contract.sol:132:3:
    |
132 |   function transfer(address to, uint256 value) public virtual returns (bool);
    |   ^^^^^^^^^^^^^^^^^^^^^^^^^^^^^^^^^^^^^^^^^^^^^^^^^^^^^^^^^^^^^^^^^^^^^^^^^^^
Note: Missing implementation: 
   --> contract.sol:138:3:
    |
138 |   function transferFrom(address from, address to, uint256 value) public virtual returns (bool);
    |   ^^^^^^^^^^^^^^^^^^^^^^^^^^^^^^^^^^^^^^^^^^^^^^^^^^^^^^^^^^^^^^^^^^^^^^^^^^^^^^^^^^^^^^^^^^^^^

Error: Contract "HUBRISTOKEN" should be marked as abstract.
   --> contract.sol:143:1:
    |
143 | contract HUBRISTOKEN is ERC20 {
    | ^ (Relevant source part starts here and spans across multiple lines).
Note: Missing implementation: 
   --> contract.sol:137:3:
    |
137 |   function allowance(address owner, address spender) public view virtual returns (uint256);
    |   ^^^^^^^^^^^^^^^^^^^^^^^^^^^^^^^^^^^^^^^^^^^^^^^^^^^^^^^^^^^^^^^^^^^^^^^^^^^^^^^^^^^^^^^^^
Note: Missing implementation: 
   --> contract.sol:139:3:
    |
139 |   function approve(address spender, uint256 value) public virtual returns (bool);
    |   ^^^^^^^^^^^^^^^^^^^^^^^^^^^^^^^^^^^^^^^^^^^^^^^^^^^^^^^^^^^^^^^^^^^^^^^^^^^^^^^
Note: Missing implementation: 
   --> contract.sol:131:3:
    |
131 |   function balanceOf(address who) public view virtual returns (uint256);
    |   ^^^^^^^^^^^^^^^^^^^^^^^^^^^^^^^^^^^^^^^^^^^^^^^^^^^^^^^^^^^^^^^^^^^^^^
Note: Missing implementation: 
   --> contract.sol:130:3:
    |
130 |   function totalSupply() public view virtual returns (uint256);
    |   ^^^^^^^^^^^^^^^^^^^^^^^^^^^^^^^^^^^^^^^^^^^^^^^^^^^^^^^^^^^^^
Note: Missing implementation: 
   --> contract.sol:132:3:
    |
132 |   function transfer(address to, uint256 value) public virtual returns (bool);
    |   ^^^^^^^^^^^^^^^^^^^^^^^^^^^^^^^^^^^^^^^^^^^^^^^^^^^^^^^^^^^^^^^^^^^^^^^^^^^
Note: Missing implementation: 
   --> contract.sol:138:3:
    |
138 |   function transferFrom(address from, address to, uint256 value) public virtual returns (bool);
    |   ^^^^^^^^^^^^^^^^^^^^^^^^^^^^^^^^^^^^^^^^^^^^^^^^^^^^^^^^^^^^^^^^^^^^^^^^^^^^^^^^^^^^^^^^^^^^^

Error: Overriding function is missing "override" specifier.
   --> contract.sol:165:3:
    |
165 |   function totalSupply() public view returns (uint256) {
    |   ^ (Relevant source part starts here and spans across multiple lines).
Note: Overridden function is here:
   --> contract.sol:130:3:
    |
130 |   function totalSupply() public view virtual returns (uint256);
    |   ^^^^^^^^^^^^^^^^^^^^^^^^^^^^^^^^^^^^^^^^^^^^^^^^^^^^^^^^^^^^^

Error: Overriding function is missing "override" specifier.
   --> contract.sol:174:3:
    |
174 |   function transfer(address _to, uint256 _value) public returns (bool) {
    |   ^ (Relevant source part starts here and spans across multiple lines).
Note: Overridden function is here:
   --> contract.sol:132:3:
    |
132 |   function transfer(address to, uint256 value) public virtual returns (bool);
    |   ^^^^^^^^^^^^^^^^^^^^^^^^^^^^^^^^^^^^^^^^^^^^^^^^^^^^^^^^^^^^^^^^^^^^^^^^^^^

Error: Overriding function is missing "override" specifier.
   --> contract.sol:190:3:
    |
190 |   function balanceOf(address _owner) public view returns (uint256 balance) {
    |   ^ (Relevant source part starts here and spans across multiple lines).
Note: Overridden function is here:
   --> contract.sol:131:3:
    |
131 |   function balanceOf(address who) public view virtual returns (uint256);
    |   ^^^^^^^^^^^^^^^^^^^^^^^^^^^^^^^^^^^^^^^^^^^^^^^^^^^^^^^^^^^^^^^^^^^^^^

Error: Overriding function is missing "override" specifier.
   --> contract.sol:201:3:
    |
201 |   function transferFrom(address _from, address _to, uint256 _value) public returns (bool) {
    |   ^ (Relevant source part starts here and spans across multiple lines).
Note: Overridden function is here:
   --> contract.sol:138:3:
    |
138 |   function transferFrom(address from, address to, uint256 value) public virtual returns (bool);
    |   ^^^^^^^^^^^^^^^^^^^^^^^^^^^^^^^^^^^^^^^^^^^^^^^^^^^^^^^^^^^^^^^^^^^^^^^^^^^^^^^^^^^^^^^^^^^^^

Error: Overriding function is missing "override" specifier.
   --> contract.sol:214:3:
    |
214 |   function approve(address _spender, uint256 _value) public returns (bool) {
    |   ^ (Relevant source part starts here and spans across multiple lines).
Note: Overridden function is here:
   --> contract.sol:139:3:
    |
139 |   function approve(address spender, uint256 value) public virtual returns (bool);
    |   ^^^^^^^^^^^^^^^^^^^^^^^^^^^^^^^^^^^^^^^^^^^^^^^^^^^^^^^^^^^^^^^^^^^^^^^^^^^^^^^

Error: Overriding function is missing "override" specifier.
   --> contract.sol:221:3:
    |
221 |   function allowance(address _owner, address _spender) public view returns (uint256) {
    |   ^ (Relevant source part starts here and spans across multiple lines).
Note: Overridden function is here:
   --> contract.sol:137:3:
    |
137 |   function allowance(address owner, address spender) public view virtual returns (uint256);
    |   ^^^^^^^^^^^^^^^^^^^^^^^^^^^^^^^^^^^^^^^^^^^^^^^^^^^^^^^^^^^^^^^^^^^^^^^^^^^^^^^^^^^^^^^^^

Error: Type contract HUBRIS is not implicitly convertible to expected type address.
   --> contract.sol:295:18:
    |
295 |         balances[this] = totalSupply_;
    |                  ^^^^

Warning: Visibility for constructor is ignored. If you want the contract to be non-deployable, making it "abstract" is sufficient.
   --> contract.sol:293:5:
    |
293 |     constructor() HUBRISTOKEN(name, symbol, decimals) public {
    |     ^ (Relevant source part starts here and spans across multiple lines).


=== applied patch_override_needed ===
=== iter 5 rc=0 ===
Warning: SPDX license identifier not provided in source file. Before publishing, consider adding a comment containing "SPDX-License-Identifier: <SPDX-License>" to each source file. Use "SPDX-License-Identifier: UNLICENSED" for non-open-source code. Please see https://spdx.org for more information.
--> contract.sol


=== full compile rc=1 ===
Warning: SPDX license identifier not provided in source file. Before publishing, consider adding a comment containing "SPDX-License-Identifier: <SPDX-License>" to each source file. Use "SPDX-License-Identifier: UNLICENSED" for non-open-source code. Please see https://spdx.org for more information.
--> contract.sol

Error: Identifier already declared.
   --> contract.sol:279:5:
    |
279 |     uint8 decimals = 18;
    |     ^^^^^^^^^^^^^^^^^^^
Note: The previous declaration is here:
   --> contract.sol:146:3:
    |
146 |   uint8 public decimals;
    |   ^^^^^^^^^^^^^^^^^^^^^

Error: Identifier already declared.
   --> contract.sol:277:5:
    |
277 |     string name = "HUBRIS";
    |     ^^^^^^^^^^^^^^^^^^^^^^
Note: The previous declaration is here:
   --> contract.sol:144:3:
    |
144 |   string public name;
    |   ^^^^^^^^^^^^^^^^^^

Error: Identifier already declared.
   --> contract.sol:278:5:
    |
278 |     string symbol = "HBRS";
    |     ^^^^^^^^^^^^^^^^^^^^^^
Note: The previous declaration is here:
   --> contract.sol:145:3:
    |
145 |   string public symbol;
    |   ^^^^^^^^^^^^^^^^^^^^

Error: Documentation tag "@return An uint256 representing the amount owned by the passed address." does not contain the name of its return parameter.
   --> contract.sol:185:3:
    |
185 |   /**
    |   ^ (Relevant source part starts here and spans across multiple lines).

Error: Contract "ERC20Basic" should be marked as abstract.
   --> contract.sol:129:1:
    |
129 | contract ERC20Basic {
    | ^ (Relevant source part starts here and spans across multiple lines).
Note: Missing implementation: 
   --> contract.sol:131:3:
    |
131 |   function balanceOf(address who) public view virtual returns (uint256);
    |   ^^^^^^^^^^^^^^^^^^^^^^^^^^^^^^^^^^^^^^^^^^^^^^^^^^^^^^^^^^^^^^^^^^^^^^
Note: Missing implementation: 
   --> contract.sol:130:3:
    |
130 |   function totalSupply() public view virtual returns (uint256);
    |   ^^^^^^^^^^^^^^^^^^^^^^^^^^^^^^^^^^^^^^^^^^^^^^^^^^^^^^^^^^^^^
Note: Missing implementation: 
   --> contract.sol:132:3:
    |
132 |   function transfer(address to, uint256 value) public virtual returns (bool);
    |   ^^^^^^^^^^^^^^^^^^^^^^^^^^^^^^^^^^^^^^^^^^^^^^^^^^^^^^^^^^^^^^^^^^^^^^^^^^^

Error: Contract "ERC20" should be marked as abstract.
   --> contract.sol:136:1:
    |
136 | contract ERC20 is ERC20Basic {
    | ^ (Relevant source part starts here and spans across multiple lines).
Note: Missing implementation: 
   --> contract.sol:137:3:
    |
137 |   function allowance(address owner, address spender) public view virtual returns (uint256);
    |   ^^^^^^^^^^^^^^^^^^^^^^^^^^^^^^^^^^^^^^^^^^^^^^^^^^^^^^^^^^^^^^^^^^^^^^^^^^^^^^^^^^^^^^^^^
Note: Missing implementation: 
   --> contract.sol:139:3:
    |
139 |   function approve(address spender, uint256 value) public virtual returns (bool);
    |   ^^^^^^^^^^^^^^^^^^^^^^^^^^^^^^^^^^^^^^^^^^^^^^^^^^^^^^^^^^^^^^^^^^^^^^^^^^^^^^^
Note: Missing implementation: 
   --> contract.sol:131:3:
    |
131 |   function balanceOf(address who) public view virtual returns (uint256);
    |   ^^^^^^^^^^^^^^^^^^^^^^^^^^^^^^^^^^^^^^^^^^^^^^^^^^^^^^^^^^^^^^^^^^^^^^
Note: Missing implementation: 
   --> contract.sol:130:3:
    |
130 |   function totalSupply() public view virtual returns (uint256);
    |   ^^^^^^^^^^^^^^^^^^^^^^^^^^^^^^^^^^^^^^^^^^^^^^^^^^^^^^^^^^^^^
Note: Missing implementation: 
   --> contract.sol:132:3:
    |
132 |   function transfer(address to, uint256 value) public virtual returns (bool);
    |   ^^^^^^^^^^^^^^^^^^^^^^^^^^^^^^^^^^^^^^^^^^^^^^^^^^^^^^^^^^^^^^^^^^^^^^^^^^^
Note: Missing implementation: 
   --> contract.sol:138:3:
    |
138 |   function transferFrom(address from, address to, uint256 value) public virtual returns (bool);
    |   ^^^^^^^^^^^^^^^^^^^^^^^^^^^^^^^^^^^^^^^^^^^^^^^^^^^^^^^^^^^^^^^^^^^^^^^^^^^^^^^^^^^^^^^^^^^^^

Error: Contract "HUBRISTOKEN" should be marked as abstract.
   --> contract.sol:143:1:
    |
143 | contract HUBRISTOKEN is ERC20 {
    | ^ (Relevant source part starts here and spans across multiple lines).
Note: Missing implementation: 
   --> contract.sol:137:3:
    |
137 |   function allowance(address owner, address spender) public view virtual returns (uint256);
    |   ^^^^^^^^^^^^^^^^^^^^^^^^^^^^^^^^^^^^^^^^^^^^^^^^^^^^^^^^^^^^^^^^^^^^^^^^^^^^^^^^^^^^^^^^^
Note: Missing implementation: 
   --> contract.sol:139:3:
    |
139 |   function approve(address spender, uint256 value) public virtual returns (bool);
    |   ^^^^^^^^^^^^^^^^^^^^^^^^^^^^^^^^^^^^^^^^^^^^^^^^^^^^^^^^^^^^^^^^^^^^^^^^^^^^^^^
Note: Missing implementation: 
   --> contract.sol:131:3:
    |
131 |   function balanceOf(address who) public view virtual returns (uint256);
    |   ^^^^^^^^^^^^^^^^^^^^^^^^^^^^^^^^^^^^^^^^^^^^^^^^^^^^^^^^^^^^^^^^^^^^^^
Note: Missing implementation: 
   --> contract.sol:130:3:
    |
130 |   function totalSupply() public view virtual returns (uint256);
    |   ^^^^^^^^^^^^^^^^^^^^^^^^^^^^^^^^^^^^^^^^^^^^^^^^^^^^^^^^^^^^^
Note: Missing implementation: 
   --> contract.sol:132:3:
    |
132 |   function transfer(address to, uint256 value) public virtual returns (bool);
    |   ^^^^^^^^^^^^^^^^^^^^^^^^^^^^^^^^^^^^^^^^^^^^^^^^^^^^^^^^^^^^^^^^^^^^^^^^^^^
Note: Missing implementation: 
   --> contract.sol:138:3:
    |
138 |   function transferFrom(address from, address to, uint256 value) public virtual returns (bool);
    |   ^^^^^^^^^^^^^^^^^^^^^^^^^^^^^^^^^^^^^^^^^^^^^^^^^^^^^^^^^^^^^^^^^^^^^^^^^^^^^^^^^^^^^^^^^^^^^

Error: Function has override specified but does not override anything.
   --> contract.sol:258:65:
    |
258 |   function _burn(address _who, uint256 _value) internal virtual override {
    |                                                                 ^^^^^^^^

Error: Type contract HUBRIS is not implicitly convertible to expected type address.
   --> contract.sol:295:18:
    |
295 |         balances[this] = totalSupply_;
    |                  ^^^^

Warning: Visibility for constructor is ignored. If you want the contract to be non-deployable, making it "abstract" is sufficient.
   --> contract.sol:293:5:
    |
293 |     constructor() HUBRISTOKEN(name, symbol, decimals) public {
    |     ^ (Relevant source part starts here and spans across multiple lines).


=== applied patch_strip_all_natspec ===
=== iter 6 rc=0 ===
Warning: SPDX license identifier not provided in source file. Before publishing, consider adding a comment containing "SPDX-License-Identifier: <SPDX-License>" to each source file. Use "SPDX-License-Identifier: UNLICENSED" for non-open-source code. Please see https://spdx.org for more information.
--> contract.sol


=== full compile rc=1 ===
Warning: SPDX license identifier not provided in source file. Before publishing, consider adding a comment containing "SPDX-License-Identifier: <SPDX-License>" to each source file. Use "SPDX-License-Identifier: UNLICENSED" for non-open-source code. Please see https://spdx.org for more information.
--> contract.sol

Error: Identifier already declared.
   --> contract.sol:236:5:
    |
236 |     uint8 decimals = 18;
    |     ^^^^^^^^^^^^^^^^^^^
Note: The previous declaration is here:
   --> contract.sol:118:3:
    |
118 |   uint8 public decimals;
    |   ^^^^^^^^^^^^^^^^^^^^^

Error: Identifier already declared.
   --> contract.sol:234:5:
    |
234 |     string name = "HUBRIS";
    |     ^^^^^^^^^^^^^^^^^^^^^^
Note: The previous declaration is here:
   --> contract.sol:116:3:
    |
116 |   string public name;
    |   ^^^^^^^^^^^^^^^^^^

Error: Identifier already declared.
   --> contract.sol:235:5:
    |
235 |     string symbol = "HBRS";
    |     ^^^^^^^^^^^^^^^^^^^^^^
Note: The previous declaration is here:
   --> contract.sol:117:3:
    |
117 |   string public symbol;
    |   ^^^^^^^^^^^^^^^^^^^^

Error: Contract "ERC20Basic" should be marked as abstract.
   --> contract.sol:101:1:
    |
101 | contract ERC20Basic {
    | ^ (Relevant source part starts here and spans across multiple lines).
Note: Missing implementation: 
   --> contract.sol:103:3:
    |
103 |   function balanceOf(address who) public view virtual returns (uint256);
    |   ^^^^^^^^^^^^^^^^^^^^^^^^^^^^^^^^^^^^^^^^^^^^^^^^^^^^^^^^^^^^^^^^^^^^^^
Note: Missing implementation: 
   --> contract.sol:102:3:
    |
102 |   function totalSupply() public view virtual returns (uint256);
    |   ^^^^^^^^^^^^^^^^^^^^^^^^^^^^^^^^^^^^^^^^^^^^^^^^^^^^^^^^^^^^^
Note: Missing implementation: 
   --> contract.sol:104:3:
    |
104 |   function transfer(address to, uint256 value) public virtual returns (bool);
    |   ^^^^^^^^^^^^^^^^^^^^^^^^^^^^^^^^^^^^^^^^^^^^^^^^^^^^^^^^^^^^^^^^^^^^^^^^^^^

Error: Contract "ERC20" should be marked as abstract.
   --> contract.sol:108:1:
    |
108 | contract ERC20 is ERC20Basic {
    | ^ (Relevant source part starts here and spans across multiple lines).
Note: Missing implementation: 
   --> contract.sol:109:3:
    |
109 |   function allowance(address owner, address spender) public view virtual returns (uint256);
    |   ^^^^^^^^^^^^^^^^^^^^^^^^^^^^^^^^^^^^^^^^^^^^^^^^^^^^^^^^^^^^^^^^^^^^^^^^^^^^^^^^^^^^^^^^^
Note: Missing implementation: 
   --> contract.sol:111:3:
    |
111 |   function approve(address spender, uint256 value) public virtual returns (bool);
    |   ^^^^^^^^^^^^^^^^^^^^^^^^^^^^^^^^^^^^^^^^^^^^^^^^^^^^^^^^^^^^^^^^^^^^^^^^^^^^^^^
Note: Missing implementation: 
   --> contract.sol:103:3:
    |
103 |   function balanceOf(address who) public view virtual returns (uint256);
    |   ^^^^^^^^^^^^^^^^^^^^^^^^^^^^^^^^^^^^^^^^^^^^^^^^^^^^^^^^^^^^^^^^^^^^^^
Note: Missing implementation: 
   --> contract.sol:102:3:
    |
102 |   function totalSupply() public view virtual returns (uint256);
    |   ^^^^^^^^^^^^^^^^^^^^^^^^^^^^^^^^^^^^^^^^^^^^^^^^^^^^^^^^^^^^^
Note: Missing implementation: 
   --> contract.sol:104:3:
    |
104 |   function transfer(address to, uint256 value) public virtual returns (bool);
    |   ^^^^^^^^^^^^^^^^^^^^^^^^^^^^^^^^^^^^^^^^^^^^^^^^^^^^^^^^^^^^^^^^^^^^^^^^^^^
Note: Missing implementation: 
   --> contract.sol:110:3:
    |
110 |   function transferFrom(address from, address to, uint256 value) public virtual returns (bool);
    |   ^^^^^^^^^^^^^^^^^^^^^^^^^^^^^^^^^^^^^^^^^^^^^^^^^^^^^^^^^^^^^^^^^^^^^^^^^^^^^^^^^^^^^^^^^^^^^

Error: Contract "HUBRISTOKEN" should be marked as abstract.
   --> contract.sol:115:1:
    |
115 | contract HUBRISTOKEN is ERC20 {
    | ^ (Relevant source part starts here and spans across multiple lines).
Note: Missing implementation: 
   --> contract.sol:109:3:
    |
109 |   function allowance(address owner, address spender) public view virtual returns (uint256);
    |   ^^^^^^^^^^^^^^^^^^^^^^^^^^^^^^^^^^^^^^^^^^^^^^^^^^^^^^^^^^^^^^^^^^^^^^^^^^^^^^^^^^^^^^^^^
Note: Missing implementation: 
   --> contract.sol:111:3:
    |
111 |   function approve(address spender, uint256 value) public virtual returns (bool);
    |   ^^^^^^^^^^^^^^^^^^^^^^^^^^^^^^^^^^^^^^^^^^^^^^^^^^^^^^^^^^^^^^^^^^^^^^^^^^^^^^^
Note: Missing implementation: 
   --> contract.sol:103:3:
    |
103 |   function balanceOf(address who) public view virtual returns (uint256);
    |   ^^^^^^^^^^^^^^^^^^^^^^^^^^^^^^^^^^^^^^^^^^^^^^^^^^^^^^^^^^^^^^^^^^^^^^
Note: Missing implementation: 
   --> contract.sol:102:3:
    |
102 |   function totalSupply() public view virtual returns (uint256);
    |   ^^^^^^^^^^^^^^^^^^^^^^^^^^^^^^^^^^^^^^^^^^^^^^^^^^^^^^^^^^^^^
Note: Missing implementation: 
   --> contract.sol:104:3:
    |
104 |   function transfer(address to, uint256 value) public virtual returns (bool);
    |   ^^^^^^^^^^^^^^^^^^^^^^^^^^^^^^^^^^^^^^^^^^^^^^^^^^^^^^^^^^^^^^^^^^^^^^^^^^^
Note: Missing implementation: 
   --> contract.sol:110:3:
    |
110 |   function transferFrom(address from, address to, uint256 value) public virtual returns (bool);
    |   ^^^^^^^^^^^^^^^^^^^^^^^^^^^^^^^^^^^^^^^^^^^^^^^^^^^^^^^^^^^^^^^^^^^^^^^^^^^^^^^^^^^^^^^^^^^^^

Error: Function has override specified but does not override anything.
   --> contract.sol:217:65:
    |
217 |   function _burn(address _who, uint256 _value) internal virtual override {
    |                                                                 ^^^^^^^^

Error: Type contract HUBRIS is not implicitly convertible to expected type address.
   --> contract.sol:252:18:
    |
252 |         balances[this] = totalSupply_;
    |                  ^^^^

Warning: Visibility for constructor is ignored. If you want the contract to be non-deployable, making it "abstract" is sufficient.
   --> contract.sol:250:5:
    |
250 |     constructor() HUBRISTOKEN(name, symbol, decimals) public {
    |     ^ (Relevant source part starts here and spans across multiple lines).


=== applied patch_mark_abstract ===
=== iter 7 rc=0 ===
Warning: SPDX license identifier not provided in source file. Before publishing, consider adding a comment containing "SPDX-License-Identifier: <SPDX-License>" to each source file. Use "SPDX-License-Identifier: UNLICENSED" for non-open-source code. Please see https://spdx.org for more information.
--> contract.sol


=== full compile rc=1 ===
Warning: SPDX license identifier not provided in source file. Before publishing, consider adding a comment containing "SPDX-License-Identifier: <SPDX-License>" to each source file. Use "SPDX-License-Identifier: UNLICENSED" for non-open-source code. Please see https://spdx.org for more information.
--> contract.sol

Error: Identifier already declared.
   --> contract.sol:236:5:
    |
236 |     uint8 decimals = 18;
    |     ^^^^^^^^^^^^^^^^^^^
Note: The previous declaration is here:
   --> contract.sol:118:3:
    |
118 |   uint8 public decimals;
    |   ^^^^^^^^^^^^^^^^^^^^^

Error: Identifier already declared.
   --> contract.sol:234:5:
    |
234 |     string name = "HUBRIS";
    |     ^^^^^^^^^^^^^^^^^^^^^^
Note: The previous declaration is here:
   --> contract.sol:116:3:
    |
116 |   string public name;
    |   ^^^^^^^^^^^^^^^^^^

Error: Identifier already declared.
   --> contract.sol:235:5:
    |
235 |     string symbol = "HBRS";
    |     ^^^^^^^^^^^^^^^^^^^^^^
Note: The previous declaration is here:
   --> contract.sol:117:3:
    |
117 |   string public symbol;
    |   ^^^^^^^^^^^^^^^^^^^^

Error: Contract "HUBRISTOKEN" should be marked as abstract.
   --> contract.sol:115:1:
    |
115 | contract HUBRISTOKEN is ERC20 {
    | ^ (Relevant source part starts here and spans across multiple lines).
Note: Missing implementation: 
   --> contract.sol:109:3:
    |
109 |   function allowance(address owner, address spender) public view virtual returns (uint256);
    |   ^^^^^^^^^^^^^^^^^^^^^^^^^^^^^^^^^^^^^^^^^^^^^^^^^^^^^^^^^^^^^^^^^^^^^^^^^^^^^^^^^^^^^^^^^
Note: Missing implementation: 
   --> contract.sol:111:3:
    |
111 |   function approve(address spender, uint256 value) public virtual returns (bool);
    |   ^^^^^^^^^^^^^^^^^^^^^^^^^^^^^^^^^^^^^^^^^^^^^^^^^^^^^^^^^^^^^^^^^^^^^^^^^^^^^^^
Note: Missing implementation: 
   --> contract.sol:103:3:
    |
103 |   function balanceOf(address who) public view virtual returns (uint256);
    |   ^^^^^^^^^^^^^^^^^^^^^^^^^^^^^^^^^^^^^^^^^^^^^^^^^^^^^^^^^^^^^^^^^^^^^^
Note: Missing implementation: 
   --> contract.sol:102:3:
    |
102 |   function totalSupply() public view virtual returns (uint256);
    |   ^^^^^^^^^^^^^^^^^^^^^^^^^^^^^^^^^^^^^^^^^^^^^^^^^^^^^^^^^^^^^
Note: Missing implementation: 
   --> contract.sol:104:3:
    |
104 |   function transfer(address to, uint256 value) public virtual returns (bool);
    |   ^^^^^^^^^^^^^^^^^^^^^^^^^^^^^^^^^^^^^^^^^^^^^^^^^^^^^^^^^^^^^^^^^^^^^^^^^^^
Note: Missing implementation: 
   --> contract.sol:110:3:
    |
110 |   function transferFrom(address from, address to, uint256 value) public virtual returns (bool);
    |   ^^^^^^^^^^^^^^^^^^^^^^^^^^^^^^^^^^^^^^^^^^^^^^^^^^^^^^^^^^^^^^^^^^^^^^^^^^^^^^^^^^^^^^^^^^^^^

Error: Function has override specified but does not override anything.
   --> contract.sol:217:65:
    |
217 |   function _burn(address _who, uint256 _value) internal virtual override {
    |                                                                 ^^^^^^^^

Error: Type contract HUBRIS is not implicitly convertible to expected type address.
   --> contract.sol:252:18:
    |
252 |         balances[this] = totalSupply_;
    |                  ^^^^

Warning: Visibility for constructor is ignored. If you want the contract to be non-deployable, making it "abstract" is sufficient.
   --> contract.sol:250:5:
    |
250 |     constructor() HUBRISTOKEN(name, symbol, decimals) public {
    |     ^ (Relevant source part starts here and spans across multiple lines).


=== applied patch_remove_bogus_override ===
=== iter 8 rc=0 ===
Warning: SPDX license identifier not provided in source file. Before publishing, consider adding a comment containing "SPDX-License-Identifier: <SPDX-License>" to each source file. Use "SPDX-License-Identifier: UNLICENSED" for non-open-source code. Please see https://spdx.org for more information.
--> contract.sol


=== full compile rc=1 ===
Warning: SPDX license identifier not provided in source file. Before publishing, consider adding a comment containing "SPDX-License-Identifier: <SPDX-License>" to each source file. Use "SPDX-License-Identifier: UNLICENSED" for non-open-source code. Please see https://spdx.org for more information.
--> contract.sol

Error: Identifier already declared.
   --> contract.sol:236:5:
    |
236 |     uint8 decimals = 18;
    |     ^^^^^^^^^^^^^^^^^^^
Note: The previous declaration is here:
   --> contract.sol:118:3:
    |
118 |   uint8 public decimals;
    |   ^^^^^^^^^^^^^^^^^^^^^

Error: Identifier already declared.
   --> contract.sol:234:5:
    |
234 |     string name = "HUBRIS";
    |     ^^^^^^^^^^^^^^^^^^^^^^
Note: The previous declaration is here:
   --> contract.sol:116:3:
    |
116 |   string public name;
    |   ^^^^^^^^^^^^^^^^^^

Error: Identifier already declared.
   --> contract.sol:235:5:
    |
235 |     string symbol = "HBRS";
    |     ^^^^^^^^^^^^^^^^^^^^^^
Note: The previous declaration is here:
   --> contract.sol:117:3:
    |
117 |   string public symbol;
    |   ^^^^^^^^^^^^^^^^^^^^

Error: Contract "HUBRISTOKEN" should be marked as abstract.
   --> contract.sol:115:1:
    |
115 | contract HUBRISTOKEN is ERC20 {
    | ^ (Relevant source part starts here and spans across multiple lines).
Note: Missing implementation: 
   --> contract.sol:109:3:
    |
109 |   function allowance(address owner, address spender) public view virtual returns (uint256);
    |   ^^^^^^^^^^^^^^^^^^^^^^^^^^^^^^^^^^^^^^^^^^^^^^^^^^^^^^^^^^^^^^^^^^^^^^^^^^^^^^^^^^^^^^^^^
Note: Missing implementation: 
   --> contract.sol:111:3:
    |
111 |   function approve(address spender, uint256 value) public virtual returns (bool);
    |   ^^^^^^^^^^^^^^^^^^^^^^^^^^^^^^^^^^^^^^^^^^^^^^^^^^^^^^^^^^^^^^^^^^^^^^^^^^^^^^^
Note: Missing implementation: 
   --> contract.sol:103:3:
    |
103 |   function balanceOf(address who) public view virtual returns (uint256);
    |   ^^^^^^^^^^^^^^^^^^^^^^^^^^^^^^^^^^^^^^^^^^^^^^^^^^^^^^^^^^^^^^^^^^^^^^
Note: Missing implementation: 
   --> contract.sol:102:3:
    |
102 |   function totalSupply() public view virtual returns (uint256);
    |   ^^^^^^^^^^^^^^^^^^^^^^^^^^^^^^^^^^^^^^^^^^^^^^^^^^^^^^^^^^^^^
Note: Missing implementation: 
   --> contract.sol:104:3:
    |
104 |   function transfer(address to, uint256 value) public virtual returns (bool);
    |   ^^^^^^^^^^^^^^^^^^^^^^^^^^^^^^^^^^^^^^^^^^^^^^^^^^^^^^^^^^^^^^^^^^^^^^^^^^^
Note: Missing implementation: 
   --> contract.sol:110:3:
    |
110 |   function transferFrom(address from, address to, uint256 value) public virtual returns (bool);
    |   ^^^^^^^^^^^^^^^^^^^^^^^^^^^^^^^^^^^^^^^^^^^^^^^^^^^^^^^^^^^^^^^^^^^^^^^^^^^^^^^^^^^^^^^^^^^^^

Error: Overriding function is missing "override" specifier.
   --> contract.sol:135:3:
    |
135 |   function totalSupply() public view virtual returns (uint256) {
    |   ^ (Relevant source part starts here and spans across multiple lines).
Note: Overridden function is here:
   --> contract.sol:102:3:
    |
102 |   function totalSupply() public view virtual returns (uint256);
    |   ^^^^^^^^^^^^^^^^^^^^^^^^^^^^^^^^^^^^^^^^^^^^^^^^^^^^^^^^^^^^^

Error: Overriding function is missing "override" specifier.
   --> contract.sol:140:3:
    |
140 |   function transfer(address _to, uint256 _value) public virtual returns (bool) {
    |   ^ (Relevant source part starts here and spans across multiple lines).
Note: Overridden function is here:
   --> contract.sol:104:3:
    |
104 |   function transfer(address to, uint256 value) public virtual returns (bool);
    |   ^^^^^^^^^^^^^^^^^^^^^^^^^^^^^^^^^^^^^^^^^^^^^^^^^^^^^^^^^^^^^^^^^^^^^^^^^^^

Error: Overriding function is missing "override" specifier.
   --> contract.sol:152:3:
    |
152 |   function balanceOf(address _owner) public view virtual returns (uint256 balance) {
    |   ^ (Relevant source part starts here and spans across multiple lines).
Note: Overridden function is here:
   --> contract.sol:103:3:
    |
103 |   function balanceOf(address who) public view virtual returns (uint256);
    |   ^^^^^^^^^^^^^^^^^^^^^^^^^^^^^^^^^^^^^^^^^^^^^^^^^^^^^^^^^^^^^^^^^^^^^^

Error: Overriding function is missing "override" specifier.
   --> contract.sol:163:3:
    |
163 |   function transferFrom(address _from, address _to, uint256 _value) public virtual returns (bool) {
    |   ^ (Relevant source part starts here and spans across multiple lines).
Note: Overridden function is here:
   --> contract.sol:110:3:
    |
110 |   function transferFrom(address from, address to, uint256 value) public virtual returns (bool);
    |   ^^^^^^^^^^^^^^^^^^^^^^^^^^^^^^^^^^^^^^^^^^^^^^^^^^^^^^^^^^^^^^^^^^^^^^^^^^^^^^^^^^^^^^^^^^^^^

Error: Overriding function is missing "override" specifier.
   --> contract.sol:176:3:
    |
176 |   function approve(address _spender, uint256 _value) public virtual returns (bool) {
    |   ^ (Relevant source part starts here and spans across multiple lines).
Note: Overridden function is here:
   --> contract.sol:111:3:
    |
111 |   function approve(address spender, uint256 value) public virtual returns (bool);
    |   ^^^^^^^^^^^^^^^^^^^^^^^^^^^^^^^^^^^^^^^^^^^^^^^^^^^^^^^^^^^^^^^^^^^^^^^^^^^^^^^

Error: Overriding function is missing "override" specifier.
   --> contract.sol:183:3:
    |
183 |   function allowance(address _owner, address _spender) public view virtual returns (uint256) {
    |   ^ (Relevant source part starts here and spans across multiple lines).
Note: Overridden function is here:
   --> contract.sol:109:3:
    |
109 |   function allowance(address owner, address spender) public view virtual returns (uint256);
    |   ^^^^^^^^^^^^^^^^^^^^^^^^^^^^^^^^^^^^^^^^^^^^^^^^^^^^^^^^^^^^^^^^^^^^^^^^^^^^^^^^^^^^^^^^^

Error: Type contract HUBRIS is not implicitly convertible to expected type address.
   --> contract.sol:252:18:
    |
252 |         balances[this] = totalSupply_;
    |                  ^^^^

Warning: Visibility for constructor is ignored. If you want the contract to be non-deployable, making it "abstract" is sufficient.
   --> contract.sol:250:5:
    |
250 |     constructor() HUBRISTOKEN(name, symbol, decimals) public {
    |     ^ (Relevant source part starts here and spans across multiple lines).


=== no rule matched ===
