=== iter 0 rc=1 ===
Error: Expected a state variable declaration. If you intended this as a fallback function or a function to handle plain ether transactions, use the "fallback" keyword or the "receive" keyword instead.
   --> contract.sol:233:31:
    |
233 |     function() public payable {
    |                               ^


=== applied patch_anonymous_fallback ===
=== iter 1 rc=0 ===
Warning: SPDX license identifier not provided in source file. Before publishing, consider adding a comment containing "SPDX-License-Identifier: <SPDX-License>" to each source file. Use "SPDX-License-Identifier: UNLICENSED" for non-open-source code. Please see https://spdx.org for more information.
--> contract.sol


=== full compile rc=1 ===
Warning: SPDX license identifier not provided in source file. Before publishing, consider adding a comment containing "SPDX-License-Identifier: <SPDX-License>" to each source file. Use "SPDX-License-Identifier: UNLICENSED" for non-open-source code. Please see https://spdx.org for more information.
--> contract.sol

Error: Functions are not allowed to have the same name as the contract. If you intend this to be a constructor, use "constructor(...) { ... }" to define it.
   --> contract.sol:117:5:
    |
117 |     function DSAuth() public {
    |     ^ (Relevant source part starts here and spans across multiple lines).

Error: Functions are not allowed to have the same name as the contract. If you intend this to be a constructor, use "constructor(...) { ... }" to define it.
   --> contract.sol:229:5:
    |
229 |     function ViewlyMainSale(address beneficiary_) public {
    |     ^ (Relevant source part starts here and spans across multiple lines).

Warning: This declaration shadows an existing declaration.
   --> contract.sol:117:5:
    |
117 |     function DSAuth() public {
    |     ^ (Relevant source part starts here and spans across multiple lines).
Note: The shadowed declaration is here:
   --> contract.sol:113:1:
    |
113 | contract DSAuth is DSAuthEvents {
    | ^ (Relevant source part starts here and spans across multiple lines).

Warning: This declaration shadows an existing declaration.
   --> contract.sol:229:5:
    |
229 |     function ViewlyMainSale(address beneficiary_) public {
    |     ^ (Relevant source part starts here and spans across multiple lines).
Note: The shadowed declaration is here:
   --> contract.sol:186:1:
    |
186 | contract ViewlyMainSale is DSAuth, DSMath {
    | ^ (Relevant source part starts here and spans across multiple lines).

Error: Data location must be "memory" or "calldata" for parameter in function, but none was given.
   --> contract.sol:280:29:
    |
280 |     function addToWhitelist(address[] contributors) public auth {
    |                             ^^^^^^^^^^^^^^^^^^^^^^

Error: Data location must be "memory" or "calldata" for parameter in function, but none was given.
   --> contract.sol:288:34:
    |
288 |     function removeFromWhitelist(address[] contributors) public auth {
    |                                  ^^^^^^^^^^^^^^^^^^^^^^


=== applied patch_contract_named_ctor ===
=== iter 2 rc=0 ===
Warning: SPDX license identifier not provided in source file. Before publishing, consider adding a comment containing "SPDX-License-Identifier: <SPDX-License>" to each source file. Use "SPDX-License-Identifier: UNLICENSED" for non-open-source code. Please see https://spdx.org for more information.
--> contract.sol


=== full compile rc=1 ===
Warning: SPDX license identifier not provided in source file. Before publishing, consider adding a comment containing "SPDX-License-Identifier: <SPDX-License>" to each source file. Use "SPDX-License-Identifier: UNLICENSED" for non-open-source code. Please see https://spdx.org for more information.
--> contract.sol

Error: Data location must be "memory" or "calldata" for parameter in function, but none was given.
   --> contract.sol:280:29:
    |
280 |     function addToWhitelist(address[] contributors) public auth {
    |                             ^^^^^^^^^^^^^^^^^^^^^^

Error: Data location must be "memory" or "calldata" for parameter in function, but none was given.
   --> contract.sol:288:34:
    |
288 |     function removeFromWhitelist(address[] contributors) public auth {
    |                                  ^^^^^^^^^^^^^^^^^^^^^^


=== applied patch_memory_location ===
=== iter 3 rc=0 ===
Warning: SPDX license identifier not provided in source file. Before publishing, consider adding a comment containing "SPDX-License-Identifier: <SPDX-License>" to each source file. Use "SPDX-License-Identifier: UNLICENSED" for non-open-source code. Please see https://spdx.org for more information.
--> contract.sol


=== full compile rc=1 ===
Warning: SPDX license identifier not provided in source file. Before publishing, consider adding a comment containing "SPDX-License-Identifier: <SPDX-License>" to each source file. Use "SPDX-License-Identifier: UNLICENSED" for non-open-source code. Please see https://spdx.org for more information.
--> contract.sol

Error: Contract "DSAuthority" should be marked as abstract.
   --> contract.sol:102:1:
    |
102 | contract DSAuthority {
    | ^ (Relevant source part starts here and spans across multiple lines).
Note: Missing implementation: 
   --> contract.sol:103:5:
    |
103 |     function canCall(
    |     ^ (Relevant source part starts here and spans across multiple lines).

Error: Contract "ERC20" should be marked as abstract.
   --> contract.sol:171:1:
    |
171 | contract ERC20 is ERC20Events {
    | ^ (Relevant source part starts here and spans across multiple lines).
Note: Missing implementation: 
   --> contract.sol:174:5:
    |
174 |     function allowance(address src, address guy) public view returns (uint);
    |     ^^^^^^^^^^^^^^^^^^^^^^^^^^^^^^^^^^^^^^^^^^^^^^^^^^^^^^^^^^^^^^^^^^^^^^^^
Note: Missing implementation: 
   --> contract.sol:176:5:
    |
176 |     function approve(address guy, uint wad) public returns (bool);
    |     ^^^^^^^^^^^^^^^^^^^^^^^^^^^^^^^^^^^^^^^^^^^^^^^^^^^^^^^^^^^^^^
Note: Missing implementation: 
   --> contract.sol:173:5:
    |
173 |     function balanceOf(address guy) public view returns (uint);
    |     ^^^^^^^^^^^^^^^^^^^^^^^^^^^^^^^^^^^^^^^^^^^^^^^^^^^^^^^^^^^
Note: Missing implementation: 
   --> contract.sol:172:5:
    |
172 |     function totalSupply() public view returns (uint);
    |     ^^^^^^^^^^^^^^^^^^^^^^^^^^^^^^^^^^^^^^^^^^^^^^^^^^
Note: Missing implementation: 
   --> contract.sol:177:5:
    |
177 |     function transfer(address dst, uint wad) public returns (bool);
    |     ^^^^^^^^^^^^^^^^^^^^^^^^^^^^^^^^^^^^^^^^^^^^^^^^^^^^^^^^^^^^^^^
Note: Missing implementation: 
   --> contract.sol:178:5:
    |
178 |     function transferFrom(
    |     ^ (Relevant source part starts here and spans across multiple lines).

Error: Overriding function is missing "override" specifier.
   --> contract.sol:300:5:
    |
300 |     function setOwner(address owner_) public auth {
    |     ^ (Relevant source part starts here and spans across multiple lines).
Note: Overridden function is here:
   --> contract.sol:122:5:
    |
122 |     function setOwner(address owner_)
    |     ^ (Relevant source part starts here and spans across multiple lines).

Error: Trying to override non-virtual function. Did you forget to add "virtual"?
   --> contract.sol:122:5:
    |
122 |     function setOwner(address owner_)
    |     ^ (Relevant source part starts here and spans across multiple lines).
Note: Overriding function is here:
   --> contract.sol:300:5:
    |
300 |     function setOwner(address owner_) public auth {
    |     ^ (Relevant source part starts here and spans across multiple lines).

Error: Overriding function is missing "override" specifier.
   --> contract.sol:304:5:
    |
304 |     function setAuthority(DSAuthority authority_) public auth {
    |     ^ (Relevant source part starts here and spans across multiple lines).
Note: Overridden function is here:
   --> contract.sol:130:5:
    |
130 |     function setAuthority(DSAuthority authority_)
    |     ^ (Relevant source part starts here and spans across multiple lines).

Error: Trying to override non-virtual function. Did you forget to add "virtual"?
   --> contract.sol:130:5:
    |
130 |     function setAuthority(DSAuthority authority_)
    |     ^ (Relevant source part starts here and spans across multiple lines).
Note: Overriding function is here:
   --> contract.sol:304:5:
    |
304 |     function setAuthority(DSAuthority authority_) public auth {
    |     ^ (Relevant source part starts here and spans across multiple lines).

Error: Functions without implementation must be marked virtual.
   --> contract.sol:103:5:
    |
103 |     function canCall(
    |     ^ (Relevant source part starts here and spans across multiple lines).

Error: Invalid type for argument in function call. Invalid implicit conversion from contract DSAuthority to address requested.
   --> contract.sol:135:25:
    |
135 |         LogSetAuthority(authority);
    |                         ^^^^^^^^^

Error: Explicit type conversion not allowed from "int_const 0" to "contract DSAuthority".
   --> contract.sol:148:33:
    |
148 |         } else if (authority == DSAuthority(0)) {
    |                                 ^^^^^^^^^^^^^^

Error: Invalid type for argument in function call. Invalid implicit conversion from contract DSAuth to address requested.
   --> contract.sol:151:43:
    |
151 |             return authority.canCall(src, this, sig);
    |                                           ^^^^

Error: Functions without implementation must be marked virtual.
   --> contract.sol:172:5:
    |
172 |     function totalSupply() public view returns (uint);
    |     ^^^^^^^^^^^^^^^^^^^^^^^^^^^^^^^^^^^^^^^^^^^^^^^^^^

Error: Functions without implementation must be marked virtual.
   --> contract.sol:173:5:
    |
173 |     function balanceOf(address guy) public view returns (uint);
    |     ^^^^^^^^^^^^^^^^^^^^^^^^^^^^^^^^^^^^^^^^^^^^^^^^^^^^^^^^^^^

Error: Functions without implementation must be marked virtual.
   --> contract.sol:174:5:
    |
174 |     function allowance(address src, address guy) public view returns (uint);
    |     ^^^^^^^^^^^^^^^^^^^^^^^^^^^^^^^^^^^^^^^^^^^^^^^^^^^^^^^^^^^^^^^^^^^^^^^^

Error: Functions without implementation must be marked virtual.
   --> contract.sol:176:5:
    |
176 |     function approve(address guy, uint wad) public returns (bool);
    |     ^^^^^^^^^^^^^^^^^^^^^^^^^^^^^^^^^^^^^^^^^^^^^^^^^^^^^^^^^^^^^^

Error: Functions without implementation must be marked virtual.
   --> contract.sol:177:5:
    |
177 |     function transfer(address dst, uint wad) public returns (bool);
    |     ^^^^^^^^^^^^^^^^^^^^^^^^^^^^^^^^^^^^^^^^^^^^^^^^^^^^^^^^^^^^^^^

Error: Functions without implementation must be marked virtual.
   --> contract.sol:178:5:
    |
178 |     function transferFrom(
    |     ^ (Relevant source part starts here and spans across multiple lines).

Error: Member "balance" not found or not visible after argument-dependent lookup in contract ViewlyMainSale. Use "address(this).balance" to access this address member.
   --> contract.sol:243:27:
    |
243 |         require(amount <= this.balance);
    |                           ^^^^^^^^^^^^


=== applied patch_virtual_unimpl ===
=== iter 4 rc=0 ===
Warning: SPDX license identifier not provided in source file. Before publishing, consider adding a comment containing "SPDX-License-Identifier: <SPDX-License>" to each source file. Use "SPDX-License-Identifier: UNLICENSED" for non-open-source code. Please see https://spdx.org for more information.
--> contract.sol


=== full compile rc=1 ===
Warning: SPDX license identifier not provided in source file. Before publishing, consider adding a comment containing "SPDX-License-Identifier: <SPDX-License>" to each source file. Use "SPDX-License-Identifier: UNLICENSED" for non-open-source code. Please see https://spdx.org for more information.
--> contract.sol

Error: Contract "DSAuthority" should be marked as abstract.
   --> contract.sol:102:1:
    |
102 | contract DSAuthority {
    | ^ (Relevant source part starts here and spans across multiple lines).
Note: Missing implementation: 
   --> contract.sol:103:5:
    |
103 |     function canCall(
    |     ^ (Relevant source part starts here and spans across multiple lines).

Error: Contract "ERC20" should be marked as abstract.
   --> contract.sol:171:1:
    |
171 | contract ERC20 is ERC20Events {
    | ^ (Relevant source part starts here and spans across multiple lines).
Note: Missing implementation: 
   --> contract.sol:174:5:
    |
174 |     function allowance(address src, address guy) public view virtual returns (uint);
    |     ^^^^^^^^^^^^^^^^^^^^^^^^^^^^^^^^^^^^^^^^^^^^^^^^^^^^^^^^^^^^^^^^^^^^^^^^^^^^^^^^
Note: Missing implementation: 
   --> contract.sol:176:5:
    |
176 |     function approve(address guy, uint wad) public virtual returns (bool);
    |     ^^^^^^^^^^^^^^^^^^^^^^^^^^^^^^^^^^^^^^^^^^^^^^^^^^^^^^^^^^^^^^^^^^^^^^
Note: Missing implementation: 
   --> contract.sol:173:5:
    |
173 |     function balanceOf(address guy) public view virtual returns (uint);
    |     ^^^^^^^^^^^^^^^^^^^^^^^^^^^^^^^^^^^^^^^^^^^^^^^^^^^^^^^^^^^^^^^^^^^
Note: Missing implementation: 
   --> contract.sol:172:5:
    |
172 |     function totalSupply() public view virtual returns (uint);
    |     ^^^^^^^^^^^^^^^^^^^^^^^^^^^^^^^^^^^^^^^^^^^^^^^^^^^^^^^^^^
Note: Missing implementation: 
   --> contract.sol:177:5:
    |
177 |     function transfer(address dst, uint wad) public virtual returns (bool);
    |     ^^^^^^^^^^^^^^^^^^^^^^^^^^^^^^^^^^^^^^^^^^^^^^^^^^^^^^^^^^^^^^^^^^^^^^^
Note: Missing implementation: 
   --> contract.sol:178:5:
    |
178 |     function transferFrom(
    |     ^ (Relevant source part starts here and spans across multiple lines).

Error: Overriding function is missing "override" specifier.
   --> contract.sol:300:5:
    |
300 |     function setOwner(address owner_) public auth {
    |     ^ (Relevant source part starts here and spans across multiple lines).
Note: Overridden function is here:
   --> contract.sol:122:5:
    |
122 |     function setOwner(address owner_)
    |     ^ (Relevant source part starts here and spans across multiple lines).

Error: Trying to override non-virtual function. Did you forget to add "virtual"?
   --> contract.sol:122:5:
    |
122 |     function setOwner(address owner_)
    |     ^ (Relevant source part starts here and spans across multiple lines).
Note: Overriding function is here:
   --> contract.sol:300:5:
    |
300 |     function setOwner(address owner_) public auth {
    |     ^ (Relevant source part starts here and spans across multiple lines).

Error: Overriding function is missing "override" specifier.
   --> contract.sol:304:5:
    |
304 |     function setAuthority(DSAuthority authority_) public auth {
    |     ^ (Relevant source part starts here and spans across multiple lines).
Note: Overridden function is here:
   --> contract.sol:130:5:
    |
130 |     function setAuthority(DSAuthority authority_)
    |     ^ (Relevant source part starts here and spans across multiple lines).

Error: Trying to override non-virtual function. Did you forget to add "virtual"?
   --> contract.sol:130:5:
    |
130 |     function setAuthority(DSAuthority authority_)
    |     ^ (Relevant source part starts here and spans across multiple lines).
Note: Overriding function is here:
   --> contract.sol:304:5:
    |
304 |     function setAuthority(DSAuthority authority_) public auth {
    |     ^ (Relevant source part starts here and spans across multiple lines).

Error: Invalid type for argument in function call. Invalid implicit conversion from contract DSAuthority to address requested.
   --> contract.sol:135:25:
    |
135 |         LogSetAuthority(authority);
    |                         ^^^^^^^^^

Error: Explicit type conversion not allowed from "int_const 0" to "contract DSAuthority".
   --> contract.sol:148:33:
    |
148 |         } else if (authority == DSAuthority(0)) {
    |                                 ^^^^^^^^^^^^^^

Error: Invalid type for argument in function call. Invalid implicit conversion from contract DSAuth to address requested.
   --> contract.sol:151:43:
    |
151 |             return authority.canCall(src, this, sig);
    |                                           ^^^^

Error: Member "balance" not found or not visible after argument-dependent lookup in contract ViewlyMainSale. Use "address(this).balance" to access this address member.
   --> contract.sol:243:27:
    |
243 |         require(amount <= this.balance);
    |                           ^^^^^^^^^^^^


=== applied patch_mark_abstract ===
=== iter 5 rc=0 ===
Warning: SPDX license identifier not provided in source file. Before publishing, consider adding a comment containing "SPDX-License-Identifier: <SPDX-License>" to each source file. Use "SPDX-License-Identifier: UNLICENSED" for non-open-source code. Please see https://spdx.org for more information.
--> contract.sol


=== full compile rc=1 ===
Warning: SPDX license identifier not provided in source file. Before publishing, consider adding a comment containing "SPDX-License-Identifier: <SPDX-License>" to each source file. Use "SPDX-License-Identifier: UNLICENSED" for non-open-source code. Please see https://spdx.org for more information.
--> contract.sol

Error: Overriding function is missing "override" specifier.
   --> contract.sol:300:5:
    |
300 |     function setOwner(address owner_) public auth {
    |     ^ (Relevant source part starts here and spans across multiple lines).
Note: Overridden function is here:
   --> contract.sol:122:5:
    |
122 |     function setOwner(address owner_)
    |     ^ (Relevant source part starts here and spans across multiple lines).

Error: Trying to override non-virtual function. Did you forget to add "virtual"?
   --> contract.sol:122:5:
    |
122 |     function setOwner(address owner_)
    |     ^ (Relevant source part starts here and spans across multiple lines).
Note: Overriding function is here:
   --> contract.sol:300:5:
    |
300 |     function setOwner(address owner_) public auth {
    |     ^ (Relevant source part starts here and spans across multiple lines).

Error: Overriding function is missing "override" specifier.
   --> contract.sol:304:5:
    |
304 |     function setAuthority(DSAuthority authority_) public auth {
    |     ^ (Relevant source part starts here and spans across multiple lines).
Note: Overridden function is here:
   --> contract.sol:130:5:
    |
130 |     function setAuthority(DSAuthority authority_)
    |     ^ (Relevant source part starts here and spans across multiple lines).

Error: Trying to override non-virtual function. Did you forget to add "virtual"?
   --> contract.sol:130:5:
    |
130 |     function setAuthority(DSAuthority authority_)
    |     ^ (Relevant source part starts here and spans across multiple lines).
Note: Overriding function is here:
   --> contract.sol:304:5:
    |
304 |     function setAuthority(DSAuthority authority_) public auth {
    |     ^ (Relevant source part starts here and spans across multiple lines).

Error: Invalid type for argument in function call. Invalid implicit conversion from contract DSAuthority to address requested.
   --> contract.sol:135:25:
    |
135 |         LogSetAuthority(authority);
    |                         ^^^^^^^^^

Error: Explicit type conversion not allowed from "int_const 0" to "contract DSAuthority".
   --> contract.sol:148:33:
    |
148 |         } else if (authority == DSAuthority(0)) {
    |                                 ^^^^^^^^^^^^^^

Error: Invalid type for argument in function call. Invalid implicit conversion from contract DSAuth to address requested.
   --> contract.sol:151:43:
    |
151 |             return authority.canCall(src, this, sig);
    |                                           ^^^^

Error: Member "balance" not found or not visible after argument-dependent lookup in contract ViewlyMainSale. Use "address(this).balance" to access this address member.
   --> contract.sol:243:27:
    |
243 |         require(amount <= this.balance);
    |                           ^^^^^^^^^^^^


=== applied patch_contract_balance ===
=== iter 6 rc=0 ===
Warning: SPDX license identifier not provided in source file. Before publishing, consider adding a comment containing "SPDX-License-Identifier: <SPDX-License>" to each source file. Use "SPDX-License-Identifier: UNLICENSED" for non-open-source code. Please see https://spdx.org for more information.
--> contract.sol


=== full compile rc=1 ===
Warning: SPDX license identifier not provided in source file. Before publishing, consider adding a comment containing "SPDX-License-Identifier: <SPDX-License>" to each source file. Use "SPDX-License-Identifier: UNLICENSED" for non-open-source code. Please see https://spdx.org for more information.
--> contract.sol

Error: Overriding function is missing "override" specifier.
   --> contract.sol:300:5:
    |
300 |     function setOwner(address owner_) public auth {
    |     ^ (Relevant source part starts here and spans across multiple lines).
Note: Overridden function is here:
   --> contract.sol:122:5:
    |
122 |     function setOwner(address owner_)
    |     ^ (Relevant source part starts here and spans across multiple lines).

Error: Trying to override non-virtual function. Did you forget to add "virtual"?
   --> contract.sol:122:5:
    |
122 |     function setOwner(address owner_)
    |     ^ (Relevant source part starts here and spans across multiple lines).
Note: Overriding function is here:
   --> contract.sol:300:5:
    |
300 |     function setOwner(address owner_) public auth {
    |     ^ (Relevant source part starts here and spans across multiple lines).

Error: Overriding function is missing "override" specifier.
   --> contract.sol:304:5:
    |
304 |     function setAuthority(DSAuthority authority_) public auth {
    |     ^ (Relevant source part starts here and spans across multiple lines).
Note: Overridden function is here:
   --> contract.sol:130:5:
    |
130 |     function setAuthority(DSAuthority authority_)
    |     ^ (Relevant source part starts here and spans across multiple lines).

Error: Trying to override non-virtual function. Did you forget to add "virtual"?
   --> contract.sol:130:5:
    |
130 |     function setAuthority(DSAuthority authority_)
    |     ^ (Relevant source part starts here and spans across multiple lines).
Note: Overriding function is here:
   --> contract.sol:304:5:
    |
304 |     function setAuthority(DSAuthority authority_) public auth {
    |     ^ (Relevant source part starts here and spans across multiple lines).

Error: Invalid type for argument in function call. Invalid implicit conversion from contract DSAuthority to address requested.
   --> contract.sol:135:25:
    |
135 |         LogSetAuthority(authority);
    |                         ^^^^^^^^^

Error: Explicit type conversion not allowed from "int_const 0" to "contract DSAuthority".
   --> contract.sol:148:33:
    |
148 |         } else if (authority == DSAuthority(0)) {
    |                                 ^^^^^^^^^^^^^^

Error: Invalid type for argument in function call. Invalid implicit conversion from contract DSAuth to address requested.
   --> contract.sol:151:43:
    |
151 |             return authority.canCall(src, this, sig);
    |                                           ^^^^

Error: "send" and "transfer" are only available for objects of type "address payable", not "address".
   --> contract.sol:249:9:
    |
249 |         contributor.transfer(amount);
    |         ^^^^^^^^^^^^^^^^^^^^


=== applied patch_send_transfer_to_payable ===
=== iter 7 rc=0 ===
Warning: SPDX license identifier not provided in source file. Before publishing, consider adding a comment containing "SPDX-License-Identifier: <SPDX-License>" to each source file. Use "SPDX-License-Identifier: UNLICENSED" for non-open-source code. Please see https://spdx.org for more information.
--> contract.sol


=== full compile rc=1 ===
Warning: SPDX license identifier not provided in source file. Before publishing, consider adding a comment containing "SPDX-License-Identifier: <SPDX-License>" to each source file. Use "SPDX-License-Identifier: UNLICENSED" for non-open-source code. Please see https://spdx.org for more information.
--> contract.sol

Error: Overriding function is missing "override" specifier.
   --> contract.sol:300:5:
    |
300 |     function setOwner(address owner_) public auth {
    |     ^ (Relevant source part starts here and spans across multiple lines).
Note: Overridden function is here:
   --> contract.sol:122:5:
    |
122 |     function setOwner(address owner_)
    |     ^ (Relevant source part starts here and spans across multiple lines).

Error: Trying to override non-virtual function. Did you forget to add "virtual"?
   --> contract.sol:122:5:
    |
122 |     function setOwner(address owner_)
    |     ^ (Relevant source part starts here and spans across multiple lines).
Note: Overriding function is here:
   --> contract.sol:300:5:
    |
300 |     function setOwner(address owner_) public auth {
    |     ^ (Relevant source part starts here and spans across multiple lines).

Error: Overriding function is missing "override" specifier.
   --> contract.sol:304:5:
    |
304 |     function setAuthority(DSAuthority authority_) public auth {
    |     ^ (Relevant source part starts here and spans across multiple lines).
Note: Overridden function is here:
   --> contract.sol:130:5:
    |
130 |     function setAuthority(DSAuthority authority_)
    |     ^ (Relevant source part starts here and spans across multiple lines).

Error: Trying to override non-virtual function. Did you forget to add "virtual"?
   --> contract.sol:130:5:
    |
130 |     function setAuthority(DSAuthority authority_)
    |     ^ (Relevant source part starts here and spans across multiple lines).
Note: Overriding function is here:
   --> contract.sol:304:5:
    |
304 |     function setAuthority(DSAuthority authority_) public auth {
    |     ^ (Relevant source part starts here and spans across multiple lines).

Error: Invalid type for argument in function call. Invalid implicit conversion from contract DSAuthority to address requested.
   --> contract.sol:135:25:
    |
135 |         LogSetAuthority(authority);
    |                         ^^^^^^^^^

Error: Explicit type conversion not allowed from "int_const 0" to "contract DSAuthority".
   --> contract.sol:148:33:
    |
148 |         } else if (authority == DSAuthority(0)) {
    |                                 ^^^^^^^^^^^^^^

Error: Invalid type for argument in function call. Invalid implicit conversion from contract DSAuth to address requested.
   --> contract.sol:151:43:
    |
151 |             return authority.canCall(src, this, sig);
    |                                           ^^^^

Error: Invalid type for argument in function call. Invalid implicit conversion from contract ViewlyMainSale to address requested.
   --> contract.sol:310:62:
    |
310 |         payable(token).transfer(beneficiary, token.balanceOf(this));
    |                                                              ^^^^

Error: Explicit type conversion not allowed from "contract ERC20" to "address payable".
   --> contract.sol:310:9:
    |
310 |         payable(token).transfer(beneficiary, token.balanceOf(this));
    |         ^^^^^^^^^^^^^^

Error: Wrong argument count for function call: 2 arguments given but expected 1.
   --> contract.sol:310:9:
    |
310 |         payable(token).transfer(beneficiary, token.balanceOf(this));
    |         ^^^^^^^^^^^^^^^^^^^^^^^^^^^^^^^^^^^^^^^^^^^^^^^^^^^^^^^^^^^


=== applied patch_payable_contract_cast ===
=== iter 8 rc=0 ===
Warning: SPDX license identifier not provided in source file. Before publishing, consider adding a comment containing "SPDX-License-Identifier: <SPDX-License>" to each source file. Use "SPDX-License-Identifier: UNLICENSED" for non-open-source code. Please see https://spdx.org for more information.
--> contract.sol


=== full compile rc=1 ===
Warning: SPDX license identifier not provided in source file. Before publishing, consider adding a comment containing "SPDX-License-Identifier: <SPDX-License>" to each source file. Use "SPDX-License-Identifier: UNLICENSED" for non-open-source code. Please see https://spdx.org for more information.
--> contract.sol

Error: Overriding function is missing "override" specifier.
   --> contract.sol:300:5:
    |
300 |     function setOwner(address owner_) public auth {
    |     ^ (Relevant source part starts here and spans across multiple lines).
Note: Overridden function is here:
   --> contract.sol:122:5:
    |
122 |     function setOwner(address owner_)
    |     ^ (Relevant source part starts here and spans across multiple lines).

Error: Trying to override non-virtual function. Did you forget to add "virtual"?
   --> contract.sol:122:5:
    |
122 |     function setOwner(address owner_)
    |     ^ (Relevant source part starts here and spans across multiple lines).
Note: Overriding function is here:
   --> contract.sol:300:5:
    |
300 |     function setOwner(address owner_) public auth {
    |     ^ (Relevant source part starts here and spans across multiple lines).

Error: Overriding function is missing "override" specifier.
   --> contract.sol:304:5:
    |
304 |     function setAuthority(DSAuthority authority_) public auth {
    |     ^ (Relevant source part starts here and spans across multiple lines).
Note: Overridden function is here:
   --> contract.sol:130:5:
    |
130 |     function setAuthority(DSAuthority authority_)
    |     ^ (Relevant source part starts here and spans across multiple lines).

Error: Trying to override non-virtual function. Did you forget to add "virtual"?
   --> contract.sol:130:5:
    |
130 |     function setAuthority(DSAuthority authority_)
    |     ^ (Relevant source part starts here and spans across multiple lines).
Note: Overriding function is here:
   --> contract.sol:304:5:
    |
304 |     function setAuthority(DSAuthority authority_) public auth {
    |     ^ (Relevant source part starts here and spans across multiple lines).

Error: Invalid type for argument in function call. Invalid implicit conversion from contract DSAuthority to address requested.
   --> contract.sol:135:25:
    |
135 |         LogSetAuthority(authority);
    |                         ^^^^^^^^^

Error: Explicit type conversion not allowed from "int_const 0" to "contract DSAuthority".
   --> contract.sol:148:33:
    |
148 |         } else if (authority == DSAuthority(0)) {
    |                                 ^^^^^^^^^^^^^^

Error: Invalid type for argument in function call. Invalid implicit conversion from contract DSAuth to address requested.
   --> contract.sol:151:43:
    |
151 |             return authority.canCall(src, this, sig);
    |                                           ^^^^

Error: Invalid type for argument in function call. Invalid implicit conversion from contract ViewlyMainSale to address requested.
   --> contract.sol:310:71:
    |
310 |         payable(address(token)).transfer(beneficiary, token.balanceOf(this));
    |                                                                       ^^^^

Error: Wrong argument count for function call: 2 arguments given but expected 1.
   --> contract.sol:310:9:
    |
310 |         payable(address(token)).transfer(beneficiary, token.balanceOf(this));
    |         ^^^^^^^^^^^^^^^^^^^^^^^^^^^^^^^^^^^^^^^^^^^^^^^^^^^^^^^^^^^^^^^^^^^^


=== no rule matched ===
