=== iter 0 rc=0 ===
Warning: SPDX license identifier not provided in source file. Before publishing, consider adding a comment containing "SPDX-License-Identifier: <SPDX-License>" to each source file. Use "SPDX-License-Identifier: UNLICENSED" for non-open-source code. Please see https://spdx.org for more information.
--> contract.sol


=== full compile rc=1 ===
Warning: SPDX license identifier not provided in source file. Before publishing, consider adding a comment containing "SPDX-License-Identifier: <SPDX-License>" to each source file. Use "SPDX-License-Identifier: UNLICENSED" for non-open-source code. Please see https://spdx.org for more information.
--> contract.sol

Error: Identifier already declared.
   --> contract.sol:167:5:
    |
167 |     function allowance(address _owner, address _spender) view public returns (uint256) {
    |     ^ (Relevant source part starts here and spans across multiple lines).
Note: The previous declaration is here:
  --> contract.sol:77:5:
   |
77 |     mapping (address => mapping (address => uint256)) public allowance;
   |     ^^^^^^^^^^^^^^^^^^^^^^^^^^^^^^^^^^^^^^^^^^^^^^^^^^^^^^^^^^^^^^^^^^

Warning: Visibility for constructor is ignored. If you want the contract to be non-deployable, making it "abstract" is sufficient.
  --> contract.sol:51:5:
   |
51 |     constructor() public {
   |     ^ (Relevant source part starts here and spans across multiple lines).

Warning: Visibility for constructor is ignored. If you want the contract to be non-deployable, making it "abstract" is sufficient.
  --> contract.sol:97:5:
   |
97 |     constructor() public {
   |     ^ (Relevant source part starts here and spans across multiple lines).


=== applied patch_drop_ctor_visibility ===
=== iter 1 rc=0 ===
Warning: SPDX license identifier not provided in source file. Before publishing, consider adding a comment containing "SPDX-License-Identifier: <SPDX-License>" to each source file. Use "SPDX-License-Identifier: UNLICENSED" for non-open-source code. Please see https://spdx.org for more information.
--> contract.sol


=== full compile rc=1 ===
Warning: SPDX license identifier not provided in source file. Before publishing, consider adding a comment containing "SPDX-License-Identifier: <SPDX-License>" to each source file. Use "SPDX-License-Identifier: UNLICENSED" for non-open-source code. Please see https://spdx.org for more information.
--> contract.sol

Error: Identifier already declared.
   --> contract.sol:167:5:
    |
167 |     function allowance(address _owner, address _spender) view public returns (uint256) {
    |     ^ (Relevant source part starts here and spans across multiple lines).
Note: The previous declaration is here:
  --> contract.sol:77:5:
   |
77 |     mapping (address => mapping (address => uint256)) public allowance;
   |     ^^^^^^^^^^^^^^^^^^^^^^^^^^^^^^^^^^^^^^^^^^^^^^^^^^^^^^^^^^^^^^^^^^


=== no rule matched ===
