=== iter 0 rc=1 ===
Error: Expected '{' but got 'constant'
  --> contract.sol:32:40:
   |
32 |     function balanceOf(address _owner) constant public returns (uint256);
   |                                        ^^^^^^^^


=== applied patch_constant_function ===
=== iter 1 rc=1 ===
Error: Expected a state variable declaration. If you intended this as a fallback function or a function to handle plain ether transactions, use the "fallback" keyword or the "receive" keyword instead.
   --> contract.sol:134:34:
    |
134 |     function () external payable {
    |                                  ^


=== applied patch_anonymous_fallback ===
=== iter 2 rc=0 ===
Warning: SPDX license identifier not provided in source file. Before publishing, consider adding a comment containing "SPDX-License-Identifier: <SPDX-License>" to each source file. Use "SPDX-License-Identifier: UNLICENSED" for non-open-source code. Please see https://spdx.org for more information.
--> contract.sol


=== full compile rc=1 ===
Warning: SPDX license identifier not provided in source file. Before publishing, consider adding a comment containing "SPDX-License-Identifier: <SPDX-License>" to each source file. Use "SPDX-License-Identifier: UNLICENSED" for non-open-source code. Please see https://spdx.org for more information.
--> contract.sol

Error: Identifier already declared.
  --> contract.sol:66:5:
   |
66 |     uint256 public totalSupply = 100000000e18;
   |     ^^^^^^^^^^^^^^^^^^^^^^^^^^^^^^^^^^^^^^^^^
Note: The previous declaration is here:
  --> contract.sol:37:5:
   |
37 |     uint256 public totalSupply;
   |     ^^^^^^^^^^^^^^^^^^^^^^^^^^

Error: Contract "ForeignToken" should be marked as abstract.
  --> contract.sol:31:1:
   |
31 | contract ForeignToken {
   | ^ (Relevant source part starts here and spans across multiple lines).
Note: Missing implementation: 
  --> contract.sol:32:5:
   |
32 |     function balanceOf(address _owner) view public returns (uint256);
   |     ^^^^^^^^^^^^^^^^^^^^^^^^^^^^^^^^^^^^^^^^^^^^^^^^^^^^^^^^^^^^^^^^^
Note: Missing implementation: 
  --> contract.sol:33:5:
   |
33 |     function transfer(address _to, uint256 _value) public returns (bool);
   |     ^^^^^^^^^^^^^^^^^^^^^^^^^^^^^^^^^^^^^^^^^^^^^^^^^^^^^^^^^^^^^^^^^^^^^

Error: Contract "ERC20Basic" should be marked as abstract.
  --> contract.sol:36:1:
   |
36 | contract ERC20Basic {
   | ^ (Relevant source part starts here and spans across multiple lines).
Note: Missing implementation: 
  --> contract.sol:38:5:
   |
38 |     function balanceOf(address who) public view returns (uint256);
   |     ^^^^^^^^^^^^^^^^^^^^^^^^^^^^^^^^^^^^^^^^^^^^^^^^^^^^^^^^^^^^^^
Note: Missing implementation: 
  --> contract.sol:39:5:
   |
39 |     function transfer(address to, uint256 value) public returns (bool);
   |     ^^^^^^^^^^^^^^^^^^^^^^^^^^^^^^^^^^^^^^^^^^^^^^^^^^^^^^^^^^^^^^^^^^^

Error: Contract "ERC20" should be marked as abstract.
  --> contract.sol:43:1:
   |
43 | contract ERC20 is ERC20Basic {
   | ^ (Relevant source part starts here and spans across multiple lines).
Note: Missing implementation: 
  --> contract.sol:44:5:
   |
44 |     function allowance(address owner, address spender) public view returns (uint256);
   |     ^^^^^^^^^^^^^^^^^^^^^^^^^^^^^^^^^^^^^^^^^^^^^^^^^^^^^^^^^^^^^^^^^^^^^^^^^^^^^^^^^
Note: Missing implementation: 
  --> contract.sol:46:5:
   |
46 |     function approve(address spender, uint256 value) public returns (bool);
   |     ^^^^^^^^^^^^^^^^^^^^^^^^^^^^^^^^^^^^^^^^^^^^^^^^^^^^^^^^^^^^^^^^^^^^^^^
Note: Missing implementation: 
  --> contract.sol:38:5:
   |
38 |     function balanceOf(address who) public view returns (uint256);
   |     ^^^^^^^^^^^^^^^^^^^^^^^^^^^^^^^^^^^^^^^^^^^^^^^^^^^^^^^^^^^^^^
Note: Missing implementation: 
  --> contract.sol:39:5:
   |
39 |     function transfer(address to, uint256 value) public returns (bool);
   |     ^^^^^^^^^^^^^^^^^^^^^^^^^^^^^^^^^^^^^^^^^^^^^^^^^^^^^^^^^^^^^^^^^^^
Note: Missing implementation: 
  --> contract.sol:45:5:
   |
45 |     function transferFrom(address from, address to, uint256 value) public returns (bool);
   |     ^^^^^^^^^^^^^^^^^^^^^^^^^^^^^^^^^^^^^^^^^^^^^^^^^^^^^^^^^^^^^^^^^^^^^^^^^^^^^^^^^^^^^

Error: Event with same name and parameter types defined twice.
  --> contract.sol:75:5:
   |
75 |     event Approval(address indexed _owner, address indexed _spender, uint256 _value);
   |     ^^^^^^^^^^^^^^^^^^^^^^^^^^^^^^^^^^^^^^^^^^^^^^^^^^^^^^^^^^^^^^^^^^^^^^^^^^^^^^^^^
Note: Other declaration is here:
  --> contract.sol:47:5:
   |
47 |     event Approval(address indexed owner, address indexed spender, uint256 value);
   |     ^^^^^^^^^^^^^^^^^^^^^^^^^^^^^^^^^^^^^^^^^^^^^^^^^^^^^^^^^^^^^^^^^^^^^^^^^^^^^^

Error: Event with same name and parameter types defined twice.
  --> contract.sol:74:5:
   |
74 |     event Transfer(address indexed _from, address indexed _to, uint256 _value);
   |     ^^^^^^^^^^^^^^^^^^^^^^^^^^^^^^^^^^^^^^^^^^^^^^^^^^^^^^^^^^^^^^^^^^^^^^^^^^^
Note: Other declaration is here:
  --> contract.sol:40:5:
   |
40 |     event Transfer(address indexed from, address indexed to, uint256 value);
   |     ^^^^^^^^^^^^^^^^^^^^^^^^^^^^^^^^^^^^^^^^^^^^^^^^^^^^^^^^^^^^^^^^^^^^^^^^

Error: Overriding function is missing "override" specifier.
   --> contract.sol:165:5:
    |
165 |     function balanceOf(address _owner) view public returns (uint256) {
    |     ^ (Relevant source part starts here and spans across multiple lines).
Note: Overridden function is here:
  --> contract.sol:38:5:
   |
38 |     function balanceOf(address who) public view returns (uint256);
   |     ^^^^^^^^^^^^^^^^^^^^^^^^^^^^^^^^^^^^^^^^^^^^^^^^^^^^^^^^^^^^^^

Error: Trying to override non-virtual function. Did you forget to add "virtual"?
  --> contract.sol:38:5:
   |
38 |     function balanceOf(address who) public view returns (uint256);
   |     ^^^^^^^^^^^^^^^^^^^^^^^^^^^^^^^^^^^^^^^^^^^^^^^^^^^^^^^^^^^^^^
Note: Overriding function is here:
   --> contract.sol:165:5:
    |
165 |     function balanceOf(address _owner) view public returns (uint256) {
    |     ^ (Relevant source part starts here and spans across multiple lines).

Error: Overriding function is missing "override" specifier.
   --> contract.sol:174:5:
    |
174 |     function transfer(address _to, uint256 _amount) onlyPayloadSize(2 * 32) public returns (bool success) {
    |     ^ (Relevant source part starts here and spans across multiple lines).
Note: Overridden function is here:
  --> contract.sol:39:5:
   |
39 |     function transfer(address to, uint256 value) public returns (bool);
   |     ^^^^^^^^^^^^^^^^^^^^^^^^^^^^^^^^^^^^^^^^^^^^^^^^^^^^^^^^^^^^^^^^^^^

Error: Trying to override non-virtual function. Did you forget to add "virtual"?
  --> contract.sol:39:5:
   |
39 |     function transfer(address to, uint256 value) public returns (bool);
   |     ^^^^^^^^^^^^^^^^^^^^^^^^^^^^^^^^^^^^^^^^^^^^^^^^^^^^^^^^^^^^^^^^^^^
Note: Overriding function is here:
   --> contract.sol:174:5:
    |
174 |     function transfer(address _to, uint256 _amount) onlyPayloadSize(2 * 32) public returns (bool success) {
    |     ^ (Relevant source part starts here and spans across multiple lines).

Error: Overriding function is missing "override" specifier.
   --> contract.sol:184:5:
    |
184 |     function transferFrom(address _from, address _to, uint256 _amount) onlyPayloadSize(3 * 32) public returns (bool success) {
    |     ^ (Relevant source part starts here and spans across multiple lines).
Note: Overridden function is here:
  --> contract.sol:45:5:
   |
45 |     function transferFrom(address from, address to, uint256 value) public returns (bool);
   |     ^^^^^^^^^^^^^^^^^^^^^^^^^^^^^^^^^^^^^^^^^^^^^^^^^^^^^^^^^^^^^^^^^^^^^^^^^^^^^^^^^^^^^

Error: Trying to override non-virtual function. Did you forget to add "virtual"?
  --> contract.sol:45:5:
   |
45 |     function transferFrom(address from, address to, uint256 value) public returns (bool);
   |     ^^^^^^^^^^^^^^^^^^^^^^^^^^^^^^^^^^^^^^^^^^^^^^^^^^^^^^^^^^^^^^^^^^^^^^^^^^^^^^^^^^^^^
Note: Overriding function is here:
   --> contract.sol:184:5:
    |
184 |     function transferFrom(address _from, address _to, uint256 _amount) onlyPayloadSize(3 * 32) public returns (bool success) {
    |     ^ (Relevant source part starts here and spans across multiple lines).

Error: Overriding function is missing "override" specifier.
   --> contract.sol:196:5:
    |
196 |     function approve(address _spender, uint256 _value) public returns (bool success) {
    |     ^ (Relevant source part starts here and spans across multiple lines).
Note: Overridden function is here:
  --> contract.sol:46:5:
   |
46 |     function approve(address spender, uint256 value) public returns (bool);
   |     ^^^^^^^^^^^^^^^^^^^^^^^^^^^^^^^^^^^^^^^^^^^^^^^^^^^^^^^^^^^^^^^^^^^^^^^

Error: Trying to override non-virtual function. Did you forget to add "virtual"?
  --> contract.sol:46:5:
   |
46 |     function approve(address spender, uint256 value) public returns (bool);
   |     ^^^^^^^^^^^^^^^^^^^^^^^^^^^^^^^^^^^^^^^^^^^^^^^^^^^^^^^^^^^^^^^^^^^^^^^
Note: Overriding function is here:
   --> contract.sol:196:5:
    |
196 |     function approve(address _spender, uint256 _value) public returns (bool success) {
    |     ^ (Relevant source part starts here and spans across multiple lines).

Error: Overriding function is missing "override" specifier.
   --> contract.sol:203:5:
    |
203 |     function allowance(address _owner, address _spender) view public returns (uint256) {
    |     ^ (Relevant source part starts here and spans across multiple lines).
Note: Overridden function is here:
  --> contract.sol:44:5:
   |
44 |     function allowance(address owner, address spender) public view returns (uint256);
   |     ^^^^^^^^^^^^^^^^^^^^^^^^^^^^^^^^^^^^^^^^^^^^^^^^^^^^^^^^^^^^^^^^^^^^^^^^^^^^^^^^^

Error: Trying to override non-virtual function. Did you forget to add "virtual"?
  --> contract.sol:44:5:
   |
44 |     function allowance(address owner, address spender) public view returns (uint256);
   |     ^^^^^^^^^^^^^^^^^^^^^^^^^^^^^^^^^^^^^^^^^^^^^^^^^^^^^^^^^^^^^^^^^^^^^^^^^^^^^^^^^
Note: Overriding function is here:
   --> contract.sol:203:5:
    |
203 |     function allowance(address _owner, address _spender) view public returns (uint256) {
    |     ^ (Relevant source part starts here and spans across multiple lines).

Error: Overriding public state variable is missing "override" specifier.
  --> contract.sol:66:5:
   |
66 |     uint256 public totalSupply = 100000000e18;
   |     ^^^^^^^^^^^^^^^^^^^^^^^^^^^^^^^^^^^^^^^^^
Note: Overridden public state variable is here:
  --> contract.sol:37:5:
   |
37 |     uint256 public totalSupply;
   |     ^^^^^^^^^^^^^^^^^^^^^^^^^^

Error: Cannot override public state variable.
  --> contract.sol:37:5:
   |
37 |     uint256 public totalSupply;
   |     ^^^^^^^^^^^^^^^^^^^^^^^^^^
Note: Overriding public state variable is here:
  --> contract.sol:66:5:
   |
66 |     uint256 public totalSupply = 100000000e18;
   |     ^^^^^^^^^^^^^^^^^^^^^^^^^^^^^^^^^^^^^^^^^

Error: Functions without implementation must be marked virtual.
  --> contract.sol:32:5:
   |
32 |     function balanceOf(address _owner) view public returns (uint256);
   |     ^^^^^^^^^^^^^^^^^^^^^^^^^^^^^^^^^^^^^^^^^^^^^^^^^^^^^^^^^^^^^^^^^

Error: Functions without implementation must be marked virtual.
  --> contract.sol:33:5:
   |
33 |     function transfer(address _to, uint256 _value) public returns (bool);
   |     ^^^^^^^^^^^^^^^^^^^^^^^^^^^^^^^^^^^^^^^^^^^^^^^^^^^^^^^^^^^^^^^^^^^^^

Error: Functions without implementation must be marked virtual.
  --> contract.sol:38:5:
   |
38 |     function balanceOf(address who) public view returns (uint256);
   |     ^^^^^^^^^^^^^^^^^^^^^^^^^^^^^^^^^^^^^^^^^^^^^^^^^^^^^^^^^^^^^^

Error: Functions without implementation must be marked virtual.
  --> contract.sol:39:5:
   |
39 |     function transfer(address to, uint256 value) public returns (bool);
   |     ^^^^^^^^^^^^^^^^^^^^^^^^^^^^^^^^^^^^^^^^^^^^^^^^^^^^^^^^^^^^^^^^^^^

Error: Functions without implementation must be marked virtual.
  --> contract.sol:44:5:
   |
44 |     function allowance(address owner, address spender) public view returns (uint256);
   |     ^^^^^^^^^^^^^^^^^^^^^^^^^^^^^^^^^^^^^^^^^^^^^^^^^^^^^^^^^^^^^^^^^^^^^^^^^^^^^^^^^

Error: Functions without implementation must be marked virtual.
  --> contract.sol:45:5:
   |
45 |     function transferFrom(address from, address to, uint256 value) public returns (bool);
   |     ^^^^^^^^^^^^^^^^^^^^^^^^^^^^^^^^^^^^^^^^^^^^^^^^^^^^^^^^^^^^^^^^^^^^^^^^^^^^^^^^^^^^^

Error: Functions without implementation must be marked virtual.
  --> contract.sol:46:5:
   |
46 |     function approve(address spender, uint256 value) public returns (bool);
   |     ^^^^^^^^^^^^^^^^^^^^^^^^^^^^^^^^^^^^^^^^^^^^^^^^^^^^^^^^^^^^^^^^^^^^^^^

Warning: Visibility for constructor is ignored. If you want the contract to be non-deployable, making it "abstract" is sufficient.
   --> contract.sol:102:6:
    |
102 |      constructor() public {
    |      ^ (Relevant source part starts here and spans across multiple lines).

Error: "send" and "transfer" are only available for objects of type "address payable", not "address".
   --> contract.sol:215:9:
    |
215 |         owner.transfer(etherBalance);
    |         ^^^^^^^^^^^^^^


=== applied patch_send_transfer_to_payable ===
=== iter 3 rc=0 ===
Warning: SPDX license identifier not provided in source file. Before publishing, consider adding a comment containing "SPDX-License-Identifier: <SPDX-License>" to each source file. Use "SPDX-License-Identifier: UNLICENSED" for non-open-source code. Please see https://spdx.org for more information.
--> contract.sol


=== full compile rc=1 ===
Warning: SPDX license identifier not provided in source file. Before publishing, consider adding a comment containing "SPDX-License-Identifier: <SPDX-License>" to each source file. Use "SPDX-License-Identifier: UNLICENSED" for non-open-source code. Please see https://spdx.org for more information.
--> contract.sol

Error: Identifier already declared.
  --> contract.sol:66:5:
   |
66 |     uint256 public totalSupply = 100000000e18;
   |     ^^^^^^^^^^^^^^^^^^^^^^^^^^^^^^^^^^^^^^^^^
Note: The previous declaration is here:
  --> contract.sol:37:5:
   |
37 |     uint256 public totalSupply;
   |     ^^^^^^^^^^^^^^^^^^^^^^^^^^

Error: Contract "ForeignToken" should be marked as abstract.
  --> contract.sol:31:1:
   |
31 | contract ForeignToken {
   | ^ (Relevant source part starts here and spans across multiple lines).
Note: Missing implementation: 
  --> contract.sol:32:5:
   |
32 |     function balanceOf(address _owner) view public returns (uint256);
   |     ^^^^^^^^^^^^^^^^^^^^^^^^^^^^^^^^^^^^^^^^^^^^^^^^^^^^^^^^^^^^^^^^^
Note: Missing implementation: 
  --> contract.sol:33:5:
   |
33 |     function transfer(address _to, uint256 _value) public returns (bool);
   |     ^^^^^^^^^^^^^^^^^^^^^^^^^^^^^^^^^^^^^^^^^^^^^^^^^^^^^^^^^^^^^^^^^^^^^

Error: Contract "ERC20Basic" should be marked as abstract.
  --> contract.sol:36:1:
   |
36 | contract ERC20Basic {
   | ^ (Relevant source part starts here and spans across multiple lines).
Note: Missing implementation: 
  --> contract.sol:38:5:
   |
38 |     function balanceOf(address who) public view returns (uint256);
   |     ^^^^^^^^^^^^^^^^^^^^^^^^^^^^^^^^^^^^^^^^^^^^^^^^^^^^^^^^^^^^^^
Note: Missing implementation: 
  --> contract.sol:39:5:
   |
39 |     function transfer(address to, uint256 value) public returns (bool);
   |     ^^^^^^^^^^^^^^^^^^^^^^^^^^^^^^^^^^^^^^^^^^^^^^^^^^^^^^^^^^^^^^^^^^^

Error: Contract "ERC20" should be marked as abstract.
  --> contract.sol:43:1:
   |
43 | contract ERC20 is ERC20Basic {
   | ^ (Relevant source part starts here and spans across multiple lines).
Note: Missing implementation: 
  --> contract.sol:44:5:
   |
44 |     function allowance(address owner, address spender) public view returns (uint256);
   |     ^^^^^^^^^^^^^^^^^^^^^^^^^^^^^^^^^^^^^^^^^^^^^^^^^^^^^^^^^^^^^^^^^^^^^^^^^^^^^^^^^
Note: Missing implementation: 
  --> contract.sol:46:5:
   |
46 |     function approve(address spender, uint256 value) public returns (bool);
   |     ^^^^^^^^^^^^^^^^^^^^^^^^^^^^^^^^^^^^^^^^^^^^^^^^^^^^^^^^^^^^^^^^^^^^^^^
Note: Missing implementation: 
  --> contract.sol:38:5:
   |
38 |     function balanceOf(address who) public view returns (uint256);
   |     ^^^^^^^^^^^^^^^^^^^^^^^^^^^^^^^^^^^^^^^^^^^^^^^^^^^^^^^^^^^^^^
Note: Missing implementation: 
  --> contract.sol:39:5:
   |
39 |     function transfer(address to, uint256 value) public returns (bool);
   |     ^^^^^^^^^^^^^^^^^^^^^^^^^^^^^^^^^^^^^^^^^^^^^^^^^^^^^^^^^^^^^^^^^^^
Note: Missing implementation: 
  --> contract.sol:45:5:
   |
45 |     function transferFrom(address from, address to, uint256 value) public returns (bool);
   |     ^^^^^^^^^^^^^^^^^^^^^^^^^^^^^^^^^^^^^^^^^^^^^^^^^^^^^^^^^^^^^^^^^^^^^^^^^^^^^^^^^^^^^

Error: Event with same name and parameter types defined twice.
  --> contract.sol:75:5:
   |
75 |     event Approval(address indexed _owner, address indexed _spender, uint256 _value);
   |     ^^^^^^^^^^^^^^^^^^^^^^^^^^^^^^^^^^^^^^^^^^^^^^^^^^^^^^^^^^^^^^^^^^^^^^^^^^^^^^^^^
Note: Other declaration is here:
  --> contract.sol:47:5:
   |
47 |     event Approval(address indexed owner, address indexed spender, uint256 value);
   |     ^^^^^^^^^^^^^^^^^^^^^^^^^^^^^^^^^^^^^^^^^^^^^^^^^^^^^^^^^^^^^^^^^^^^^^^^^^^^^^

Error: Event with same name and parameter types defined twice.
  --> contract.sol:74:5:
   |
74 |     event Transfer(address indexed _from, address indexed _to, uint256 _value);
   |     ^^^^^^^^^^^^^^^^^^^^^^^^^^^^^^^^^^^^^^^^^^^^^^^^^^^^^^^^^^^^^^^^^^^^^^^^^^^
Note: Other declaration is here:
  --> contract.sol:40:5:
   |
40 |     event Transfer(address indexed from, address indexed to, uint256 value);
   |     ^^^^^^^^^^^^^^^^^^^^^^^^^^^^^^^^^^^^^^^^^^^^^^^^^^^^^^^^^^^^^^^^^^^^^^^^

Error: Overriding function is missing "override" specifier.
   --> contract.sol:165:5:
    |
165 |     function balanceOf(address _owner) view public returns (uint256) {
    |     ^ (Relevant source part starts here and spans across multiple lines).
Note: Overridden function is here:
  --> contract.sol:38:5:
   |
38 |     function balanceOf(address who) public view returns (uint256);
   |     ^^^^^^^^^^^^^^^^^^^^^^^^^^^^^^^^^^^^^^^^^^^^^^^^^^^^^^^^^^^^^^

Error: Trying to override non-virtual function. Did you forget to add "virtual"?
  --> contract.sol:38:5:
   |
38 |     function balanceOf(address who) public view returns (uint256);
   |     ^^^^^^^^^^^^^^^^^^^^^^^^^^^^^^^^^^^^^^^^^^^^^^^^^^^^^^^^^^^^^^
Note: Overriding function is here:
   --> contract.sol:165:5:
    |
165 |     function balanceOf(address _owner) view public returns (uint256) {
    |     ^ (Relevant source part starts here and spans across multiple lines).

Error: Overriding function is missing "override" specifier.
   --> contract.sol:174:5:
    |
174 |     function transfer(address _to, uint256 _amount) onlyPayloadSize(2 * 32) public returns (bool success) {
    |     ^ (Relevant source part starts here and spans across multiple lines).
Note: Overridden function is here:
  --> contract.sol:39:5:
   |
39 |     function transfer(address to, uint256 value) public returns (bool);
   |     ^^^^^^^^^^^^^^^^^^^^^^^^^^^^^^^^^^^^^^^^^^^^^^^^^^^^^^^^^^^^^^^^^^^

Error: Trying to override non-virtual function. Did you forget to add "virtual"?
  --> contract.sol:39:5:
   |
39 |     function transfer(address to, uint256 value) public returns (bool);
   |     ^^^^^^^^^^^^^^^^^^^^^^^^^^^^^^^^^^^^^^^^^^^^^^^^^^^^^^^^^^^^^^^^^^^
Note: Overriding function is here:
   --> contract.sol:174:5:
    |
174 |     function transfer(address _to, uint256 _amount) onlyPayloadSize(2 * 32) public returns (bool success) {
    |     ^ (Relevant source part starts here and spans across multiple lines).

Error: Overriding function is missing "override" specifier.
   --> contract.sol:184:5:
    |
184 |     function transferFrom(address _from, address _to, uint256 _amount) onlyPayloadSize(3 * 32) public returns (bool success) {
    |     ^ (Relevant source part starts here and spans across multiple lines).
Note: Overridden function is here:
  --> contract.sol:45:5:
   |
45 |     function transferFrom(address from, address to, uint256 value) public returns (bool);
   |     ^^^^^^^^^^^^^^^^^^^^^^^^^^^^^^^^^^^^^^^^^^^^^^^^^^^^^^^^^^^^^^^^^^^^^^^^^^^^^^^^^^^^^

Error: Trying to override non-virtual function. Did you forget to add "virtual"?
  --> contract.sol:45:5:
   |
45 |     function transferFrom(address from, address to, uint256 value) public returns (bool);
   |     ^^^^^^^^^^^^^^^^^^^^^^^^^^^^^^^^^^^^^^^^^^^^^^^^^^^^^^^^^^^^^^^^^^^^^^^^^^^^^^^^^^^^^
Note: Overriding function is here:
   --> contract.sol:184:5:
    |
184 |     function transferFrom(address _from, address _to, uint256 _amount) onlyPayloadSize(3 * 32) public returns (bool success) {
    |     ^ (Relevant source part starts here and spans across multiple lines).

Error: Overriding function is missing "override" specifier.
   --> contract.sol:196:5:
    |
196 |     function approve(address _spender, uint256 _value) public returns (bool success) {
    |     ^ (Relevant source part starts here and spans across multiple lines).
Note: Overridden function is here:
  --> contract.sol:46:5:
   |
46 |     function approve(address spender, uint256 value) public returns (bool);
   |     ^^^^^^^^^^^^^^^^^^^^^^^^^^^^^^^^^^^^^^^^^^^^^^^^^^^^^^^^^^^^^^^^^^^^^^^

Error: Trying to override non-virtual function. Did you forget to add "virtual"?
  --> contract.sol:46:5:
   |
46 |     function approve(address spender, uint256 value) public returns (bool);
   |     ^^^^^^^^^^^^^^^^^^^^^^^^^^^^^^^^^^^^^^^^^^^^^^^^^^^^^^^^^^^^^^^^^^^^^^^
Note: Overriding function is here:
   --> contract.sol:196:5:
    |
196 |     function approve(address _spender, uint256 _value) public returns (bool success) {
    |     ^ (Relevant source part starts here and spans across multiple lines).

Error: Overriding function is missing "override" specifier.
   --> contract.sol:203:5:
    |
203 |     function allowance(address _owner, address _spender) view public returns (uint256) {
    |     ^ (Relevant source part starts here and spans across multiple lines).
Note: Overridden function is here:
  --> contract.sol:44:5:
   |
44 |     function allowance(address owner, address spender) public view returns (uint256);
   |     ^^^^^^^^^^^^^^^^^^^^^^^^^^^^^^^^^^^^^^^^^^^^^^^^^^^^^^^^^^^^^^^^^^^^^^^^^^^^^^^^^

Error: Trying to override non-virtual function. Did you forget to add "virtual"?
  --> contract.sol:44:5:
   |
44 |     function allowance(address owner, address spender) public view returns (uint256);
   |     ^^^^^^^^^^^^^^^^^^^^^^^^^^^^^^^^^^^^^^^^^^^^^^^^^^^^^^^^^^^^^^^^^^^^^^^^^^^^^^^^^
Note: Overriding function is here:
   --> contract.sol:203:5:
    |
203 |     function allowance(address _owner, address _spender) view public returns (uint256) {
    |     ^ (Relevant source part starts here and spans across multiple lines).

Error: Overriding public state variable is missing "override" specifier.
  --> contract.sol:66:5:
   |
66 |     uint256 public totalSupply = 100000000e18;
   |     ^^^^^^^^^^^^^^^^^^^^^^^^^^^^^^^^^^^^^^^^^
Note: Overridden public state variable is here:
  --> contract.sol:37:5:
   |
37 |     uint256 public totalSupply;
   |     ^^^^^^^^^^^^^^^^^^^^^^^^^^

Error: Cannot override public state variable.
  --> contract.sol:37:5:
   |
37 |     uint256 public totalSupply;
   |     ^^^^^^^^^^^^^^^^^^^^^^^^^^
Note: Overriding public state variable is here:
  --> contract.sol:66:5:
   |
66 |     uint256 public totalSupply = 100000000e18;
   |     ^^^^^^^^^^^^^^^^^^^^^^^^^^^^^^^^^^^^^^^^^

Error: Functions without implementation must be marked virtual.
  --> contract.sol:32:5:
   |
32 |     function balanceOf(address _owner) view public returns (uint256);
   |     ^^^^^^^^^^^^^^^^^^^^^^^^^^^^^^^^^^^^^^^^^^^^^^^^^^^^^^^^^^^^^^^^^

Error: Functions without implementation must be marked virtual.
  --> contract.sol:33:5:
   |
33 |     function transfer(address _to, uint256 _value) public returns (bool);
   |     ^^^^^^^^^^^^^^^^^^^^^^^^^^^^^^^^^^^^^^^^^^^^^^^^^^^^^^^^^^^^^^^^^^^^^

Error: Functions without implementation must be marked virtual.
  --> contract.sol:38:5:
   |
38 |     function balanceOf(address who) public view returns (uint256);
   |     ^^^^^^^^^^^^^^^^^^^^^^^^^^^^^^^^^^^^^^^^^^^^^^^^^^^^^^^^^^^^^^

Error: Functions without implementation must be marked virtual.
  --> contract.sol:39:5:
   |
39 |     function transfer(address to, uint256 value) public returns (bool);
   |     ^^^^^^^^^^^^^^^^^^^^^^^^^^^^^^^^^^^^^^^^^^^^^^^^^^^^^^^^^^^^^^^^^^^

Error: Functions without implementation must be marked virtual.
  --> contract.sol:44:5:
   |
44 |     function allowance(address owner, address spender) public view returns (uint256);
   |     ^^^^^^^^^^^^^^^^^^^^^^^^^^^^^^^^^^^^^^^^^^^^^^^^^^^^^^^^^^^^^^^^^^^^^^^^^^^^^^^^^

Error: Functions without implementation must be marked virtual.
  --> contract.sol:45:5:
   |
45 |     function transferFrom(address from, address to, uint256 value) public returns (bool);
   |     ^^^^^^^^^^^^^^^^^^^^^^^^^^^^^^^^^^^^^^^^^^^^^^^^^^^^^^^^^^^^^^^^^^^^^^^^^^^^^^^^^^^^^

Error: Functions without implementation must be marked virtual.
  --> contract.sol:46:5:
   |
46 |     function approve(address spender, uint256 value) public returns (bool);
   |     ^^^^^^^^^^^^^^^^^^^^^^^^^^^^^^^^^^^^^^^^^^^^^^^^^^^^^^^^^^^^^^^^^^^^^^^

Warning: Visibility for constructor is ignored. If you want the contract to be non-deployable, making it "abstract" is sufficient.
   --> contract.sol:102:6:
    |
102 |      constructor() public {
    |      ^ (Relevant source part starts here and spans across multiple lines).

Error: Explicit type conversion not allowed from "contract ForeignToken" to "address payable".
   --> contract.sol:231:16:
    |
231 |         return payable(token).transfer(owner, amount);
    |                ^^^^^^^^^^^^^^

Error: Wrong argument count for function call: 2 arguments given but expected 1.
   --> contract.sol:231:16:
    |
231 |         return payable(token).transfer(owner, amount);
    |                ^^^^^^^^^^^^^^^^^^^^^^^^^^^^^^^^^^^^^^

Error: Different number of arguments in return statement than in returns declaration.
   --> contract.sol:231:9:
    |
231 |         return payable(token).transfer(owner, amount);
    |         ^^^^^^^^^^^^^^^^^^^^^^^^^^^^^^^^^^^^^^^^^^^^^


=== applied patch_virtual_unimpl ===
=== iter 4 rc=0 ===
Warning: SPDX license identifier not provided in source file. Before publishing, consider adding a comment containing "SPDX-License-Identifier: <SPDX-License>" to each source file. Use "SPDX-License-Identifier: UNLICENSED" for non-open-source code. Please see https://spdx.org for more information.
--> contract.sol


=== full compile rc=1 ===
Warning: SPDX license identifier not provided in source file. Before publishing, consider adding a comment containing "SPDX-License-Identifier: <SPDX-License>" to each source file. Use "SPDX-License-Identifier: UNLICENSED" for non-open-source code. Please see https://spdx.org for more information.
--> contract.sol

Error: Identifier already declared.
  --> contract.sol:66:5:
   |
66 |     uint256 public totalSupply = 100000000e18;
   |     ^^^^^^^^^^^^^^^^^^^^^^^^^^^^^^^^^^^^^^^^^
Note: The previous declaration is here:
  --> contract.sol:37:5:
   |
37 |     uint256 public totalSupply;
   |     ^^^^^^^^^^^^^^^^^^^^^^^^^^

Error: Contract "ForeignToken" should be marked as abstract.
  --> contract.sol:31:1:
   |
31 | contract ForeignToken {
   | ^ (Relevant source part starts here and spans across multiple lines).
Note: Missing implementation: 
  --> contract.sol:32:5:
   |
32 |     function balanceOf(address _owner) view public returns (uint256);
   |     ^^^^^^^^^^^^^^^^^^^^^^^^^^^^^^^^^^^^^^^^^^^^^^^^^^^^^^^^^^^^^^^^^
Note: Missing implementation: 
  --> contract.sol:33:5:
   |
33 |     function transfer(address _to, uint256 _value) public virtual returns (bool);
   |     ^^^^^^^^^^^^^^^^^^^^^^^^^^^^^^^^^^^^^^^^^^^^^^^^^^^^^^^^^^^^^^^^^^^^^^^^^^^^^

Error: Contract "ERC20Basic" should be marked as abstract.
  --> contract.sol:36:1:
   |
36 | contract ERC20Basic {
   | ^ (Relevant source part starts here and spans across multiple lines).
Note: Missing implementation: 
  --> contract.sol:38:5:
   |
38 |     function balanceOf(address who) public view virtual returns (uint256);
   |     ^^^^^^^^^^^^^^^^^^^^^^^^^^^^^^^^^^^^^^^^^^^^^^^^^^^^^^^^^^^^^^^^^^^^^^
Note: Missing implementation: 
  --> contract.sol:39:5:
   |
39 |     function transfer(address to, uint256 value) public virtual returns (bool);
   |     ^^^^^^^^^^^^^^^^^^^^^^^^^^^^^^^^^^^^^^^^^^^^^^^^^^^^^^^^^^^^^^^^^^^^^^^^^^^

Error: Contract "ERC20" should be marked as abstract.
  --> contract.sol:43:1:
   |
43 | contract ERC20 is ERC20Basic {
   | ^ (Relevant source part starts here and spans across multiple lines).
Note: Missing implementation: 
  --> contract.sol:44:5:
   |
44 |     function allowance(address owner, address spender) public view virtual returns (uint256);
   |     ^^^^^^^^^^^^^^^^^^^^^^^^^^^^^^^^^^^^^^^^^^^^^^^^^^^^^^^^^^^^^^^^^^^^^^^^^^^^^^^^^^^^^^^^^
Note: Missing implementation: 
  --> contract.sol:46:5:
   |
46 |     function approve(address spender, uint256 value) public virtual returns (bool);
   |     ^^^^^^^^^^^^^^^^^^^^^^^^^^^^^^^^^^^^^^^^^^^^^^^^^^^^^^^^^^^^^^^^^^^^^^^^^^^^^^^
Note: Missing implementation: 
  --> contract.sol:38:5:
   |
38 |     function balanceOf(address who) public view virtual returns (uint256);
   |     ^^^^^^^^^^^^^^^^^^^^^^^^^^^^^^^^^^^^^^^^^^^^^^^^^^^^^^^^^^^^^^^^^^^^^^
Note: Missing implementation: 
  --> contract.sol:39:5:
   |
39 |     function transfer(address to, uint256 value) public virtual returns (bool);
   |     ^^^^^^^^^^^^^^^^^^^^^^^^^^^^^^^^^^^^^^^^^^^^^^^^^^^^^^^^^^^^^^^^^^^^^^^^^^^
Note: Missing implementation: 
  --> contract.sol:45:5:
   |
45 |     function transferFrom(address from, address to, uint256 value) public virtual returns (bool);
   |     ^^^^^^^^^^^^^^^^^^^^^^^^^^^^^^^^^^^^^^^^^^^^^^^^^^^^^^^^^^^^^^^^^^^^^^^^^^^^^^^^^^^^^^^^^^^^^

Error: Event with same name and parameter types defined twice.
  --> contract.sol:75:5:
   |
75 |     event Approval(address indexed _owner, address indexed _spender, uint256 _value);
   |     ^^^^^^^^^^^^^^^^^^^^^^^^^^^^^^^^^^^^^^^^^^^^^^^^^^^^^^^^^^^^^^^^^^^^^^^^^^^^^^^^^
Note: Other declaration is here:
  --> contract.sol:47:5:
   |
47 |     event Approval(address indexed owner, address indexed spender, uint256 value);
   |     ^^^^^^^^^^^^^^^^^^^^^^^^^^^^^^^^^^^^^^^^^^^^^^^^^^^^^^^^^^^^^^^^^^^^^^^^^^^^^^

Error: Event with same name and parameter types defined twice.
  --> contract.sol:74:5:
   |
74 |     event Transfer(address indexed _from, address indexed _to, uint256 _value);
   |     ^^^^^^^^^^^^^^^^^^^^^^^^^^^^^^^^^^^^^^^^^^^^^^^^^^^^^^^^^^^^^^^^^^^^^^^^^^^
Note: Other declaration is here:
  --> contract.sol:40:5:
   |
40 |     event Transfer(address indexed from, address indexed to, uint256 value);
   |     ^^^^^^^^^^^^^^^^^^^^^^^^^^^^^^^^^^^^^^^^^^^^^^^^^^^^^^^^^^^^^^^^^^^^^^^^

Error: Overriding function is missing "override" specifier.
   --> contract.sol:165:5:
    |
165 |     function balanceOf(address _owner) view public returns (uint256) {
    |     ^ (Relevant source part starts here and spans across multiple lines).
Note: Overridden function is here:
  --> contract.sol:38:5:
   |
38 |     function balanceOf(address who) public view virtual returns (uint256);
   |     ^^^^^^^^^^^^^^^^^^^^^^^^^^^^^^^^^^^^^^^^^^^^^^^^^^^^^^^^^^^^^^^^^^^^^^

Error: Overriding function is missing "override" specifier.
   --> contract.sol:174:5:
    |
174 |     function transfer(address _to, uint256 _amount) onlyPayloadSize(2 * 32) public returns (bool success) {
    |     ^ (Relevant source part starts here and spans across multiple lines).
Note: Overridden function is here:
  --> contract.sol:39:5:
   |
39 |     function transfer(address to, uint256 value) public virtual returns (bool);
   |     ^^^^^^^^^^^^^^^^^^^^^^^^^^^^^^^^^^^^^^^^^^^^^^^^^^^^^^^^^^^^^^^^^^^^^^^^^^^

Error: Overriding function is missing "override" specifier.
   --> contract.sol:184:5:
    |
184 |     function transferFrom(address _from, address _to, uint256 _amount) onlyPayloadSize(3 * 32) public returns (bool success) {
    |     ^ (Relevant source part starts here and spans across multiple lines).
Note: Overridden function is here:
  --> contract.sol:45:5:
   |
45 |     function transferFrom(address from, address to, uint256 value) public virtual returns (bool);
   |     ^^^^^^^^^^^^^^^^^^^^^^^^^^^^^^^^^^^^^^^^^^^^^^^^^^^^^^^^^^^^^^^^^^^^^^^^^^^^^^^^^^^^^^^^^^^^^

Error: Overriding function is missing "override" specifier.
   --> contract.sol:196:5:
    |
196 |     function approve(address _spender, uint256 _value) public returns (bool success) {
    |     ^ (Relevant source part starts here and spans across multiple lines).
Note: Overridden function is here:
  --> contract.sol:46:5:
   |
46 |     function approve(address spender, uint256 value) public virtual returns (bool);
   |     ^^^^^^^^^^^^^^^^^^^^^^^^^^^^^^^^^^^^^^^^^^^^^^^^^^^^^^^^^^^^^^^^^^^^^^^^^^^^^^^

Error: Overriding function is missing "override" specifier.
   --> contract.sol:203:5:
    |
203 |     function allowance(address _owner, address _spender) view public returns (uint256) {
    |     ^ (Relevant source part starts here and spans across multiple lines).
Note: Overridden function is here:
  --> contract.sol:44:5:
   |
44 |     function allowance(address owner, address spender) public view virtual returns (uint256);
   |     ^^^^^^^^^^^^^^^^^^^^^^^^^^^^^^^^^^^^^^^^^^^^^^^^^^^^^^^^^^^^^^^^^^^^^^^^^^^^^^^^^^^^^^^^^

Error: Overriding public state variable is missing "override" specifier.
  --> contract.sol:66:5:
   |
66 |     uint256 public totalSupply = 100000000e18;
   |     ^^^^^^^^^^^^^^^^^^^^^^^^^^^^^^^^^^^^^^^^^
Note: Overridden public state variable is here:
  --> contract.sol:37:5:
   |
37 |     uint256 public totalSupply;
   |     ^^^^^^^^^^^^^^^^^^^^^^^^^^

Error: Cannot override public state variable.
  --> contract.sol:37:5:
   |
37 |     uint256 public totalSupply;
   |     ^^^^^^^^^^^^^^^^^^^^^^^^^^
Note: Overriding public state variable is here:
  --> contract.sol:66:5:
   |
66 |     uint256 public totalSupply = 100000000e18;
   |     ^^^^^^^^^^^^^^^^^^^^^^^^^^^^^^^^^^^^^^^^^

Error: Functions without implementation must be marked virtual.
  --> contract.sol:32:5:
   |
32 |     function balanceOf(address _owner) view public returns (uint256);
   |     ^^^^^^^^^^^^^^^^^^^^^^^^^^^^^^^^^^^^^^^^^^^^^^^^^^^^^^^^^^^^^^^^^

Warning: Visibility for constructor is ignored. If you want the contract to be non-deployable, making it "abstract" is sufficient.
   --> contract.sol:102:6:
    |
102 |      constructor() public {
    |      ^ (Relevant source part starts here and spans across multiple lines).

Error: Explicit type conversion not allowed from "contract ForeignToken" to "address payable".
   --> contract.sol:231:16:
    |
231 |         return payable(token).transfer(owner, amount);
    |                ^^^^^^^^^^^^^^

Error: Wrong argument count for function call: 2 arguments given but expected 1.
   --> contract.sol:231:16:
    |
231 |         return payable(token).transfer(owner, amount);
    |                ^^^^^^^^^^^^^^^^^^^^^^^^^^^^^^^^^^^^^^

Error: Different number of arguments in return statement than in returns declaration.
   --> contract.sol:231:9:
    |
231 |         return payable(token).transfer(owner, amount);
    |         ^^^^^^^^^^^^^^^^^^^^^^^^^^^^^^^^^^^^^^^^^^^^^


=== applied patch_drop_ctor_visibility ===
=== iter 5 rc=0 ===
Warning: SPDX license identifier not provided in source file. Before publishing, consider adding a comment containing "SPDX-License-Identifier: <SPDX-License>" to each source file. Use "SPDX-License-Identifier: UNLICENSED" for non-open-source code. Please see https://spdx.org for more information.
--> contract.sol


=== full compile rc=1 ===
Warning: SPDX license identifier not provided in source file. Before publishing, consider adding a comment containing "SPDX-License-Identifier: <SPDX-License>" to each source file. Use "SPDX-License-Identifier: UNLICENSED" for non-open-source code. Please see https://spdx.org for more information.
--> contract.sol

Error: Identifier already declared.
  --> contract.sol:66:5:
   |
66 |     uint256 public totalSupply = 100000000e18;
   |     ^^^^^^^^^^^^^^^^^^^^^^^^^^^^^^^^^^^^^^^^^
Note: The previous declaration is here:
  --> contract.sol:37:5:
   |
37 |     uint256 public totalSupply;
   |     ^^^^^^^^^^^^^^^^^^^^^^^^^^

Error: Contract "ForeignToken" should be marked as abstract.
  --> contract.sol:31:1:
   |
31 | contract ForeignToken {
   | ^ (Relevant source part starts here and spans across multiple lines).
Note: Missing implementation: 
  --> contract.sol:32:5:
   |
32 |     function balanceOf(address _owner) view public returns (uint256);
   |     ^^^^^^^^^^^^^^^^^^^^^^^^^^^^^^^^^^^^^^^^^^^^^^^^^^^^^^^^^^^^^^^^^
Note: Missing implementation: 
  --> contract.sol:33:5:
   |
33 |     function transfer(address _to, uint256 _value) public virtual returns (bool);
   |     ^^^^^^^^^^^^^^^^^^^^^^^^^^^^^^^^^^^^^^^^^^^^^^^^^^^^^^^^^^^^^^^^^^^^^^^^^^^^^

Error: Contract "ERC20Basic" should be marked as abstract.
  --> contract.sol:36:1:
   |
36 | contract ERC20Basic {
   | ^ (Relevant source part starts here and spans across multiple lines).
Note: Missing implementation: 
  --> contract.sol:38:5:
   |
38 |     function balanceOf(address who) public view virtual returns (uint256);
   |     ^^^^^^^^^^^^^^^^^^^^^^^^^^^^^^^^^^^^^^^^^^^^^^^^^^^^^^^^^^^^^^^^^^^^^^
Note: Missing implementation: 
  --> contract.sol:39:5:
   |
39 |     function transfer(address to, uint256 value) public virtual returns (bool);
   |     ^^^^^^^^^^^^^^^^^^^^^^^^^^^^^^^^^^^^^^^^^^^^^^^^^^^^^^^^^^^^^^^^^^^^^^^^^^^

Error: Contract "ERC20" should be marked as abstract.
  --> contract.sol:43:1:
   |
43 | contract ERC20 is ERC20Basic {
   | ^ (Relevant source part starts here and spans across multiple lines).
Note: Missing implementation: 
  --> contract.sol:44:5:
   |
44 |     function allowance(address owner, address spender) public view virtual returns (uint256);
   |     ^^^^^^^^^^^^^^^^^^^^^^^^^^^^^^^^^^^^^^^^^^^^^^^^^^^^^^^^^^^^^^^^^^^^^^^^^^^^^^^^^^^^^^^^^
Note: Missing implementation: 
  --> contract.sol:46:5:
   |
46 |     function approve(address spender, uint256 value) public virtual returns (bool);
   |     ^^^^^^^^^^^^^^^^^^^^^^^^^^^^^^^^^^^^^^^^^^^^^^^^^^^^^^^^^^^^^^^^^^^^^^^^^^^^^^^
Note: Missing implementation: 
  --> contract.sol:38:5:
   |
38 |     function balanceOf(address who) public view virtual returns (uint256);
   |     ^^^^^^^^^^^^^^^^^^^^^^^^^^^^^^^^^^^^^^^^^^^^^^^^^^^^^^^^^^^^^^^^^^^^^^
Note: Missing implementation: 
  --> contract.sol:39:5:
   |
39 |     function transfer(address to, uint256 value) public virtual returns (bool);
   |     ^^^^^^^^^^^^^^^^^^^^^^^^^^^^^^^^^^^^^^^^^^^^^^^^^^^^^^^^^^^^^^^^^^^^^^^^^^^
Note: Missing implementation: 
  --> contract.sol:45:5:
   |
45 |     function transferFrom(address from, address to, uint256 value) public virtual returns (bool);
   |     ^^^^^^^^^^^^^^^^^^^^^^^^^^^^^^^^^^^^^^^^^^^^^^^^^^^^^^^^^^^^^^^^^^^^^^^^^^^^^^^^^^^^^^^^^^^^^

Error: Event with same name and parameter types defined twice.
  --> contract.sol:75:5:
   |
75 |     event Approval(address indexed _owner, address indexed _spender, uint256 _value);
   |     ^^^^^^^^^^^^^^^^^^^^^^^^^^^^^^^^^^^^^^^^^^^^^^^^^^^^^^^^^^^^^^^^^^^^^^^^^^^^^^^^^
Note: Other declaration is here:
  --> contract.sol:47:5:
   |
47 |     event Approval(address indexed owner, address indexed spender, uint256 value);
   |     ^^^^^^^^^^^^^^^^^^^^^^^^^^^^^^^^^^^^^^^^^^^^^^^^^^^^^^^^^^^^^^^^^^^^^^^^^^^^^^

Error: Event with same name and parameter types defined twice.
  --> contract.sol:74:5:
   |
74 |     event Transfer(address indexed _from, address indexed _to, uint256 _value);
   |     ^^^^^^^^^^^^^^^^^^^^^^^^^^^^^^^^^^^^^^^^^^^^^^^^^^^^^^^^^^^^^^^^^^^^^^^^^^^
Note: Other declaration is here:
  --> contract.sol:40:5:
   |
40 |     event Transfer(address indexed from, address indexed to, uint256 value);
   |     ^^^^^^^^^^^^^^^^^^^^^^^^^^^^^^^^^^^^^^^^^^^^^^^^^^^^^^^^^^^^^^^^^^^^^^^^

Error: Overriding function is missing "override" specifier.
   --> contract.sol:165:5:
    |
165 |     function balanceOf(address _owner) view public returns (uint256) {
    |     ^ (Relevant source part starts here and spans across multiple lines).
Note: Overridden function is here:
  --> contract.sol:38:5:
   |
38 |     function balanceOf(address who) public view virtual returns (uint256);
   |     ^^^^^^^^^^^^^^^^^^^^^^^^^^^^^^^^^^^^^^^^^^^^^^^^^^^^^^^^^^^^^^^^^^^^^^

Error: Overriding function is missing "override" specifier.
   --> contract.sol:174:5:
    |
174 |     function transfer(address _to, uint256 _amount) onlyPayloadSize(2 * 32) public returns (bool success) {
    |     ^ (Relevant source part starts here and spans across multiple lines).
Note: Overridden function is here:
  --> contract.sol:39:5:
   |
39 |     function transfer(address to, uint256 value) public virtual returns (bool);
   |     ^^^^^^^^^^^^^^^^^^^^^^^^^^^^^^^^^^^^^^^^^^^^^^^^^^^^^^^^^^^^^^^^^^^^^^^^^^^

Error: Overriding function is missing "override" specifier.
   --> contract.sol:184:5:
    |
184 |     function transferFrom(address _from, address _to, uint256 _amount) onlyPayloadSize(3 * 32) public returns (bool success) {
    |     ^ (Relevant source part starts here and spans across multiple lines).
Note: Overridden function is here:
  --> contract.sol:45:5:
   |
45 |     function transferFrom(address from, address to, uint256 value) public virtual returns (bool);
   |     ^^^^^^^^^^^^^^^^^^^^^^^^^^^^^^^^^^^^^^^^^^^^^^^^^^^^^^^^^^^^^^^^^^^^^^^^^^^^^^^^^^^^^^^^^^^^^

Error: Overriding function is missing "override" specifier.
   --> contract.sol:196:5:
    |
196 |     function approve(address _spender, uint256 _value) public returns (bool success) {
    |     ^ (Relevant source part starts here and spans across multiple lines).
Note: Overridden function is here:
  --> contract.sol:46:5:
   |
46 |     function approve(address spender, uint256 value) public virtual returns (bool);
   |     ^^^^^^^^^^^^^^^^^^^^^^^^^^^^^^^^^^^^^^^^^^^^^^^^^^^^^^^^^^^^^^^^^^^^^^^^^^^^^^^

Error: Overriding function is missing "override" specifier.
   --> contract.sol:203:5:
    |
203 |     function allowance(address _owner, address _spender) view public returns (uint256) {
    |     ^ (Relevant source part starts here and spans across multiple lines).
Note: Overridden function is here:
  --> contract.sol:44:5:
   |
44 |     function allowance(address owner, address spender) public view virtual returns (uint256);
   |     ^^^^^^^^^^^^^^^^^^^^^^^^^^^^^^^^^^^^^^^^^^^^^^^^^^^^^^^^^^^^^^^^^^^^^^^^^^^^^^^^^^^^^^^^^

Error: Overriding public state variable is missing "override" specifier.
  --> contract.sol:66:5:
   |
66 |     uint256 public totalSupply = 100000000e18;
   |     ^^^^^^^^^^^^^^^^^^^^^^^^^^^^^^^^^^^^^^^^^
Note: Overridden public state variable is here:
  --> contract.sol:37:5:
   |
37 |     uint256 public totalSupply;
   |     ^^^^^^^^^^^^^^^^^^^^^^^^^^

Error: Cannot override public state variable.
  --> contract.sol:37:5:
   |
37 |     uint256 public totalSupply;
   |     ^^^^^^^^^^^^^^^^^^^^^^^^^^
Note: Overriding public state variable is here:
  --> contract.sol:66:5:
   |
66 |     uint256 public totalSupply = 100000000e18;
   |     ^^^^^^^^^^^^^^^^^^^^^^^^^^^^^^^^^^^^^^^^^

Error: Functions without implementation must be marked virtual.
  --> contract.sol:32:5:
   |
32 |     function balanceOf(address _owner) view public returns (uint256);
   |     ^^^^^^^^^^^^^^^^^^^^^^^^^^^^^^^^^^^^^^^^^^^^^^^^^^^^^^^^^^^^^^^^^

Error: Explicit type conversion not allowed from "contract ForeignToken" to "address payable".
   --> contract.sol:231:16:
    |
231 |         return payable(token).transfer(owner, amount);
    |                ^^^^^^^^^^^^^^

Error: Wrong argument count for function call: 2 arguments given but expected 1.
   --> contract.sol:231:16:
    |
231 |         return payable(token).transfer(owner, amount);
    |                ^^^^^^^^^^^^^^^^^^^^^^^^^^^^^^^^^^^^^^

Error: Different number of arguments in return statement than in returns declaration.
   --> contract.sol:231:9:
    |
231 |         return payable(token).transfer(owner, amount);
    |         ^^^^^^^^^^^^^^^^^^^^^^^^^^^^^^^^^^^^^^^^^^^^^


=== applied patch_override_needed ===
=== iter 6 rc=0 ===
Warning: SPDX license identifier not provided in source file. Before publishing, consider adding a comment containing "SPDX-License-Identifier: <SPDX-License>" to each source file. Use "SPDX-License-Identifier: UNLICENSED" for non-open-source code. Please see https://spdx.org for more information.
--> contract.sol


=== full compile rc=1 ===
Warning: SPDX license identifier not provided in source file. Before publishing, consider adding a comment containing "SPDX-License-Identifier: <SPDX-License>" to each source file. Use "SPDX-License-Identifier: UNLICENSED" for non-open-source code. Please see https://spdx.org for more information.
--> contract.sol

Error: Identifier already declared.
  --> contract.sol:66:5:
   |
66 |     uint256 public totalSupply = 100000000e18;
   |     ^^^^^^^^^^^^^^^^^^^^^^^^^^^^^^^^^^^^^^^^^
Note: The previous declaration is here:
  --> contract.sol:37:5:
   |
37 |     uint256 public totalSupply;
   |     ^^^^^^^^^^^^^^^^^^^^^^^^^^

Error: Contract "ForeignToken" should be marked as abstract.
  --> contract.sol:31:1:
   |
31 | contract ForeignToken {
   | ^ (Relevant source part starts here and spans across multiple lines).
Note: Missing implementation: 
  --> contract.sol:32:5:
   |
32 |     function balanceOf(address _owner) view public returns (uint256);
   |     ^^^^^^^^^^^^^^^^^^^^^^^^^^^^^^^^^^^^^^^^^^^^^^^^^^^^^^^^^^^^^^^^^
Note: Missing implementation: 
  --> contract.sol:33:5:
   |
33 |     function transfer(address _to, uint256 _value) public virtual returns (bool);
   |     ^^^^^^^^^^^^^^^^^^^^^^^^^^^^^^^^^^^^^^^^^^^^^^^^^^^^^^^^^^^^^^^^^^^^^^^^^^^^^

Error: Contract "ERC20Basic" should be marked as abstract.
  --> contract.sol:36:1:
   |
36 | contract ERC20Basic {
   | ^ (Relevant source part starts here and spans across multiple lines).
Note: Missing implementation: 
  --> contract.sol:38:5:
   |
38 |     function balanceOf(address who) public view virtual returns (uint256);
   |     ^^^^^^^^^^^^^^^^^^^^^^^^^^^^^^^^^^^^^^^^^^^^^^^^^^^^^^^^^^^^^^^^^^^^^^
Note: Missing implementation: 
  --> contract.sol:39:5:
   |
39 |     function transfer(address to, uint256 value) public virtual returns (bool);
   |     ^^^^^^^^^^^^^^^^^^^^^^^^^^^^^^^^^^^^^^^^^^^^^^^^^^^^^^^^^^^^^^^^^^^^^^^^^^^

Error: Contract "ERC20" should be marked as abstract.
  --> contract.sol:43:1:
   |
43 | contract ERC20 is ERC20Basic {
   | ^ (Relevant source part starts here and spans across multiple lines).
Note: Missing implementation: 
  --> contract.sol:44:5:
   |
44 |     function allowance(address owner, address spender) public view virtual returns (uint256);
   |     ^^^^^^^^^^^^^^^^^^^^^^^^^^^^^^^^^^^^^^^^^^^^^^^^^^^^^^^^^^^^^^^^^^^^^^^^^^^^^^^^^^^^^^^^^
Note: Missing implementation: 
  --> contract.sol:46:5:
   |
46 |     function approve(address spender, uint256 value) public virtual returns (bool);
   |     ^^^^^^^^^^^^^^^^^^^^^^^^^^^^^^^^^^^^^^^^^^^^^^^^^^^^^^^^^^^^^^^^^^^^^^^^^^^^^^^
Note: Missing implementation: 
  --> contract.sol:38:5:
   |
38 |     function balanceOf(address who) public view virtual returns (uint256);
   |     ^^^^^^^^^^^^^^^^^^^^^^^^^^^^^^^^^^^^^^^^^^^^^^^^^^^^^^^^^^^^^^^^^^^^^^
Note: Missing implementation: 
  --> contract.sol:39:5:
   |
39 |     function transfer(address to, uint256 value) public virtual returns (bool);
   |     ^^^^^^^^^^^^^^^^^^^^^^^^^^^^^^^^^^^^^^^^^^^^^^^^^^^^^^^^^^^^^^^^^^^^^^^^^^^
Note: Missing implementation: 
  --> contract.sol:45:5:
   |
45 |     function transferFrom(address from, address to, uint256 value) public virtual returns (bool);
   |     ^^^^^^^^^^^^^^^^^^^^^^^^^^^^^^^^^^^^^^^^^^^^^^^^^^^^^^^^^^^^^^^^^^^^^^^^^^^^^^^^^^^^^^^^^^^^^

Error: Event with same name and parameter types defined twice.
  --> contract.sol:75:5:
   |
75 |     event Approval(address indexed _owner, address indexed _spender, uint256 _value);
   |     ^^^^^^^^^^^^^^^^^^^^^^^^^^^^^^^^^^^^^^^^^^^^^^^^^^^^^^^^^^^^^^^^^^^^^^^^^^^^^^^^^
Note: Other declaration is here:
  --> contract.sol:47:5:
   |
47 |     event Approval(address indexed owner, address indexed spender, uint256 value);
   |     ^^^^^^^^^^^^^^^^^^^^^^^^^^^^^^^^^^^^^^^^^^^^^^^^^^^^^^^^^^^^^^^^^^^^^^^^^^^^^^

Error: Event with same name and parameter types defined twice.
  --> contract.sol:74:5:
   |
74 |     event Transfer(address indexed _from, address indexed _to, uint256 _value);
   |     ^^^^^^^^^^^^^^^^^^^^^^^^^^^^^^^^^^^^^^^^^^^^^^^^^^^^^^^^^^^^^^^^^^^^^^^^^^^
Note: Other declaration is here:
  --> contract.sol:40:5:
   |
40 |     event Transfer(address indexed from, address indexed to, uint256 value);
   |     ^^^^^^^^^^^^^^^^^^^^^^^^^^^^^^^^^^^^^^^^^^^^^^^^^^^^^^^^^^^^^^^^^^^^^^^^

Error: Overriding function is missing "override" specifier.
   --> contract.sol:165:5:
    |
165 |     function balanceOf(address _owner) view public returns (uint256) {
    |     ^ (Relevant source part starts here and spans across multiple lines).
Note: Overridden function is here:
  --> contract.sol:38:5:
   |
38 |     function balanceOf(address who) public view virtual returns (uint256);
   |     ^^^^^^^^^^^^^^^^^^^^^^^^^^^^^^^^^^^^^^^^^^^^^^^^^^^^^^^^^^^^^^^^^^^^^^

Error: Overriding function is missing "override" specifier.
   --> contract.sol:174:5:
    |
174 |     function transfer(address _to, uint256 _amount) onlyPayloadSize(2 * 32) public returns (bool success) {
    |     ^ (Relevant source part starts here and spans across multiple lines).
Note: Overridden function is here:
  --> contract.sol:39:5:
   |
39 |     function transfer(address to, uint256 value) public virtual returns (bool);
   |     ^^^^^^^^^^^^^^^^^^^^^^^^^^^^^^^^^^^^^^^^^^^^^^^^^^^^^^^^^^^^^^^^^^^^^^^^^^^

Error: Overriding function is missing "override" specifier.
   --> contract.sol:184:5:
    |
184 |     function transferFrom(address _from, address _to, uint256 _amount) onlyPayloadSize(3 * 32) public returns (bool success) {
    |     ^ (Relevant source part starts here and spans across multiple lines).
Note: Overridden function is here:
  --> contract.sol:45:5:
   |
45 |     function transferFrom(address from, address to, uint256 value) public virtual returns (bool);
   |     ^^^^^^^^^^^^^^^^^^^^^^^^^^^^^^^^^^^^^^^^^^^^^^^^^^^^^^^^^^^^^^^^^^^^^^^^^^^^^^^^^^^^^^^^^^^^^

Error: Overriding function is missing "override" specifier.
   --> contract.sol:203:5:
    |
203 |     function allowance(address _owner, address _spender) view public returns (uint256) {
    |     ^ (Relevant source part starts here and spans across multiple lines).
Note: Overridden function is here:
  --> contract.sol:44:5:
   |
44 |     function allowance(address owner, address spender) public view virtual returns (uint256);
   |     ^^^^^^^^^^^^^^^^^^^^^^^^^^^^^^^^^^^^^^^^^^^^^^^^^^^^^^^^^^^^^^^^^^^^^^^^^^^^^^^^^^^^^^^^^

Error: Overriding public state variable is missing "override" specifier.
  --> contract.sol:66:5:
   |
66 |     uint256 public totalSupply = 100000000e18;
   |     ^^^^^^^^^^^^^^^^^^^^^^^^^^^^^^^^^^^^^^^^^
Note: Overridden public state variable is here:
  --> contract.sol:37:5:
   |
37 |     uint256 public totalSupply;
   |     ^^^^^^^^^^^^^^^^^^^^^^^^^^

Error: Cannot override public state variable.
  --> contract.sol:37:5:
   |
37 |     uint256 public totalSupply;
   |     ^^^^^^^^^^^^^^^^^^^^^^^^^^
Note: Overriding public state variable is here:
  --> contract.sol:66:5:
   |
66 |     uint256 public totalSupply = 100000000e18;
   |     ^^^^^^^^^^^^^^^^^^^^^^^^^^^^^^^^^^^^^^^^^

Error: Functions without implementation must be marked virtual.
  --> contract.sol:32:5:
   |
32 |     function balanceOf(address _owner) view public returns (uint256);
   |     ^^^^^^^^^^^^^^^^^^^^^^^^^^^^^^^^^^^^^^^^^^^^^^^^^^^^^^^^^^^^^^^^^

Error: Explicit type conversion not allowed from "contract ForeignToken" to "address payable".
   --> contract.sol:231:16:
    |
231 |         return payable(token).transfer(owner, amount);
    |                ^^^^^^^^^^^^^^

Error: Wrong argument count for function call: 2 arguments given but expected 1.
   --> contract.sol:231:16:
    |
231 |         return payable(token).transfer(owner, amount);
    |                ^^^^^^^^^^^^^^^^^^^^^^^^^^^^^^^^^^^^^^

Error: Different number of arguments in return statement than in returns declaration.
   --> contract.sol:231:9:
    |
231 |         return payable(token).transfer(owner, amount);
    |         ^^^^^^^^^^^^^^^^^^^^^^^^^^^^^^^^^^^^^^^^^^^^^


=== applied patch_payable_contract_cast ===
=== iter 7 rc=0 ===
Warning: SPDX license identifier not provided in source file. Before publishing, consider adding a comment containing "SPDX-License-Identifier: <SPDX-License>" to each source file. Use "SPDX-License-Identifier: UNLICENSED" for non-open-source code. Please see https://spdx.org for more information.
--> contract.sol


=== full compile rc=1 ===
Warning: SPDX license identifier not provided in source file. Before publishing, consider adding a comment containing "SPDX-License-Identifier: <SPDX-License>" to each source file. Use "SPDX-License-Identifier: UNLICENSED" for non-open-source code. Please see https://spdx.org for more information.
--> contract.sol

Error: Identifier already declared.
  --> contract.sol:66:5:
   |
66 |     uint256 public totalSupply = 100000000e18;
   |     ^^^^^^^^^^^^^^^^^^^^^^^^^^^^^^^^^^^^^^^^^
Note: The previous declaration is here:
  --> contract.sol:37:5:
   |
37 |     uint256 public totalSupply;
   |     ^^^^^^^^^^^^^^^^^^^^^^^^^^

Error: Contract "ForeignToken" should be marked as abstract.
  --> contract.sol:31:1:
   |
31 | contract ForeignToken {
   | ^ (Relevant source part starts here and spans across multiple lines).
Note: Missing implementation: 
  --> contract.sol:32:5:
   |
32 |     function balanceOf(address _owner) view public returns (uint256);
   |     ^^^^^^^^^^^^^^^^^^^^^^^^^^^^^^^^^^^^^^^^^^^^^^^^^^^^^^^^^^^^^^^^^
Note: Missing implementation: 
  --> contract.sol:33:5:
   |
33 |     function transfer(address _to, uint256 _value) public virtual returns (bool);
   |     ^^^^^^^^^^^^^^^^^^^^^^^^^^^^^^^^^^^^^^^^^^^^^^^^^^^^^^^^^^^^^^^^^^^^^^^^^^^^^

Error: Contract "ERC20Basic" should be marked as abstract.
  --> contract.sol:36:1:
   |
36 | contract ERC20Basic {
   | ^ (Relevant source part starts here and spans across multiple lines).
Note: Missing implementation: 
  --> contract.sol:38:5:
   |
38 |     function balanceOf(address who) public view virtual returns (uint256);
   |     ^^^^^^^^^^^^^^^^^^^^^^^^^^^^^^^^^^^^^^^^^^^^^^^^^^^^^^^^^^^^^^^^^^^^^^
Note: Missing implementation: 
  --> contract.sol:39:5:
   |
39 |     function transfer(address to, uint256 value) public virtual returns (bool);
   |     ^^^^^^^^^^^^^^^^^^^^^^^^^^^^^^^^^^^^^^^^^^^^^^^^^^^^^^^^^^^^^^^^^^^^^^^^^^^

Error: Contract "ERC20" should be marked as abstract.
  --> contract.sol:43:1:
   |
43 | contract ERC20 is ERC20Basic {
   | ^ (Relevant source part starts here and spans across multiple lines).
Note: Missing implementation: 
  --> contract.sol:44:5:
   |
44 |     function allowance(address owner, address spender) public view virtual returns (uint256);
   |     ^^^^^^^^^^^^^^^^^^^^^^^^^^^^^^^^^^^^^^^^^^^^^^^^^^^^^^^^^^^^^^^^^^^^^^^^^^^^^^^^^^^^^^^^^
Note: Missing implementation: 
  --> contract.sol:46:5:
   |
46 |     function approve(address spender, uint256 value) public virtual returns (bool);
   |     ^^^^^^^^^^^^^^^^^^^^^^^^^^^^^^^^^^^^^^^^^^^^^^^^^^^^^^^^^^^^^^^^^^^^^^^^^^^^^^^
Note: Missing implementation: 
  --> contract.sol:38:5:
   |
38 |     function balanceOf(address who) public view virtual returns (uint256);
   |     ^^^^^^^^^^^^^^^^^^^^^^^^^^^^^^^^^^^^^^^^^^^^^^^^^^^^^^^^^^^^^^^^^^^^^^
Note: Missing implementation: 
  --> contract.sol:39:5:
   |
39 |     function transfer(address to, uint256 value) public virtual returns (bool);
   |     ^^^^^^^^^^^^^^^^^^^^^^^^^^^^^^^^^^^^^^^^^^^^^^^^^^^^^^^^^^^^^^^^^^^^^^^^^^^
Note: Missing implementation: 
  --> contract.sol:45:5:
   |
45 |     function transferFrom(address from, address to, uint256 value) public virtual returns (bool);
   |     ^^^^^^^^^^^^^^^^^^^^^^^^^^^^^^^^^^^^^^^^^^^^^^^^^^^^^^^^^^^^^^^^^^^^^^^^^^^^^^^^^^^^^^^^^^^^^

Error: Event with same name and parameter types defined twice.
  --> contract.sol:75:5:
   |
75 |     event Approval(address indexed _owner, address indexed _spender, uint256 _value);
   |     ^^^^^^^^^^^^^^^^^^^^^^^^^^^^^^^^^^^^^^^^^^^^^^^^^^^^^^^^^^^^^^^^^^^^^^^^^^^^^^^^^
Note: Other declaration is here:
  --> contract.sol:47:5:
   |
47 |     event Approval(address indexed owner, address indexed spender, uint256 value);
   |     ^^^^^^^^^^^^^^^^^^^^^^^^^^^^^^^^^^^^^^^^^^^^^^^^^^^^^^^^^^^^^^^^^^^^^^^^^^^^^^

Error: Event with same name and parameter types defined twice.
  --> contract.sol:74:5:
   |
74 |     event Transfer(address indexed _from, address indexed _to, uint256 _value);
   |     ^^^^^^^^^^^^^^^^^^^^^^^^^^^^^^^^^^^^^^^^^^^^^^^^^^^^^^^^^^^^^^^^^^^^^^^^^^^
Note: Other declaration is here:
  --> contract.sol:40:5:
   |
40 |     event Transfer(address indexed from, address indexed to, uint256 value);
   |     ^^^^^^^^^^^^^^^^^^^^^^^^^^^^^^^^^^^^^^^^^^^^^^^^^^^^^^^^^^^^^^^^^^^^^^^^

Error: Overriding function is missing "override" specifier.
   --> contract.sol:165:5:
    |
165 |     function balanceOf(address _owner) view public returns (uint256) {
    |     ^ (Relevant source part starts here and spans across multiple lines).
Note: Overridden function is here:
  --> contract.sol:38:5:
   |
38 |     function balanceOf(address who) public view virtual returns (uint256);
   |     ^^^^^^^^^^^^^^^^^^^^^^^^^^^^^^^^^^^^^^^^^^^^^^^^^^^^^^^^^^^^^^^^^^^^^^

Error: Overriding function is missing "override" specifier.
   --> contract.sol:174:5:
    |
174 |     function transfer(address _to, uint256 _amount) onlyPayloadSize(2 * 32) public returns (bool success) {
    |     ^ (Relevant source part starts here and spans across multiple lines).
Note: Overridden function is here:
  --> contract.sol:39:5:
   |
39 |     function transfer(address to, uint256 value) public virtual returns (bool);
   |     ^^^^^^^^^^^^^^^^^^^^^^^^^^^^^^^^^^^^^^^^^^^^^^^^^^^^^^^^^^^^^^^^^^^^^^^^^^^

Error: Overriding function is missing "override" specifier.
   --> contract.sol:184:5:
    |
184 |     function transferFrom(address _from, address _to, uint256 _amount) onlyPayloadSize(3 * 32) public returns (bool success) {
    |     ^ (Relevant source part starts here and spans across multiple lines).
Note: Overridden function is here:
  --> contract.sol:45:5:
   |
45 |     function transferFrom(address from, address to, uint256 value) public virtual returns (bool);
   |     ^^^^^^^^^^^^^^^^^^^^^^^^^^^^^^^^^^^^^^^^^^^^^^^^^^^^^^^^^^^^^^^^^^^^^^^^^^^^^^^^^^^^^^^^^^^^^

Error: Overriding function is missing "override" specifier.
   --> contract.sol:203:5:
    |
203 |     function allowance(address _owner, address _spender) view public returns (uint256) {
    |     ^ (Relevant source part starts here and spans across multiple lines).
Note: Overridden function is here:
  --> contract.sol:44:5:
   |
44 |     function allowance(address owner, address spender) public view virtual returns (uint256);
   |     ^^^^^^^^^^^^^^^^^^^^^^^^^^^^^^^^^^^^^^^^^^^^^^^^^^^^^^^^^^^^^^^^^^^^^^^^^^^^^^^^^^^^^^^^^

Error: Overriding public state variable is missing "override" specifier.
  --> contract.sol:66:5:
   |
66 |     uint256 public totalSupply = 100000000e18;
   |     ^^^^^^^^^^^^^^^^^^^^^^^^^^^^^^^^^^^^^^^^^
Note: Overridden public state variable is here:
  --> contract.sol:37:5:
   |
37 |     uint256 public totalSupply;
   |     ^^^^^^^^^^^^^^^^^^^^^^^^^^

Error: Cannot override public state variable.
  --> contract.sol:37:5:
   |
37 |     uint256 public totalSupply;
   |     ^^^^^^^^^^^^^^^^^^^^^^^^^^
Note: Overriding public state variable is here:
  --> contract.sol:66:5:
   |
66 |     uint256 public totalSupply = 100000000e18;
   |     ^^^^^^^^^^^^^^^^^^^^^^^^^^^^^^^^^^^^^^^^^

Error: Functions without implementation must be marked virtual.
  --> contract.sol:32:5:
   |
32 |     function balanceOf(address _owner) view public returns (uint256);
   |     ^^^^^^^^^^^^^^^^^^^^^^^^^^^^^^^^^^^^^^^^^^^^^^^^^^^^^^^^^^^^^^^^^

Error: Wrong argument count for function call: 2 arguments given but expected 1.
   --> contract.sol:231:16:
    |
231 |         return payable(address(token)).transfer(owner, amount);
    |                ^^^^^^^^^^^^^^^^^^^^^^^^^^^^^^^^^^^^^^^^^^^^^^^

Error: Different number of arguments in return statement than in returns declaration.
   --> contract.sol:231:9:
    |
231 |         return payable(address(token)).transfer(owner, amount);
    |         ^^^^^^^^^^^^^^^^^^^^^^^^^^^^^^^^^^^^^^^^^^^^^^^^^^^^^^


=== applied patch_mark_abstract ===
=== iter 8 rc=0 ===
Warning: SPDX license identifier not provided in source file. Before publishing, consider adding a comment containing "SPDX-License-Identifier: <SPDX-License>" to each source file. Use "SPDX-License-Identifier: UNLICENSED" for non-open-source code. Please see https://spdx.org for more information.
--> contract.sol


=== full compile rc=1 ===
Warning: SPDX license identifier not provided in source file. Before publishing, consider adding a comment containing "SPDX-License-Identifier: <SPDX-License>" to each source file. Use "SPDX-License-Identifier: UNLICENSED" for non-open-source code. Please see https://spdx.org for more information.
--> contract.sol

Error: Identifier already declared.
  --> contract.sol:66:5:
   |
66 |     uint256 public totalSupply = 100000000e18;
   |     ^^^^^^^^^^^^^^^^^^^^^^^^^^^^^^^^^^^^^^^^^
Note: The previous declaration is here:
  --> contract.sol:37:5:
   |
37 |     uint256 public totalSupply;
   |     ^^^^^^^^^^^^^^^^^^^^^^^^^^

Error: Event with same name and parameter types defined twice.
  --> contract.sol:75:5:
   |
75 |     event Approval(address indexed _owner, address indexed _spender, uint256 _value);
   |     ^^^^^^^^^^^^^^^^^^^^^^^^^^^^^^^^^^^^^^^^^^^^^^^^^^^^^^^^^^^^^^^^^^^^^^^^^^^^^^^^^
Note: Other declaration is here:
  --> contract.sol:47:5:
   |
47 |     event Approval(address indexed owner, address indexed spender, uint256 value);
   |     ^^^^^^^^^^^^^^^^^^^^^^^^^^^^^^^^^^^^^^^^^^^^^^^^^^^^^^^^^^^^^^^^^^^^^^^^^^^^^^

Error: Event with same name and parameter types defined twice.
  --> contract.sol:74:5:
   |
74 |     event Transfer(address indexed _from, address indexed _to, uint256 _value);
   |     ^^^^^^^^^^^^^^^^^^^^^^^^^^^^^^^^^^^^^^^^^^^^^^^^^^^^^^^^^^^^^^^^^^^^^^^^^^^
Note: Other declaration is here:
  --> contract.sol:40:5:
   |
40 |     event Transfer(address indexed from, address indexed to, uint256 value);
   |     ^^^^^^^^^^^^^^^^^^^^^^^^^^^^^^^^^^^^^^^^^^^^^^^^^^^^^^^^^^^^^^^^^^^^^^^^

Error: Overriding function is missing "override" specifier.
   --> contract.sol:165:5:
    |
165 |     function balanceOf(address _owner) view public returns (uint256) {
    |     ^ (Relevant source part starts here and spans across multiple lines).
Note: Overridden function is here:
  --> contract.sol:38:5:
   |
38 |     function balanceOf(address who) public view virtual returns (uint256);
   |     ^^^^^^^^^^^^^^^^^^^^^^^^^^^^^^^^^^^^^^^^^^^^^^^^^^^^^^^^^^^^^^^^^^^^^^

Error: Overriding function is missing "override" specifier.
   --> contract.sol:174:5:
    |
174 |     function transfer(address _to, uint256 _amount) onlyPayloadSize(2 * 32) public returns (bool success) {
    |     ^ (Relevant source part starts here and spans across multiple lines).
Note: Overridden function is here:
  --> contract.sol:39:5:
   |
39 |     function transfer(address to, uint256 value) public virtual returns (bool);
   |     ^^^^^^^^^^^^^^^^^^^^^^^^^^^^^^^^^^^^^^^^^^^^^^^^^^^^^^^^^^^^^^^^^^^^^^^^^^^

Error: Overriding function is missing "override" specifier.
   --> contract.sol:184:5:
    |
184 |     function transferFrom(address _from, address _to, uint256 _amount) onlyPayloadSize(3 * 32) public returns (bool success) {
    |     ^ (Relevant source part starts here and spans across multiple lines).
Note: Overridden function is here:
  --> contract.sol:45:5:
   |
45 |     function transferFrom(address from, address to, uint256 value) public virtual returns (bool);
   |     ^^^^^^^^^^^^^^^^^^^^^^^^^^^^^^^^^^^^^^^^^^^^^^^^^^^^^^^^^^^^^^^^^^^^^^^^^^^^^^^^^^^^^^^^^^^^^

Error: Overriding function is missing "override" specifier.
   --> contract.sol:203:5:
    |
203 |     function allowance(address _owner, address _spender) view public returns (uint256) {
    |     ^ (Relevant source part starts here and spans across multiple lines).
Note: Overridden function is here:
  --> contract.sol:44:5:
   |
44 |     function allowance(address owner, address spender) public view virtual returns (uint256);
   |     ^^^^^^^^^^^^^^^^^^^^^^^^^^^^^^^^^^^^^^^^^^^^^^^^^^^^^^^^^^^^^^^^^^^^^^^^^^^^^^^^^^^^^^^^^

Error: Overriding public state variable is missing "override" specifier.
  --> contract.sol:66:5:
   |
66 |     uint256 public totalSupply = 100000000e18;
   |     ^^^^^^^^^^^^^^^^^^^^^^^^^^^^^^^^^^^^^^^^^
Note: Overridden public state variable is here:
  --> contract.sol:37:5:
   |
37 |     uint256 public totalSupply;
   |     ^^^^^^^^^^^^^^^^^^^^^^^^^^

Error: Cannot override public state variable.
  --> contract.sol:37:5:
   |
37 |     uint256 public totalSupply;
   |     ^^^^^^^^^^^^^^^^^^^^^^^^^^
Note: Overriding public state variable is here:
  --> contract.sol:66:5:
   |
66 |     uint256 public totalSupply = 100000000e18;
   |     ^^^^^^^^^^^^^^^^^^^^^^^^^^^^^^^^^^^^^^^^^

Error: Functions without implementation must be marked virtual.
  --> contract.sol:32:5:
   |
32 |     function balanceOf(address _owner) view public returns (uint256);
   |     ^^^^^^^^^^^^^^^^^^^^^^^^^^^^^^^^^^^^^^^^^^^^^^^^^^^^^^^^^^^^^^^^^

Error: Wrong argument count for function call: 2 arguments given but expected 1.
   --> contract.sol:231:16:
    |
231 |         return payable(address(token)).transfer(owner, amount);
    |                ^^^^^^^^^^^^^^^^^^^^^^^^^^^^^^^^^^^^^^^^^^^^^^^

Error: Different number of arguments in return statement than in returns declaration.
   --> contract.sol:231:9:
    |
231 |         return payable(address(token)).transfer(owner, amount);
    |         ^^^^^^^^^^^^^^^^^^^^^^^^^^^^^^^^^^^^^^^^^^^^^^^^^^^^^^


=== applied patch_remove_bogus_override ===
=== iter 9 rc=0 ===
Warning: SPDX license identifier not provided in source file. Before publishing, consider adding a comment containing "SPDX-License-Identifier: <SPDX-License>" to each source file. Use "SPDX-License-Identifier: UNLICENSED" for non-open-source code. Please see https://spdx.org for more information.
--> contract.sol


=== full compile rc=1 ===
Warning: SPDX license identifier not provided in source file. Before publishing, consider adding a comment containing "SPDX-License-Identifier: <SPDX-License>" to each source file. Use "SPDX-License-Identifier: UNLICENSED" for non-open-source code. Please see https://spdx.org for more information.
--> contract.sol

Error: Identifier already declared.
  --> contract.sol:66:5:
   |
66 |     uint256 public totalSupply = 100000000e18;
   |     ^^^^^^^^^^^^^^^^^^^^^^^^^^^^^^^^^^^^^^^^^
Note: The previous declaration is here:
  --> contract.sol:37:5:
   |
37 |     uint256 public totalSupply;
   |     ^^^^^^^^^^^^^^^^^^^^^^^^^^

Error: Event with same name and parameter types defined twice.
  --> contract.sol:75:5:
   |
75 |     event Approval(address indexed _owner, address indexed _spender, uint256 _value);
   |     ^^^^^^^^^^^^^^^^^^^^^^^^^^^^^^^^^^^^^^^^^^^^^^^^^^^^^^^^^^^^^^^^^^^^^^^^^^^^^^^^^
Note: Other declaration is here:
  --> contract.sol:47:5:
   |
47 |     event Approval(address indexed owner, address indexed spender, uint256 value);
   |     ^^^^^^^^^^^^^^^^^^^^^^^^^^^^^^^^^^^^^^^^^^^^^^^^^^^^^^^^^^^^^^^^^^^^^^^^^^^^^^

Error: Event with same name and parameter types defined twice.
  --> contract.sol:74:5:
   |
74 |     event Transfer(address indexed _from, address indexed _to, uint256 _value);
   |     ^^^^^^^^^^^^^^^^^^^^^^^^^^^^^^^^^^^^^^^^^^^^^^^^^^^^^^^^^^^^^^^^^^^^^^^^^^^
Note: Other declaration is here:
  --> contract.sol:40:5:
   |
40 |     event Transfer(address indexed from, address indexed to, uint256 value);
   |     ^^^^^^^^^^^^^^^^^^^^^^^^^^^^^^^^^^^^^^^^^^^^^^^^^^^^^^^^^^^^^^^^^^^^^^^^

Error: Overriding function is missing "override" specifier.
   --> contract.sol:165:5:
    |
165 |     function balanceOf(address _owner) view public returns (uint256) {
    |     ^ (Relevant source part starts here and spans across multiple lines).
Note: Overridden function is here:
  --> contract.sol:38:5:
   |
38 |     function balanceOf(address who) public view virtual returns (uint256);
   |     ^^^^^^^^^^^^^^^^^^^^^^^^^^^^^^^^^^^^^^^^^^^^^^^^^^^^^^^^^^^^^^^^^^^^^^

Error: Overriding function is missing "override" specifier.
   --> contract.sol:174:5:
    |
174 |     function transfer(address _to, uint256 _amount) onlyPayloadSize(2 * 32) public returns (bool success) {
    |     ^ (Relevant source part starts here and spans across multiple lines).
Note: Overridden function is here:
  --> contract.sol:39:5:
   |
39 |     function transfer(address to, uint256 value) public virtual returns (bool);
   |     ^^^^^^^^^^^^^^^^^^^^^^^^^^^^^^^^^^^^^^^^^^^^^^^^^^^^^^^^^^^^^^^^^^^^^^^^^^^

Error: Overriding function is missing "override" specifier.
   --> contract.sol:184:5:
    |
184 |     function transferFrom(address _from, address _to, uint256 _amount) onlyPayloadSize(3 * 32) public returns (bool success) {
    |     ^ (Relevant source part starts here and spans across multiple lines).
Note: Overridden function is here:
  --> contract.sol:45:5:
   |
45 |     function transferFrom(address from, address to, uint256 value) public virtual returns (bool);
   |     ^^^^^^^^^^^^^^^^^^^^^^^^^^^^^^^^^^^^^^^^^^^^^^^^^^^^^^^^^^^^^^^^^^^^^^^^^^^^^^^^^^^^^^^^^^^^^

Error: Overriding function is missing "override" specifier.
   --> contract.sol:196:5:
    |
196 |     function approve(address _spender, uint256 _value) public virtual returns (bool success) {
    |     ^ (Relevant source part starts here and spans across multiple lines).
Note: Overridden function is here:
  --> contract.sol:46:5:
   |
46 |     function approve(address spender, uint256 value) public virtual returns (bool);
   |     ^^^^^^^^^^^^^^^^^^^^^^^^^^^^^^^^^^^^^^^^^^^^^^^^^^^^^^^^^^^^^^^^^^^^^^^^^^^^^^^

Error: Overriding function is missing "override" specifier.
   --> contract.sol:203:5:
    |
203 |     function allowance(address _owner, address _spender) view public returns (uint256) {
    |     ^ (Relevant source part starts here and spans across multiple lines).
Note: Overridden function is here:
  --> contract.sol:44:5:
   |
44 |     function allowance(address owner, address spender) public view virtual returns (uint256);
   |     ^^^^^^^^^^^^^^^^^^^^^^^^^^^^^^^^^^^^^^^^^^^^^^^^^^^^^^^^^^^^^^^^^^^^^^^^^^^^^^^^^^^^^^^^^

Error: Overriding public state variable is missing "override" specifier.
  --> contract.sol:66:5:
   |
66 |     uint256 public totalSupply = 100000000e18;
   |     ^^^^^^^^^^^^^^^^^^^^^^^^^^^^^^^^^^^^^^^^^
Note: Overridden public state variable is here:
  --> contract.sol:37:5:
   |
37 |     uint256 public totalSupply;
   |     ^^^^^^^^^^^^^^^^^^^^^^^^^^

Error: Cannot override public state variable.
  --> contract.sol:37:5:
   |
37 |     uint256 public totalSupply;
   |     ^^^^^^^^^^^^^^^^^^^^^^^^^^
Note: Overriding public state variable is here:
  --> contract.sol:66:5:
   |
66 |     uint256 public totalSupply = 100000000e18;
   |     ^^^^^^^^^^^^^^^^^^^^^^^^^^^^^^^^^^^^^^^^^

Error: Functions without implementation must be marked virtual.
  --> contract.sol:32:5:
   |
32 |     function balanceOf(address _owner) view public returns (uint256);
   |     ^^^^^^^^^^^^^^^^^^^^^^^^^^^^^^^^^^^^^^^^^^^^^^^^^^^^^^^^^^^^^^^^^

Error: Wrong argument count for function call: 2 arguments given but expected 1.
   --> contract.sol:231:16:
    |
231 |         return payable(address(token)).transfer(owner, amount);
    |                ^^^^^^^^^^^^^^^^^^^^^^^^^^^^^^^^^^^^^^^^^^^^^^^

Error: Different number of arguments in return statement than in returns declaration.
   --> contract.sol:231:9:
    |
231 |         return payable(address(token)).transfer(owner, amount);
    |         ^^^^^^^^^^^^^^^^^^^^^^^^^^^^^^^^^^^^^^^^^^^^^^^^^^^^^^


=== no rule matched ===
