=== iter 0 rc=1 ===
Error: Expected '{' but got 'constant'
  --> contract.sol:47:35:
   |
47 |     function totalSupply() public constant returns (uint);
   |                                   ^^^^^^^^


=== applied patch_constant_function ===
=== iter 1 rc=1 ===
Error: Expected a state variable declaration. If you intended this as a fallback function or a function to handle plain ether transactions, use the "fallback" keyword or the "receive" keyword instead.
   --> contract.sol:213:32:
    |
213 |     function () public payable {
    |                                ^


=== applied patch_anonymous_fallback ===
=== iter 2 rc=0 ===
Warning: SPDX license identifier not provided in source file. Before publishing, consider adding a comment containing "SPDX-License-Identifier: <SPDX-License>" to each source file. Use "SPDX-License-Identifier: UNLICENSED" for non-open-source code. Please see https://spdx.org for more information.
--> contract.sol


=== full compile rc=1 ===
Warning: SPDX license identifier not provided in source file. Before publishing, consider adding a comment containing "SPDX-License-Identifier: <SPDX-License>" to each source file. Use "SPDX-License-Identifier: UNLICENSED" for non-open-source code. Please see https://spdx.org for more information.
--> contract.sol

Error: Functions are not allowed to have the same name as the contract. If you intend this to be a constructor, use "constructor(...) { ... }" to define it.
  --> contract.sol:78:5:
   |
78 |     function Owned() public {
   |     ^ (Relevant source part starts here and spans across multiple lines).

Error: Functions are not allowed to have the same name as the contract. If you intend this to be a constructor, use "constructor(...) { ... }" to define it.
   --> contract.sol:116:5:
    |
116 |     function ProofOfReview() public {
    |     ^ (Relevant source part starts here and spans across multiple lines).

Warning: This declaration shadows an existing declaration.
  --> contract.sol:78:5:
   |
78 |     function Owned() public {
   |     ^ (Relevant source part starts here and spans across multiple lines).
Note: The shadowed declaration is here:
  --> contract.sol:72:1:
   |
72 | contract Owned {
   | ^ (Relevant source part starts here and spans across multiple lines).

Warning: This declaration shadows an existing declaration.
   --> contract.sol:116:5:
    |
116 |     function ProofOfReview() public {
    |     ^ (Relevant source part starts here and spans across multiple lines).
Note: The shadowed declaration is here:
   --> contract.sol:103:1:
    |
103 | contract ProofOfReview is ERC20Interface, Owned, SafeMath {
    | ^ (Relevant source part starts here and spans across multiple lines).

Error: Data location must be "memory" or "calldata" for parameter in function, but none was given.
  --> contract.sol:65:75:
   |
65 |     function receiveApproval(address from, uint256 tokens, address token, bytes data) public;
   |                                                                           ^^^^^^^^^^

Error: Data location must be "memory" or "calldata" for parameter in function, but none was given.
   --> contract.sol:202:59:
    |
202 |     function approveAndCall(address spender, uint tokens, bytes data) public returns (bool success) {
    |                                                           ^^^^^^^^^^


=== applied patch_contract_named_ctor ===
=== iter 3 rc=0 ===
Warning: SPDX license identifier not provided in source file. Before publishing, consider adding a comment containing "SPDX-License-Identifier: <SPDX-License>" to each source file. Use "SPDX-License-Identifier: UNLICENSED" for non-open-source code. Please see https://spdx.org for more information.
--> contract.sol


=== full compile rc=1 ===
Warning: SPDX license identifier not provided in source file. Before publishing, consider adding a comment containing "SPDX-License-Identifier: <SPDX-License>" to each source file. Use "SPDX-License-Identifier: UNLICENSED" for non-open-source code. Please see https://spdx.org for more information.
--> contract.sol

Error: Data location must be "memory" or "calldata" for parameter in function, but none was given.
  --> contract.sol:65:75:
   |
65 |     function receiveApproval(address from, uint256 tokens, address token, bytes data) public;
   |                                                                           ^^^^^^^^^^

Error: Data location must be "memory" or "calldata" for parameter in function, but none was given.
   --> contract.sol:202:59:
    |
202 |     function approveAndCall(address spender, uint tokens, bytes data) public returns (bool success) {
    |                                                           ^^^^^^^^^^


=== applied patch_memory_location ===
=== iter 4 rc=0 ===
Warning: SPDX license identifier not provided in source file. Before publishing, consider adding a comment containing "SPDX-License-Identifier: <SPDX-License>" to each source file. Use "SPDX-License-Identifier: UNLICENSED" for non-open-source code. Please see https://spdx.org for more information.
--> contract.sol


=== full compile rc=1 ===
Warning: SPDX license identifier not provided in source file. Before publishing, consider adding a comment containing "SPDX-License-Identifier: <SPDX-License>" to each source file. Use "SPDX-License-Identifier: UNLICENSED" for non-open-source code. Please see https://spdx.org for more information.
--> contract.sol

Error: Contract "ERC20Interface" should be marked as abstract.
  --> contract.sol:46:1:
   |
46 | contract ERC20Interface {
   | ^ (Relevant source part starts here and spans across multiple lines).
Note: Missing implementation: 
  --> contract.sol:49:5:
   |
49 |     function allowance(address tokenOwner, address spender) public view returns (uint remaining);
   |     ^^^^^^^^^^^^^^^^^^^^^^^^^^^^^^^^^^^^^^^^^^^^^^^^^^^^^^^^^^^^^^^^^^^^^^^^^^^^^^^^^^^^^^^^^^^^^
Note: Missing implementation: 
  --> contract.sol:51:5:
   |
51 |     function approve(address spender, uint tokens) public returns (bool success);
   |     ^^^^^^^^^^^^^^^^^^^^^^^^^^^^^^^^^^^^^^^^^^^^^^^^^^^^^^^^^^^^^^^^^^^^^^^^^^^^^
Note: Missing implementation: 
  --> contract.sol:48:5:
   |
48 |     function balanceOf(address tokenOwner) public view returns (uint balance);
   |     ^^^^^^^^^^^^^^^^^^^^^^^^^^^^^^^^^^^^^^^^^^^^^^^^^^^^^^^^^^^^^^^^^^^^^^^^^^
Note: Missing implementation: 
  --> contract.sol:47:5:
   |
47 |     function totalSupply() public view returns (uint);
   |     ^^^^^^^^^^^^^^^^^^^^^^^^^^^^^^^^^^^^^^^^^^^^^^^^^^
Note: Missing implementation: 
  --> contract.sol:50:5:
   |
50 |     function transfer(address to, uint tokens) public returns (bool success);
   |     ^^^^^^^^^^^^^^^^^^^^^^^^^^^^^^^^^^^^^^^^^^^^^^^^^^^^^^^^^^^^^^^^^^^^^^^^^
Note: Missing implementation: 
  --> contract.sol:52:5:
   |
52 |     function transferFrom(address from, address to, uint tokens) public returns (bool success);
   |     ^^^^^^^^^^^^^^^^^^^^^^^^^^^^^^^^^^^^^^^^^^^^^^^^^^^^^^^^^^^^^^^^^^^^^^^^^^^^^^^^^^^^^^^^^^^

Error: Contract "ApproveAndCallFallBack" should be marked as abstract.
  --> contract.sol:64:1:
   |
64 | contract ApproveAndCallFallBack {
   | ^ (Relevant source part starts here and spans across multiple lines).
Note: Missing implementation: 
  --> contract.sol:65:5:
   |
65 |     function receiveApproval(address from, uint256 tokens, address token, bytes memory data) public;
   |     ^^^^^^^^^^^^^^^^^^^^^^^^^^^^^^^^^^^^^^^^^^^^^^^^^^^^^^^^^^^^^^^^^^^^^^^^^^^^^^^^^^^^^^^^^^^^^^^^

Error: Overriding function is missing "override" specifier.
   --> contract.sol:129:5:
    |
129 |     function totalSupply() public view returns (uint) {
    |     ^ (Relevant source part starts here and spans across multiple lines).
Note: Overridden function is here:
  --> contract.sol:47:5:
   |
47 |     function totalSupply() public view returns (uint);
   |     ^^^^^^^^^^^^^^^^^^^^^^^^^^^^^^^^^^^^^^^^^^^^^^^^^^

Error: Trying to override non-virtual function. Did you forget to add "virtual"?
  --> contract.sol:47:5:
   |
47 |     function totalSupply() public view returns (uint);
   |     ^^^^^^^^^^^^^^^^^^^^^^^^^^^^^^^^^^^^^^^^^^^^^^^^^^
Note: Overriding function is here:
   --> contract.sol:129:5:
    |
129 |     function totalSupply() public view returns (uint) {
    |     ^ (Relevant source part starts here and spans across multiple lines).

Error: Overriding function is missing "override" specifier.
   --> contract.sol:137:5:
    |
137 |     function balanceOf(address tokenOwner) public view returns (uint balance) {
    |     ^ (Relevant source part starts here and spans across multiple lines).
Note: Overridden function is here:
  --> contract.sol:48:5:
   |
48 |     function balanceOf(address tokenOwner) public view returns (uint balance);
   |     ^^^^^^^^^^^^^^^^^^^^^^^^^^^^^^^^^^^^^^^^^^^^^^^^^^^^^^^^^^^^^^^^^^^^^^^^^^

Error: Trying to override non-virtual function. Did you forget to add "virtual"?
  --> contract.sol:48:5:
   |
48 |     function balanceOf(address tokenOwner) public view returns (uint balance);
   |     ^^^^^^^^^^^^^^^^^^^^^^^^^^^^^^^^^^^^^^^^^^^^^^^^^^^^^^^^^^^^^^^^^^^^^^^^^^
Note: Overriding function is here:
   --> contract.sol:137:5:
    |
137 |     function balanceOf(address tokenOwner) public view returns (uint balance) {
    |     ^ (Relevant source part starts here and spans across multiple lines).

Error: Overriding function is missing "override" specifier.
   --> contract.sol:147:5:
    |
147 |     function transfer(address to, uint tokens) public returns (bool success) {
    |     ^ (Relevant source part starts here and spans across multiple lines).
Note: Overridden function is here:
  --> contract.sol:50:5:
   |
50 |     function transfer(address to, uint tokens) public returns (bool success);
   |     ^^^^^^^^^^^^^^^^^^^^^^^^^^^^^^^^^^^^^^^^^^^^^^^^^^^^^^^^^^^^^^^^^^^^^^^^^

Error: Trying to override non-virtual function. Did you forget to add "virtual"?
  --> contract.sol:50:5:
   |
50 |     function transfer(address to, uint tokens) public returns (bool success);
   |     ^^^^^^^^^^^^^^^^^^^^^^^^^^^^^^^^^^^^^^^^^^^^^^^^^^^^^^^^^^^^^^^^^^^^^^^^^
Note: Overriding function is here:
   --> contract.sol:147:5:
    |
147 |     function transfer(address to, uint tokens) public returns (bool success) {
    |     ^ (Relevant source part starts here and spans across multiple lines).

Error: Overriding function is missing "override" specifier.
   --> contract.sol:163:5:
    |
163 |     function approve(address spender, uint tokens) public returns (bool success) {
    |     ^ (Relevant source part starts here and spans across multiple lines).
Note: Overridden function is here:
  --> contract.sol:51:5:
   |
51 |     function approve(address spender, uint tokens) public returns (bool success);
   |     ^^^^^^^^^^^^^^^^^^^^^^^^^^^^^^^^^^^^^^^^^^^^^^^^^^^^^^^^^^^^^^^^^^^^^^^^^^^^^

Error: Trying to override non-virtual function. Did you forget to add "virtual"?
  --> contract.sol:51:5:
   |
51 |     function approve(address spender, uint tokens) public returns (bool success);
   |     ^^^^^^^^^^^^^^^^^^^^^^^^^^^^^^^^^^^^^^^^^^^^^^^^^^^^^^^^^^^^^^^^^^^^^^^^^^^^^
Note: Overriding function is here:
   --> contract.sol:163:5:
    |
163 |     function approve(address spender, uint tokens) public returns (bool success) {
    |     ^ (Relevant source part starts here and spans across multiple lines).

Error: Overriding function is missing "override" specifier.
   --> contract.sol:179:5:
    |
179 |     function transferFrom(address from, address to, uint tokens) public returns (bool success) {
    |     ^ (Relevant source part starts here and spans across multiple lines).
Note: Overridden function is here:
  --> contract.sol:52:5:
   |
52 |     function transferFrom(address from, address to, uint tokens) public returns (bool success);
   |     ^^^^^^^^^^^^^^^^^^^^^^^^^^^^^^^^^^^^^^^^^^^^^^^^^^^^^^^^^^^^^^^^^^^^^^^^^^^^^^^^^^^^^^^^^^^

Error: Trying to override non-virtual function. Did you forget to add "virtual"?
  --> contract.sol:52:5:
   |
52 |     function transferFrom(address from, address to, uint tokens) public returns (bool success);
   |     ^^^^^^^^^^^^^^^^^^^^^^^^^^^^^^^^^^^^^^^^^^^^^^^^^^^^^^^^^^^^^^^^^^^^^^^^^^^^^^^^^^^^^^^^^^^
Note: Overriding function is here:
   --> contract.sol:179:5:
    |
179 |     function transferFrom(address from, address to, uint tokens) public returns (bool success) {
    |     ^ (Relevant source part starts here and spans across multiple lines).

Error: Overriding function is missing "override" specifier.
   --> contract.sol:192:5:
    |
192 |     function allowance(address tokenOwner, address spender) public view returns (uint remaining) {
    |     ^ (Relevant source part starts here and spans across multiple lines).
Note: Overridden function is here:
  --> contract.sol:49:5:
   |
49 |     function allowance(address tokenOwner, address spender) public view returns (uint remaining);
   |     ^^^^^^^^^^^^^^^^^^^^^^^^^^^^^^^^^^^^^^^^^^^^^^^^^^^^^^^^^^^^^^^^^^^^^^^^^^^^^^^^^^^^^^^^^^^^^

Error: Trying to override non-virtual function. Did you forget to add "virtual"?
  --> contract.sol:49:5:
   |
49 |     function allowance(address tokenOwner, address spender) public view returns (uint remaining);
   |     ^^^^^^^^^^^^^^^^^^^^^^^^^^^^^^^^^^^^^^^^^^^^^^^^^^^^^^^^^^^^^^^^^^^^^^^^^^^^^^^^^^^^^^^^^^^^^
Note: Overriding function is here:
   --> contract.sol:192:5:
    |
192 |     function allowance(address tokenOwner, address spender) public view returns (uint remaining) {
    |     ^ (Relevant source part starts here and spans across multiple lines).

Error: Functions without implementation must be marked virtual.
  --> contract.sol:47:5:
   |
47 |     function totalSupply() public view returns (uint);
   |     ^^^^^^^^^^^^^^^^^^^^^^^^^^^^^^^^^^^^^^^^^^^^^^^^^^

Error: Functions without implementation must be marked virtual.
  --> contract.sol:48:5:
   |
48 |     function balanceOf(address tokenOwner) public view returns (uint balance);
   |     ^^^^^^^^^^^^^^^^^^^^^^^^^^^^^^^^^^^^^^^^^^^^^^^^^^^^^^^^^^^^^^^^^^^^^^^^^^

Error: Functions without implementation must be marked virtual.
  --> contract.sol:49:5:
   |
49 |     function allowance(address tokenOwner, address spender) public view returns (uint remaining);
   |     ^^^^^^^^^^^^^^^^^^^^^^^^^^^^^^^^^^^^^^^^^^^^^^^^^^^^^^^^^^^^^^^^^^^^^^^^^^^^^^^^^^^^^^^^^^^^^

Error: Functions without implementation must be marked virtual.
  --> contract.sol:50:5:
   |
50 |     function transfer(address to, uint tokens) public returns (bool success);
   |     ^^^^^^^^^^^^^^^^^^^^^^^^^^^^^^^^^^^^^^^^^^^^^^^^^^^^^^^^^^^^^^^^^^^^^^^^^

Error: Functions without implementation must be marked virtual.
  --> contract.sol:51:5:
   |
51 |     function approve(address spender, uint tokens) public returns (bool success);
   |     ^^^^^^^^^^^^^^^^^^^^^^^^^^^^^^^^^^^^^^^^^^^^^^^^^^^^^^^^^^^^^^^^^^^^^^^^^^^^^

Error: Functions without implementation must be marked virtual.
  --> contract.sol:52:5:
   |
52 |     function transferFrom(address from, address to, uint tokens) public returns (bool success);
   |     ^^^^^^^^^^^^^^^^^^^^^^^^^^^^^^^^^^^^^^^^^^^^^^^^^^^^^^^^^^^^^^^^^^^^^^^^^^^^^^^^^^^^^^^^^^^

Error: Functions without implementation must be marked virtual.
  --> contract.sol:65:5:
   |
65 |     function receiveApproval(address from, uint256 tokens, address token, bytes memory data) public;
   |     ^^^^^^^^^^^^^^^^^^^^^^^^^^^^^^^^^^^^^^^^^^^^^^^^^^^^^^^^^^^^^^^^^^^^^^^^^^^^^^^^^^^^^^^^^^^^^^^^

Error: Invalid type for argument in function call. Invalid implicit conversion from contract ProofOfReview to address requested.
   --> contract.sol:205:77:
    |
205 |         ApproveAndCallFallBack(spender).receiveApproval(msg.sender, tokens, this, data);
    |                                                                             ^^^^


=== applied patch_virtual_unimpl ===
=== iter 5 rc=0 ===
Warning: SPDX license identifier not provided in source file. Before publishing, consider adding a comment containing "SPDX-License-Identifier: <SPDX-License>" to each source file. Use "SPDX-License-Identifier: UNLICENSED" for non-open-source code. Please see https://spdx.org for more information.
--> contract.sol


=== full compile rc=1 ===
Warning: SPDX license identifier not provided in source file. Before publishing, consider adding a comment containing "SPDX-License-Identifier: <SPDX-License>" to each source file. Use "SPDX-License-Identifier: UNLICENSED" for non-open-source code. Please see https://spdx.org for more information.
--> contract.sol

Error: Contract "ERC20Interface" should be marked as abstract.
  --> contract.sol:46:1:
   |
46 | contract ERC20Interface {
   | ^ (Relevant source part starts here and spans across multiple lines).
Note: Missing implementation: 
  --> contract.sol:49:5:
   |
49 |     function allowance(address tokenOwner, address spender) public view virtual returns (uint remaining);
   |     ^^^^^^^^^^^^^^^^^^^^^^^^^^^^^^^^^^^^^^^^^^^^^^^^^^^^^^^^^^^^^^^^^^^^^^^^^^^^^^^^^^^^^^^^^^^^^^^^^^^^^
Note: Missing implementation: 
  --> contract.sol:51:5:
   |
51 |     function approve(address spender, uint tokens) public virtual returns (bool success);
   |     ^^^^^^^^^^^^^^^^^^^^^^^^^^^^^^^^^^^^^^^^^^^^^^^^^^^^^^^^^^^^^^^^^^^^^^^^^^^^^^^^^^^^^
Note: Missing implementation: 
  --> contract.sol:48:5:
   |
48 |     function balanceOf(address tokenOwner) public view virtual returns (uint balance);
   |     ^^^^^^^^^^^^^^^^^^^^^^^^^^^^^^^^^^^^^^^^^^^^^^^^^^^^^^^^^^^^^^^^^^^^^^^^^^^^^^^^^^
Note: Missing implementation: 
  --> contract.sol:47:5:
   |
47 |     function totalSupply() public view virtual returns (uint);
   |     ^^^^^^^^^^^^^^^^^^^^^^^^^^^^^^^^^^^^^^^^^^^^^^^^^^^^^^^^^^
Note: Missing implementation: 
  --> contract.sol:50:5:
   |
50 |     function transfer(address to, uint tokens) public virtual returns (bool success);
   |     ^^^^^^^^^^^^^^^^^^^^^^^^^^^^^^^^^^^^^^^^^^^^^^^^^^^^^^^^^^^^^^^^^^^^^^^^^^^^^^^^^
Note: Missing implementation: 
  --> contract.sol:52:5:
   |
52 |     function transferFrom(address from, address to, uint tokens) public virtual returns (bool success);
   |     ^^^^^^^^^^^^^^^^^^^^^^^^^^^^^^^^^^^^^^^^^^^^^^^^^^^^^^^^^^^^^^^^^^^^^^^^^^^^^^^^^^^^^^^^^^^^^^^^^^^

Error: Contract "ApproveAndCallFallBack" should be marked as abstract.
  --> contract.sol:64:1:
   |
64 | contract ApproveAndCallFallBack {
   | ^ (Relevant source part starts here and spans across multiple lines).
Note: Missing implementation: 
  --> contract.sol:65:5:
   |
65 |     function receiveApproval(address from, uint256 tokens, address token, bytes memory data) public virtual;
   |     ^^^^^^^^^^^^^^^^^^^^^^^^^^^^^^^^^^^^^^^^^^^^^^^^^^^^^^^^^^^^^^^^^^^^^^^^^^^^^^^^^^^^^^^^^^^^^^^^^^^^^^^^

Error: Overriding function is missing "override" specifier.
   --> contract.sol:129:5:
    |
129 |     function totalSupply() public view returns (uint) {
    |     ^ (Relevant source part starts here and spans across multiple lines).
Note: Overridden function is here:
  --> contract.sol:47:5:
   |
47 |     function totalSupply() public view virtual returns (uint);
   |     ^^^^^^^^^^^^^^^^^^^^^^^^^^^^^^^^^^^^^^^^^^^^^^^^^^^^^^^^^^

Error: Overriding function is missing "override" specifier.
   --> contract.sol:137:5:
    |
137 |     function balanceOf(address tokenOwner) public view returns (uint balance) {
    |     ^ (Relevant source part starts here and spans across multiple lines).
Note: Overridden function is here:
  --> contract.sol:48:5:
   |
48 |     function balanceOf(address tokenOwner) public view virtual returns (uint balance);
   |     ^^^^^^^^^^^^^^^^^^^^^^^^^^^^^^^^^^^^^^^^^^^^^^^^^^^^^^^^^^^^^^^^^^^^^^^^^^^^^^^^^^

Error: Overriding function is missing "override" specifier.
   --> contract.sol:147:5:
    |
147 |     function transfer(address to, uint tokens) public returns (bool success) {
    |     ^ (Relevant source part starts here and spans across multiple lines).
Note: Overridden function is here:
  --> contract.sol:50:5:
   |
50 |     function transfer(address to, uint tokens) public virtual returns (bool success);
   |     ^^^^^^^^^^^^^^^^^^^^^^^^^^^^^^^^^^^^^^^^^^^^^^^^^^^^^^^^^^^^^^^^^^^^^^^^^^^^^^^^^

Error: Overriding function is missing "override" specifier.
   --> contract.sol:163:5:
    |
163 |     function approve(address spender, uint tokens) public returns (bool success) {
    |     ^ (Relevant source part starts here and spans across multiple lines).
Note: Overridden function is here:
  --> contract.sol:51:5:
   |
51 |     function approve(address spender, uint tokens) public virtual returns (bool success);
   |     ^^^^^^^^^^^^^^^^^^^^^^^^^^^^^^^^^^^^^^^^^^^^^^^^^^^^^^^^^^^^^^^^^^^^^^^^^^^^^^^^^^^^^

Error: Overriding function is missing "override" specifier.
   --> contract.sol:179:5:
    |
179 |     function transferFrom(address from, address to, uint tokens) public returns (bool success) {
    |     ^ (Relevant source part starts here and spans across multiple lines).
Note: Overridden function is here:
  --> contract.sol:52:5:
   |
52 |     function transferFrom(address from, address to, uint tokens) public virtual returns (bool success);
   |     ^^^^^^^^^^^^^^^^^^^^^^^^^^^^^^^^^^^^^^^^^^^^^^^^^^^^^^^^^^^^^^^^^^^^^^^^^^^^^^^^^^^^^^^^^^^^^^^^^^^

Error: Overriding function is missing "override" specifier.
   --> contract.sol:192:5:
    |
192 |     function allowance(address tokenOwner, address spender) public view returns (uint remaining) {
    |     ^ (Relevant source part starts here and spans across multiple lines).
Note: Overridden function is here:
  --> contract.sol:49:5:
   |
49 |     function allowance(address tokenOwner, address spender) public view virtual returns (uint remaining);
   |     ^^^^^^^^^^^^^^^^^^^^^^^^^^^^^^^^^^^^^^^^^^^^^^^^^^^^^^^^^^^^^^^^^^^^^^^^^^^^^^^^^^^^^^^^^^^^^^^^^^^^^

Error: Invalid type for argument in function call. Invalid implicit conversion from contract ProofOfReview to address requested.
   --> contract.sol:205:77:
    |
205 |         ApproveAndCallFallBack(spender).receiveApproval(msg.sender, tokens, this, data);
    |                                                                             ^^^^


=== applied patch_override_needed ===
=== iter 6 rc=0 ===
Warning: SPDX license identifier not provided in source file. Before publishing, consider adding a comment containing "SPDX-License-Identifier: <SPDX-License>" to each source file. Use "SPDX-License-Identifier: UNLICENSED" for non-open-source code. Please see https://spdx.org for more information.
--> contract.sol


=== full compile rc=1 ===
Warning: SPDX license identifier not provided in source file. Before publishing, consider adding a comment containing "SPDX-License-Identifier: <SPDX-License>" to each source file. Use "SPDX-License-Identifier: UNLICENSED" for non-open-source code. Please see https://spdx.org for more information.
--> contract.sol

Error: Contract "ERC20Interface" should be marked as abstract.
  --> contract.sol:46:1:
   |
46 | contract ERC20Interface {
   | ^ (Relevant source part starts here and spans across multiple lines).
Note: Missing implementation: 
  --> contract.sol:49:5:
   |
49 |     function allowance(address tokenOwner, address spender) public view virtual returns (uint remaining);
   |     ^^^^^^^^^^^^^^^^^^^^^^^^^^^^^^^^^^^^^^^^^^^^^^^^^^^^^^^^^^^^^^^^^^^^^^^^^^^^^^^^^^^^^^^^^^^^^^^^^^^^^
Note: Missing implementation: 
  --> contract.sol:51:5:
   |
51 |     function approve(address spender, uint tokens) public virtual returns (bool success);
   |     ^^^^^^^^^^^^^^^^^^^^^^^^^^^^^^^^^^^^^^^^^^^^^^^^^^^^^^^^^^^^^^^^^^^^^^^^^^^^^^^^^^^^^
Note: Missing implementation: 
  --> contract.sol:48:5:
   |
48 |     function balanceOf(address tokenOwner) public view virtual returns (uint balance);
   |     ^^^^^^^^^^^^^^^^^^^^^^^^^^^^^^^^^^^^^^^^^^^^^^^^^^^^^^^^^^^^^^^^^^^^^^^^^^^^^^^^^^
Note: Missing implementation: 
  --> contract.sol:47:5:
   |
47 |     function totalSupply() public view virtual returns (uint);
   |     ^^^^^^^^^^^^^^^^^^^^^^^^^^^^^^^^^^^^^^^^^^^^^^^^^^^^^^^^^^
Note: Missing implementation: 
  --> contract.sol:50:5:
   |
50 |     function transfer(address to, uint tokens) public virtual returns (bool success);
   |     ^^^^^^^^^^^^^^^^^^^^^^^^^^^^^^^^^^^^^^^^^^^^^^^^^^^^^^^^^^^^^^^^^^^^^^^^^^^^^^^^^
Note: Missing implementation: 
  --> contract.sol:52:5:
   |
52 |     function transferFrom(address from, address to, uint tokens) public virtual returns (bool success);
   |     ^^^^^^^^^^^^^^^^^^^^^^^^^^^^^^^^^^^^^^^^^^^^^^^^^^^^^^^^^^^^^^^^^^^^^^^^^^^^^^^^^^^^^^^^^^^^^^^^^^^

Error: Contract "ApproveAndCallFallBack" should be marked as abstract.
  --> contract.sol:64:1:
   |
64 | contract ApproveAndCallFallBack {
   | ^ (Relevant source part starts here and spans across multiple lines).
Note: Missing implementation: 
  --> contract.sol:65:5:
   |
65 |     function receiveApproval(address from, uint256 tokens, address token, bytes memory data) public virtual;
   |     ^^^^^^^^^^^^^^^^^^^^^^^^^^^^^^^^^^^^^^^^^^^^^^^^^^^^^^^^^^^^^^^^^^^^^^^^^^^^^^^^^^^^^^^^^^^^^^^^^^^^^^^^

Error: Invalid type for argument in function call. Invalid implicit conversion from contract ProofOfReview to address requested.
   --> contract.sol:205:77:
    |
205 |         ApproveAndCallFallBack(spender).receiveApproval(msg.sender, tokens, this, data);
    |                                                                             ^^^^


=== applied patch_mark_abstract ===
=== iter 7 rc=0 ===
Warning: SPDX license identifier not provided in source file. Before publishing, consider adding a comment containing "SPDX-License-Identifier: <SPDX-License>" to each source file. Use "SPDX-License-Identifier: UNLICENSED" for non-open-source code. Please see https://spdx.org for more information.
--> contract.sol


=== full compile rc=1 ===
Warning: SPDX license identifier not provided in source file. Before publishing, consider adding a comment containing "SPDX-License-Identifier: <SPDX-License>" to each source file. Use "SPDX-License-Identifier: UNLICENSED" for non-open-source code. Please see https://spdx.org for more information.
--> contract.sol

Error: Invalid type for argument in function call. Invalid implicit conversion from contract ProofOfReview to address requested.
   --> contract.sol:205:77:
    |
205 |         ApproveAndCallFallBack(spender).receiveApproval(msg.sender, tokens, this, data);
    |                                                                             ^^^^


=== no rule matched ===
