=== iter 0 rc=0 ===
Warning: SPDX license identifier not provided in source file. Before publishing, consider adding a comment containing "SPDX-License-Identifier: <SPDX-License>" to each source file. Use "SPDX-License-Identifier: UNLICENSED" for non-open-source code. Please see https://spdx.org for more information.
--> contract.sol


=== full compile rc=1 ===
Warning: SPDX license identifier not provided in source file. Before publishing, consider adding a comment containing "SPDX-License-Identifier: <SPDX-License>" to each source file. Use "SPDX-License-Identifier: UNLICENSED" for non-open-source code. Please see https://spdx.org for more information.
--> contract.sol

Warning: This declaration shadows an existing declaration.
   --> contract.sol:306:18:
    |
306 |     constructor (string memory name, string memory symbol, uint8 decimals) public {
    |                  ^^^^^^^^^^^^^^^^^^
Note: The shadowed declaration is here:
   --> contract.sol:315:5:
    |
315 |     function name() public view returns (string memory) {
    |     ^ (Relevant source part starts here and spans across multiple lines).

Warning: This declaration shadows an existing declaration.
   --> contract.sol:306:38:
    |
306 |     constructor (string memory name, string memory symbol, uint8 decimals) public {
    |                                      ^^^^^^^^^^^^^^^^^^^^
Note: The shadowed declaration is here:
   --> contract.sol:323:5:
    |
323 |     function symbol() public view returns (string memory) {
    |     ^ (Relevant source part starts here and spans across multiple lines).

Warning: This declaration shadows an existing declaration.
   --> contract.sol:306:60:
    |
306 |     constructor (string memory name, string memory symbol, uint8 decimals) public {
    |                                                            ^^^^^^^^^^^^^^
Note: The shadowed declaration is here:
   --> contract.sol:339:5:
    |
339 |     function decimals() public view returns (uint8) {
    |     ^ (Relevant source part starts here and spans across multiple lines).

Error: Contract "ERC20Detailed" should be marked as abstract.
   --> contract.sol:296:1:
    |
296 | contract ERC20Detailed is IERC20 {
    | ^ (Relevant source part starts here and spans across multiple lines).
Note: Missing implementation: 
  --> contract.sol:32:5:
   |
32 |     function allowance(address owner, address spender) external view returns (uint256);
   |     ^^^^^^^^^^^^^^^^^^^^^^^^^^^^^^^^^^^^^^^^^^^^^^^^^^^^^^^^^^^^^^^^^^^^^^^^^^^^^^^^^^^
Note: Missing implementation: 
  --> contract.sol:34:5:
   |
34 |     function approve(address spender, uint256 amount) external returns (bool);
   |     ^^^^^^^^^^^^^^^^^^^^^^^^^^^^^^^^^^^^^^^^^^^^^^^^^^^^^^^^^^^^^^^^^^^^^^^^^^
Note: Missing implementation: 
  --> contract.sol:28:5:
   |
28 |     function balanceOf(address account) external view returns (uint256);
   |     ^^^^^^^^^^^^^^^^^^^^^^^^^^^^^^^^^^^^^^^^^^^^^^^^^^^^^^^^^^^^^^^^^^^^
Note: Missing implementation: 
  --> contract.sol:26:5:
   |
26 |     function totalSupply() external view returns (uint256);
   |     ^^^^^^^^^^^^^^^^^^^^^^^^^^^^^^^^^^^^^^^^^^^^^^^^^^^^^^^
Note: Missing implementation: 
  --> contract.sol:30:5:
   |
30 |     function transfer(address recipient, uint256 amount) external returns (bool);
   |     ^^^^^^^^^^^^^^^^^^^^^^^^^^^^^^^^^^^^^^^^^^^^^^^^^^^^^^^^^^^^^^^^^^^^^^^^^^^^^
Note: Missing implementation: 
  --> contract.sol:36:5:
   |
36 |     function transferFrom(address sender, address recipient, uint256 amount) external returns (bool);
   |     ^^^^^^^^^^^^^^^^^^^^^^^^^^^^^^^^^^^^^^^^^^^^^^^^^^^^^^^^^^^^^^^^^^^^^^^^^^^^^^^^^^^^^^^^^^^^^^^^^

Error: Non-abstract contracts cannot have internal constructors. Remove the "internal" keyword and make the contract abstract to fix this.
 --> contract.sol:8:5:
  |
8 |     constructor () internal { }
  |     ^^^^^^^^^^^^^^^^^^^^^^^^^^^

Error: Return argument type address is not implicitly convertible to expected type (type of first return variable) address payable.
  --> contract.sol:12:16:
   |
12 |         return msg.sender;
   |                ^^^^^^^^^^

Warning: Visibility for constructor is ignored. If you want the contract to be non-deployable, making it "abstract" is sufficient.
   --> contract.sol:306:5:
    |
306 |     constructor (string memory name, string memory symbol, uint8 decimals) public {
    |     ^ (Relevant source part starts here and spans across multiple lines).

Warning: Visibility for constructor is ignored. If you want the contract to be non-deployable, making it "abstract" is sufficient.
   --> contract.sol:353:5:
    |
353 |     constructor() ERC20Detailed(_name, _symbol, _decimals) public {
    |     ^ (Relevant source part starts here and spans across multiple lines).


=== applied patch_internal_ctor ===
=== iter 1 rc=0 ===
Warning: SPDX license identifier not provided in source file. Before publishing, consider adding a comment containing "SPDX-License-Identifier: <SPDX-License>" to each source file. Use "SPDX-License-Identifier: UNLICENSED" for non-open-source code. Please see https://spdx.org for more information.
--> contract.sol


=== full compile rc=1 ===
Warning: SPDX license identifier not provided in source file. Before publishing, consider adding a comment containing "SPDX-License-Identifier: <SPDX-License>" to each source file. Use "SPDX-License-Identifier: UNLICENSED" for non-open-source code. Please see https://spdx.org for more information.
--> contract.sol

Warning: This declaration shadows an existing declaration.
   --> contract.sol:306:18:
    |
306 |     constructor (string memory name, string memory symbol, uint8 decimals) public {
    |                  ^^^^^^^^^^^^^^^^^^
Note: The shadowed declaration is here:
   --> contract.sol:315:5:
    |
315 |     function name() public view returns (string memory) {
    |     ^ (Relevant source part starts here and spans across multiple lines).

Warning: This declaration shadows an existing declaration.
   --> contract.sol:306:38:
    |
306 |     constructor (string memory name, string memory symbol, uint8 decimals) public {
    |                                      ^^^^^^^^^^^^^^^^^^^^
Note: The shadowed declaration is here:
   --> contract.sol:323:5:
    |
323 |     function symbol() public view returns (string memory) {
    |     ^ (Relevant source part starts here and spans across multiple lines).

Warning: This declaration shadows an existing declaration.
   --> contract.sol:306:60:
    |
306 |     constructor (string memory name, string memory symbol, uint8 decimals) public {
    |                                                            ^^^^^^^^^^^^^^
Note: The shadowed declaration is here:
   --> contract.sol:339:5:
    |
339 |     function decimals() public view returns (uint8) {
    |     ^ (Relevant source part starts here and spans across multiple lines).

Error: Contract "ERC20Detailed" should be marked as abstract.
   --> contract.sol:296:1:
    |
296 | contract ERC20Detailed is IERC20 {
    | ^ (Relevant source part starts here and spans across multiple lines).
Note: Missing implementation: 
  --> contract.sol:32:5:
   |
32 |     function allowance(address owner, address spender) external view returns (uint256);
   |     ^^^^^^^^^^^^^^^^^^^^^^^^^^^^^^^^^^^^^^^^^^^^^^^^^^^^^^^^^^^^^^^^^^^^^^^^^^^^^^^^^^^
Note: Missing implementation: 
  --> contract.sol:34:5:
   |
34 |     function approve(address spender, uint256 amount) external returns (bool);
   |     ^^^^^^^^^^^^^^^^^^^^^^^^^^^^^^^^^^^^^^^^^^^^^^^^^^^^^^^^^^^^^^^^^^^^^^^^^^
Note: Missing implementation: 
  --> contract.sol:28:5:
   |
28 |     function balanceOf(address account) external view returns (uint256);
   |     ^^^^^^^^^^^^^^^^^^^^^^^^^^^^^^^^^^^^^^^^^^^^^^^^^^^^^^^^^^^^^^^^^^^^
Note: Missing implementation: 
  --> contract.sol:26:5:
   |
26 |     function totalSupply() external view returns (uint256);
   |     ^^^^^^^^^^^^^^^^^^^^^^^^^^^^^^^^^^^^^^^^^^^^^^^^^^^^^^^
Note: Missing implementation: 
  --> contract.sol:30:5:
   |
30 |     function transfer(address recipient, uint256 amount) external returns (bool);
   |     ^^^^^^^^^^^^^^^^^^^^^^^^^^^^^^^^^^^^^^^^^^^^^^^^^^^^^^^^^^^^^^^^^^^^^^^^^^^^^
Note: Missing implementation: 
  --> contract.sol:36:5:
   |
36 |     function transferFrom(address sender, address recipient, uint256 amount) external returns (bool);
   |     ^^^^^^^^^^^^^^^^^^^^^^^^^^^^^^^^^^^^^^^^^^^^^^^^^^^^^^^^^^^^^^^^^^^^^^^^^^^^^^^^^^^^^^^^^^^^^^^^^

Error: Return argument type address is not implicitly convertible to expected type (type of first return variable) address payable.
  --> contract.sol:12:16:
   |
12 |         return msg.sender;
   |                ^^^^^^^^^^

Warning: Visibility for constructor is ignored. If you want the contract to be non-deployable, making it "abstract" is sufficient.
   --> contract.sol:306:5:
    |
306 |     constructor (string memory name, string memory symbol, uint8 decimals) public {
    |     ^ (Relevant source part starts here and spans across multiple lines).

Warning: Visibility for constructor is ignored. If you want the contract to be non-deployable, making it "abstract" is sufficient.
   --> contract.sol:353:5:
    |
353 |     constructor() ERC20Detailed(_name, _symbol, _decimals) public {
    |     ^ (Relevant source part starts here and spans across multiple lines).


=== applied patch_drop_ctor_visibility ===
=== iter 2 rc=0 ===
Warning: SPDX license identifier not provided in source file. Before publishing, consider adding a comment containing "SPDX-License-Identifier: <SPDX-License>" to each source file. Use "SPDX-License-Identifier: UNLICENSED" for non-open-source code. Please see https://spdx.org for more information.
--> contract.sol


=== full compile rc=1 ===
Warning: SPDX license identifier not provided in source file. Before publishing, consider adding a comment containing "SPDX-License-Identifier: <SPDX-License>" to each source file. Use "SPDX-License-Identifier: UNLICENSED" for non-open-source code. Please see https://spdx.org for more information.
--> contract.sol

Warning: This declaration shadows an existing declaration.
   --> contract.sol:306:18:
    |
306 |     constructor (string memory name, string memory symbol, uint8 decimals) {
    |                  ^^^^^^^^^^^^^^^^^^
Note: The shadowed declaration is here:
   --> contract.sol:315:5:
    |
315 |     function name() public view returns (string memory) {
    |     ^ (Relevant source part starts here and spans across multiple lines).

Warning: This declaration shadows an existing declaration.
   --> contract.sol:306:38:
    |
306 |     constructor (string memory name, string memory symbol, uint8 decimals) {
    |                                      ^^^^^^^^^^^^^^^^^^^^
Note: The shadowed declaration is here:
   --> contract.sol:323:5:
    |
323 |     function symbol() public view returns (string memory) {
    |     ^ (Relevant source part starts here and spans across multiple lines).

Warning: This declaration shadows an existing declaration.
   --> contract.sol:306:60:
    |
306 |     constructor (string memory name, string memory symbol, uint8 decimals) {
    |                                                            ^^^^^^^^^^^^^^
Note: The shadowed declaration is here:
   --> contract.sol:339:5:
    |
339 |     function decimals() public view returns (uint8) {
    |     ^ (Relevant source part starts here and spans across multiple lines).

Error: Contract "ERC20Detailed" should be marked as abstract.
   --> contract.sol:296:1:
    |
296 | contract ERC20Detailed is IERC20 {
    | ^ (Relevant source part starts here and spans across multiple lines).
Note: Missing implementation: 
  --> contract.sol:32:5:
   |
32 |     function allowance(address owner, address spender) external view returns (uint256);
   |     ^^^^^^^^^^^^^^^^^^^^^^^^^^^^^^^^^^^^^^^^^^^^^^^^^^^^^^^^^^^^^^^^^^^^^^^^^^^^^^^^^^^
Note: Missing implementation: 
  --> contract.sol:34:5:
   |
34 |     function approve(address spender, uint256 amount) external returns (bool);
   |     ^^^^^^^^^^^^^^^^^^^^^^^^^^^^^^^^^^^^^^^^^^^^^^^^^^^^^^^^^^^^^^^^^^^^^^^^^^
Note: Missing implementation: 
  --> contract.sol:28:5:
   |
28 |     function balanceOf(address account) external view returns (uint256);
   |     ^^^^^^^^^^^^^^^^^^^^^^^^^^^^^^^^^^^^^^^^^^^^^^^^^^^^^^^^^^^^^^^^^^^^
Note: Missing implementation: 
  --> contract.sol:26:5:
   |
26 |     function totalSupply() external view returns (uint256);
   |     ^^^^^^^^^^^^^^^^^^^^^^^^^^^^^^^^^^^^^^^^^^^^^^^^^^^^^^^
Note: Missing implementation: 
  --> contract.sol:30:5:
   |
30 |     function transfer(address recipient, uint256 amount) external returns (bool);
   |     ^^^^^^^^^^^^^^^^^^^^^^^^^^^^^^^^^^^^^^^^^^^^^^^^^^^^^^^^^^^^^^^^^^^^^^^^^^^^^
Note: Missing implementation: 
  --> contract.sol:36:5:
   |
36 |     function transferFrom(address sender, address recipient, uint256 amount) external returns (bool);
   |     ^^^^^^^^^^^^^^^^^^^^^^^^^^^^^^^^^^^^^^^^^^^^^^^^^^^^^^^^^^^^^^^^^^^^^^^^^^^^^^^^^^^^^^^^^^^^^^^^^

Error: Return argument type address is not implicitly convertible to expected type (type of first return variable) address payable.
  --> contract.sol:12:16:
   |
12 |         return msg.sender;
   |                ^^^^^^^^^^

Warning: Visibility for constructor is ignored. If you want the contract to be non-deployable, making it "abstract" is sufficient.
   --> contract.sol:353:5:
    |
353 |     constructor() ERC20Detailed(_name, _symbol, _decimals) public {
    |     ^ (Relevant source part starts here and spans across multiple lines).


=== no rule matched ===
