=== iter 0 rc=1 ===
Error: Expected '{' but got 'constant'
  --> contract.sol:45:33:
   |
45 |   function totalSupply() public constant returns (uint256);
   |                                 ^^^^^^^^


=== applied patch_constant_function ===
=== iter 1 rc=1 ===
Error: Expected a state variable declaration. If you intended this as a fallback function or a function to handle plain ether transactions, use the "fallback" keyword or the "receive" keyword instead.
   --> contract.sol:402:30:
    |
402 |   function () public payable {
    |                              ^


=== applied patch_anonymous_fallback ===
=== iter 2 rc=0 ===
Warning: SPDX license identifier not provided in source file. Before publishing, consider adding a comment containing "SPDX-License-Identifier: <SPDX-License>" to each source file. Use "SPDX-License-Identifier: UNLICENSED" for non-open-source code. Please see https://spdx.org for more information.
--> contract.sol


=== full compile rc=1 ===
Warning: SPDX license identifier not provided in source file. Before publishing, consider adding a comment containing "SPDX-License-Identifier: <SPDX-License>" to each source file. Use "SPDX-License-Identifier: UNLICENSED" for non-open-source code. Please see https://spdx.org for more information.
--> contract.sol

Error: Data location must be "storage" or "memory" for constructor parameter, but none was given.
  --> contract.sol:84:15:
   |
84 |   constructor(string _symbol, string _name, uint256 _supply, uint256 _decimals, address _token) public {
   |               ^^^^^^^^^^^^^^

Error: Data location must be "storage" or "memory" for constructor parameter, but none was given.
  --> contract.sol:84:31:
   |
84 |   constructor(string _symbol, string _name, uint256 _supply, uint256 _decimals, address _token) public {
   |                               ^^^^^^^^^^^^


=== applied patch_memory_location ===
=== iter 3 rc=0 ===
Warning: SPDX license identifier not provided in source file. Before publishing, consider adding a comment containing "SPDX-License-Identifier: <SPDX-License>" to each source file. Use "SPDX-License-Identifier: UNLICENSED" for non-open-source code. Please see https://spdx.org for more information.
--> contract.sol


=== full compile rc=1 ===
Warning: SPDX license identifier not provided in source file. Before publishing, consider adding a comment containing "SPDX-License-Identifier: <SPDX-License>" to each source file. Use "SPDX-License-Identifier: UNLICENSED" for non-open-source code. Please see https://spdx.org for more information.
--> contract.sol

Error: Contract "ERC20" should be marked as abstract.
  --> contract.sol:44:1:
   |
44 | contract ERC20 {
   | ^ (Relevant source part starts here and spans across multiple lines).
Note: Missing implementation: 
  --> contract.sol:47:3:
   |
47 |   function allowance(address tokenOwner, address spender) public view returns (uint256 remaining);
   |   ^^^^^^^^^^^^^^^^^^^^^^^^^^^^^^^^^^^^^^^^^^^^^^^^^^^^^^^^^^^^^^^^^^^^^^^^^^^^^^^^^^^^^^^^^^^^^^^^
Note: Missing implementation: 
  --> contract.sol:49:3:
   |
49 |   function approve(address spender, uint tokens) public returns (bool success);
   |   ^^^^^^^^^^^^^^^^^^^^^^^^^^^^^^^^^^^^^^^^^^^^^^^^^^^^^^^^^^^^^^^^^^^^^^^^^^^^^
Note: Missing implementation: 
  --> contract.sol:46:3:
   |
46 |   function balanceOf(address tokenOwner) public view returns (uint256 balance);
   |   ^^^^^^^^^^^^^^^^^^^^^^^^^^^^^^^^^^^^^^^^^^^^^^^^^^^^^^^^^^^^^^^^^^^^^^^^^^^^^
Note: Missing implementation: 
  --> contract.sol:45:3:
   |
45 |   function totalSupply() public view returns (uint256);
   |   ^^^^^^^^^^^^^^^^^^^^^^^^^^^^^^^^^^^^^^^^^^^^^^^^^^^^^
Note: Missing implementation: 
  --> contract.sol:48:3:
   |
48 |   function transfer(address to, uint tokens) public returns (bool success);
   |   ^^^^^^^^^^^^^^^^^^^^^^^^^^^^^^^^^^^^^^^^^^^^^^^^^^^^^^^^^^^^^^^^^^^^^^^^^
Note: Missing implementation: 
  --> contract.sol:50:3:
   |
50 |   function transferFrom(address from, address to, uint tokens) public returns (bool success);
   |   ^^^^^^^^^^^^^^^^^^^^^^^^^^^^^^^^^^^^^^^^^^^^^^^^^^^^^^^^^^^^^^^^^^^^^^^^^^^^^^^^^^^^^^^^^^^

Error: Overriding function is missing "override" specifier.
   --> contract.sol:118:3:
    |
118 |   function totalSupply() public view returns (uint256) {
    |   ^ (Relevant source part starts here and spans across multiple lines).
Note: Overridden function is here:
  --> contract.sol:45:3:
   |
45 |   function totalSupply() public view returns (uint256);
   |   ^^^^^^^^^^^^^^^^^^^^^^^^^^^^^^^^^^^^^^^^^^^^^^^^^^^^^

Error: Trying to override non-virtual function. Did you forget to add "virtual"?
  --> contract.sol:45:3:
   |
45 |   function totalSupply() public view returns (uint256);
   |   ^^^^^^^^^^^^^^^^^^^^^^^^^^^^^^^^^^^^^^^^^^^^^^^^^^^^^
Note: Overriding function is here:
   --> contract.sol:118:3:
    |
118 |   function totalSupply() public view returns (uint256) {
    |   ^ (Relevant source part starts here and spans across multiple lines).

Error: Overriding function is missing "override" specifier.
   --> contract.sol:149:3:
    |
149 |   function balanceOf(address tokenOwner) public view returns (uint256 balance) {
    |   ^ (Relevant source part starts here and spans across multiple lines).
Note: Overridden function is here:
  --> contract.sol:46:3:
   |
46 |   function balanceOf(address tokenOwner) public view returns (uint256 balance);
   |   ^^^^^^^^^^^^^^^^^^^^^^^^^^^^^^^^^^^^^^^^^^^^^^^^^^^^^^^^^^^^^^^^^^^^^^^^^^^^^

Error: Trying to override non-virtual function. Did you forget to add "virtual"?
  --> contract.sol:46:3:
   |
46 |   function balanceOf(address tokenOwner) public view returns (uint256 balance);
   |   ^^^^^^^^^^^^^^^^^^^^^^^^^^^^^^^^^^^^^^^^^^^^^^^^^^^^^^^^^^^^^^^^^^^^^^^^^^^^^
Note: Overriding function is here:
   --> contract.sol:149:3:
    |
149 |   function balanceOf(address tokenOwner) public view returns (uint256 balance) {
    |   ^ (Relevant source part starts here and spans across multiple lines).

Error: Overriding function is missing "override" specifier.
   --> contract.sol:354:3:
    |
354 |   function transfer(address to, uint256 tokens) public returns (bool success) {
    |   ^ (Relevant source part starts here and spans across multiple lines).
Note: Overridden function is here:
  --> contract.sol:48:3:
   |
48 |   function transfer(address to, uint tokens) public returns (bool success);
   |   ^^^^^^^^^^^^^^^^^^^^^^^^^^^^^^^^^^^^^^^^^^^^^^^^^^^^^^^^^^^^^^^^^^^^^^^^^

Error: Trying to override non-virtual function. Did you forget to add "virtual"?
  --> contract.sol:48:3:
   |
48 |   function transfer(address to, uint tokens) public returns (bool success);
   |   ^^^^^^^^^^^^^^^^^^^^^^^^^^^^^^^^^^^^^^^^^^^^^^^^^^^^^^^^^^^^^^^^^^^^^^^^^
Note: Overriding function is here:
   --> contract.sol:354:3:
    |
354 |   function transfer(address to, uint256 tokens) public returns (bool success) {
    |   ^ (Relevant source part starts here and spans across multiple lines).

Error: Overriding function is missing "override" specifier.
   --> contract.sol:374:3:
    |
374 |   function allowance(address tokenOwner, address spender) public view returns (uint256 remaining) {
    |   ^ (Relevant source part starts here and spans across multiple lines).
Note: Overridden function is here:
  --> contract.sol:47:3:
   |
47 |   function allowance(address tokenOwner, address spender) public view returns (uint256 remaining);
   |   ^^^^^^^^^^^^^^^^^^^^^^^^^^^^^^^^^^^^^^^^^^^^^^^^^^^^^^^^^^^^^^^^^^^^^^^^^^^^^^^^^^^^^^^^^^^^^^^^

Error: Trying to override non-virtual function. Did you forget to add "virtual"?
  --> contract.sol:47:3:
   |
47 |   function allowance(address tokenOwner, address spender) public view returns (uint256 remaining);
   |   ^^^^^^^^^^^^^^^^^^^^^^^^^^^^^^^^^^^^^^^^^^^^^^^^^^^^^^^^^^^^^^^^^^^^^^^^^^^^^^^^^^^^^^^^^^^^^^^^
Note: Overriding function is here:
   --> contract.sol:374:3:
    |
374 |   function allowance(address tokenOwner, address spender) public view returns (uint256 remaining) {
    |   ^ (Relevant source part starts here and spans across multiple lines).

Error: Overriding function is missing "override" specifier.
   --> contract.sol:383:3:
    |
383 |   function approve(address spender, uint tokens) public returns (bool success) {
    |   ^ (Relevant source part starts here and spans across multiple lines).
Note: Overridden function is here:
  --> contract.sol:49:3:
   |
49 |   function approve(address spender, uint tokens) public returns (bool success);
   |   ^^^^^^^^^^^^^^^^^^^^^^^^^^^^^^^^^^^^^^^^^^^^^^^^^^^^^^^^^^^^^^^^^^^^^^^^^^^^^

Error: Trying to override non-virtual function. Did you forget to add "virtual"?
  --> contract.sol:49:3:
   |
49 |   function approve(address spender, uint tokens) public returns (bool success);
   |   ^^^^^^^^^^^^^^^^^^^^^^^^^^^^^^^^^^^^^^^^^^^^^^^^^^^^^^^^^^^^^^^^^^^^^^^^^^^^^
Note: Overriding function is here:
   --> contract.sol:383:3:
    |
383 |   function approve(address spender, uint tokens) public returns (bool success) {
    |   ^ (Relevant source part starts here and spans across multiple lines).

Error: Overriding function is missing "override" specifier.
   --> contract.sol:392:3:
    |
392 |   function transferFrom(address from, address to, uint256 tokens) public returns (bool success) {
    |   ^ (Relevant source part starts here and spans across multiple lines).
Note: Overridden function is here:
  --> contract.sol:50:3:
   |
50 |   function transferFrom(address from, address to, uint tokens) public returns (bool success);
   |   ^^^^^^^^^^^^^^^^^^^^^^^^^^^^^^^^^^^^^^^^^^^^^^^^^^^^^^^^^^^^^^^^^^^^^^^^^^^^^^^^^^^^^^^^^^^

Error: Trying to override non-virtual function. Did you forget to add "virtual"?
  --> contract.sol:50:3:
   |
50 |   function transferFrom(address from, address to, uint tokens) public returns (bool success);
   |   ^^^^^^^^^^^^^^^^^^^^^^^^^^^^^^^^^^^^^^^^^^^^^^^^^^^^^^^^^^^^^^^^^^^^^^^^^^^^^^^^^^^^^^^^^^^
Note: Overriding function is here:
   --> contract.sol:392:3:
    |
392 |   function transferFrom(address from, address to, uint256 tokens) public returns (bool success) {
    |   ^ (Relevant source part starts here and spans across multiple lines).

Warning: Visibility for constructor is ignored. If you want the contract to be non-deployable, making it "abstract" is sufficient.
  --> contract.sol:10:3:
   |
10 |   constructor() public {
   |   ^ (Relevant source part starts here and spans across multiple lines).

Error: Functions without implementation must be marked virtual.
  --> contract.sol:45:3:
   |
45 |   function totalSupply() public view returns (uint256);
   |   ^^^^^^^^^^^^^^^^^^^^^^^^^^^^^^^^^^^^^^^^^^^^^^^^^^^^^

Error: Functions without implementation must be marked virtual.
  --> contract.sol:46:3:
   |
46 |   function balanceOf(address tokenOwner) public view returns (uint256 balance);
   |   ^^^^^^^^^^^^^^^^^^^^^^^^^^^^^^^^^^^^^^^^^^^^^^^^^^^^^^^^^^^^^^^^^^^^^^^^^^^^^

Error: Functions without implementation must be marked virtual.
  --> contract.sol:47:3:
   |
47 |   function allowance(address tokenOwner, address spender) public view returns (uint256 remaining);
   |   ^^^^^^^^^^^^^^^^^^^^^^^^^^^^^^^^^^^^^^^^^^^^^^^^^^^^^^^^^^^^^^^^^^^^^^^^^^^^^^^^^^^^^^^^^^^^^^^^

Error: Functions without implementation must be marked virtual.
  --> contract.sol:48:3:
   |
48 |   function transfer(address to, uint tokens) public returns (bool success);
   |   ^^^^^^^^^^^^^^^^^^^^^^^^^^^^^^^^^^^^^^^^^^^^^^^^^^^^^^^^^^^^^^^^^^^^^^^^^

Error: Functions without implementation must be marked virtual.
  --> contract.sol:49:3:
   |
49 |   function approve(address spender, uint tokens) public returns (bool success);
   |   ^^^^^^^^^^^^^^^^^^^^^^^^^^^^^^^^^^^^^^^^^^^^^^^^^^^^^^^^^^^^^^^^^^^^^^^^^^^^^

Error: Functions without implementation must be marked virtual.
  --> contract.sol:50:3:
   |
50 |   function transferFrom(address from, address to, uint tokens) public returns (bool success);
   |   ^^^^^^^^^^^^^^^^^^^^^^^^^^^^^^^^^^^^^^^^^^^^^^^^^^^^^^^^^^^^^^^^^^^^^^^^^^^^^^^^^^^^^^^^^^^

Warning: Visibility for constructor is ignored. If you want the contract to be non-deployable, making it "abstract" is sufficient.
  --> contract.sol:84:3:
   |
84 |   constructor(string memory _symbol, string memory _name, uint256 _supply, uint256 _decimals, address _token) public {
   |   ^ (Relevant source part starts here and spans across multiple lines).

Error: Invalid type for argument in function call. Invalid implicit conversion from contract CSTKDropToken to address requested.
  --> contract.sol:98:47:
   |
98 |     uint256 balance = tokenInstance.balanceOf(this);
   |                                               ^^^^

Warning: "selfdestruct" has been deprecated. Note that, starting from the Cancun hard fork, the underlying opcode no longer deletes the code and data associated with an account and only transfers its Ether to the beneficiary, unless executed in the same transaction in which the contract was created (see EIP-6780). Any use in newly deployed contracts is strongly discouraged even if the new behavior is taken into account. Future changes to the EVM might further reduce the functionality of the opcode.
   --> contract.sol:104:5:
    |
104 |     selfdestruct(owner);
    |     ^^^^^^^^^^^^

Error: Invalid type for argument in function call. Invalid implicit conversion from address to address payable requested.
   --> contract.sol:104:18:
    |
104 |     selfdestruct(owner);
    |                  ^^^^^

Error: Return arguments required.
   --> contract.sol:242:7:
    |
242 |       return;
    |       ^^^^^^^

Error: Return arguments required.
   --> contract.sol:288:7:
    |
288 |       return;
    |       ^^^^^^^

Error: Invalid type for argument in function call. Invalid implicit conversion from contract CSTKDropToken to address requested.
   --> contract.sol:292:47:
    |
292 |     uint256 balance = tokenInstance.balanceOf(this);
    |                                               ^^^^

Error: "send" and "transfer" are only available for objects of type "address payable", not "address".
   --> contract.sol:403:5:
    |
403 |     owner.transfer(msg.value);
    |     ^^^^^^^^^^^^^^


=== applied patch_send_transfer_to_payable ===
=== iter 4 rc=0 ===
Warning: SPDX license identifier not provided in source file. Before publishing, consider adding a comment containing "SPDX-License-Identifier: <SPDX-License>" to each source file. Use "SPDX-License-Identifier: UNLICENSED" for non-open-source code. Please see https://spdx.org for more information.
--> contract.sol


=== full compile rc=1 ===
Warning: SPDX license identifier not provided in source file. Before publishing, consider adding a comment containing "SPDX-License-Identifier: <SPDX-License>" to each source file. Use "SPDX-License-Identifier: UNLICENSED" for non-open-source code. Please see https://spdx.org for more information.
--> contract.sol

Error: Contract "ERC20" should be marked as abstract.
  --> contract.sol:44:1:
   |
44 | contract ERC20 {
   | ^ (Relevant source part starts here and spans across multiple lines).
Note: Missing implementation: 
  --> contract.sol:47:3:
   |
47 |   function allowance(address tokenOwner, address spender) public view returns (uint256 remaining);
   |   ^^^^^^^^^^^^^^^^^^^^^^^^^^^^^^^^^^^^^^^^^^^^^^^^^^^^^^^^^^^^^^^^^^^^^^^^^^^^^^^^^^^^^^^^^^^^^^^^
Note: Missing implementation: 
  --> contract.sol:49:3:
   |
49 |   function approve(address spender, uint tokens) public returns (bool success);
   |   ^^^^^^^^^^^^^^^^^^^^^^^^^^^^^^^^^^^^^^^^^^^^^^^^^^^^^^^^^^^^^^^^^^^^^^^^^^^^^
Note: Missing implementation: 
  --> contract.sol:46:3:
   |
46 |   function balanceOf(address tokenOwner) public view returns (uint256 balance);
   |   ^^^^^^^^^^^^^^^^^^^^^^^^^^^^^^^^^^^^^^^^^^^^^^^^^^^^^^^^^^^^^^^^^^^^^^^^^^^^^
Note: Missing implementation: 
  --> contract.sol:45:3:
   |
45 |   function totalSupply() public view returns (uint256);
   |   ^^^^^^^^^^^^^^^^^^^^^^^^^^^^^^^^^^^^^^^^^^^^^^^^^^^^^
Note: Missing implementation: 
  --> contract.sol:48:3:
   |
48 |   function transfer(address to, uint tokens) public returns (bool success);
   |   ^^^^^^^^^^^^^^^^^^^^^^^^^^^^^^^^^^^^^^^^^^^^^^^^^^^^^^^^^^^^^^^^^^^^^^^^^
Note: Missing implementation: 
  --> contract.sol:50:3:
   |
50 |   function transferFrom(address from, address to, uint tokens) public returns (bool success);
   |   ^^^^^^^^^^^^^^^^^^^^^^^^^^^^^^^^^^^^^^^^^^^^^^^^^^^^^^^^^^^^^^^^^^^^^^^^^^^^^^^^^^^^^^^^^^^

Error: Overriding function is missing "override" specifier.
   --> contract.sol:118:3:
    |
118 |   function totalSupply() public view returns (uint256) {
    |   ^ (Relevant source part starts here and spans across multiple lines).
Note: Overridden function is here:
  --> contract.sol:45:3:
   |
45 |   function totalSupply() public view returns (uint256);
   |   ^^^^^^^^^^^^^^^^^^^^^^^^^^^^^^^^^^^^^^^^^^^^^^^^^^^^^

Error: Trying to override non-virtual function. Did you forget to add "virtual"?
  --> contract.sol:45:3:
   |
45 |   function totalSupply() public view returns (uint256);
   |   ^^^^^^^^^^^^^^^^^^^^^^^^^^^^^^^^^^^^^^^^^^^^^^^^^^^^^
Note: Overriding function is here:
   --> contract.sol:118:3:
    |
118 |   function totalSupply() public view returns (uint256) {
    |   ^ (Relevant source part starts here and spans across multiple lines).

Error: Overriding function is missing "override" specifier.
   --> contract.sol:149:3:
    |
149 |   function balanceOf(address tokenOwner) public view returns (uint256 balance) {
    |   ^ (Relevant source part starts here and spans across multiple lines).
Note: Overridden function is here:
  --> contract.sol:46:3:
   |
46 |   function balanceOf(address tokenOwner) public view returns (uint256 balance);
   |   ^^^^^^^^^^^^^^^^^^^^^^^^^^^^^^^^^^^^^^^^^^^^^^^^^^^^^^^^^^^^^^^^^^^^^^^^^^^^^

Error: Trying to override non-virtual function. Did you forget to add "virtual"?
  --> contract.sol:46:3:
   |
46 |   function balanceOf(address tokenOwner) public view returns (uint256 balance);
   |   ^^^^^^^^^^^^^^^^^^^^^^^^^^^^^^^^^^^^^^^^^^^^^^^^^^^^^^^^^^^^^^^^^^^^^^^^^^^^^
Note: Overriding function is here:
   --> contract.sol:149:3:
    |
149 |   function balanceOf(address tokenOwner) public view returns (uint256 balance) {
    |   ^ (Relevant source part starts here and spans across multiple lines).

Error: Overriding function is missing "override" specifier.
   --> contract.sol:354:3:
    |
354 |   function transfer(address to, uint256 tokens) public returns (bool success) {
    |   ^ (Relevant source part starts here and spans across multiple lines).
Note: Overridden function is here:
  --> contract.sol:48:3:
   |
48 |   function transfer(address to, uint tokens) public returns (bool success);
   |   ^^^^^^^^^^^^^^^^^^^^^^^^^^^^^^^^^^^^^^^^^^^^^^^^^^^^^^^^^^^^^^^^^^^^^^^^^

Error: Trying to override non-virtual function. Did you forget to add "virtual"?
  --> contract.sol:48:3:
   |
48 |   function transfer(address to, uint tokens) public returns (bool success);
   |   ^^^^^^^^^^^^^^^^^^^^^^^^^^^^^^^^^^^^^^^^^^^^^^^^^^^^^^^^^^^^^^^^^^^^^^^^^
Note: Overriding function is here:
   --> contract.sol:354:3:
    |
354 |   function transfer(address to, uint256 tokens) public returns (bool success) {
    |   ^ (Relevant source part starts here and spans across multiple lines).

Error: Overriding function is missing "override" specifier.
   --> contract.sol:374:3:
    |
374 |   function allowance(address tokenOwner, address spender) public view returns (uint256 remaining) {
    |   ^ (Relevant source part starts here and spans across multiple lines).
Note: Overridden function is here:
  --> contract.sol:47:3:
   |
47 |   function allowance(address tokenOwner, address spender) public view returns (uint256 remaining);
   |   ^^^^^^^^^^^^^^^^^^^^^^^^^^^^^^^^^^^^^^^^^^^^^^^^^^^^^^^^^^^^^^^^^^^^^^^^^^^^^^^^^^^^^^^^^^^^^^^^

Error: Trying to override non-virtual function. Did you forget to add "virtual"?
  --> contract.sol:47:3:
   |
47 |   function allowance(address tokenOwner, address spender) public view returns (uint256 remaining);
   |   ^^^^^^^^^^^^^^^^^^^^^^^^^^^^^^^^^^^^^^^^^^^^^^^^^^^^^^^^^^^^^^^^^^^^^^^^^^^^^^^^^^^^^^^^^^^^^^^^
Note: Overriding function is here:
   --> contract.sol:374:3:
    |
374 |   function allowance(address tokenOwner, address spender) public view returns (uint256 remaining) {
    |   ^ (Relevant source part starts here and spans across multiple lines).

Error: Overriding function is missing "override" specifier.
   --> contract.sol:383:3:
    |
383 |   function approve(address spender, uint tokens) public returns (bool success) {
    |   ^ (Relevant source part starts here and spans across multiple lines).
Note: Overridden function is here:
  --> contract.sol:49:3:
   |
49 |   function approve(address spender, uint tokens) public returns (bool success);
   |   ^^^^^^^^^^^^^^^^^^^^^^^^^^^^^^^^^^^^^^^^^^^^^^^^^^^^^^^^^^^^^^^^^^^^^^^^^^^^^

Error: Trying to override non-virtual function. Did you forget to add "virtual"?
  --> contract.sol:49:3:
   |
49 |   function approve(address spender, uint tokens) public returns (bool success);
   |   ^^^^^^^^^^^^^^^^^^^^^^^^^^^^^^^^^^^^^^^^^^^^^^^^^^^^^^^^^^^^^^^^^^^^^^^^^^^^^
Note: Overriding function is here:
   --> contract.sol:383:3:
    |
383 |   function approve(address spender, uint tokens) public returns (bool success) {
    |   ^ (Relevant source part starts here and spans across multiple lines).

Error: Overriding function is missing "override" specifier.
   --> contract.sol:392:3:
    |
392 |   function transferFrom(address from, address to, uint256 tokens) public returns (bool success) {
    |   ^ (Relevant source part starts here and spans across multiple lines).
Note: Overridden function is here:
  --> contract.sol:50:3:
   |
50 |   function transferFrom(address from, address to, uint tokens) public returns (bool success);
   |   ^^^^^^^^^^^^^^^^^^^^^^^^^^^^^^^^^^^^^^^^^^^^^^^^^^^^^^^^^^^^^^^^^^^^^^^^^^^^^^^^^^^^^^^^^^^

Error: Trying to override non-virtual function. Did you forget to add "virtual"?
  --> contract.sol:50:3:
   |
50 |   function transferFrom(address from, address to, uint tokens) public returns (bool success);
   |   ^^^^^^^^^^^^^^^^^^^^^^^^^^^^^^^^^^^^^^^^^^^^^^^^^^^^^^^^^^^^^^^^^^^^^^^^^^^^^^^^^^^^^^^^^^^
Note: Overriding function is here:
   --> contract.sol:392:3:
    |
392 |   function transferFrom(address from, address to, uint256 tokens) public returns (bool success) {
    |   ^ (Relevant source part starts here and spans across multiple lines).

Warning: Visibility for constructor is ignored. If you want the contract to be non-deployable, making it "abstract" is sufficient.
  --> contract.sol:10:3:
   |
10 |   constructor() public {
   |   ^ (Relevant source part starts here and spans across multiple lines).

Error: Functions without implementation must be marked virtual.
  --> contract.sol:45:3:
   |
45 |   function totalSupply() public view returns (uint256);
   |   ^^^^^^^^^^^^^^^^^^^^^^^^^^^^^^^^^^^^^^^^^^^^^^^^^^^^^

Error: Functions without implementation must be marked virtual.
  --> contract.sol:46:3:
   |
46 |   function balanceOf(address tokenOwner) public view returns (uint256 balance);
   |   ^^^^^^^^^^^^^^^^^^^^^^^^^^^^^^^^^^^^^^^^^^^^^^^^^^^^^^^^^^^^^^^^^^^^^^^^^^^^^

Error: Functions without implementation must be marked virtual.
  --> contract.sol:47:3:
   |
47 |   function allowance(address tokenOwner, address spender) public view returns (uint256 remaining);
   |   ^^^^^^^^^^^^^^^^^^^^^^^^^^^^^^^^^^^^^^^^^^^^^^^^^^^^^^^^^^^^^^^^^^^^^^^^^^^^^^^^^^^^^^^^^^^^^^^^

Error: Functions without implementation must be marked virtual.
  --> contract.sol:48:3:
   |
48 |   function transfer(address to, uint tokens) public returns (bool success);
   |   ^^^^^^^^^^^^^^^^^^^^^^^^^^^^^^^^^^^^^^^^^^^^^^^^^^^^^^^^^^^^^^^^^^^^^^^^^

Error: Functions without implementation must be marked virtual.
  --> contract.sol:49:3:
   |
49 |   function approve(address spender, uint tokens) public returns (bool success);
   |   ^^^^^^^^^^^^^^^^^^^^^^^^^^^^^^^^^^^^^^^^^^^^^^^^^^^^^^^^^^^^^^^^^^^^^^^^^^^^^

Error: Functions without implementation must be marked virtual.
  --> contract.sol:50:3:
   |
50 |   function transferFrom(address from, address to, uint tokens) public returns (bool success);
   |   ^^^^^^^^^^^^^^^^^^^^^^^^^^^^^^^^^^^^^^^^^^^^^^^^^^^^^^^^^^^^^^^^^^^^^^^^^^^^^^^^^^^^^^^^^^^

Warning: Visibility for constructor is ignored. If you want the contract to be non-deployable, making it "abstract" is sufficient.
  --> contract.sol:84:3:
   |
84 |   constructor(string memory _symbol, string memory _name, uint256 _supply, uint256 _decimals, address _token) public {
   |   ^ (Relevant source part starts here and spans across multiple lines).

Error: Invalid type for argument in function call. Invalid implicit conversion from contract CSTKDropToken to address requested.
  --> contract.sol:98:47:
   |
98 |     uint256 balance = tokenInstance.balanceOf(this);
   |                                               ^^^^

Error: Explicit type conversion not allowed from "contract ERC20" to "address payable".
   --> contract.sol:101:7:
    |
101 |       payable(tokenInstance).transfer(owner, balance);
    |       ^^^^^^^^^^^^^^^^^^^^^^

Error: Wrong argument count for function call: 2 arguments given but expected 1.
   --> contract.sol:101:7:
    |
101 |       payable(tokenInstance).transfer(owner, balance);
    |       ^^^^^^^^^^^^^^^^^^^^^^^^^^^^^^^^^^^^^^^^^^^^^^^

Warning: "selfdestruct" has been deprecated. Note that, starting from the Cancun hard fork, the underlying opcode no longer deletes the code and data associated with an account and only transfers its Ether to the beneficiary, unless executed in the same transaction in which the contract was created (see EIP-6780). Any use in newly deployed contracts is strongly discouraged even if the new behavior is taken into account. Future changes to the EVM might further reduce the functionality of the opcode.
   --> contract.sol:104:5:
    |
104 |     selfdestruct(owner);
    |     ^^^^^^^^^^^^

Error: Invalid type for argument in function call. Invalid implicit conversion from address to address payable requested.
   --> contract.sol:104:18:
    |
104 |     selfdestruct(owner);
    |                  ^^^^^

Error: Return arguments required.
   --> contract.sol:242:7:
    |
242 |       return;
    |       ^^^^^^^

Error: Return arguments required.
   --> contract.sol:288:7:
    |
288 |       return;
    |       ^^^^^^^

Error: Invalid type for argument in function call. Invalid implicit conversion from contract CSTKDropToken to address requested.
   --> contract.sol:292:47:
    |
292 |     uint256 balance = tokenInstance.balanceOf(this);
    |                                               ^^^^

Error: Explicit type conversion not allowed from "contract ERC20" to "address payable".
   --> contract.sol:335:5:
    |
335 |     payable(tokenInstance).transfer(customer, tokens);
    |     ^^^^^^^^^^^^^^^^^^^^^^

Error: Wrong argument count for function call: 2 arguments given but expected 1.
   --> contract.sol:335:5:
    |
335 |     payable(tokenInstance).transfer(customer, tokens);
    |     ^^^^^^^^^^^^^^^^^^^^^^^^^^^^^^^^^^^^^^^^^^^^^^^^^


=== applied patch_virtual_unimpl ===
=== iter 5 rc=0 ===
Warning: SPDX license identifier not provided in source file. Before publishing, consider adding a comment containing "SPDX-License-Identifier: <SPDX-License>" to each source file. Use "SPDX-License-Identifier: UNLICENSED" for non-open-source code. Please see https://spdx.org for more information.
--> contract.sol


=== full compile rc=1 ===
Warning: SPDX license identifier not provided in source file. Before publishing, consider adding a comment containing "SPDX-License-Identifier: <SPDX-License>" to each source file. Use "SPDX-License-Identifier: UNLICENSED" for non-open-source code. Please see https://spdx.org for more information.
--> contract.sol

Error: Contract "ERC20" should be marked as abstract.
  --> contract.sol:44:1:
   |
44 | contract ERC20 {
   | ^ (Relevant source part starts here and spans across multiple lines).
Note: Missing implementation: 
  --> contract.sol:47:3:
   |
47 |   function allowance(address tokenOwner, address spender) public view virtual returns (uint256 remaining);
   |   ^^^^^^^^^^^^^^^^^^^^^^^^^^^^^^^^^^^^^^^^^^^^^^^^^^^^^^^^^^^^^^^^^^^^^^^^^^^^^^^^^^^^^^^^^^^^^^^^^^^^^^^^
Note: Missing implementation: 
  --> contract.sol:49:3:
   |
49 |   function approve(address spender, uint tokens) public virtual returns (bool success);
   |   ^^^^^^^^^^^^^^^^^^^^^^^^^^^^^^^^^^^^^^^^^^^^^^^^^^^^^^^^^^^^^^^^^^^^^^^^^^^^^^^^^^^^^
Note: Missing implementation: 
  --> contract.sol:46:3:
   |
46 |   function balanceOf(address tokenOwner) public view virtual returns (uint256 balance);
   |   ^^^^^^^^^^^^^^^^^^^^^^^^^^^^^^^^^^^^^^^^^^^^^^^^^^^^^^^^^^^^^^^^^^^^^^^^^^^^^^^^^^^^^
Note: Missing implementation: 
  --> contract.sol:45:3:
   |
45 |   function totalSupply() public view virtual returns (uint256);
   |   ^^^^^^^^^^^^^^^^^^^^^^^^^^^^^^^^^^^^^^^^^^^^^^^^^^^^^^^^^^^^^
Note: Missing implementation: 
  --> contract.sol:48:3:
   |
48 |   function transfer(address to, uint tokens) public virtual returns (bool success);
   |   ^^^^^^^^^^^^^^^^^^^^^^^^^^^^^^^^^^^^^^^^^^^^^^^^^^^^^^^^^^^^^^^^^^^^^^^^^^^^^^^^^
Note: Missing implementation: 
  --> contract.sol:50:3:
   |
50 |   function transferFrom(address from, address to, uint tokens) public virtual returns (bool success);
   |   ^^^^^^^^^^^^^^^^^^^^^^^^^^^^^^^^^^^^^^^^^^^^^^^^^^^^^^^^^^^^^^^^^^^^^^^^^^^^^^^^^^^^^^^^^^^^^^^^^^^

Error: Overriding function is missing "override" specifier.
   --> contract.sol:118:3:
    |
118 |   function totalSupply() public view returns (uint256) {
    |   ^ (Relevant source part starts here and spans across multiple lines).
Note: Overridden function is here:
  --> contract.sol:45:3:
   |
45 |   function totalSupply() public view virtual returns (uint256);
   |   ^^^^^^^^^^^^^^^^^^^^^^^^^^^^^^^^^^^^^^^^^^^^^^^^^^^^^^^^^^^^^

Error: Overriding function is missing "override" specifier.
   --> contract.sol:149:3:
    |
149 |   function balanceOf(address tokenOwner) public view returns (uint256 balance) {
    |   ^ (Relevant source part starts here and spans across multiple lines).
Note: Overridden function is here:
  --> contract.sol:46:3:
   |
46 |   function balanceOf(address tokenOwner) public view virtual returns (uint256 balance);
   |   ^^^^^^^^^^^^^^^^^^^^^^^^^^^^^^^^^^^^^^^^^^^^^^^^^^^^^^^^^^^^^^^^^^^^^^^^^^^^^^^^^^^^^

Error: Overriding function is missing "override" specifier.
   --> contract.sol:354:3:
    |
354 |   function transfer(address to, uint256 tokens) public returns (bool success) {
    |   ^ (Relevant source part starts here and spans across multiple lines).
Note: Overridden function is here:
  --> contract.sol:48:3:
   |
48 |   function transfer(address to, uint tokens) public virtual returns (bool success);
   |   ^^^^^^^^^^^^^^^^^^^^^^^^^^^^^^^^^^^^^^^^^^^^^^^^^^^^^^^^^^^^^^^^^^^^^^^^^^^^^^^^^

Error: Overriding function is missing "override" specifier.
   --> contract.sol:374:3:
    |
374 |   function allowance(address tokenOwner, address spender) public view returns (uint256 remaining) {
    |   ^ (Relevant source part starts here and spans across multiple lines).
Note: Overridden function is here:
  --> contract.sol:47:3:
   |
47 |   function allowance(address tokenOwner, address spender) public view virtual returns (uint256 remaining);
   |   ^^^^^^^^^^^^^^^^^^^^^^^^^^^^^^^^^^^^^^^^^^^^^^^^^^^^^^^^^^^^^^^^^^^^^^^^^^^^^^^^^^^^^^^^^^^^^^^^^^^^^^^^

Error: Overriding function is missing "override" specifier.
   --> contract.sol:383:3:
    |
383 |   function approve(address spender, uint tokens) public returns (bool success) {
    |   ^ (Relevant source part starts here and spans across multiple lines).
Note: Overridden function is here:
  --> contract.sol:49:3:
   |
49 |   function approve(address spender, uint tokens) public virtual returns (bool success);
   |   ^^^^^^^^^^^^^^^^^^^^^^^^^^^^^^^^^^^^^^^^^^^^^^^^^^^^^^^^^^^^^^^^^^^^^^^^^^^^^^^^^^^^^

Error: Overriding function is missing "override" specifier.
   --> contract.sol:392:3:
    |
392 |   function transferFrom(address from, address to, uint256 tokens) public returns (bool success) {
    |   ^ (Relevant source part starts here and spans across multiple lines).
Note: Overridden function is here:
  --> contract.sol:50:3:
   |
50 |   function transferFrom(address from, address to, uint tokens) public virtual returns (bool success);
   |   ^^^^^^^^^^^^^^^^^^^^^^^^^^^^^^^^^^^^^^^^^^^^^^^^^^^^^^^^^^^^^^^^^^^^^^^^^^^^^^^^^^^^^^^^^^^^^^^^^^^

Warning: Visibility for constructor is ignored. If you want the contract to be non-deployable, making it "abstract" is sufficient.
  --> contract.sol:10:3:
   |
10 |   constructor() public {
   |   ^ (Relevant source part starts here and spans across multiple lines).

Warning: Visibility for constructor is ignored. If you want the contract to be non-deployable, making it "abstract" is sufficient.
  --> contract.sol:84:3:
   |
84 |   constructor(string memory _symbol, string memory _name, uint256 _supply, uint256 _decimals, address _token) public {
   |   ^ (Relevant source part starts here and spans across multiple lines).

Error: Invalid type for argument in function call. Invalid implicit conversion from contract CSTKDropToken to address requested.
  --> contract.sol:98:47:
   |
98 |     uint256 balance = tokenInstance.balanceOf(this);
   |                                               ^^^^

Error: Explicit type conversion not allowed from "contract ERC20" to "address payable".
   --> contract.sol:101:7:
    |
101 |       payable(tokenInstance).transfer(owner, balance);
    |       ^^^^^^^^^^^^^^^^^^^^^^

Error: Wrong argument count for function call: 2 arguments given but expected 1.
   --> contract.sol:101:7:
    |
101 |       payable(tokenInstance).transfer(owner, balance);
    |       ^^^^^^^^^^^^^^^^^^^^^^^^^^^^^^^^^^^^^^^^^^^^^^^

Warning: "selfdestruct" has been deprecated. Note that, starting from the Cancun hard fork, the underlying opcode no longer deletes the code and data associated with an account and only transfers its Ether to the beneficiary, unless executed in the same transaction in which the contract was created (see EIP-6780). Any use in newly deployed contracts is strongly discouraged even if the new behavior is taken into account. Future changes to the EVM might further reduce the functionality of the opcode.
   --> contract.sol:104:5:
    |
104 |     selfdestruct(owner);
    |     ^^^^^^^^^^^^

Error: Invalid type for argument in function call. Invalid implicit conversion from address to address payable requested.
   --> contract.sol:104:18:
    |
104 |     selfdestruct(owner);
    |                  ^^^^^

Error: Return arguments required.
   --> contract.sol:242:7:
    |
242 |       return;
    |       ^^^^^^^

Error: Return arguments required.
   --> contract.sol:288:7:
    |
288 |       return;
    |       ^^^^^^^

Error: Invalid type for argument in function call. Invalid implicit conversion from contract CSTKDropToken to address requested.
   --> contract.sol:292:47:
    |
292 |     uint256 balance = tokenInstance.balanceOf(this);
    |                                               ^^^^

Error: Explicit type conversion not allowed from "contract ERC20" to "address payable".
   --> contract.sol:335:5:
    |
335 |     payable(tokenInstance).transfer(customer, tokens);
    |     ^^^^^^^^^^^^^^^^^^^^^^

Error: Wrong argument count for function call: 2 arguments given but expected 1.
   --> contract.sol:335:5:
    |
335 |     payable(tokenInstance).transfer(customer, tokens);
    |     ^^^^^^^^^^^^^^^^^^^^^^^^^^^^^^^^^^^^^^^^^^^^^^^^^


=== applied patch_drop_ctor_visibility ===
=== iter 6 rc=0 ===
Warning: SPDX license identifier not provided in source file. Before publishing, consider adding a comment containing "SPDX-License-Identifier: <SPDX-License>" to each source file. Use "SPDX-License-Identifier: UNLICENSED" for non-open-source code. Please see https://spdx.org for more information.
--> contract.sol


=== full compile rc=1 ===
Warning: SPDX license identifier not provided in source file. Before publishing, consider adding a comment containing "SPDX-License-Identifier: <SPDX-License>" to each source file. Use "SPDX-License-Identifier: UNLICENSED" for non-open-source code. Please see https://spdx.org for more information.
--> contract.sol

Error: Contract "ERC20" should be marked as abstract.
  --> contract.sol:44:1:
   |
44 | contract ERC20 {
   | ^ (Relevant source part starts here and spans across multiple lines).
Note: Missing implementation: 
  --> contract.sol:47:3:
   |
47 |   function allowance(address tokenOwner, address spender) public view virtual returns (uint256 remaining);
   |   ^^^^^^^^^^^^^^^^^^^^^^^^^^^^^^^^^^^^^^^^^^^^^^^^^^^^^^^^^^^^^^^^^^^^^^^^^^^^^^^^^^^^^^^^^^^^^^^^^^^^^^^^
Note: Missing implementation: 
  --> contract.sol:49:3:
   |
49 |   function approve(address spender, uint tokens) public virtual returns (bool success);
   |   ^^^^^^^^^^^^^^^^^^^^^^^^^^^^^^^^^^^^^^^^^^^^^^^^^^^^^^^^^^^^^^^^^^^^^^^^^^^^^^^^^^^^^
Note: Missing implementation: 
  --> contract.sol:46:3:
   |
46 |   function balanceOf(address tokenOwner) public view virtual returns (uint256 balance);
   |   ^^^^^^^^^^^^^^^^^^^^^^^^^^^^^^^^^^^^^^^^^^^^^^^^^^^^^^^^^^^^^^^^^^^^^^^^^^^^^^^^^^^^^
Note: Missing implementation: 
  --> contract.sol:45:3:
   |
45 |   function totalSupply() public view virtual returns (uint256);
   |   ^^^^^^^^^^^^^^^^^^^^^^^^^^^^^^^^^^^^^^^^^^^^^^^^^^^^^^^^^^^^^
Note: Missing implementation: 
  --> contract.sol:48:3:
   |
48 |   function transfer(address to, uint tokens) public virtual returns (bool success);
   |   ^^^^^^^^^^^^^^^^^^^^^^^^^^^^^^^^^^^^^^^^^^^^^^^^^^^^^^^^^^^^^^^^^^^^^^^^^^^^^^^^^
Note: Missing implementation: 
  --> contract.sol:50:3:
   |
50 |   function transferFrom(address from, address to, uint tokens) public virtual returns (bool success);
   |   ^^^^^^^^^^^^^^^^^^^^^^^^^^^^^^^^^^^^^^^^^^^^^^^^^^^^^^^^^^^^^^^^^^^^^^^^^^^^^^^^^^^^^^^^^^^^^^^^^^^

Error: Overriding function is missing "override" specifier.
   --> contract.sol:118:3:
    |
118 |   function totalSupply() public view returns (uint256) {
    |   ^ (Relevant source part starts here and spans across multiple lines).
Note: Overridden function is here:
  --> contract.sol:45:3:
   |
45 |   function totalSupply() public view virtual returns (uint256);
   |   ^^^^^^^^^^^^^^^^^^^^^^^^^^^^^^^^^^^^^^^^^^^^^^^^^^^^^^^^^^^^^

Error: Overriding function is missing "override" specifier.
   --> contract.sol:149:3:
    |
149 |   function balanceOf(address tokenOwner) public view returns (uint256 balance) {
    |   ^ (Relevant source part starts here and spans across multiple lines).
Note: Overridden function is here:
  --> contract.sol:46:3:
   |
46 |   function balanceOf(address tokenOwner) public view virtual returns (uint256 balance);
   |   ^^^^^^^^^^^^^^^^^^^^^^^^^^^^^^^^^^^^^^^^^^^^^^^^^^^^^^^^^^^^^^^^^^^^^^^^^^^^^^^^^^^^^

Error: Overriding function is missing "override" specifier.
   --> contract.sol:354:3:
    |
354 |   function transfer(address to, uint256 tokens) public returns (bool success) {
    |   ^ (Relevant source part starts here and spans across multiple lines).
Note: Overridden function is here:
  --> contract.sol:48:3:
   |
48 |   function transfer(address to, uint tokens) public virtual returns (bool success);
   |   ^^^^^^^^^^^^^^^^^^^^^^^^^^^^^^^^^^^^^^^^^^^^^^^^^^^^^^^^^^^^^^^^^^^^^^^^^^^^^^^^^

Error: Overriding function is missing "override" specifier.
   --> contract.sol:374:3:
    |
374 |   function allowance(address tokenOwner, address spender) public view returns (uint256 remaining) {
    |   ^ (Relevant source part starts here and spans across multiple lines).
Note: Overridden function is here:
  --> contract.sol:47:3:
   |
47 |   function allowance(address tokenOwner, address spender) public view virtual returns (uint256 remaining);
   |   ^^^^^^^^^^^^^^^^^^^^^^^^^^^^^^^^^^^^^^^^^^^^^^^^^^^^^^^^^^^^^^^^^^^^^^^^^^^^^^^^^^^^^^^^^^^^^^^^^^^^^^^^

Error: Overriding function is missing "override" specifier.
   --> contract.sol:383:3:
    |
383 |   function approve(address spender, uint tokens) public returns (bool success) {
    |   ^ (Relevant source part starts here and spans across multiple lines).
Note: Overridden function is here:
  --> contract.sol:49:3:
   |
49 |   function approve(address spender, uint tokens) public virtual returns (bool success);
   |   ^^^^^^^^^^^^^^^^^^^^^^^^^^^^^^^^^^^^^^^^^^^^^^^^^^^^^^^^^^^^^^^^^^^^^^^^^^^^^^^^^^^^^

Error: Overriding function is missing "override" specifier.
   --> contract.sol:392:3:
    |
392 |   function transferFrom(address from, address to, uint256 tokens) public returns (bool success) {
    |   ^ (Relevant source part starts here and spans across multiple lines).
Note: Overridden function is here:
  --> contract.sol:50:3:
   |
50 |   function transferFrom(address from, address to, uint tokens) public virtual returns (bool success);
   |   ^^^^^^^^^^^^^^^^^^^^^^^^^^^^^^^^^^^^^^^^^^^^^^^^^^^^^^^^^^^^^^^^^^^^^^^^^^^^^^^^^^^^^^^^^^^^^^^^^^^

Error: Invalid type for argument in function call. Invalid implicit conversion from contract CSTKDropToken to address requested.
  --> contract.sol:98:47:
   |
98 |     uint256 balance = tokenInstance.balanceOf(this);
   |                                               ^^^^

Error: Explicit type conversion not allowed from "contract ERC20" to "address payable".
   --> contract.sol:101:7:
    |
101 |       payable(tokenInstance).transfer(owner, balance);
    |       ^^^^^^^^^^^^^^^^^^^^^^

Error: Wrong argument count for function call: 2 arguments given but expected 1.
   --> contract.sol:101:7:
    |
101 |       payable(tokenInstance).transfer(owner, balance);
    |       ^^^^^^^^^^^^^^^^^^^^^^^^^^^^^^^^^^^^^^^^^^^^^^^

Warning: "selfdestruct" has been deprecated. Note that, starting from the Cancun hard fork, the underlying opcode no longer deletes the code and data associated with an account and only transfers its Ether to the beneficiary, unless executed in the same transaction in which the contract was created (see EIP-6780). Any use in newly deployed contracts is strongly discouraged even if the new behavior is taken into account. Future changes to the EVM might further reduce the functionality of the opcode.
   --> contract.sol:104:5:
    |
104 |     selfdestruct(owner);
    |     ^^^^^^^^^^^^

Error: Invalid type for argument in function call. Invalid implicit conversion from address to address payable requested.
   --> contract.sol:104:18:
    |
104 |     selfdestruct(owner);
    |                  ^^^^^

Error: Return arguments required.
   --> contract.sol:242:7:
    |
242 |       return;
    |       ^^^^^^^

Error: Return arguments required.
   --> contract.sol:288:7:
    |
288 |       return;
    |       ^^^^^^^

Error: Invalid type for argument in function call. Invalid implicit conversion from contract CSTKDropToken to address requested.
   --> contract.sol:292:47:
    |
292 |     uint256 balance = tokenInstance.balanceOf(this);
    |                                               ^^^^

Error: Explicit type conversion not allowed from "contract ERC20" to "address payable".
   --> contract.sol:335:5:
    |
335 |     payable(tokenInstance).transfer(customer, tokens);
    |     ^^^^^^^^^^^^^^^^^^^^^^

Error: Wrong argument count for function call: 2 arguments given but expected 1.
   --> contract.sol:335:5:
    |
335 |     payable(tokenInstance).transfer(customer, tokens);
    |     ^^^^^^^^^^^^^^^^^^^^^^^^^^^^^^^^^^^^^^^^^^^^^^^^^


=== applied patch_override_needed ===
=== iter 7 rc=0 ===
Warning: SPDX license identifier not provided in source file. Before publishing, consider adding a comment containing "SPDX-License-Identifier: <SPDX-License>" to each source file. Use "SPDX-License-Identifier: UNLICENSED" for non-open-source code. Please see https://spdx.org for more information.
--> contract.sol


=== full compile rc=1 ===
Warning: SPDX license identifier not provided in source file. Before publishing, consider adding a comment containing "SPDX-License-Identifier: <SPDX-License>" to each source file. Use "SPDX-License-Identifier: UNLICENSED" for non-open-source code. Please see https://spdx.org for more information.
--> contract.sol

Error: Contract "ERC20" should be marked as abstract.
  --> contract.sol:44:1:
   |
44 | contract ERC20 {
   | ^ (Relevant source part starts here and spans across multiple lines).
Note: Missing implementation: 
  --> contract.sol:47:3:
   |
47 |   function allowance(address tokenOwner, address spender) public view virtual returns (uint256 remaining);
   |   ^^^^^^^^^^^^^^^^^^^^^^^^^^^^^^^^^^^^^^^^^^^^^^^^^^^^^^^^^^^^^^^^^^^^^^^^^^^^^^^^^^^^^^^^^^^^^^^^^^^^^^^^
Note: Missing implementation: 
  --> contract.sol:49:3:
   |
49 |   function approve(address spender, uint tokens) public virtual returns (bool success);
   |   ^^^^^^^^^^^^^^^^^^^^^^^^^^^^^^^^^^^^^^^^^^^^^^^^^^^^^^^^^^^^^^^^^^^^^^^^^^^^^^^^^^^^^
Note: Missing implementation: 
  --> contract.sol:46:3:
   |
46 |   function balanceOf(address tokenOwner) public view virtual returns (uint256 balance);
   |   ^^^^^^^^^^^^^^^^^^^^^^^^^^^^^^^^^^^^^^^^^^^^^^^^^^^^^^^^^^^^^^^^^^^^^^^^^^^^^^^^^^^^^
Note: Missing implementation: 
  --> contract.sol:45:3:
   |
45 |   function totalSupply() public view virtual returns (uint256);
   |   ^^^^^^^^^^^^^^^^^^^^^^^^^^^^^^^^^^^^^^^^^^^^^^^^^^^^^^^^^^^^^
Note: Missing implementation: 
  --> contract.sol:48:3:
   |
48 |   function transfer(address to, uint tokens) public virtual returns (bool success);
   |   ^^^^^^^^^^^^^^^^^^^^^^^^^^^^^^^^^^^^^^^^^^^^^^^^^^^^^^^^^^^^^^^^^^^^^^^^^^^^^^^^^
Note: Missing implementation: 
  --> contract.sol:50:3:
   |
50 |   function transferFrom(address from, address to, uint tokens) public virtual returns (bool success);
   |   ^^^^^^^^^^^^^^^^^^^^^^^^^^^^^^^^^^^^^^^^^^^^^^^^^^^^^^^^^^^^^^^^^^^^^^^^^^^^^^^^^^^^^^^^^^^^^^^^^^^

Error: Invalid type for argument in function call. Invalid implicit conversion from contract CSTKDropToken to address requested.
  --> contract.sol:98:47:
   |
98 |     uint256 balance = tokenInstance.balanceOf(this);
   |                                               ^^^^

Error: Explicit type conversion not allowed from "contract ERC20" to "address payable".
   --> contract.sol:101:7:
    |
101 |       payable(tokenInstance).transfer(owner, balance);
    |       ^^^^^^^^^^^^^^^^^^^^^^

Error: Wrong argument count for function call: 2 arguments given but expected 1.
   --> contract.sol:101:7:
    |
101 |       payable(tokenInstance).transfer(owner, balance);
    |       ^^^^^^^^^^^^^^^^^^^^^^^^^^^^^^^^^^^^^^^^^^^^^^^

Warning: "selfdestruct" has been deprecated. Note that, starting from the Cancun hard fork, the underlying opcode no longer deletes the code and data associated with an account and only transfers its Ether to the beneficiary, unless executed in the same transaction in which the contract was created (see EIP-6780). Any use in newly deployed contracts is strongly discouraged even if the new behavior is taken into account. Future changes to the EVM might further reduce the functionality of the opcode.
   --> contract.sol:104:5:
    |
104 |     selfdestruct(owner);
    |     ^^^^^^^^^^^^

Error: Invalid type for argument in function call. Invalid implicit conversion from address to address payable requested.
   --> contract.sol:104:18:
    |
104 |     selfdestruct(owner);
    |                  ^^^^^

Error: Return arguments required.
   --> contract.sol:242:7:
    |
242 |       return;
    |       ^^^^^^^

Error: Return arguments required.
   --> contract.sol:288:7:
    |
288 |       return;
    |       ^^^^^^^

Error: Invalid type for argument in function call. Invalid implicit conversion from contract CSTKDropToken to address requested.
   --> contract.sol:292:47:
    |
292 |     uint256 balance = tokenInstance.balanceOf(this);
    |                                               ^^^^

Error: Explicit type conversion not allowed from "contract ERC20" to "address payable".
   --> contract.sol:335:5:
    |
335 |     payable(tokenInstance).transfer(customer, tokens);
    |     ^^^^^^^^^^^^^^^^^^^^^^

Error: Wrong argument count for function call: 2 arguments given but expected 1.
   --> contract.sol:335:5:
    |
335 |     payable(tokenInstance).transfer(customer, tokens);
    |     ^^^^^^^^^^^^^^^^^^^^^^^^^^^^^^^^^^^^^^^^^^^^^^^^^


=== applied patch_payable_contract_cast ===
=== iter 8 rc=0 ===
Warning: SPDX license identifier not provided in source file. Before publishing, consider adding a comment containing "SPDX-License-Identifier: <SPDX-License>" to each source file. Use "SPDX-License-Identifier: UNLICENSED" for non-open-source code. Please see https://spdx.org for more information.
--> contract.sol


=== full compile rc=1 ===
Warning: SPDX license identifier not provided in source file. Before publishing, consider adding a comment containing "SPDX-License-Identifier: <SPDX-License>" to each source file. Use "SPDX-License-Identifier: UNLICENSED" for non-open-source code. Please see https://spdx.org for more information.
--> contract.sol

Error: Contract "ERC20" should be marked as abstract.
  --> contract.sol:44:1:
   |
44 | contract ERC20 {
   | ^ (Relevant source part starts here and spans across multiple lines).
Note: Missing implementation: 
  --> contract.sol:47:3:
   |
47 |   function allowance(address tokenOwner, address spender) public view virtual returns (uint256 remaining);
   |   ^^^^^^^^^^^^^^^^^^^^^^^^^^^^^^^^^^^^^^^^^^^^^^^^^^^^^^^^^^^^^^^^^^^^^^^^^^^^^^^^^^^^^^^^^^^^^^^^^^^^^^^^
Note: Missing implementation: 
  --> contract.sol:49:3:
   |
49 |   function approve(address spender, uint tokens) public virtual returns (bool success);
   |   ^^^^^^^^^^^^^^^^^^^^^^^^^^^^^^^^^^^^^^^^^^^^^^^^^^^^^^^^^^^^^^^^^^^^^^^^^^^^^^^^^^^^^
Note: Missing implementation: 
  --> contract.sol:46:3:
   |
46 |   function balanceOf(address tokenOwner) public view virtual returns (uint256 balance);
   |   ^^^^^^^^^^^^^^^^^^^^^^^^^^^^^^^^^^^^^^^^^^^^^^^^^^^^^^^^^^^^^^^^^^^^^^^^^^^^^^^^^^^^^
Note: Missing implementation: 
  --> contract.sol:45:3:
   |
45 |   function totalSupply() public view virtual returns (uint256);
   |   ^^^^^^^^^^^^^^^^^^^^^^^^^^^^^^^^^^^^^^^^^^^^^^^^^^^^^^^^^^^^^
Note: Missing implementation: 
  --> contract.sol:48:3:
   |
48 |   function transfer(address to, uint tokens) public virtual returns (bool success);
   |   ^^^^^^^^^^^^^^^^^^^^^^^^^^^^^^^^^^^^^^^^^^^^^^^^^^^^^^^^^^^^^^^^^^^^^^^^^^^^^^^^^
Note: Missing implementation: 
  --> contract.sol:50:3:
   |
50 |   function transferFrom(address from, address to, uint tokens) public virtual returns (bool success);
   |   ^^^^^^^^^^^^^^^^^^^^^^^^^^^^^^^^^^^^^^^^^^^^^^^^^^^^^^^^^^^^^^^^^^^^^^^^^^^^^^^^^^^^^^^^^^^^^^^^^^^

Error: Invalid type for argument in function call. Invalid implicit conversion from contract CSTKDropToken to address requested.
  --> contract.sol:98:47:
   |
98 |     uint256 balance = tokenInstance.balanceOf(this);
   |                                               ^^^^

Error: Wrong argument count for function call: 2 arguments given but expected 1.
   --> contract.sol:101:7:
    |
101 |       payable(address(tokenInstance)).transfer(owner, balance);
    |       ^^^^^^^^^^^^^^^^^^^^^^^^^^^^^^^^^^^^^^^^^^^^^^^^^^^^^^^^

Warning: "selfdestruct" has been deprecated. Note that, starting from the Cancun hard fork, the underlying opcode no longer deletes the code and data associated with an account and only transfers its Ether to the beneficiary, unless executed in the same transaction in which the contract was created (see EIP-6780). Any use in newly deployed contracts is strongly discouraged even if the new behavior is taken into account. Future changes to the EVM might further reduce the functionality of the opcode.
   --> contract.sol:104:5:
    |
104 |     selfdestruct(owner);
    |     ^^^^^^^^^^^^

Error: Invalid type for argument in function call. Invalid implicit conversion from address to address payable requested.
   --> contract.sol:104:18:
    |
104 |     selfdestruct(owner);
    |                  ^^^^^

Error: Return arguments required.
   --> contract.sol:242:7:
    |
242 |       return;
    |       ^^^^^^^

Error: Return arguments required.
   --> contract.sol:288:7:
    |
288 |       return;
    |       ^^^^^^^

Error: Invalid type for argument in function call. Invalid implicit conversion from contract CSTKDropToken to address requested.
   --> contract.sol:292:47:
    |
292 |     uint256 balance = tokenInstance.balanceOf(this);
    |                                               ^^^^

Error: Wrong argument count for function call: 2 arguments given but expected 1.
   --> contract.sol:335:5:
    |
335 |     payable(address(tokenInstance)).transfer(customer, tokens);
    |     ^^^^^^^^^^^^^^^^^^^^^^^^^^^^^^^^^^^^^^^^^^^^^^^^^^^^^^^^^^


=== applied patch_mark_abstract ===
=== iter 9 rc=0 ===
Warning: SPDX license identifier not provided in source file. Before publishing, consider adding a comment containing "SPDX-License-Identifier: <SPDX-License>" to each source file. Use "SPDX-License-Identifier: UNLICENSED" for non-open-source code. Please see https://spdx.org for more information.
--> contract.sol


=== full compile rc=1 ===
Warning: SPDX license identifier not provided in source file. Before publishing, consider adding a comment containing "SPDX-License-Identifier: <SPDX-License>" to each source file. Use "SPDX-License-Identifier: UNLICENSED" for non-open-source code. Please see https://spdx.org for more information.
--> contract.sol

Error: Invalid type for argument in function call. Invalid implicit conversion from contract CSTKDropToken to address requested.
  --> contract.sol:98:47:
   |
98 |     uint256 balance = tokenInstance.balanceOf(this);
   |                                               ^^^^

Error: Wrong argument count for function call: 2 arguments given but expected 1.
   --> contract.sol:101:7:
    |
101 |       payable(address(tokenInstance)).transfer(owner, balance);
    |       ^^^^^^^^^^^^^^^^^^^^^^^^^^^^^^^^^^^^^^^^^^^^^^^^^^^^^^^^

Warning: "selfdestruct" has been deprecated. Note that, starting from the Cancun hard fork, the underlying opcode no longer deletes the code and data associated with an account and only transfers its Ether to the beneficiary, unless executed in the same transaction in which the contract was created (see EIP-6780). Any use in newly deployed contracts is strongly discouraged even if the new behavior is taken into account. Future changes to the EVM might further reduce the functionality of the opcode.
   --> contract.sol:104:5:
    |
104 |     selfdestruct(owner);
    |     ^^^^^^^^^^^^

Error: Invalid type for argument in function call. Invalid implicit conversion from address to address payable requested.
   --> contract.sol:104:18:
    |
104 |     selfdestruct(owner);
    |                  ^^^^^

Error: Return arguments required.
   --> contract.sol:242:7:
    |
242 |       return;
    |       ^^^^^^^

Error: Return arguments required.
   --> contract.sol:288:7:
    |
288 |       return;
    |       ^^^^^^^

Error: Invalid type for argument in function call. Invalid implicit conversion from contract CSTKDropToken to address requested.
   --> contract.sol:292:47:
    |
292 |     uint256 balance = tokenInstance.balanceOf(this);
    |                                               ^^^^

Error: Wrong argument count for function call: 2 arguments given but expected 1.
   --> contract.sol:335:5:
    |
335 |     payable(address(tokenInstance)).transfer(customer, tokens);
    |     ^^^^^^^^^^^^^^^^^^^^^^^^^^^^^^^^^^^^^^^^^^^^^^^^^^^^^^^^^^


=== no rule matched ===
