=== iter 0 rc=1 ===
Error: Expected '{' but got 'constant'
  --> contract.sol:50:40:
   |
50 |     function balanceOf(address _owner) constant public returns (uint256);
   |                                        ^^^^^^^^


=== applied patch_constant_function ===
=== iter 1 rc=1 ===
Error: Expected a state variable declaration. If you intended this as a fallback function or a function to handle plain ether transactions, use the "fallback" keyword or the "receive" keyword instead.
   --> contract.sol:164:34:
    |
164 |     function () external payable {
    |                                  ^


=== applied patch_anonymous_fallback ===
=== iter 2 rc=0 ===
Warning: SPDX license identifier not provided in source file. Before publishing, consider adding a comment containing "SPDX-License-Identifier: <SPDX-License>" to each source file. Use "SPDX-License-Identifier: UNLICENSED" for non-open-source code. Please see https://spdx.org for more information.
--> contract.sol


=== full compile rc=1 ===
Warning: SPDX license identifier not provided in source file. Before publishing, consider adding a comment containing "SPDX-License-Identifier: <SPDX-License>" to each source file. Use "SPDX-License-Identifier: UNLICENSED" for non-open-source code. Please see https://spdx.org for more information.
--> contract.sol

Error: Functions are not allowed to have the same name as the contract. If you intend this to be a constructor, use "constructor(...) { ... }" to define it.
   --> contract.sol:106:5:
    |
106 |     function MATOX () public {
    |     ^ (Relevant source part starts here and spans across multiple lines).

Warning: This declaration shadows an existing declaration.
   --> contract.sol:106:5:
    |
106 |     function MATOX () public {
    |     ^ (Relevant source part starts here and spans across multiple lines).
Note: The shadowed declaration is here:
  --> contract.sol:68:1:
   |
68 | contract MATOX is ERC20 {
   | ^ (Relevant source part starts here and spans across multiple lines).

Error: Identifier already declared.
  --> contract.sol:80:5:
   |
80 |     uint256 public totalSupply = 12000000000e8; // Supply
   |     ^^^^^^^^^^^^^^^^^^^^^^^^^^^^^^^^^^^^^^^^^^
Note: The previous declaration is here:
  --> contract.sol:55:5:
   |
55 |     uint256 public totalSupply;
   |     ^^^^^^^^^^^^^^^^^^^^^^^^^^

Error: Data location must be "memory" or "calldata" for parameter in function, but none was given.
   --> contract.sol:155:40:
    |
155 |     function adminClaimAirdropMultiple(address[] _addresses, uint _amount) public onlyOwner {        
    |                                        ^^^^^^^^^^^^^^^^^^^^


=== applied patch_contract_named_ctor ===
=== iter 3 rc=0 ===
Warning: SPDX license identifier not provided in source file. Before publishing, consider adding a comment containing "SPDX-License-Identifier: <SPDX-License>" to each source file. Use "SPDX-License-Identifier: UNLICENSED" for non-open-source code. Please see https://spdx.org for more information.
--> contract.sol


=== full compile rc=1 ===
Warning: SPDX license identifier not provided in source file. Before publishing, consider adding a comment containing "SPDX-License-Identifier: <SPDX-License>" to each source file. Use "SPDX-License-Identifier: UNLICENSED" for non-open-source code. Please see https://spdx.org for more information.
--> contract.sol

Error: Identifier already declared.
  --> contract.sol:80:5:
   |
80 |     uint256 public totalSupply = 12000000000e8; // Supply
   |     ^^^^^^^^^^^^^^^^^^^^^^^^^^^^^^^^^^^^^^^^^^
Note: The previous declaration is here:
  --> contract.sol:55:5:
   |
55 |     uint256 public totalSupply;
   |     ^^^^^^^^^^^^^^^^^^^^^^^^^^

Error: Data location must be "memory" or "calldata" for parameter in function, but none was given.
   --> contract.sol:155:40:
    |
155 |     function adminClaimAirdropMultiple(address[] _addresses, uint _amount) public onlyOwner {        
    |                                        ^^^^^^^^^^^^^^^^^^^^


=== applied patch_memory_location ===
=== iter 4 rc=0 ===
Warning: SPDX license identifier not provided in source file. Before publishing, consider adding a comment containing "SPDX-License-Identifier: <SPDX-License>" to each source file. Use "SPDX-License-Identifier: UNLICENSED" for non-open-source code. Please see https://spdx.org for more information.
--> contract.sol


=== full compile rc=1 ===
Warning: SPDX license identifier not provided in source file. Before publishing, consider adding a comment containing "SPDX-License-Identifier: <SPDX-License>" to each source file. Use "SPDX-License-Identifier: UNLICENSED" for non-open-source code. Please see https://spdx.org for more information.
--> contract.sol

Error: Identifier already declared.
  --> contract.sol:80:5:
   |
80 |     uint256 public totalSupply = 12000000000e8; // Supply
   |     ^^^^^^^^^^^^^^^^^^^^^^^^^^^^^^^^^^^^^^^^^^
Note: The previous declaration is here:
  --> contract.sol:55:5:
   |
55 |     uint256 public totalSupply;
   |     ^^^^^^^^^^^^^^^^^^^^^^^^^^

Error: Contract "ForeignToken" should be marked as abstract.
  --> contract.sol:49:1:
   |
49 | contract ForeignToken {
   | ^ (Relevant source part starts here and spans across multiple lines).
Note: Missing implementation: 
  --> contract.sol:50:5:
   |
50 |     function balanceOf(address _owner) view public returns (uint256);
   |     ^^^^^^^^^^^^^^^^^^^^^^^^^^^^^^^^^^^^^^^^^^^^^^^^^^^^^^^^^^^^^^^^^
Note: Missing implementation: 
  --> contract.sol:51:5:
   |
51 |     function transfer(address _to, uint256 _value) public returns (bool);
   |     ^^^^^^^^^^^^^^^^^^^^^^^^^^^^^^^^^^^^^^^^^^^^^^^^^^^^^^^^^^^^^^^^^^^^^

Error: Contract "ERC20Basic" should be marked as abstract.
  --> contract.sol:54:1:
   |
54 | contract ERC20Basic {
   | ^ (Relevant source part starts here and spans across multiple lines).
Note: Missing implementation: 
  --> contract.sol:56:5:
   |
56 |     function balanceOf(address who) public view returns (uint256);
   |     ^^^^^^^^^^^^^^^^^^^^^^^^^^^^^^^^^^^^^^^^^^^^^^^^^^^^^^^^^^^^^^
Note: Missing implementation: 
  --> contract.sol:57:5:
   |
57 |     function transfer(address to, uint256 value) public returns (bool);
   |     ^^^^^^^^^^^^^^^^^^^^^^^^^^^^^^^^^^^^^^^^^^^^^^^^^^^^^^^^^^^^^^^^^^^

Error: Contract "ERC20" should be marked as abstract.
  --> contract.sol:61:1:
   |
61 | contract ERC20 is ERC20Basic {
   | ^ (Relevant source part starts here and spans across multiple lines).
Note: Missing implementation: 
  --> contract.sol:62:5:
   |
62 |     function allowance(address owner, address spender) public view returns (uint256);
   |     ^^^^^^^^^^^^^^^^^^^^^^^^^^^^^^^^^^^^^^^^^^^^^^^^^^^^^^^^^^^^^^^^^^^^^^^^^^^^^^^^^
Note: Missing implementation: 
  --> contract.sol:64:5:
   |
64 |     function approve(address spender, uint256 value) public returns (bool);
   |     ^^^^^^^^^^^^^^^^^^^^^^^^^^^^^^^^^^^^^^^^^^^^^^^^^^^^^^^^^^^^^^^^^^^^^^^
Note: Missing implementation: 
  --> contract.sol:56:5:
   |
56 |     function balanceOf(address who) public view returns (uint256);
   |     ^^^^^^^^^^^^^^^^^^^^^^^^^^^^^^^^^^^^^^^^^^^^^^^^^^^^^^^^^^^^^^
Note: Missing implementation: 
  --> contract.sol:57:5:
   |
57 |     function transfer(address to, uint256 value) public returns (bool);
   |     ^^^^^^^^^^^^^^^^^^^^^^^^^^^^^^^^^^^^^^^^^^^^^^^^^^^^^^^^^^^^^^^^^^^
Note: Missing implementation: 
  --> contract.sol:63:5:
   |
63 |     function transferFrom(address from, address to, uint256 value) public returns (bool);
   |     ^^^^^^^^^^^^^^^^^^^^^^^^^^^^^^^^^^^^^^^^^^^^^^^^^^^^^^^^^^^^^^^^^^^^^^^^^^^^^^^^^^^^^

Error: Event with same name and parameter types defined twice.
  --> contract.sol:86:5:
   |
86 |     event Approval(address indexed _owner, address indexed _spender, uint256 _value);
   |     ^^^^^^^^^^^^^^^^^^^^^^^^^^^^^^^^^^^^^^^^^^^^^^^^^^^^^^^^^^^^^^^^^^^^^^^^^^^^^^^^^
Note: Other declaration is here:
  --> contract.sol:65:5:
   |
65 |     event Approval(address indexed owner, address indexed spender, uint256 value);
   |     ^^^^^^^^^^^^^^^^^^^^^^^^^^^^^^^^^^^^^^^^^^^^^^^^^^^^^^^^^^^^^^^^^^^^^^^^^^^^^^

Error: Event with same name and parameter types defined twice.
  --> contract.sol:85:5:
   |
85 |     event Transfer(address indexed _from, address indexed _to, uint256 _value);
   |     ^^^^^^^^^^^^^^^^^^^^^^^^^^^^^^^^^^^^^^^^^^^^^^^^^^^^^^^^^^^^^^^^^^^^^^^^^^^
Note: Other declaration is here:
  --> contract.sol:58:5:
   |
58 |     event Transfer(address indexed from, address indexed to, uint256 value);
   |     ^^^^^^^^^^^^^^^^^^^^^^^^^^^^^^^^^^^^^^^^^^^^^^^^^^^^^^^^^^^^^^^^^^^^^^^^

Error: Overriding function is missing "override" specifier.
   --> contract.sol:187:5:
    |
187 |     function balanceOf(address _owner) view public returns (uint256) {
    |     ^ (Relevant source part starts here and spans across multiple lines).
Note: Overridden function is here:
  --> contract.sol:56:5:
   |
56 |     function balanceOf(address who) public view returns (uint256);
   |     ^^^^^^^^^^^^^^^^^^^^^^^^^^^^^^^^^^^^^^^^^^^^^^^^^^^^^^^^^^^^^^

Error: Trying to override non-virtual function. Did you forget to add "virtual"?
  --> contract.sol:56:5:
   |
56 |     function balanceOf(address who) public view returns (uint256);
   |     ^^^^^^^^^^^^^^^^^^^^^^^^^^^^^^^^^^^^^^^^^^^^^^^^^^^^^^^^^^^^^^
Note: Overriding function is here:
   --> contract.sol:187:5:
    |
187 |     function balanceOf(address _owner) view public returns (uint256) {
    |     ^ (Relevant source part starts here and spans across multiple lines).

Error: Overriding function is missing "override" specifier.
   --> contract.sol:197:5:
    |
197 |     function transfer(address _to, uint256 _amount) onlyPayloadSize(2 * 32) public returns (bool success) {
    |     ^ (Relevant source part starts here and spans across multiple lines).
Note: Overridden function is here:
  --> contract.sol:57:5:
   |
57 |     function transfer(address to, uint256 value) public returns (bool);
   |     ^^^^^^^^^^^^^^^^^^^^^^^^^^^^^^^^^^^^^^^^^^^^^^^^^^^^^^^^^^^^^^^^^^^

Error: Trying to override non-virtual function. Did you forget to add "virtual"?
  --> contract.sol:57:5:
   |
57 |     function transfer(address to, uint256 value) public returns (bool);
   |     ^^^^^^^^^^^^^^^^^^^^^^^^^^^^^^^^^^^^^^^^^^^^^^^^^^^^^^^^^^^^^^^^^^^
Note: Overriding function is here:
   --> contract.sol:197:5:
    |
197 |     function transfer(address _to, uint256 _amount) onlyPayloadSize(2 * 32) public returns (bool success) {
    |     ^ (Relevant source part starts here and spans across multiple lines).

Error: Overriding function is missing "override" specifier.
   --> contract.sol:208:5:
    |
208 |     function transferFrom(address _from, address _to, uint256 _amount) onlyPayloadSize(3 * 32) public returns (bool success) {
    |     ^ (Relevant source part starts here and spans across multiple lines).
Note: Overridden function is here:
  --> contract.sol:63:5:
   |
63 |     function transferFrom(address from, address to, uint256 value) public returns (bool);
   |     ^^^^^^^^^^^^^^^^^^^^^^^^^^^^^^^^^^^^^^^^^^^^^^^^^^^^^^^^^^^^^^^^^^^^^^^^^^^^^^^^^^^^^

Error: Trying to override non-virtual function. Did you forget to add "virtual"?
  --> contract.sol:63:5:
   |
63 |     function transferFrom(address from, address to, uint256 value) public returns (bool);
   |     ^^^^^^^^^^^^^^^^^^^^^^^^^^^^^^^^^^^^^^^^^^^^^^^^^^^^^^^^^^^^^^^^^^^^^^^^^^^^^^^^^^^^^
Note: Overriding function is here:
   --> contract.sol:208:5:
    |
208 |     function transferFrom(address _from, address _to, uint256 _amount) onlyPayloadSize(3 * 32) public returns (bool success) {
    |     ^ (Relevant source part starts here and spans across multiple lines).

Error: Overriding function is missing "override" specifier.
   --> contract.sol:221:5:
    |
221 |     function approve(address _spender, uint256 _value) public returns (bool success) {
    |     ^ (Relevant source part starts here and spans across multiple lines).
Note: Overridden function is here:
  --> contract.sol:64:5:
   |
64 |     function approve(address spender, uint256 value) public returns (bool);
   |     ^^^^^^^^^^^^^^^^^^^^^^^^^^^^^^^^^^^^^^^^^^^^^^^^^^^^^^^^^^^^^^^^^^^^^^^

Error: Trying to override non-virtual function. Did you forget to add "virtual"?
  --> contract.sol:64:5:
   |
64 |     function approve(address spender, uint256 value) public returns (bool);
   |     ^^^^^^^^^^^^^^^^^^^^^^^^^^^^^^^^^^^^^^^^^^^^^^^^^^^^^^^^^^^^^^^^^^^^^^^
Note: Overriding function is here:
   --> contract.sol:221:5:
    |
221 |     function approve(address _spender, uint256 _value) public returns (bool success) {
    |     ^ (Relevant source part starts here and spans across multiple lines).

Error: Overriding function is missing "override" specifier.
   --> contract.sol:229:5:
    |
229 |     function allowance(address _owner, address _spender) view public returns (uint256) {
    |     ^ (Relevant source part starts here and spans across multiple lines).
Note: Overridden function is here:
  --> contract.sol:62:5:
   |
62 |     function allowance(address owner, address spender) public view returns (uint256);
   |     ^^^^^^^^^^^^^^^^^^^^^^^^^^^^^^^^^^^^^^^^^^^^^^^^^^^^^^^^^^^^^^^^^^^^^^^^^^^^^^^^^

Error: Trying to override non-virtual function. Did you forget to add "virtual"?
  --> contract.sol:62:5:
   |
62 |     function allowance(address owner, address spender) public view returns (uint256);
   |     ^^^^^^^^^^^^^^^^^^^^^^^^^^^^^^^^^^^^^^^^^^^^^^^^^^^^^^^^^^^^^^^^^^^^^^^^^^^^^^^^^
Note: Overriding function is here:
   --> contract.sol:229:5:
    |
229 |     function allowance(address _owner, address _spender) view public returns (uint256) {
    |     ^ (Relevant source part starts here and spans across multiple lines).

Error: Overriding public state variable is missing "override" specifier.
  --> contract.sol:80:5:
   |
80 |     uint256 public totalSupply = 12000000000e8; // Supply
   |     ^^^^^^^^^^^^^^^^^^^^^^^^^^^^^^^^^^^^^^^^^^
Note: Overridden public state variable is here:
  --> contract.sol:55:5:
   |
55 |     uint256 public totalSupply;
   |     ^^^^^^^^^^^^^^^^^^^^^^^^^^

Error: Cannot override public state variable.
  --> contract.sol:55:5:
   |
55 |     uint256 public totalSupply;
   |     ^^^^^^^^^^^^^^^^^^^^^^^^^^
Note: Overriding public state variable is here:
  --> contract.sol:80:5:
   |
80 |     uint256 public totalSupply = 12000000000e8; // Supply
   |     ^^^^^^^^^^^^^^^^^^^^^^^^^^^^^^^^^^^^^^^^^^

Error: Functions without implementation must be marked virtual.
  --> contract.sol:50:5:
   |
50 |     function balanceOf(address _owner) view public returns (uint256);
   |     ^^^^^^^^^^^^^^^^^^^^^^^^^^^^^^^^^^^^^^^^^^^^^^^^^^^^^^^^^^^^^^^^^

Error: Functions without implementation must be marked virtual.
  --> contract.sol:51:5:
   |
51 |     function transfer(address _to, uint256 _value) public returns (bool);
   |     ^^^^^^^^^^^^^^^^^^^^^^^^^^^^^^^^^^^^^^^^^^^^^^^^^^^^^^^^^^^^^^^^^^^^^

Error: Functions without implementation must be marked virtual.
  --> contract.sol:56:5:
   |
56 |     function balanceOf(address who) public view returns (uint256);
   |     ^^^^^^^^^^^^^^^^^^^^^^^^^^^^^^^^^^^^^^^^^^^^^^^^^^^^^^^^^^^^^^

Error: Functions without implementation must be marked virtual.
  --> contract.sol:57:5:
   |
57 |     function transfer(address to, uint256 value) public returns (bool);
   |     ^^^^^^^^^^^^^^^^^^^^^^^^^^^^^^^^^^^^^^^^^^^^^^^^^^^^^^^^^^^^^^^^^^^

Error: Functions without implementation must be marked virtual.
  --> contract.sol:62:5:
   |
62 |     function allowance(address owner, address spender) public view returns (uint256);
   |     ^^^^^^^^^^^^^^^^^^^^^^^^^^^^^^^^^^^^^^^^^^^^^^^^^^^^^^^^^^^^^^^^^^^^^^^^^^^^^^^^^

Error: Functions without implementation must be marked virtual.
  --> contract.sol:63:5:
   |
63 |     function transferFrom(address from, address to, uint256 value) public returns (bool);
   |     ^^^^^^^^^^^^^^^^^^^^^^^^^^^^^^^^^^^^^^^^^^^^^^^^^^^^^^^^^^^^^^^^^^^^^^^^^^^^^^^^^^^^^

Error: Functions without implementation must be marked virtual.
  --> contract.sol:64:5:
   |
64 |     function approve(address spender, uint256 value) public returns (bool);
   |     ^^^^^^^^^^^^^^^^^^^^^^^^^^^^^^^^^^^^^^^^^^^^^^^^^^^^^^^^^^^^^^^^^^^^^^^

Error: Type contract MATOX is not implicitly convertible to expected type address.
   --> contract.sol:240:9:
    |
240 |         address myAddress = this;
    |         ^^^^^^^^^^^^^^^^^^^^^^^^

Error: "send" and "transfer" are only available for objects of type "address payable", not "address".
   --> contract.sol:242:9:
    |
242 |         owner.transfer(etherBalance);
    |         ^^^^^^^^^^^^^^


=== applied patch_send_transfer_to_payable ===
=== iter 5 rc=0 ===
Warning: SPDX license identifier not provided in source file. Before publishing, consider adding a comment containing "SPDX-License-Identifier: <SPDX-License>" to each source file. Use "SPDX-License-Identifier: UNLICENSED" for non-open-source code. Please see https://spdx.org for more information.
--> contract.sol


=== full compile rc=1 ===
Warning: SPDX license identifier not provided in source file. Before publishing, consider adding a comment containing "SPDX-License-Identifier: <SPDX-License>" to each source file. Use "SPDX-License-Identifier: UNLICENSED" for non-open-source code. Please see https://spdx.org for more information.
--> contract.sol

Error: Identifier already declared.
  --> contract.sol:80:5:
   |
80 |     uint256 public totalSupply = 12000000000e8; // Supply
   |     ^^^^^^^^^^^^^^^^^^^^^^^^^^^^^^^^^^^^^^^^^^
Note: The previous declaration is here:
  --> contract.sol:55:5:
   |
55 |     uint256 public totalSupply;
   |     ^^^^^^^^^^^^^^^^^^^^^^^^^^

Error: Contract "ForeignToken" should be marked as abstract.
  --> contract.sol:49:1:
   |
49 | contract ForeignToken {
   | ^ (Relevant source part starts here and spans across multiple lines).
Note: Missing implementation: 
  --> contract.sol:50:5:
   |
50 |     function balanceOf(address _owner) view public returns (uint256);
   |     ^^^^^^^^^^^^^^^^^^^^^^^^^^^^^^^^^^^^^^^^^^^^^^^^^^^^^^^^^^^^^^^^^
Note: Missing implementation: 
  --> contract.sol:51:5:
   |
51 |     function transfer(address _to, uint256 _value) public returns (bool);
   |     ^^^^^^^^^^^^^^^^^^^^^^^^^^^^^^^^^^^^^^^^^^^^^^^^^^^^^^^^^^^^^^^^^^^^^

Error: Contract "ERC20Basic" should be marked as abstract.
  --> contract.sol:54:1:
   |
54 | contract ERC20Basic {
   | ^ (Relevant source part starts here and spans across multiple lines).
Note: Missing implementation: 
  --> contract.sol:56:5:
   |
56 |     function balanceOf(address who) public view returns (uint256);
   |     ^^^^^^^^^^^^^^^^^^^^^^^^^^^^^^^^^^^^^^^^^^^^^^^^^^^^^^^^^^^^^^
Note: Missing implementation: 
  --> contract.sol:57:5:
   |
57 |     function transfer(address to, uint256 value) public returns (bool);
   |     ^^^^^^^^^^^^^^^^^^^^^^^^^^^^^^^^^^^^^^^^^^^^^^^^^^^^^^^^^^^^^^^^^^^

Error: Contract "ERC20" should be marked as abstract.
  --> contract.sol:61:1:
   |
61 | contract ERC20 is ERC20Basic {
   | ^ (Relevant source part starts here and spans across multiple lines).
Note: Missing implementation: 
  --> contract.sol:62:5:
   |
62 |     function allowance(address owner, address spender) public view returns (uint256);
   |     ^^^^^^^^^^^^^^^^^^^^^^^^^^^^^^^^^^^^^^^^^^^^^^^^^^^^^^^^^^^^^^^^^^^^^^^^^^^^^^^^^
Note: Missing implementation: 
  --> contract.sol:64:5:
   |
64 |     function approve(address spender, uint256 value) public returns (bool);
   |     ^^^^^^^^^^^^^^^^^^^^^^^^^^^^^^^^^^^^^^^^^^^^^^^^^^^^^^^^^^^^^^^^^^^^^^^
Note: Missing implementation: 
  --> contract.sol:56:5:
   |
56 |     function balanceOf(address who) public view returns (uint256);
   |     ^^^^^^^^^^^^^^^^^^^^^^^^^^^^^^^^^^^^^^^^^^^^^^^^^^^^^^^^^^^^^^
Note: Missing implementation: 
  --> contract.sol:57:5:
   |
57 |     function transfer(address to, uint256 value) public returns (bool);
   |     ^^^^^^^^^^^^^^^^^^^^^^^^^^^^^^^^^^^^^^^^^^^^^^^^^^^^^^^^^^^^^^^^^^^
Note: Missing implementation: 
  --> contract.sol:63:5:
   |
63 |     function transferFrom(address from, address to, uint256 value) public returns (bool);
   |     ^^^^^^^^^^^^^^^^^^^^^^^^^^^^^^^^^^^^^^^^^^^^^^^^^^^^^^^^^^^^^^^^^^^^^^^^^^^^^^^^^^^^^

Error: Event with same name and parameter types defined twice.
  --> contract.sol:86:5:
   |
86 |     event Approval(address indexed _owner, address indexed _spender, uint256 _value);
   |     ^^^^^^^^^^^^^^^^^^^^^^^^^^^^^^^^^^^^^^^^^^^^^^^^^^^^^^^^^^^^^^^^^^^^^^^^^^^^^^^^^
Note: Other declaration is here:
  --> contract.sol:65:5:
   |
65 |     event Approval(address indexed owner, address indexed spender, uint256 value);
   |     ^^^^^^^^^^^^^^^^^^^^^^^^^^^^^^^^^^^^^^^^^^^^^^^^^^^^^^^^^^^^^^^^^^^^^^^^^^^^^^

Error: Event with same name and parameter types defined twice.
  --> contract.sol:85:5:
   |
85 |     event Transfer(address indexed _from, address indexed _to, uint256 _value);
   |     ^^^^^^^^^^^^^^^^^^^^^^^^^^^^^^^^^^^^^^^^^^^^^^^^^^^^^^^^^^^^^^^^^^^^^^^^^^^
Note: Other declaration is here:
  --> contract.sol:58:5:
   |
58 |     event Transfer(address indexed from, address indexed to, uint256 value);
   |     ^^^^^^^^^^^^^^^^^^^^^^^^^^^^^^^^^^^^^^^^^^^^^^^^^^^^^^^^^^^^^^^^^^^^^^^^

Error: Overriding function is missing "override" specifier.
   --> contract.sol:187:5:
    |
187 |     function balanceOf(address _owner) view public returns (uint256) {
    |     ^ (Relevant source part starts here and spans across multiple lines).
Note: Overridden function is here:
  --> contract.sol:56:5:
   |
56 |     function balanceOf(address who) public view returns (uint256);
   |     ^^^^^^^^^^^^^^^^^^^^^^^^^^^^^^^^^^^^^^^^^^^^^^^^^^^^^^^^^^^^^^

Error: Trying to override non-virtual function. Did you forget to add "virtual"?
  --> contract.sol:56:5:
   |
56 |     function balanceOf(address who) public view returns (uint256);
   |     ^^^^^^^^^^^^^^^^^^^^^^^^^^^^^^^^^^^^^^^^^^^^^^^^^^^^^^^^^^^^^^
Note: Overriding function is here:
   --> contract.sol:187:5:
    |
187 |     function balanceOf(address _owner) view public returns (uint256) {
    |     ^ (Relevant source part starts here and spans across multiple lines).

Error: Overriding function is missing "override" specifier.
   --> contract.sol:197:5:
    |
197 |     function transfer(address _to, uint256 _amount) onlyPayloadSize(2 * 32) public returns (bool success) {
    |     ^ (Relevant source part starts here and spans across multiple lines).
Note: Overridden function is here:
  --> contract.sol:57:5:
   |
57 |     function transfer(address to, uint256 value) public returns (bool);
   |     ^^^^^^^^^^^^^^^^^^^^^^^^^^^^^^^^^^^^^^^^^^^^^^^^^^^^^^^^^^^^^^^^^^^

Error: Trying to override non-virtual function. Did you forget to add "virtual"?
  --> contract.sol:57:5:
   |
57 |     function transfer(address to, uint256 value) public returns (bool);
   |     ^^^^^^^^^^^^^^^^^^^^^^^^^^^^^^^^^^^^^^^^^^^^^^^^^^^^^^^^^^^^^^^^^^^
Note: Overriding function is here:
   --> contract.sol:197:5:
    |
197 |     function transfer(address _to, uint256 _amount) onlyPayloadSize(2 * 32) public returns (bool success) {
    |     ^ (Relevant source part starts here and spans across multiple lines).

Error: Overriding function is missing "override" specifier.
   --> contract.sol:208:5:
    |
208 |     function transferFrom(address _from, address _to, uint256 _amount) onlyPayloadSize(3 * 32) public returns (bool success) {
    |     ^ (Relevant source part starts here and spans across multiple lines).
Note: Overridden function is here:
  --> contract.sol:63:5:
   |
63 |     function transferFrom(address from, address to, uint256 value) public returns (bool);
   |     ^^^^^^^^^^^^^^^^^^^^^^^^^^^^^^^^^^^^^^^^^^^^^^^^^^^^^^^^^^^^^^^^^^^^^^^^^^^^^^^^^^^^^

Error: Trying to override non-virtual function. Did you forget to add "virtual"?
  --> contract.sol:63:5:
   |
63 |     function transferFrom(address from, address to, uint256 value) public returns (bool);
   |     ^^^^^^^^^^^^^^^^^^^^^^^^^^^^^^^^^^^^^^^^^^^^^^^^^^^^^^^^^^^^^^^^^^^^^^^^^^^^^^^^^^^^^
Note: Overriding function is here:
   --> contract.sol:208:5:
    |
208 |     function transferFrom(address _from, address _to, uint256 _amount) onlyPayloadSize(3 * 32) public returns (bool success) {
    |     ^ (Relevant source part starts here and spans across multiple lines).

Error: Overriding function is missing "override" specifier.
   --> contract.sol:221:5:
    |
221 |     function approve(address _spender, uint256 _value) public returns (bool success) {
    |     ^ (Relevant source part starts here and spans across multiple lines).
Note: Overridden function is here:
  --> contract.sol:64:5:
   |
64 |     function approve(address spender, uint256 value) public returns (bool);
   |     ^^^^^^^^^^^^^^^^^^^^^^^^^^^^^^^^^^^^^^^^^^^^^^^^^^^^^^^^^^^^^^^^^^^^^^^

Error: Trying to override non-virtual function. Did you forget to add "virtual"?
  --> contract.sol:64:5:
   |
64 |     function approve(address spender, uint256 value) public returns (bool);
   |     ^^^^^^^^^^^^^^^^^^^^^^^^^^^^^^^^^^^^^^^^^^^^^^^^^^^^^^^^^^^^^^^^^^^^^^^
Note: Overriding function is here:
   --> contract.sol:221:5:
    |
221 |     function approve(address _spender, uint256 _value) public returns (bool success) {
    |     ^ (Relevant source part starts here and spans across multiple lines).

Error: Overriding function is missing "override" specifier.
   --> contract.sol:229:5:
    |
229 |     function allowance(address _owner, address _spender) view public returns (uint256) {
    |     ^ (Relevant source part starts here and spans across multiple lines).
Note: Overridden function is here:
  --> contract.sol:62:5:
   |
62 |     function allowance(address owner, address spender) public view returns (uint256);
   |     ^^^^^^^^^^^^^^^^^^^^^^^^^^^^^^^^^^^^^^^^^^^^^^^^^^^^^^^^^^^^^^^^^^^^^^^^^^^^^^^^^

Error: Trying to override non-virtual function. Did you forget to add "virtual"?
  --> contract.sol:62:5:
   |
62 |     function allowance(address owner, address spender) public view returns (uint256);
   |     ^^^^^^^^^^^^^^^^^^^^^^^^^^^^^^^^^^^^^^^^^^^^^^^^^^^^^^^^^^^^^^^^^^^^^^^^^^^^^^^^^
Note: Overriding function is here:
   --> contract.sol:229:5:
    |
229 |     function allowance(address _owner, address _spender) view public returns (uint256) {
    |     ^ (Relevant source part starts here and spans across multiple lines).

Error: Overriding public state variable is missing "override" specifier.
  --> contract.sol:80:5:
   |
80 |     uint256 public totalSupply = 12000000000e8; // Supply
   |     ^^^^^^^^^^^^^^^^^^^^^^^^^^^^^^^^^^^^^^^^^^
Note: Overridden public state variable is here:
  --> contract.sol:55:5:
   |
55 |     uint256 public totalSupply;
   |     ^^^^^^^^^^^^^^^^^^^^^^^^^^

Error: Cannot override public state variable.
  --> contract.sol:55:5:
   |
55 |     uint256 public totalSupply;
   |     ^^^^^^^^^^^^^^^^^^^^^^^^^^
Note: Overriding public state variable is here:
  --> contract.sol:80:5:
   |
80 |     uint256 public totalSupply = 12000000000e8; // Supply
   |     ^^^^^^^^^^^^^^^^^^^^^^^^^^^^^^^^^^^^^^^^^^

Error: Functions without implementation must be marked virtual.
  --> contract.sol:50:5:
   |
50 |     function balanceOf(address _owner) view public returns (uint256);
   |     ^^^^^^^^^^^^^^^^^^^^^^^^^^^^^^^^^^^^^^^^^^^^^^^^^^^^^^^^^^^^^^^^^

Error: Functions without implementation must be marked virtual.
  --> contract.sol:51:5:
   |
51 |     function transfer(address _to, uint256 _value) public returns (bool);
   |     ^^^^^^^^^^^^^^^^^^^^^^^^^^^^^^^^^^^^^^^^^^^^^^^^^^^^^^^^^^^^^^^^^^^^^

Error: Functions without implementation must be marked virtual.
  --> contract.sol:56:5:
   |
56 |     function balanceOf(address who) public view returns (uint256);
   |     ^^^^^^^^^^^^^^^^^^^^^^^^^^^^^^^^^^^^^^^^^^^^^^^^^^^^^^^^^^^^^^

Error: Functions without implementation must be marked virtual.
  --> contract.sol:57:5:
   |
57 |     function transfer(address to, uint256 value) public returns (bool);
   |     ^^^^^^^^^^^^^^^^^^^^^^^^^^^^^^^^^^^^^^^^^^^^^^^^^^^^^^^^^^^^^^^^^^^

Error: Functions without implementation must be marked virtual.
  --> contract.sol:62:5:
   |
62 |     function allowance(address owner, address spender) public view returns (uint256);
   |     ^^^^^^^^^^^^^^^^^^^^^^^^^^^^^^^^^^^^^^^^^^^^^^^^^^^^^^^^^^^^^^^^^^^^^^^^^^^^^^^^^

Error: Functions without implementation must be marked virtual.
  --> contract.sol:63:5:
   |
63 |     function transferFrom(address from, address to, uint256 value) public returns (bool);
   |     ^^^^^^^^^^^^^^^^^^^^^^^^^^^^^^^^^^^^^^^^^^^^^^^^^^^^^^^^^^^^^^^^^^^^^^^^^^^^^^^^^^^^^

Error: Functions without implementation must be marked virtual.
  --> contract.sol:64:5:
   |
64 |     function approve(address spender, uint256 value) public returns (bool);
   |     ^^^^^^^^^^^^^^^^^^^^^^^^^^^^^^^^^^^^^^^^^^^^^^^^^^^^^^^^^^^^^^^^^^^^^^^

Error: Type contract MATOX is not implicitly convertible to expected type address.
   --> contract.sol:240:9:
    |
240 |         address myAddress = this;
    |         ^^^^^^^^^^^^^^^^^^^^^^^^

Error: Explicit type conversion not allowed from "contract ForeignToken" to "address payable".
   --> contract.sol:259:16:
    |
259 |         return payable(token).transfer(owner, amount);
    |                ^^^^^^^^^^^^^^

Error: Wrong argument count for function call: 2 arguments given but expected 1.
   --> contract.sol:259:16:
    |
259 |         return payable(token).transfer(owner, amount);
    |                ^^^^^^^^^^^^^^^^^^^^^^^^^^^^^^^^^^^^^^

Error: Different number of arguments in return statement than in returns declaration.
   --> contract.sol:259:9:
    |
259 |         return payable(token).transfer(owner, amount);
    |         ^^^^^^^^^^^^^^^^^^^^^^^^^^^^^^^^^^^^^^^^^^^^^


=== applied patch_virtual_unimpl ===
=== iter 6 rc=0 ===
Warning: SPDX license identifier not provided in source file. Before publishing, consider adding a comment containing "SPDX-License-Identifier: <SPDX-License>" to each source file. Use "SPDX-License-Identifier: UNLICENSED" for non-open-source code. Please see https://spdx.org for more information.
--> contract.sol


=== full compile rc=1 ===
Warning: SPDX license identifier not provided in source file. Before publishing, consider adding a comment containing "SPDX-License-Identifier: <SPDX-License>" to each source file. Use "SPDX-License-Identifier: UNLICENSED" for non-open-source code. Please see https://spdx.org for more information.
--> contract.sol

Error: Identifier already declared.
  --> contract.sol:80:5:
   |
80 |     uint256 public totalSupply = 12000000000e8; // Supply
   |     ^^^^^^^^^^^^^^^^^^^^^^^^^^^^^^^^^^^^^^^^^^
Note: The previous declaration is here:
  --> contract.sol:55:5:
   |
55 |     uint256 public totalSupply;
   |     ^^^^^^^^^^^^^^^^^^^^^^^^^^

Error: Contract "ForeignToken" should be marked as abstract.
  --> contract.sol:49:1:
   |
49 | contract ForeignToken {
   | ^ (Relevant source part starts here and spans across multiple lines).
Note: Missing implementation: 
  --> contract.sol:50:5:
   |
50 |     function balanceOf(address _owner) view public returns (uint256);
   |     ^^^^^^^^^^^^^^^^^^^^^^^^^^^^^^^^^^^^^^^^^^^^^^^^^^^^^^^^^^^^^^^^^
Note: Missing implementation: 
  --> contract.sol:51:5:
   |
51 |     function transfer(address _to, uint256 _value) public virtual returns (bool);
   |     ^^^^^^^^^^^^^^^^^^^^^^^^^^^^^^^^^^^^^^^^^^^^^^^^^^^^^^^^^^^^^^^^^^^^^^^^^^^^^

Error: Contract "ERC20Basic" should be marked as abstract.
  --> contract.sol:54:1:
   |
54 | contract ERC20Basic {
   | ^ (Relevant source part starts here and spans across multiple lines).
Note: Missing implementation: 
  --> contract.sol:56:5:
   |
56 |     function balanceOf(address who) public view virtual returns (uint256);
   |     ^^^^^^^^^^^^^^^^^^^^^^^^^^^^^^^^^^^^^^^^^^^^^^^^^^^^^^^^^^^^^^^^^^^^^^
Note: Missing implementation: 
  --> contract.sol:57:5:
   |
57 |     function transfer(address to, uint256 value) public virtual returns (bool);
   |     ^^^^^^^^^^^^^^^^^^^^^^^^^^^^^^^^^^^^^^^^^^^^^^^^^^^^^^^^^^^^^^^^^^^^^^^^^^^

Error: Contract "ERC20" should be marked as abstract.
  --> contract.sol:61:1:
   |
61 | contract ERC20 is ERC20Basic {
   | ^ (Relevant source part starts here and spans across multiple lines).
Note: Missing implementation: 
  --> contract.sol:62:5:
   |
62 |     function allowance(address owner, address spender) public view virtual returns (uint256);
   |     ^^^^^^^^^^^^^^^^^^^^^^^^^^^^^^^^^^^^^^^^^^^^^^^^^^^^^^^^^^^^^^^^^^^^^^^^^^^^^^^^^^^^^^^^^
Note: Missing implementation: 
  --> contract.sol:64:5:
   |
64 |     function approve(address spender, uint256 value) public virtual returns (bool);
   |     ^^^^^^^^^^^^^^^^^^^^^^^^^^^^^^^^^^^^^^^^^^^^^^^^^^^^^^^^^^^^^^^^^^^^^^^^^^^^^^^
Note: Missing implementation: 
  --> contract.sol:56:5:
   |
56 |     function balanceOf(address who) public view virtual returns (uint256);
   |     ^^^^^^^^^^^^^^^^^^^^^^^^^^^^^^^^^^^^^^^^^^^^^^^^^^^^^^^^^^^^^^^^^^^^^^
Note: Missing implementation: 
  --> contract.sol:57:5:
   |
57 |     function transfer(address to, uint256 value) public virtual returns (bool);
   |     ^^^^^^^^^^^^^^^^^^^^^^^^^^^^^^^^^^^^^^^^^^^^^^^^^^^^^^^^^^^^^^^^^^^^^^^^^^^
Note: Missing implementation: 
  --> contract.sol:63:5:
   |
63 |     function transferFrom(address from, address to, uint256 value) public virtual returns (bool);
   |     ^^^^^^^^^^^^^^^^^^^^^^^^^^^^^^^^^^^^^^^^^^^^^^^^^^^^^^^^^^^^^^^^^^^^^^^^^^^^^^^^^^^^^^^^^^^^^

Error: Event with same name and parameter types defined twice.
  --> contract.sol:86:5:
   |
86 |     event Approval(address indexed _owner, address indexed _spender, uint256 _value);
   |     ^^^^^^^^^^^^^^^^^^^^^^^^^^^^^^^^^^^^^^^^^^^^^^^^^^^^^^^^^^^^^^^^^^^^^^^^^^^^^^^^^
Note: Other declaration is here:
  --> contract.sol:65:5:
   |
65 |     event Approval(address indexed owner, address indexed spender, uint256 value);
   |     ^^^^^^^^^^^^^^^^^^^^^^^^^^^^^^^^^^^^^^^^^^^^^^^^^^^^^^^^^^^^^^^^^^^^^^^^^^^^^^

Error: Event with same name and parameter types defined twice.
  --> contract.sol:85:5:
   |
85 |     event Transfer(address indexed _from, address indexed _to, uint256 _value);
   |     ^^^^^^^^^^^^^^^^^^^^^^^^^^^^^^^^^^^^^^^^^^^^^^^^^^^^^^^^^^^^^^^^^^^^^^^^^^^
Note: Other declaration is here:
  --> contract.sol:58:5:
   |
58 |     event Transfer(address indexed from, address indexed to, uint256 value);
   |     ^^^^^^^^^^^^^^^^^^^^^^^^^^^^^^^^^^^^^^^^^^^^^^^^^^^^^^^^^^^^^^^^^^^^^^^^

Error: Overriding function is missing "override" specifier.
   --> contract.sol:187:5:
    |
187 |     function balanceOf(address _owner) view public returns (uint256) {
    |     ^ (Relevant source part starts here and spans across multiple lines).
Note: Overridden function is here:
  --> contract.sol:56:5:
   |
56 |     function balanceOf(address who) public view virtual returns (uint256);
   |     ^^^^^^^^^^^^^^^^^^^^^^^^^^^^^^^^^^^^^^^^^^^^^^^^^^^^^^^^^^^^^^^^^^^^^^

Error: Overriding function is missing "override" specifier.
   --> contract.sol:197:5:
    |
197 |     function transfer(address _to, uint256 _amount) onlyPayloadSize(2 * 32) public returns (bool success) {
    |     ^ (Relevant source part starts here and spans across multiple lines).
Note: Overridden function is here:
  --> contract.sol:57:5:
   |
57 |     function transfer(address to, uint256 value) public virtual returns (bool);
   |     ^^^^^^^^^^^^^^^^^^^^^^^^^^^^^^^^^^^^^^^^^^^^^^^^^^^^^^^^^^^^^^^^^^^^^^^^^^^

Error: Overriding function is missing "override" specifier.
   --> contract.sol:208:5:
    |
208 |     function transferFrom(address _from, address _to, uint256 _amount) onlyPayloadSize(3 * 32) public returns (bool success) {
    |     ^ (Relevant source part starts here and spans across multiple lines).
Note: Overridden function is here:
  --> contract.sol:63:5:
   |
63 |     function transferFrom(address from, address to, uint256 value) public virtual returns (bool);
   |     ^^^^^^^^^^^^^^^^^^^^^^^^^^^^^^^^^^^^^^^^^^^^^^^^^^^^^^^^^^^^^^^^^^^^^^^^^^^^^^^^^^^^^^^^^^^^^

Error: Overriding function is missing "override" specifier.
   --> contract.sol:221:5:
    |
221 |     function approve(address _spender, uint256 _value) public returns (bool success) {
    |     ^ (Relevant source part starts here and spans across multiple lines).
Note: Overridden function is here:
  --> contract.sol:64:5:
   |
64 |     function approve(address spender, uint256 value) public virtual returns (bool);
   |     ^^^^^^^^^^^^^^^^^^^^^^^^^^^^^^^^^^^^^^^^^^^^^^^^^^^^^^^^^^^^^^^^^^^^^^^^^^^^^^^

Error: Overriding function is missing "override" specifier.
   --> contract.sol:229:5:
    |
229 |     function allowance(address _owner, address _spender) view public returns (uint256) {
    |     ^ (Relevant source part starts here and spans across multiple lines).
Note: Overridden function is here:
  --> contract.sol:62:5:
   |
62 |     function allowance(address owner, address spender) public view virtual returns (uint256);
   |     ^^^^^^^^^^^^^^^^^^^^^^^^^^^^^^^^^^^^^^^^^^^^^^^^^^^^^^^^^^^^^^^^^^^^^^^^^^^^^^^^^^^^^^^^^

Error: Overriding public state variable is missing "override" specifier.
  --> contract.sol:80:5:
   |
80 |     uint256 public totalSupply = 12000000000e8; // Supply
   |     ^^^^^^^^^^^^^^^^^^^^^^^^^^^^^^^^^^^^^^^^^^
Note: Overridden public state variable is here:
  --> contract.sol:55:5:
   |
55 |     uint256 public totalSupply;
   |     ^^^^^^^^^^^^^^^^^^^^^^^^^^

Error: Cannot override public state variable.
  --> contract.sol:55:5:
   |
55 |     uint256 public totalSupply;
   |     ^^^^^^^^^^^^^^^^^^^^^^^^^^
Note: Overriding public state variable is here:
  --> contract.sol:80:5:
   |
80 |     uint256 public totalSupply = 12000000000e8; // Supply
   |     ^^^^^^^^^^^^^^^^^^^^^^^^^^^^^^^^^^^^^^^^^^

Error: Functions without implementation must be marked virtual.
  --> contract.sol:50:5:
   |
50 |     function balanceOf(address _owner) view public returns (uint256);
   |     ^^^^^^^^^^^^^^^^^^^^^^^^^^^^^^^^^^^^^^^^^^^^^^^^^^^^^^^^^^^^^^^^^

Error: Type contract MATOX is not implicitly convertible to expected type address.
   --> contract.sol:240:9:
    |
240 |         address myAddress = this;
    |         ^^^^^^^^^^^^^^^^^^^^^^^^

Error: Explicit type conversion not allowed from "contract ForeignToken" to "address payable".
   --> contract.sol:259:16:
    |
259 |         return payable(token).transfer(owner, amount);
    |                ^^^^^^^^^^^^^^

Error: Wrong argument count for function call: 2 arguments given but expected 1.
   --> contract.sol:259:16:
    |
259 |         return payable(token).transfer(owner, amount);
    |                ^^^^^^^^^^^^^^^^^^^^^^^^^^^^^^^^^^^^^^

Error: Different number of arguments in return statement than in returns declaration.
   --> contract.sol:259:9:
    |
259 |         return payable(token).transfer(owner, amount);
    |         ^^^^^^^^^^^^^^^^^^^^^^^^^^^^^^^^^^^^^^^^^^^^^


=== applied patch_override_needed ===
=== iter 7 rc=0 ===
Warning: SPDX license identifier not provided in source file. Before publishing, consider adding a comment containing "SPDX-License-Identifier: <SPDX-License>" to each source file. Use "SPDX-License-Identifier: UNLICENSED" for non-open-source code. Please see https://spdx.org for more information.
--> contract.sol


=== full compile rc=1 ===
Warning: SPDX license identifier not provided in source file. Before publishing, consider adding a comment containing "SPDX-License-Identifier: <SPDX-License>" to each source file. Use "SPDX-License-Identifier: UNLICENSED" for non-open-source code. Please see https://spdx.org for more information.
--> contract.sol

Error: Identifier already declared.
  --> contract.sol:80:5:
   |
80 |     uint256 public totalSupply = 12000000000e8; // Supply
   |     ^^^^^^^^^^^^^^^^^^^^^^^^^^^^^^^^^^^^^^^^^^
Note: The previous declaration is here:
  --> contract.sol:55:5:
   |
55 |     uint256 public totalSupply;
   |     ^^^^^^^^^^^^^^^^^^^^^^^^^^

Error: Contract "ForeignToken" should be marked as abstract.
  --> contract.sol:49:1:
   |
49 | contract ForeignToken {
   | ^ (Relevant source part starts here and spans across multiple lines).
Note: Missing implementation: 
  --> contract.sol:50:5:
   |
50 |     function balanceOf(address _owner) view public returns (uint256);
   |     ^^^^^^^^^^^^^^^^^^^^^^^^^^^^^^^^^^^^^^^^^^^^^^^^^^^^^^^^^^^^^^^^^
Note: Missing implementation: 
  --> contract.sol:51:5:
   |
51 |     function transfer(address _to, uint256 _value) public virtual returns (bool);
   |     ^^^^^^^^^^^^^^^^^^^^^^^^^^^^^^^^^^^^^^^^^^^^^^^^^^^^^^^^^^^^^^^^^^^^^^^^^^^^^

Error: Contract "ERC20Basic" should be marked as abstract.
  --> contract.sol:54:1:
   |
54 | contract ERC20Basic {
   | ^ (Relevant source part starts here and spans across multiple lines).
Note: Missing implementation: 
  --> contract.sol:56:5:
   |
56 |     function balanceOf(address who) public view virtual returns (uint256);
   |     ^^^^^^^^^^^^^^^^^^^^^^^^^^^^^^^^^^^^^^^^^^^^^^^^^^^^^^^^^^^^^^^^^^^^^^
Note: Missing implementation: 
  --> contract.sol:57:5:
   |
57 |     function transfer(address to, uint256 value) public virtual returns (bool);
   |     ^^^^^^^^^^^^^^^^^^^^^^^^^^^^^^^^^^^^^^^^^^^^^^^^^^^^^^^^^^^^^^^^^^^^^^^^^^^

Error: Contract "ERC20" should be marked as abstract.
  --> contract.sol:61:1:
   |
61 | contract ERC20 is ERC20Basic {
   | ^ (Relevant source part starts here and spans across multiple lines).
Note: Missing implementation: 
  --> contract.sol:62:5:
   |
62 |     function allowance(address owner, address spender) public view virtual returns (uint256);
   |     ^^^^^^^^^^^^^^^^^^^^^^^^^^^^^^^^^^^^^^^^^^^^^^^^^^^^^^^^^^^^^^^^^^^^^^^^^^^^^^^^^^^^^^^^^
Note: Missing implementation: 
  --> contract.sol:64:5:
   |
64 |     function approve(address spender, uint256 value) public virtual returns (bool);
   |     ^^^^^^^^^^^^^^^^^^^^^^^^^^^^^^^^^^^^^^^^^^^^^^^^^^^^^^^^^^^^^^^^^^^^^^^^^^^^^^^
Note: Missing implementation: 
  --> contract.sol:56:5:
   |
56 |     function balanceOf(address who) public view virtual returns (uint256);
   |     ^^^^^^^^^^^^^^^^^^^^^^^^^^^^^^^^^^^^^^^^^^^^^^^^^^^^^^^^^^^^^^^^^^^^^^
Note: Missing implementation: 
  --> contract.sol:57:5:
   |
57 |     function transfer(address to, uint256 value) public virtual returns (bool);
   |     ^^^^^^^^^^^^^^^^^^^^^^^^^^^^^^^^^^^^^^^^^^^^^^^^^^^^^^^^^^^^^^^^^^^^^^^^^^^
Note: Missing implementation: 
  --> contract.sol:63:5:
   |
63 |     function transferFrom(address from, address to, uint256 value) public virtual returns (bool);
   |     ^^^^^^^^^^^^^^^^^^^^^^^^^^^^^^^^^^^^^^^^^^^^^^^^^^^^^^^^^^^^^^^^^^^^^^^^^^^^^^^^^^^^^^^^^^^^^

Error: Event with same name and parameter types defined twice.
  --> contract.sol:86:5:
   |
86 |     event Approval(address indexed _owner, address indexed _spender, uint256 _value);
   |     ^^^^^^^^^^^^^^^^^^^^^^^^^^^^^^^^^^^^^^^^^^^^^^^^^^^^^^^^^^^^^^^^^^^^^^^^^^^^^^^^^
Note: Other declaration is here:
  --> contract.sol:65:5:
   |
65 |     event Approval(address indexed owner, address indexed spender, uint256 value);
   |     ^^^^^^^^^^^^^^^^^^^^^^^^^^^^^^^^^^^^^^^^^^^^^^^^^^^^^^^^^^^^^^^^^^^^^^^^^^^^^^

Error: Event with same name and parameter types defined twice.
  --> contract.sol:85:5:
   |
85 |     event Transfer(address indexed _from, address indexed _to, uint256 _value);
   |     ^^^^^^^^^^^^^^^^^^^^^^^^^^^^^^^^^^^^^^^^^^^^^^^^^^^^^^^^^^^^^^^^^^^^^^^^^^^
Note: Other declaration is here:
  --> contract.sol:58:5:
   |
58 |     event Transfer(address indexed from, address indexed to, uint256 value);
   |     ^^^^^^^^^^^^^^^^^^^^^^^^^^^^^^^^^^^^^^^^^^^^^^^^^^^^^^^^^^^^^^^^^^^^^^^^

Error: Overriding function is missing "override" specifier.
   --> contract.sol:187:5:
    |
187 |     function balanceOf(address _owner) view public returns (uint256) {
    |     ^ (Relevant source part starts here and spans across multiple lines).
Note: Overridden function is here:
  --> contract.sol:56:5:
   |
56 |     function balanceOf(address who) public view virtual returns (uint256);
   |     ^^^^^^^^^^^^^^^^^^^^^^^^^^^^^^^^^^^^^^^^^^^^^^^^^^^^^^^^^^^^^^^^^^^^^^

Error: Overriding function is missing "override" specifier.
   --> contract.sol:197:5:
    |
197 |     function transfer(address _to, uint256 _amount) onlyPayloadSize(2 * 32) public returns (bool success) {
    |     ^ (Relevant source part starts here and spans across multiple lines).
Note: Overridden function is here:
  --> contract.sol:57:5:
   |
57 |     function transfer(address to, uint256 value) public virtual returns (bool);
   |     ^^^^^^^^^^^^^^^^^^^^^^^^^^^^^^^^^^^^^^^^^^^^^^^^^^^^^^^^^^^^^^^^^^^^^^^^^^^

Error: Overriding function is missing "override" specifier.
   --> contract.sol:208:5:
    |
208 |     function transferFrom(address _from, address _to, uint256 _amount) onlyPayloadSize(3 * 32) public returns (bool success) {
    |     ^ (Relevant source part starts here and spans across multiple lines).
Note: Overridden function is here:
  --> contract.sol:63:5:
   |
63 |     function transferFrom(address from, address to, uint256 value) public virtual returns (bool);
   |     ^^^^^^^^^^^^^^^^^^^^^^^^^^^^^^^^^^^^^^^^^^^^^^^^^^^^^^^^^^^^^^^^^^^^^^^^^^^^^^^^^^^^^^^^^^^^^

Error: Overriding function is missing "override" specifier.
   --> contract.sol:229:5:
    |
229 |     function allowance(address _owner, address _spender) view public returns (uint256) {
    |     ^ (Relevant source part starts here and spans across multiple lines).
Note: Overridden function is here:
  --> contract.sol:62:5:
   |
62 |     function allowance(address owner, address spender) public view virtual returns (uint256);
   |     ^^^^^^^^^^^^^^^^^^^^^^^^^^^^^^^^^^^^^^^^^^^^^^^^^^^^^^^^^^^^^^^^^^^^^^^^^^^^^^^^^^^^^^^^^

Error: Overriding public state variable is missing "override" specifier.
  --> contract.sol:80:5:
   |
80 |     uint256 public totalSupply = 12000000000e8; // Supply
   |     ^^^^^^^^^^^^^^^^^^^^^^^^^^^^^^^^^^^^^^^^^^
Note: Overridden public state variable is here:
  --> contract.sol:55:5:
   |
55 |     uint256 public totalSupply;
   |     ^^^^^^^^^^^^^^^^^^^^^^^^^^

Error: Cannot override public state variable.
  --> contract.sol:55:5:
   |
55 |     uint256 public totalSupply;
   |     ^^^^^^^^^^^^^^^^^^^^^^^^^^
Note: Overriding public state variable is here:
  --> contract.sol:80:5:
   |
80 |     uint256 public totalSupply = 12000000000e8; // Supply
   |     ^^^^^^^^^^^^^^^^^^^^^^^^^^^^^^^^^^^^^^^^^^

Error: Functions without implementation must be marked virtual.
  --> contract.sol:50:5:
   |
50 |     function balanceOf(address _owner) view public returns (uint256);
   |     ^^^^^^^^^^^^^^^^^^^^^^^^^^^^^^^^^^^^^^^^^^^^^^^^^^^^^^^^^^^^^^^^^

Error: Type contract MATOX is not implicitly convertible to expected type address.
   --> contract.sol:240:9:
    |
240 |         address myAddress = this;
    |         ^^^^^^^^^^^^^^^^^^^^^^^^

Error: Explicit type conversion not allowed from "contract ForeignToken" to "address payable".
   --> contract.sol:259:16:
    |
259 |         return payable(token).transfer(owner, amount);
    |                ^^^^^^^^^^^^^^

Error: Wrong argument count for function call: 2 arguments given but expected 1.
   --> contract.sol:259:16:
    |
259 |         return payable(token).transfer(owner, amount);
    |                ^^^^^^^^^^^^^^^^^^^^^^^^^^^^^^^^^^^^^^

Error: Different number of arguments in return statement than in returns declaration.
   --> contract.sol:259:9:
    |
259 |         return payable(token).transfer(owner, amount);
    |         ^^^^^^^^^^^^^^^^^^^^^^^^^^^^^^^^^^^^^^^^^^^^^


=== applied patch_payable_contract_cast ===
=== iter 8 rc=0 ===
Warning: SPDX license identifier not provided in source file. Before publishing, consider adding a comment containing "SPDX-License-Identifier: <SPDX-License>" to each source file. Use "SPDX-License-Identifier: UNLICENSED" for non-open-source code. Please see https://spdx.org for more information.
--> contract.sol


=== full compile rc=1 ===
Warning: SPDX license identifier not provided in source file. Before publishing, consider adding a comment containing "SPDX-License-Identifier: <SPDX-License>" to each source file. Use "SPDX-License-Identifier: UNLICENSED" for non-open-source code. Please see https://spdx.org for more information.
--> contract.sol

Error: Identifier already declared.
  --> contract.sol:80:5:
   |
80 |     uint256 public totalSupply = 12000000000e8; // Supply
   |     ^^^^^^^^^^^^^^^^^^^^^^^^^^^^^^^^^^^^^^^^^^
Note: The previous declaration is here:
  --> contract.sol:55:5:
   |
55 |     uint256 public totalSupply;
   |     ^^^^^^^^^^^^^^^^^^^^^^^^^^

Error: Contract "ForeignToken" should be marked as abstract.
  --> contract.sol:49:1:
   |
49 | contract ForeignToken {
   | ^ (Relevant source part starts here and spans across multiple lines).
Note: Missing implementation: 
  --> contract.sol:50:5:
   |
50 |     function balanceOf(address _owner) view public returns (uint256);
   |     ^^^^^^^^^^^^^^^^^^^^^^^^^^^^^^^^^^^^^^^^^^^^^^^^^^^^^^^^^^^^^^^^^
Note: Missing implementation: 
  --> contract.sol:51:5:
   |
51 |     function transfer(address _to, uint256 _value) public virtual returns (bool);
   |     ^^^^^^^^^^^^^^^^^^^^^^^^^^^^^^^^^^^^^^^^^^^^^^^^^^^^^^^^^^^^^^^^^^^^^^^^^^^^^

Error: Contract "ERC20Basic" should be marked as abstract.
  --> contract.sol:54:1:
   |
54 | contract ERC20Basic {
   | ^ (Relevant source part starts here and spans across multiple lines).
Note: Missing implementation: 
  --> contract.sol:56:5:
   |
56 |     function balanceOf(address who) public view virtual returns (uint256);
   |     ^^^^^^^^^^^^^^^^^^^^^^^^^^^^^^^^^^^^^^^^^^^^^^^^^^^^^^^^^^^^^^^^^^^^^^
Note: Missing implementation: 
  --> contract.sol:57:5:
   |
57 |     function transfer(address to, uint256 value) public virtual returns (bool);
   |     ^^^^^^^^^^^^^^^^^^^^^^^^^^^^^^^^^^^^^^^^^^^^^^^^^^^^^^^^^^^^^^^^^^^^^^^^^^^

Error: Contract "ERC20" should be marked as abstract.
  --> contract.sol:61:1:
   |
61 | contract ERC20 is ERC20Basic {
   | ^ (Relevant source part starts here and spans across multiple lines).
Note: Missing implementation: 
  --> contract.sol:62:5:
   |
62 |     function allowance(address owner, address spender) public view virtual returns (uint256);
   |     ^^^^^^^^^^^^^^^^^^^^^^^^^^^^^^^^^^^^^^^^^^^^^^^^^^^^^^^^^^^^^^^^^^^^^^^^^^^^^^^^^^^^^^^^^
Note: Missing implementation: 
  --> contract.sol:64:5:
   |
64 |     function approve(address spender, uint256 value) public virtual returns (bool);
   |     ^^^^^^^^^^^^^^^^^^^^^^^^^^^^^^^^^^^^^^^^^^^^^^^^^^^^^^^^^^^^^^^^^^^^^^^^^^^^^^^
Note: Missing implementation: 
  --> contract.sol:56:5:
   |
56 |     function balanceOf(address who) public view virtual returns (uint256);
   |     ^^^^^^^^^^^^^^^^^^^^^^^^^^^^^^^^^^^^^^^^^^^^^^^^^^^^^^^^^^^^^^^^^^^^^^
Note: Missing implementation: 
  --> contract.sol:57:5:
   |
57 |     function transfer(address to, uint256 value) public virtual returns (bool);
   |     ^^^^^^^^^^^^^^^^^^^^^^^^^^^^^^^^^^^^^^^^^^^^^^^^^^^^^^^^^^^^^^^^^^^^^^^^^^^
Note: Missing implementation: 
  --> contract.sol:63:5:
   |
63 |     function transferFrom(address from, address to, uint256 value) public virtual returns (bool);
   |     ^^^^^^^^^^^^^^^^^^^^^^^^^^^^^^^^^^^^^^^^^^^^^^^^^^^^^^^^^^^^^^^^^^^^^^^^^^^^^^^^^^^^^^^^^^^^^

Error: Event with same name and parameter types defined twice.
  --> contract.sol:86:5:
   |
86 |     event Approval(address indexed _owner, address indexed _spender, uint256 _value);
   |     ^^^^^^^^^^^^^^^^^^^^^^^^^^^^^^^^^^^^^^^^^^^^^^^^^^^^^^^^^^^^^^^^^^^^^^^^^^^^^^^^^
Note: Other declaration is here:
  --> contract.sol:65:5:
   |
65 |     event Approval(address indexed owner, address indexed spender, uint256 value);
   |     ^^^^^^^^^^^^^^^^^^^^^^^^^^^^^^^^^^^^^^^^^^^^^^^^^^^^^^^^^^^^^^^^^^^^^^^^^^^^^^

Error: Event with same name and parameter types defined twice.
  --> contract.sol:85:5:
   |
85 |     event Transfer(address indexed _from, address indexed _to, uint256 _value);
   |     ^^^^^^^^^^^^^^^^^^^^^^^^^^^^^^^^^^^^^^^^^^^^^^^^^^^^^^^^^^^^^^^^^^^^^^^^^^^
Note: Other declaration is here:
  --> contract.sol:58:5:
   |
58 |     event Transfer(address indexed from, address indexed to, uint256 value);
   |     ^^^^^^^^^^^^^^^^^^^^^^^^^^^^^^^^^^^^^^^^^^^^^^^^^^^^^^^^^^^^^^^^^^^^^^^^

Error: Overriding function is missing "override" specifier.
   --> contract.sol:187:5:
    |
187 |     function balanceOf(address _owner) view public returns (uint256) {
    |     ^ (Relevant source part starts here and spans across multiple lines).
Note: Overridden function is here:
  --> contract.sol:56:5:
   |
56 |     function balanceOf(address who) public view virtual returns (uint256);
   |     ^^^^^^^^^^^^^^^^^^^^^^^^^^^^^^^^^^^^^^^^^^^^^^^^^^^^^^^^^^^^^^^^^^^^^^

Error: Overriding function is missing "override" specifier.
   --> contract.sol:197:5:
    |
197 |     function transfer(address _to, uint256 _amount) onlyPayloadSize(2 * 32) public returns (bool success) {
    |     ^ (Relevant source part starts here and spans across multiple lines).
Note: Overridden function is here:
  --> contract.sol:57:5:
   |
57 |     function transfer(address to, uint256 value) public virtual returns (bool);
   |     ^^^^^^^^^^^^^^^^^^^^^^^^^^^^^^^^^^^^^^^^^^^^^^^^^^^^^^^^^^^^^^^^^^^^^^^^^^^

Error: Overriding function is missing "override" specifier.
   --> contract.sol:208:5:
    |
208 |     function transferFrom(address _from, address _to, uint256 _amount) onlyPayloadSize(3 * 32) public returns (bool success) {
    |     ^ (Relevant source part starts here and spans across multiple lines).
Note: Overridden function is here:
  --> contract.sol:63:5:
   |
63 |     function transferFrom(address from, address to, uint256 value) public virtual returns (bool);
   |     ^^^^^^^^^^^^^^^^^^^^^^^^^^^^^^^^^^^^^^^^^^^^^^^^^^^^^^^^^^^^^^^^^^^^^^^^^^^^^^^^^^^^^^^^^^^^^

Error: Overriding function is missing "override" specifier.
   --> contract.sol:229:5:
    |
229 |     function allowance(address _owner, address _spender) view public returns (uint256) {
    |     ^ (Relevant source part starts here and spans across multiple lines).
Note: Overridden function is here:
  --> contract.sol:62:5:
   |
62 |     function allowance(address owner, address spender) public view virtual returns (uint256);
   |     ^^^^^^^^^^^^^^^^^^^^^^^^^^^^^^^^^^^^^^^^^^^^^^^^^^^^^^^^^^^^^^^^^^^^^^^^^^^^^^^^^^^^^^^^^

Error: Overriding public state variable is missing "override" specifier.
  --> contract.sol:80:5:
   |
80 |     uint256 public totalSupply = 12000000000e8; // Supply
   |     ^^^^^^^^^^^^^^^^^^^^^^^^^^^^^^^^^^^^^^^^^^
Note: Overridden public state variable is here:
  --> contract.sol:55:5:
   |
55 |     uint256 public totalSupply;
   |     ^^^^^^^^^^^^^^^^^^^^^^^^^^

Error: Cannot override public state variable.
  --> contract.sol:55:5:
   |
55 |     uint256 public totalSupply;
   |     ^^^^^^^^^^^^^^^^^^^^^^^^^^
Note: Overriding public state variable is here:
  --> contract.sol:80:5:
   |
80 |     uint256 public totalSupply = 12000000000e8; // Supply
   |     ^^^^^^^^^^^^^^^^^^^^^^^^^^^^^^^^^^^^^^^^^^

Error: Functions without implementation must be marked virtual.
  --> contract.sol:50:5:
   |
50 |     function balanceOf(address _owner) view public returns (uint256);
   |     ^^^^^^^^^^^^^^^^^^^^^^^^^^^^^^^^^^^^^^^^^^^^^^^^^^^^^^^^^^^^^^^^^

Error: Type contract MATOX is not implicitly convertible to expected type address.
   --> contract.sol:240:9:
    |
240 |         address myAddress = this;
    |         ^^^^^^^^^^^^^^^^^^^^^^^^

Error: Wrong argument count for function call: 2 arguments given but expected 1.
   --> contract.sol:259:16:
    |
259 |         return payable(address(token)).transfer(owner, amount);
    |                ^^^^^^^^^^^^^^^^^^^^^^^^^^^^^^^^^^^^^^^^^^^^^^^

Error: Different number of arguments in return statement than in returns declaration.
   --> contract.sol:259:9:
    |
259 |         return payable(address(token)).transfer(owner, amount);
    |         ^^^^^^^^^^^^^^^^^^^^^^^^^^^^^^^^^^^^^^^^^^^^^^^^^^^^^^


=== applied patch_mark_abstract ===
=== iter 9 rc=0 ===
Warning: SPDX license identifier not provided in source file. Before publishing, consider adding a comment containing "SPDX-License-Identifier: <SPDX-License>" to each source file. Use "SPDX-License-Identifier: UNLICENSED" for non-open-source code. Please see https://spdx.org for more information.
--> contract.sol


=== full compile rc=1 ===
Warning: SPDX license identifier not provided in source file. Before publishing, consider adding a comment containing "SPDX-License-Identifier: <SPDX-License>" to each source file. Use "SPDX-License-Identifier: UNLICENSED" for non-open-source code. Please see https://spdx.org for more information.
--> contract.sol

Error: Identifier already declared.
  --> contract.sol:80:5:
   |
80 |     uint256 public totalSupply = 12000000000e8; // Supply
   |     ^^^^^^^^^^^^^^^^^^^^^^^^^^^^^^^^^^^^^^^^^^
Note: The previous declaration is here:
  --> contract.sol:55:5:
   |
55 |     uint256 public totalSupply;
   |     ^^^^^^^^^^^^^^^^^^^^^^^^^^

Error: Event with same name and parameter types defined twice.
  --> contract.sol:86:5:
   |
86 |     event Approval(address indexed _owner, address indexed _spender, uint256 _value);
   |     ^^^^^^^^^^^^^^^^^^^^^^^^^^^^^^^^^^^^^^^^^^^^^^^^^^^^^^^^^^^^^^^^^^^^^^^^^^^^^^^^^
Note: Other declaration is here:
  --> contract.sol:65:5:
   |
65 |     event Approval(address indexed owner, address indexed spender, uint256 value);
   |     ^^^^^^^^^^^^^^^^^^^^^^^^^^^^^^^^^^^^^^^^^^^^^^^^^^^^^^^^^^^^^^^^^^^^^^^^^^^^^^

Error: Event with same name and parameter types defined twice.
  --> contract.sol:85:5:
   |
85 |     event Transfer(address indexed _from, address indexed _to, uint256 _value);
   |     ^^^^^^^^^^^^^^^^^^^^^^^^^^^^^^^^^^^^^^^^^^^^^^^^^^^^^^^^^^^^^^^^^^^^^^^^^^^
Note: Other declaration is here:
  --> contract.sol:58:5:
   |
58 |     event Transfer(address indexed from, address indexed to, uint256 value);
   |     ^^^^^^^^^^^^^^^^^^^^^^^^^^^^^^^^^^^^^^^^^^^^^^^^^^^^^^^^^^^^^^^^^^^^^^^^

Error: Overriding function is missing "override" specifier.
   --> contract.sol:187:5:
    |
187 |     function balanceOf(address _owner) view public returns (uint256) {
    |     ^ (Relevant source part starts here and spans across multiple lines).
Note: Overridden function is here:
  --> contract.sol:56:5:
   |
56 |     function balanceOf(address who) public view virtual returns (uint256);
   |     ^^^^^^^^^^^^^^^^^^^^^^^^^^^^^^^^^^^^^^^^^^^^^^^^^^^^^^^^^^^^^^^^^^^^^^

Error: Overriding function is missing "override" specifier.
   --> contract.sol:197:5:
    |
197 |     function transfer(address _to, uint256 _amount) onlyPayloadSize(2 * 32) public returns (bool success) {
    |     ^ (Relevant source part starts here and spans across multiple lines).
Note: Overridden function is here:
  --> contract.sol:57:5:
   |
57 |     function transfer(address to, uint256 value) public virtual returns (bool);
   |     ^^^^^^^^^^^^^^^^^^^^^^^^^^^^^^^^^^^^^^^^^^^^^^^^^^^^^^^^^^^^^^^^^^^^^^^^^^^

Error: Overriding function is missing "override" specifier.
   --> contract.sol:208:5:
    |
208 |     function transferFrom(address _from, address _to, uint256 _amount) onlyPayloadSize(3 * 32) public returns (bool success) {
    |     ^ (Relevant source part starts here and spans across multiple lines).
Note: Overridden function is here:
  --> contract.sol:63:5:
   |
63 |     function transferFrom(address from, address to, uint256 value) public virtual returns (bool);
   |     ^^^^^^^^^^^^^^^^^^^^^^^^^^^^^^^^^^^^^^^^^^^^^^^^^^^^^^^^^^^^^^^^^^^^^^^^^^^^^^^^^^^^^^^^^^^^^

Error: Overriding function is missing "override" specifier.
   --> contract.sol:229:5:
    |
229 |     function allowance(address _owner, address _spender) view public returns (uint256) {
    |     ^ (Relevant source part starts here and spans across multiple lines).
Note: Overridden function is here:
  --> contract.sol:62:5:
   |
62 |     function allowance(address owner, address spender) public view virtual returns (uint256);
   |     ^^^^^^^^^^^^^^^^^^^^^^^^^^^^^^^^^^^^^^^^^^^^^^^^^^^^^^^^^^^^^^^^^^^^^^^^^^^^^^^^^^^^^^^^^

Error: Overriding public state variable is missing "override" specifier.
  --> contract.sol:80:5:
   |
80 |     uint256 public totalSupply = 12000000000e8; // Supply
   |     ^^^^^^^^^^^^^^^^^^^^^^^^^^^^^^^^^^^^^^^^^^
Note: Overridden public state variable is here:
  --> contract.sol:55:5:
   |
55 |     uint256 public totalSupply;
   |     ^^^^^^^^^^^^^^^^^^^^^^^^^^

Error: Cannot override public state variable.
  --> contract.sol:55:5:
   |
55 |     uint256 public totalSupply;
   |     ^^^^^^^^^^^^^^^^^^^^^^^^^^
Note: Overriding public state variable is here:
  --> contract.sol:80:5:
   |
80 |     uint256 public totalSupply = 12000000000e8; // Supply
   |     ^^^^^^^^^^^^^^^^^^^^^^^^^^^^^^^^^^^^^^^^^^

Error: Functions without implementation must be marked virtual.
  --> contract.sol:50:5:
   |
50 |     function balanceOf(address _owner) view public returns (uint256);
   |     ^^^^^^^^^^^^^^^^^^^^^^^^^^^^^^^^^^^^^^^^^^^^^^^^^^^^^^^^^^^^^^^^^

Error: Type contract MATOX is not implicitly convertible to expected type address.
   --> contract.sol:240:9:
    |
240 |         address myAddress = this;
    |         ^^^^^^^^^^^^^^^^^^^^^^^^

Error: Wrong argument count for function call: 2 arguments given but expected 1.
   --> contract.sol:259:16:
    |
259 |         return payable(address(token)).transfer(owner, amount);
    |                ^^^^^^^^^^^^^^^^^^^^^^^^^^^^^^^^^^^^^^^^^^^^^^^

Error: Different number of arguments in return statement than in returns declaration.
   --> contract.sol:259:9:
    |
259 |         return payable(address(token)).transfer(owner, amount);
    |         ^^^^^^^^^^^^^^^^^^^^^^^^^^^^^^^^^^^^^^^^^^^^^^^^^^^^^^


=== applied patch_remove_bogus_override ===
=== iter 10 rc=0 ===
Warning: SPDX license identifier not provided in source file. Before publishing, consider adding a comment containing "SPDX-License-Identifier: <SPDX-License>" to each source file. Use "SPDX-License-Identifier: UNLICENSED" for non-open-source code. Please see https://spdx.org for more information.
--> contract.sol


=== full compile rc=1 ===
Warning: SPDX license identifier not provided in source file. Before publishing, consider adding a comment containing "SPDX-License-Identifier: <SPDX-License>" to each source file. Use "SPDX-License-Identifier: UNLICENSED" for non-open-source code. Please see https://spdx.org for more information.
--> contract.sol

Error: Identifier already declared.
  --> contract.sol:80:5:
   |
80 |     uint256 public totalSupply = 12000000000e8; // Supply
   |     ^^^^^^^^^^^^^^^^^^^^^^^^^^^^^^^^^^^^^^^^^^
Note: The previous declaration is here:
  --> contract.sol:55:5:
   |
55 |     uint256 public totalSupply;
   |     ^^^^^^^^^^^^^^^^^^^^^^^^^^

Error: Event with same name and parameter types defined twice.
  --> contract.sol:86:5:
   |
86 |     event Approval(address indexed _owner, address indexed _spender, uint256 _value);
   |     ^^^^^^^^^^^^^^^^^^^^^^^^^^^^^^^^^^^^^^^^^^^^^^^^^^^^^^^^^^^^^^^^^^^^^^^^^^^^^^^^^
Note: Other declaration is here:
  --> contract.sol:65:5:
   |
65 |     event Approval(address indexed owner, address indexed spender, uint256 value);
   |     ^^^^^^^^^^^^^^^^^^^^^^^^^^^^^^^^^^^^^^^^^^^^^^^^^^^^^^^^^^^^^^^^^^^^^^^^^^^^^^

Error: Event with same name and parameter types defined twice.
  --> contract.sol:85:5:
   |
85 |     event Transfer(address indexed _from, address indexed _to, uint256 _value);
   |     ^^^^^^^^^^^^^^^^^^^^^^^^^^^^^^^^^^^^^^^^^^^^^^^^^^^^^^^^^^^^^^^^^^^^^^^^^^^
Note: Other declaration is here:
  --> contract.sol:58:5:
   |
58 |     event Transfer(address indexed from, address indexed to, uint256 value);
   |     ^^^^^^^^^^^^^^^^^^^^^^^^^^^^^^^^^^^^^^^^^^^^^^^^^^^^^^^^^^^^^^^^^^^^^^^^

Error: Overriding function is missing "override" specifier.
   --> contract.sol:187:5:
    |
187 |     function balanceOf(address _owner) view public returns (uint256) {
    |     ^ (Relevant source part starts here and spans across multiple lines).
Note: Overridden function is here:
  --> contract.sol:56:5:
   |
56 |     function balanceOf(address who) public view virtual returns (uint256);
   |     ^^^^^^^^^^^^^^^^^^^^^^^^^^^^^^^^^^^^^^^^^^^^^^^^^^^^^^^^^^^^^^^^^^^^^^

Error: Overriding function is missing "override" specifier.
   --> contract.sol:197:5:
    |
197 |     function transfer(address _to, uint256 _amount) onlyPayloadSize(2 * 32) public returns (bool success) {
    |     ^ (Relevant source part starts here and spans across multiple lines).
Note: Overridden function is here:
  --> contract.sol:57:5:
   |
57 |     function transfer(address to, uint256 value) public virtual returns (bool);
   |     ^^^^^^^^^^^^^^^^^^^^^^^^^^^^^^^^^^^^^^^^^^^^^^^^^^^^^^^^^^^^^^^^^^^^^^^^^^^

Error: Overriding function is missing "override" specifier.
   --> contract.sol:208:5:
    |
208 |     function transferFrom(address _from, address _to, uint256 _amount) onlyPayloadSize(3 * 32) public returns (bool success) {
    |     ^ (Relevant source part starts here and spans across multiple lines).
Note: Overridden function is here:
  --> contract.sol:63:5:
   |
63 |     function transferFrom(address from, address to, uint256 value) public virtual returns (bool);
   |     ^^^^^^^^^^^^^^^^^^^^^^^^^^^^^^^^^^^^^^^^^^^^^^^^^^^^^^^^^^^^^^^^^^^^^^^^^^^^^^^^^^^^^^^^^^^^^

Error: Overriding function is missing "override" specifier.
   --> contract.sol:221:5:
    |
221 |     function approve(address _spender, uint256 _value) public virtual returns (bool success) {
    |     ^ (Relevant source part starts here and spans across multiple lines).
Note: Overridden function is here:
  --> contract.sol:64:5:
   |
64 |     function approve(address spender, uint256 value) public virtual returns (bool);
   |     ^^^^^^^^^^^^^^^^^^^^^^^^^^^^^^^^^^^^^^^^^^^^^^^^^^^^^^^^^^^^^^^^^^^^^^^^^^^^^^^

Error: Overriding function is missing "override" specifier.
   --> contract.sol:229:5:
    |
229 |     function allowance(address _owner, address _spender) view public returns (uint256) {
    |     ^ (Relevant source part starts here and spans across multiple lines).
Note: Overridden function is here:
  --> contract.sol:62:5:
   |
62 |     function allowance(address owner, address spender) public view virtual returns (uint256);
   |     ^^^^^^^^^^^^^^^^^^^^^^^^^^^^^^^^^^^^^^^^^^^^^^^^^^^^^^^^^^^^^^^^^^^^^^^^^^^^^^^^^^^^^^^^^

Error: Overriding public state variable is missing "override" specifier.
  --> contract.sol:80:5:
   |
80 |     uint256 public totalSupply = 12000000000e8; // Supply
   |     ^^^^^^^^^^^^^^^^^^^^^^^^^^^^^^^^^^^^^^^^^^
Note: Overridden public state variable is here:
  --> contract.sol:55:5:
   |
55 |     uint256 public totalSupply;
   |     ^^^^^^^^^^^^^^^^^^^^^^^^^^

Error: Cannot override public state variable.
  --> contract.sol:55:5:
   |
55 |     uint256 public totalSupply;
   |     ^^^^^^^^^^^^^^^^^^^^^^^^^^
Note: Overriding public state variable is here:
  --> contract.sol:80:5:
   |
80 |     uint256 public totalSupply = 12000000000e8; // Supply
   |     ^^^^^^^^^^^^^^^^^^^^^^^^^^^^^^^^^^^^^^^^^^

Error: Functions without implementation must be marked virtual.
  --> contract.sol:50:5:
   |
50 |     function balanceOf(address _owner) view public returns (uint256);
   |     ^^^^^^^^^^^^^^^^^^^^^^^^^^^^^^^^^^^^^^^^^^^^^^^^^^^^^^^^^^^^^^^^^

Error: Type contract MATOX is not implicitly convertible to expected type address.
   --> contract.sol:240:9:
    |
240 |         address myAddress = this;
    |         ^^^^^^^^^^^^^^^^^^^^^^^^

Error: Wrong argument count for function call: 2 arguments given but expected 1.
   --> contract.sol:259:16:
    |
259 |         return payable(address(token)).transfer(owner, amount);
    |                ^^^^^^^^^^^^^^^^^^^^^^^^^^^^^^^^^^^^^^^^^^^^^^^

Error: Different number of arguments in return statement than in returns declaration.
   --> contract.sol:259:9:
    |
259 |         return payable(address(token)).transfer(owner, amount);
    |         ^^^^^^^^^^^^^^^^^^^^^^^^^^^^^^^^^^^^^^^^^^^^^^^^^^^^^^


=== no rule matched ===
