ESBMC version 8.2.0 64-bit x86_64 linux
Target: 64-bit little-endian x86_64-unknown-linux with esbmclibc
Warning: SPDX license identifier not provided in source file. Before publishing, consider adding a comment containing "SPDX-License-Identifier: <SPDX-License>" to each source file. Use "SPDX-License-Identifier: UNLICENSED" for non-open-source code. Please see https://spdx.org for more information.
--> contract.sol

TOD harness written to ./tod_balance_claimReward_TOD14_setReward_TOD14_harness.sol
Parsing ./tod_balance_claimReward_TOD14_setReward_TOD14_harness.sol
Compiling Solidity AST using: /usr/local/bin/solc (v0.8.30)
Converting
Generating GOTO Program
GOTO program creation time: 1.944s
GOTO program processing time: 0.017s
Starting Bounded Model Checking
Unwinding loop 65 iteration 1   
Unwinding loop 65 iteration 2   
Not unwinding loop 65 iteration 3   
Symex completed in: 1.317s (3933 assignments)
Caching time: 0.001s (removed 0 assertions)
Slicing time: 0.005s (removed 1635 assignments)
Generated 3 VCC(s), 3 remaining after simplification (2298 assignments)
Encoding remaining VCC(s) using bit-vector/floating-point arithmetic
Encoding to solver time: 0.048s
Solving with solver CVC5 1.1.2
Runtime decision procedure: 121.098s
Building error trace

[Counterexample]


State 1 file /home/samson/workspace/esbmc/src/c2goto/library/solidity/solidity_address.c line 10 column 1 thread 0
----------------------------------------------------
  sol_addr_array = { 0 }

State 3 file tod_balance_claimReward_TOD14_setReward_TOD14_harness.sol line 1 thread 0
----------------------------------------------------
  _ESBMC_Object_Owned = { .claimed_TOD2=0, .anon_pad$1=0, .owner_TOD2=0, .anon_pad$3=0,
    .reward_TOD2=0, .anon_pad$5=0, .owner=0,
    .winner_TOD17=0, .newOwner=0, .winner_TOD27=0,
    .claimed_TOD32=0, .anon_pad$11=0, .owner_TOD32=0,
    .anon_pad$13=0, .reward_TOD32=0, .claimed_TOD38=0,
    .anon_pad$16=0, .owner_TOD38=0, .anon_pad$18=0,
    .reward_TOD38=0, .$address=4, .anon_pad$21=0,
    .$codehash=0, .$balance=0, .$code=0,
    .$dynamic_pool={ .pool=&$Owned_pool#[0], .pool_cursor=0 }, ._ESBMC_bind_cname=&"Owned"[0],
    .anon_pad$27=0 }

State 6  thread 0
----------------------------------------------------
  _ESBMC_aux_Owned = { .claimed_TOD2=0, .anon_pad$1=0, .owner_TOD2=0, .anon_pad$3=0,
    .reward_TOD2=0, .anon_pad$5=0, .owner=0,
    .winner_TOD17=0, .newOwner=0, .winner_TOD27=0,
    .claimed_TOD32=0, .anon_pad$11=0, .owner_TOD32=0,
    .anon_pad$13=0, .reward_TOD32=0, .claimed_TOD38=0,
    .anon_pad$16=0, .owner_TOD38=0, .anon_pad$18=0,
    .reward_TOD38=0, .$address=0, .anon_pad$21=0,
    .$codehash=0, .$balance=0, .$code=0,
    .$dynamic_pool={ .pool=&$Owned_pool#[0], .pool_cursor=0 }, ._ESBMC_bind_cname={ .pointer_object=nil, .pointer_offset=nil },
    .anon_pad$27=0 }

State 10  thread 0
----------------------------------------------------
  _ESBMC_aux_Owned = { .claimed_TOD2=0, .anon_pad$1=0, .owner_TOD2=0, .anon_pad$3=0,
    .reward_TOD2=0, .anon_pad$5=0, .owner=0,
    .winner_TOD17=0, .newOwner=0, .winner_TOD27=0,
    .claimed_TOD32=0, .anon_pad$11=0, .owner_TOD32=0,
    .anon_pad$13=0, .reward_TOD32=0, .claimed_TOD38=0,
    .anon_pad$16=0, .owner_TOD38=0, .anon_pad$18=0,
    .reward_TOD38=0, .$address=0, .anon_pad$21=0,
    .$codehash=0, .$balance=0, .$code=0,
    .$dynamic_pool={ .pool=&$Owned_pool#[0], .pool_cursor=0 }, ._ESBMC_bind_cname={ .pointer_object=nil, .pointer_offset=nil },
    .anon_pad$27=0 }

State 20 file tod_balance_claimReward_TOD14_setReward_TOD14_harness.sol line 1 thread 0
----------------------------------------------------
  _ESBMC_Object_TOD_claimReward_TOD14_setReward_TOD14 = { .$address=9, .anon_pad$1=0, .$codehash=0, .$balance=0,
    .$code=0, ._ESBMC_bind_cname=&"TOD_claimReward_TOD14_setReward_TOD14"[0], .anon_pad$6=0 }

State 21  thread 0
----------------------------------------------------
  _ESBMC_aux_Owned = { .claimed_TOD2=0, .anon_pad$1=0, .owner_TOD2=0, .anon_pad$3=0,
    .reward_TOD2=0, .anon_pad$5=0, .owner=0,
    .winner_TOD17=0, .newOwner=0, .winner_TOD27=0,
    .claimed_TOD32=0, .anon_pad$11=0, .owner_TOD32=0,
    .anon_pad$13=0, .reward_TOD32=0, .claimed_TOD38=0,
    .anon_pad$16=0, .owner_TOD38=0, .anon_pad$18=0,
    .reward_TOD38=0, .$address=0, .anon_pad$21=0,
    .$codehash=0, .$balance=0, .$code=0,
    .$dynamic_pool={ .pool=&$Owned_pool#[0], .pool_cursor=0 }, ._ESBMC_bind_cname={ .pointer_object=nil, .pointer_offset=nil },
    .anon_pad$27=0 }

State 28  thread 0
----------------------------------------------------
  c1->_ESBMC_bind_cname = { .winner_TOD37=0, .anon_pad$1=0, .token=&_ESBMC_Object_Token, .anon_pad$3=0,
    .winner_TOD3=0, .lock=0, .anon_pad$6=0,
    .winner_TOD9=0, .anon_pad$8=0, .stakeTokens=5000000000000,
    .winner_TOD25=0, .anon_pad$11=0,
    .basePercent=200, .anon_pad$13=0, .winner_TOD19=0,
    .anon_pad$15=0, .stakeTime=1814400, .claimed_TOD26=0,
    .anon_pad$18=0, .owner_TOD26=0, .anon_pad$20=0,
    .reward_TOD26=0, .stakePercentage=30, .anon_pad$23=0,
    .winner_TOD31=0, .winner_TOD13=0, .anon_pad$26=0,
    .={ .time=nil, .redeem=nil, .anon_pad$2=nil, .tokens=nil }, .claimed_TOD20=0,
    .anon_pad$29=0, .owner_TOD20=0, .reward_TOD20=0,
    .staker={ .base=&_ESBMC_inf_staker[0], .addr=5 }, .claimed_TOD14=0,
    .anon_pad$34=0, .owner_TOD14=0, .anon_pad$36=0,
    .reward_TOD14=0, .claimed_TOD30=0, .anon_pad$39=0,
    .owner_TOD30=0, .anon_pad$41=0, .reward_TOD30=0,
    .claimed_TOD8=0, .anon_pad$44=0, .owner_TOD8=0,
    .anon_pad$46=0, .reward_TOD8=0, .winner_TOD39=0,
    .claimed_TOD36=0, .anon_pad$50=0, .owner_TOD36=0,
    .anon_pad$52=0, .reward_TOD36=0, .anon_pad$54=0,
    .winner_TOD35=0, .claimed_TOD40=0, .anon_pad$57=0,
    .owner_TOD40=0, .reward_TOD40=0, .anon_pad$60=0,
    .winner_TOD33=0, .claimed_TOD2=0, .anon_pad$63=0,
    .owner_TOD2=0, .anon_pad$65=0, .reward_TOD2=0,
    .owner=0, .winner_TOD17=0, .newOwner=0,
    .winner_TOD27=0, .claimed_TOD32=0, .anon_pad$72=0,
    .owner_TOD32=0, .anon_pad$74=0, .reward_TOD32=0,
    .claimed_TOD38=0, .anon_pad$77=0, .owner_TOD38=0,
    .anon_pad$79=0, .reward_TOD38=0, .anon_pad$81=0,
    .$address=5, .anon_pad$83=0, .$codehash=0,
    .$balance=0, .$code=0, .$dynamic_pool={ .pool=&$Staking_C1_pool#[0], .pool_cursor=0 },
    ._ESBMC_bind_cname=&"Staking_C1"[0],
    .anon_pad$89=0 }

State 29  thread 0
----------------------------------------------------
  _ESBMC_aux_Owned = { .claimed_TOD2=0, .anon_pad$1=0, .owner_TOD2=0, .anon_pad$3=0,
    .reward_TOD2=0, .anon_pad$5=0, .owner=0,
    .winner_TOD17=0, .newOwner=0, .winner_TOD27=0,
    .claimed_TOD32=0, .anon_pad$11=0, .owner_TOD32=0,
    .anon_pad$13=0, .reward_TOD32=0, .claimed_TOD38=0,
    .anon_pad$16=0, .owner_TOD38=0, .anon_pad$18=0,
    .reward_TOD38=0, .$address=0, .anon_pad$21=0,
    .$codehash=0, .$balance=0, .$code=0,
    .$dynamic_pool={ .pool=&$Owned_pool#[0], .pool_cursor=0 }, ._ESBMC_bind_cname={ .pointer_object=nil, .pointer_offset=nil },
    .anon_pad$27=0 }

State 37  thread 0
----------------------------------------------------
  c2->_ESBMC_bind_cname = { .winner_TOD37=0, .anon_pad$1=0, .token=&_ESBMC_Object_Token, .anon_pad$3=0,
    .winner_TOD3=0, .lock=0, .anon_pad$6=0,
    .winner_TOD9=0, .anon_pad$8=0, .stakeTokens=5000000000000,
    .winner_TOD25=0, .anon_pad$11=0,
    .basePercent=200, .anon_pad$13=0, .winner_TOD19=0,
    .anon_pad$15=0, .stakeTime=1814400, .claimed_TOD26=0,
    .anon_pad$18=0, .owner_TOD26=0, .anon_pad$20=0,
    .reward_TOD26=0, .stakePercentage=30, .anon_pad$23=0,
    .winner_TOD31=0, .winner_TOD13=0, .anon_pad$26=0,
    .={ .time=nil, .redeem=nil, .anon_pad$2=nil, .tokens=nil }, .claimed_TOD20=0,
    .anon_pad$29=0, .owner_TOD20=0, .reward_TOD20=0,
    .staker={ .base=&_ESBMC_inf_staker[0], .addr=17 }, .claimed_TOD14=0,
    .anon_pad$34=0, .owner_TOD14=0, .anon_pad$36=0,
    .reward_TOD14=0, .claimed_TOD30=0, .anon_pad$39=0,
    .owner_TOD30=0, .anon_pad$41=0, .reward_TOD30=0,
    .claimed_TOD8=0, .anon_pad$44=0, .owner_TOD8=0,
    .anon_pad$46=0, .reward_TOD8=0, .winner_TOD39=0,
    .claimed_TOD36=0, .anon_pad$50=0, .owner_TOD36=0,
    .anon_pad$52=0, .reward_TOD36=0, .anon_pad$54=0,
    .winner_TOD35=0, .claimed_TOD40=0, .anon_pad$57=0,
    .owner_TOD40=0, .reward_TOD40=0, .anon_pad$60=0,
    .winner_TOD33=0, .claimed_TOD2=0, .anon_pad$63=0,
    .owner_TOD2=0, .anon_pad$65=0, .reward_TOD2=0,
    .owner=0, .winner_TOD17=0, .newOwner=0,
    .winner_TOD27=0, .claimed_TOD32=0, .anon_pad$72=0,
    .owner_TOD32=0, .anon_pad$74=0, .reward_TOD32=0,
    .claimed_TOD38=0, .anon_pad$77=0, .owner_TOD38=0,
    .anon_pad$79=0, .reward_TOD38=0, .anon_pad$81=0,
    .$address=17, .anon_pad$83=0, .$codehash=0,
    .$balance=0, .$code=0, .$dynamic_pool={ .pool=&$Staking_C2_pool#[0], .pool_cursor=0 },
    ._ESBMC_bind_cname=&"Staking_C2"[0],
    .anon_pad$89=0 }

State 38 file tod_balance_claimReward_TOD14_setReward_TOD14_harness.sol line 877 function test thread 0
----------------------------------------------------
  __c1_addr = 3 (00000000 00000000 00000000 00000000 00000000 00000000 00000000 00000000 00000000 00000000 00000000 00000000 00000000 00000000 00000000 00000000 00000000 00000000 00000000 00000011)

State 39 file tod_balance_claimReward_TOD14_setReward_TOD14_harness.sol line 878 function test thread 0
----------------------------------------------------
  __c2_addr = 1 (00000000 00000000 00000000 00000000 00000000 00000000 00000000 00000000 00000000 00000000 00000000 00000000 00000000 00000000 00000000 00000000 00000000 00000000 00000000 00000001)

State 43 file tod_balance_claimReward_TOD14_setReward_TOD14_harness.sol line 890 function test thread 0
----------------------------------------------------
Violated property:
  file tod_balance_claimReward_TOD14_setReward_TOD14_harness.sol line 890 function test
  assertion return_value$_Staking_C1___tod_bal$11 == return_value$_Staking_C2___tod_bal$12
  return_value$_Staking_C1___tod_bal$11 == return_value$_Staking_C2___tod_bal$12


VERIFICATION FAILED
